#
# There is insufficient memory for the Java Runtime Environment to continue.
# Native memory allocation (malloc) failed to allocate 2552600 bytes. Error detail: Chunk::new
# Possible reasons:
#   The system is out of physical RAM or swap space
#   This process is running with CompressedOops enabled, and the Java Heap may be blocking the growth of the native heap
# Possible solutions:
#   Reduce memory load on the system
#   Increase physical memory or swap space
#   Check if swap backing store is full
#   Decrease Java heap size (-Xmx/-Xms)
#   Decrease number of Java threads
#   Decrease Java thread stack sizes (-Xss)
#   Set larger code cache with -XX:ReservedCodeCacheSize=
#   JVM is running with Unscaled Compressed Oops mode in which the Java heap is
#     placed in the first 4GB address space. The Java Heap base address is the
#     maximum limit for the native heap growth. Please use -XX:HeapBaseMinAddress
#     to set the Java Heap base and to place the Java Heap above 4GB virtual address.
# This output file may be truncated or incomplete.
#
#  Out of Memory Error (arena.cpp:186), pid=1528, tid=9328
#
# JRE version: OpenJDK Runtime Environment (25.0.1+8) (build 25.0.1+8-27)
# Java VM: OpenJDK 64-Bit Server VM (25.0.1+8-27, mixed mode, sharing, tiered, compressed oops, compressed class ptrs, g1 gc, windows-amd64)
# No core dump will be written. Minidumps are not enabled by default on client versions of Windows
#

---------------  S U M M A R Y ------------

Command Line: -javaagent:C:\Program Files\JetBrains\IntelliJ IDEA Community Edition 2025.1.1.1\lib\idea_rt.jar=62239 -Dfile.encoding=UTF-8 -Dsun.stdout.encoding=UTF-8 -Dsun.stderr.encoding=UTF-8 com.example.ecommerce.EcommerceApplication

Host: 11th Gen Intel(R) Core(TM) i3-1115G4 @ 3.00GHz, 4 cores, 3G,  Windows 11 , 64 bit Build 26100 (10.0.26100.7705)
Time: Mon Feb  2 22:49:44 2026 India Standard Time elapsed time: 53.838778 seconds (0d 0h 0m 53s)

---------------  T H R E A D  ---------------

Current thread (0x00000267fda880a0):  JavaThread "C2 CompilerThread0" daemon [_thread_in_native, id=9328, stack(0x000000f4de300000,0x000000f4de400000) (1024K)]


Current CompileTask:
C2:53842 8012       4       jdk.internal.classfile.impl.SplitConstantPool::utf8Entry (25 bytes)

Stack: [0x000000f4de300000,0x000000f4de400000]
Native frames: (J=compiled Java code, j=interpreted, Vv=VM code, C=native code)
V  [jvm.dll+0x7a6b59]  (no source info available)
V  [jvm.dll+0x77290d]  (no source info available)
V  [jvm.dll+0x966153]  (no source info available)
V  [jvm.dll+0x968751]  (no source info available)
V  [jvm.dll+0x968e53]  (no source info available)
V  [jvm.dll+0x2fc756]  (no source info available)
V  [jvm.dll+0x111b26]  (no source info available)
V  [jvm.dll+0x111e4e]  (no source info available)
V  [jvm.dll+0x1a0a22]  (no source info available)
V  [jvm.dll+0x3b53c2]  (no source info available)
V  [jvm.dll+0x7ac4ef]  (no source info available)
V  [jvm.dll+0x2c0ac7]  (no source info available)
V  [jvm.dll+0x2bfa8f]  (no source info available)
V  [jvm.dll+0x237b60]  (no source info available)
V  [jvm.dll+0x2cfb56]  (no source info available)
V  [jvm.dll+0x2cddd5]  (no source info available)
V  [jvm.dll+0x48e6d1]  (no source info available)
V  [jvm.dll+0x906a0d]  (no source info available)
V  [jvm.dll+0x7a5135]  (no source info available)
C  [ucrtbase.dll+0x37b0]  (no source info available)
C  [KERNEL32.DLL+0x2e8d7]  (no source info available)
C  [ntdll.dll+0x8c40c]  (no source info available)

Lock stack of current Java thread (top to bottom):


---------------  P R O C E S S  ---------------

Threads class SMR info:
_java_thread_list=0x000002679e890db0, length=29, elements={
0x00000267fda6ffd0, 0x00000267fda70ce0, 0x00000267fda77150, 0x00000267fda780c0,
0x00000267fda7b800, 0x00000267fda85070, 0x00000267fda880a0, 0x00000267fda92400,
0x00000267979308f0, 0x000002679796e2f0, 0x0000026797b81ff0, 0x000002679e99a070,
0x000002679da3b2e0, 0x000002679da3d220, 0x000002679da3e990, 0x000002679da3f160,
0x000002679de5f2a0, 0x000002679de5db30, 0x000002679de619b0, 0x000002679de5e300,
0x000002679de638f0, 0x000002679de64890, 0x000002679de65060, 0x000002679de62180,
0x000002679de63120, 0x000002679de640c0, 0x000002679e74c7d0, 0x000002679e74df40,
0x000002679e74d770
}

Java Threads: ( => current thread )
  0x00000267fda6ffd0 JavaThread "Reference Handler"          daemon [_thread_blocked, id=9704, stack(0x000000f4ddd00000,0x000000f4dde00000) (1024K)]
  0x00000267fda70ce0 JavaThread "Finalizer"                  daemon [_thread_blocked, id=9188, stack(0x000000f4dde00000,0x000000f4ddf00000) (1024K)]
  0x00000267fda77150 JavaThread "Signal Dispatcher"          daemon [_thread_blocked, id=17940, stack(0x000000f4ddf00000,0x000000f4de000000) (1024K)]
  0x00000267fda780c0 JavaThread "Attach Listener"            daemon [_thread_blocked, id=8104, stack(0x000000f4de000000,0x000000f4de100000) (1024K)]
  0x00000267fda7b800 JavaThread "Service Thread"             daemon [_thread_blocked, id=5536, stack(0x000000f4de100000,0x000000f4de200000) (1024K)]
  0x00000267fda85070 JavaThread "Monitor Deflation Thread"   daemon [_thread_blocked, id=9368, stack(0x000000f4de200000,0x000000f4de300000) (1024K)]
=>0x00000267fda880a0 JavaThread "C2 CompilerThread0"         daemon [_thread_in_native, id=9328, stack(0x000000f4de300000,0x000000f4de400000) (1024K)]
  0x00000267fda92400 JavaThread "C1 CompilerThread0"         daemon [_thread_blocked, id=11340, stack(0x000000f4de400000,0x000000f4de500000) (1024K)]
  0x00000267979308f0 JavaThread "Common-Cleaner"             daemon [_thread_blocked, id=9916, stack(0x000000f4de500000,0x000000f4de600000) (1024K)]
  0x000002679796e2f0 JavaThread "Monitor Ctrl-Break"         daemon [_thread_in_native, id=3996, stack(0x000000f4de600000,0x000000f4de700000) (1024K)]
  0x0000026797b81ff0 JavaThread "Notification Thread"        daemon [_thread_blocked, id=5832, stack(0x000000f4de700000,0x000000f4de800000) (1024K)]
  0x000002679e99a070 JavaThread "mysql-cj-abandoned-connection-cleanup" daemon [_thread_blocked, id=4072, stack(0x000000f4dea00000,0x000000f4deb00000) (1024K)]
  0x000002679da3b2e0 JavaThread "HikariPool-1 housekeeper"   daemon [_thread_blocked, id=1884, stack(0x000000f4ded00000,0x000000f4dee00000) (1024K)]
  0x000002679da3d220 JavaThread "Catalina-utility-1"                [_thread_blocked, id=19164, stack(0x000000f4def00000,0x000000f4df000000) (1024K)]
  0x000002679da3e990 JavaThread "Catalina-utility-2"                [_thread_blocked, id=18808, stack(0x000000f4df000000,0x000000f4df100000) (1024K)]
  0x000002679da3f160 JavaThread "container-0"                       [_thread_blocked, id=18268, stack(0x000000f4df100000,0x000000f4df200000) (1024K)]
  0x000002679de5f2a0 JavaThread "http-nio-8080-exec-1"       daemon [_thread_in_vm, id=10924, stack(0x000000f4dee00000,0x000000f4def00000) (1024K)]
  0x000002679de5db30 JavaThread "http-nio-8080-exec-2"       daemon [_thread_blocked, id=6504, stack(0x000000f4df200000,0x000000f4df300000) (1024K)]
  0x000002679de619b0 JavaThread "http-nio-8080-exec-3"       daemon [_thread_blocked, id=10200, stack(0x000000f4df300000,0x000000f4df400000) (1024K)]
  0x000002679de5e300 JavaThread "http-nio-8080-exec-4"       daemon [_thread_blocked, id=18604, stack(0x000000f4df400000,0x000000f4df500000) (1024K)]
  0x000002679de638f0 JavaThread "http-nio-8080-exec-5"       daemon [_thread_blocked, id=16664, stack(0x000000f4df500000,0x000000f4df600000) (1024K)]
  0x000002679de64890 JavaThread "http-nio-8080-exec-6"       daemon [_thread_blocked, id=4788, stack(0x000000f4df600000,0x000000f4df700000) (1024K)]
  0x000002679de65060 JavaThread "http-nio-8080-exec-7"       daemon [_thread_blocked, id=10548, stack(0x000000f4df700000,0x000000f4df800000) (1024K)]
  0x000002679de62180 JavaThread "http-nio-8080-exec-8"       daemon [_thread_blocked, id=17184, stack(0x000000f4df800000,0x000000f4df900000) (1024K)]
  0x000002679de63120 JavaThread "http-nio-8080-exec-9"       daemon [_thread_blocked, id=10632, stack(0x000000f4df900000,0x000000f4dfa00000) (1024K)]
  0x000002679de640c0 JavaThread "http-nio-8080-exec-10"      daemon [_thread_blocked, id=11280, stack(0x000000f4dfa00000,0x000000f4dfb00000) (1024K)]
  0x000002679e74c7d0 JavaThread "http-nio-8080-Poller"       daemon [_thread_in_native, id=6296, stack(0x000000f4dfb00000,0x000000f4dfc00000) (1024K)]
  0x000002679e74df40 JavaThread "http-nio-8080-Acceptor"     daemon [_thread_in_native, id=3824, stack(0x000000f4dfc00000,0x000000f4dfd00000) (1024K)]
  0x000002679e74d770 JavaThread "DestroyJavaVM"                     [_thread_blocked, id=7228, stack(0x000000f4dd500000,0x000000f4dd600000) (1024K)]
Total: 29

Other Threads:
  0x00000267fa26f2a0 VMThread "VM Thread"                           [id=7688, stack(0x000000f4ddc00000,0x000000f4ddd00000) (1024K)]
  0x00000267fda6d3c0 WatcherThread "VM Periodic Task Thread"        [id=8324, stack(0x000000f4ddb00000,0x000000f4ddc00000) (1024K)]
  0x00000267fa200fc0 WorkerThread "GC Thread#0"                     [id=5012, stack(0x000000f4dd600000,0x000000f4dd700000) (1024K)]
  0x000002679cb23220 WorkerThread "GC Thread#1"                     [id=18660, stack(0x000000f4de800000,0x000000f4de900000) (1024K)]
  0x000002679cb10bc0 WorkerThread "GC Thread#2"                     [id=19448, stack(0x000000f4de900000,0x000000f4dea00000) (1024K)]
  0x000002679c9a3e40 WorkerThread "GC Thread#3"                     [id=17816, stack(0x000000f4deb00000,0x000000f4dec00000) (1024K)]
  0x00000267fa21c7a0 ConcurrentGCThread "G1 Main Marker"            [id=16932, stack(0x000000f4dd700000,0x000000f4dd800000) (1024K)]
  0x00000267fa21dae0 WorkerThread "G1 Conc#0"                       [id=6536, stack(0x000000f4dd800000,0x000000f4dd900000) (1024K)]
  0x00000267fa24d9f0 ConcurrentGCThread "G1 Refine#0"               [id=124, stack(0x000000f4dd900000,0x000000f4dda00000) (1024K)]
  0x00000267fa24e600 ConcurrentGCThread "G1 Service"                [id=17748, stack(0x000000f4dda00000,0x000000f4ddb00000) (1024K)]
Total: 10

Threads with active compile tasks:
C2 CompilerThread0  54205 8012       4       jdk.internal.classfile.impl.SplitConstantPool::utf8Entry (25 bytes)
Total: 1

VM state: not at safepoint (normal execution)

VM Mutex/Monitor currently owned by a thread: None

Heap address: 0x00000000c4c00000, size: 948 MB, Compressed Oops mode: 32-bit

CDS archive(s) mapped at: [0x0000000019000000-0x0000000019dd0000-0x0000000019dd0000), size 14483456, SharedBaseAddress: 0x0000000019000000, ArchiveRelocationMode: 1.
Compressed class space mapped at: 0x000000001a000000-0x000000005a000000, reserved size: 1073741824
UseCompressedClassPointers 1, UseCompactObjectHeaders 0
Narrow klass pointer bits 32, Max shift 3
Narrow klass base: 0x0000000019000000, Narrow klass shift: 0
Encoding Range: [0x0000000019000000 - 0x0000000119000000), (4294967296 bytes)
Klass Range:    [0x0000000019010000 - 0x000000005a000000), (1090453504 bytes)
Klass ID Range:  [65536 - 1090519033) (1090453497)
Protection zone: [0x0000000019000000 - 0x0000000019010000), (65536 bytes)

GC Precious Log:
 CardTable entry size: 512
 Card Set container configuration: InlinePtr #cards 5 size 8 Array Of Cards #cards 10 size 36 Howl #buckets 4 coarsen threshold 1843 Howl Bitmap #cards 512 size 80 coarsen threshold 460 Card regions per heap region 1 cards per card region 2048
 CPUs: 4 total, 4 available
 Memory: 3790M
 Large Page Support: Disabled
 NUMA Support: Disabled
 Compressed Oops: Enabled (32-bit)
 Heap Region Size: 1M
 Heap Min Capacity: 8M
 Heap Initial Capacity: 60M
 Heap Max Capacity: 948M
 Pre-touch: Disabled
 Parallel Workers: 4
 Concurrent Workers: 1
 Concurrent Refinement Workers: 4
 Periodic GC: Disabled

Heap:
 garbage-first heap   total reserved 970752K, committed 66560K, used 47221K [0x00000000c4c00000, 0x0000000100000000)
  region size 1024K, 16 young (16384K), 4 survivors (4096K)

Heap Regions: E=young(eden), S=young(survivor), O=old, HS=humongous(starts), HC=humongous(continues), CS=collection set, F=free, TAMS=top-at-mark-start, PB=parsable bottom
|   0|0x00000000c4c00000, 0x00000000c4d00000, 0x00000000c4d00000|100%|HS|  |TAMS 0x00000000c4c00000| PB 0x00000000c4c00000| Complete |  0
|   1|0x00000000c4d00000, 0x00000000c4e00000, 0x00000000c4e00000|100%| O|  |TAMS 0x00000000c4d00000| PB 0x00000000c4d00000| Untracked |  0
|   2|0x00000000c4e00000, 0x00000000c4f00000, 0x00000000c4f00000|100%| O|  |TAMS 0x00000000c4e00000| PB 0x00000000c4e00000| Untracked |  0
|   3|0x00000000c4f00000, 0x00000000c5000000, 0x00000000c5000000|100%| O|  |TAMS 0x00000000c4f00000| PB 0x00000000c4f00000| Untracked |  0
|   4|0x00000000c5000000, 0x00000000c5100000, 0x00000000c5100000|100%| O|  |TAMS 0x00000000c5000000| PB 0x00000000c5000000| Untracked |  0
|   5|0x00000000c5100000, 0x00000000c5200000, 0x00000000c5200000|100%| O|  |TAMS 0x00000000c5100000| PB 0x00000000c5100000| Untracked |  0
|   6|0x00000000c5200000, 0x00000000c5300000, 0x00000000c5300000|100%| O|  |TAMS 0x00000000c5200000| PB 0x00000000c5200000| Untracked |  0
|   7|0x00000000c5300000, 0x00000000c5400000, 0x00000000c5400000|100%| O|  |TAMS 0x00000000c5300000| PB 0x00000000c5300000| Untracked |  0
|   8|0x00000000c5400000, 0x00000000c5500000, 0x00000000c5500000|100%| O|  |TAMS 0x00000000c5400000| PB 0x00000000c5400000| Untracked |  0
|   9|0x00000000c5500000, 0x00000000c5600000, 0x00000000c5600000|100%| O|  |TAMS 0x00000000c5500000| PB 0x00000000c5500000| Untracked |  0
|  10|0x00000000c5600000, 0x00000000c5700000, 0x00000000c5700000|100%| O|  |TAMS 0x00000000c5600000| PB 0x00000000c5600000| Untracked |  0
|  11|0x00000000c5700000, 0x00000000c5800000, 0x00000000c5800000|100%| O|  |TAMS 0x00000000c5700000| PB 0x00000000c5700000| Untracked |  0
|  12|0x00000000c5800000, 0x00000000c5900000, 0x00000000c5900000|100%| O|  |TAMS 0x00000000c5800000| PB 0x00000000c5800000| Untracked |  0
|  13|0x00000000c5900000, 0x00000000c5a00000, 0x00000000c5a00000|100%| O|  |TAMS 0x00000000c5900000| PB 0x00000000c5900000| Untracked |  0
|  14|0x00000000c5a00000, 0x00000000c5b00000, 0x00000000c5b00000|100%| O|  |TAMS 0x00000000c5a00000| PB 0x00000000c5a00000| Untracked |  0
|  15|0x00000000c5b00000, 0x00000000c5c00000, 0x00000000c5c00000|100%| O|Cm|TAMS 0x00000000c5b00000| PB 0x00000000c5b00000| Complete |  0
|  16|0x00000000c5c00000, 0x00000000c5d00000, 0x00000000c5d00000|100%| O|  |TAMS 0x00000000c5c00000| PB 0x00000000c5c00000| Untracked |  0
|  17|0x00000000c5d00000, 0x00000000c5e00000, 0x00000000c5e00000|100%| O|  |TAMS 0x00000000c5d00000| PB 0x00000000c5d00000| Untracked |  0
|  18|0x00000000c5e00000, 0x00000000c5f00000, 0x00000000c5f00000|100%| O|  |TAMS 0x00000000c5e00000| PB 0x00000000c5e00000| Untracked |  0
|  19|0x00000000c5f00000, 0x00000000c6000000, 0x00000000c6000000|100%| O|  |TAMS 0x00000000c5f00000| PB 0x00000000c5f00000| Untracked |  0
|  20|0x00000000c6000000, 0x00000000c6100000, 0x00000000c6100000|100%| O|  |TAMS 0x00000000c6000000| PB 0x00000000c6000000| Untracked |  0
|  21|0x00000000c6100000, 0x00000000c6200000, 0x00000000c6200000|100%| O|  |TAMS 0x00000000c6100000| PB 0x00000000c6100000| Untracked |  0
|  22|0x00000000c6200000, 0x00000000c6300000, 0x00000000c6300000|100%| O|  |TAMS 0x00000000c6200000| PB 0x00000000c6200000| Untracked |  0
|  23|0x00000000c6300000, 0x00000000c6400000, 0x00000000c6400000|100%| O|  |TAMS 0x00000000c6300000| PB 0x00000000c6300000| Untracked |  0
|  24|0x00000000c6400000, 0x00000000c6500000, 0x00000000c6500000|100%| O|  |TAMS 0x00000000c6400000| PB 0x00000000c6400000| Untracked |  0
|  25|0x00000000c6500000, 0x00000000c6600000, 0x00000000c6600000|100%| O|  |TAMS 0x00000000c6500000| PB 0x00000000c6500000| Untracked |  0
|  26|0x00000000c6600000, 0x00000000c6700000, 0x00000000c6700000|100%| O|  |TAMS 0x00000000c6600000| PB 0x00000000c6600000| Untracked |  0
|  27|0x00000000c6700000, 0x00000000c6800000, 0x00000000c6800000|100%| O|  |TAMS 0x00000000c6700000| PB 0x00000000c6700000| Untracked |  0
|  28|0x00000000c6800000, 0x00000000c681d7e0, 0x00000000c6900000| 11%| O|  |TAMS 0x00000000c6800000| PB 0x00000000c6800000| Untracked |  0
|  29|0x00000000c6900000, 0x00000000c6900000, 0x00000000c6a00000|  0%| F|  |TAMS 0x00000000c6900000| PB 0x00000000c6900000| Untracked |  0
|  30|0x00000000c6a00000, 0x00000000c6a00000, 0x00000000c6b00000|  0%| F|  |TAMS 0x00000000c6a00000| PB 0x00000000c6a00000| Untracked |  0
|  31|0x00000000c6b00000, 0x00000000c6c00000, 0x00000000c6c00000|100%| O|  |TAMS 0x00000000c6b00000| PB 0x00000000c6b00000| Untracked |  0
|  32|0x00000000c6c00000, 0x00000000c6d00000, 0x00000000c6d00000|100%| O|  |TAMS 0x00000000c6c00000| PB 0x00000000c6c00000| Untracked |  0
|  33|0x00000000c6d00000, 0x00000000c6e00000, 0x00000000c6e00000|100%| S|CS|TAMS 0x00000000c6d00000| PB 0x00000000c6d00000| Complete |  0
|  34|0x00000000c6e00000, 0x00000000c6f00000, 0x00000000c6f00000|100%| S|CS|TAMS 0x00000000c6e00000| PB 0x00000000c6e00000| Complete |  0
|  35|0x00000000c6f00000, 0x00000000c7000000, 0x00000000c7000000|100%| S|CS|TAMS 0x00000000c6f00000| PB 0x00000000c6f00000| Complete |  0
|  36|0x00000000c7000000, 0x00000000c7100000, 0x00000000c7100000|100%| S|CS|TAMS 0x00000000c7000000| PB 0x00000000c7000000| Complete |  0
|  37|0x00000000c7100000, 0x00000000c7100000, 0x00000000c7200000|  0%| F|  |TAMS 0x00000000c7100000| PB 0x00000000c7100000| Untracked |  0
|  38|0x00000000c7200000, 0x00000000c7200000, 0x00000000c7300000|  0%| F|  |TAMS 0x00000000c7200000| PB 0x00000000c7200000| Untracked |  0
|  39|0x00000000c7300000, 0x00000000c7300000, 0x00000000c7400000|  0%| F|  |TAMS 0x00000000c7300000| PB 0x00000000c7300000| Untracked |  0
|  40|0x00000000c7400000, 0x00000000c7400000, 0x00000000c7500000|  0%| F|  |TAMS 0x00000000c7400000| PB 0x00000000c7400000| Untracked |  0
|  41|0x00000000c7500000, 0x00000000c7500000, 0x00000000c7600000|  0%| F|  |TAMS 0x00000000c7500000| PB 0x00000000c7500000| Untracked |  0
|  42|0x00000000c7600000, 0x00000000c7600000, 0x00000000c7700000|  0%| F|  |TAMS 0x00000000c7600000| PB 0x00000000c7600000| Untracked |  0
|  43|0x00000000c7700000, 0x00000000c7700000, 0x00000000c7800000|  0%| F|  |TAMS 0x00000000c7700000| PB 0x00000000c7700000| Untracked |  0
|  44|0x00000000c7800000, 0x00000000c7800000, 0x00000000c7900000|  0%| F|  |TAMS 0x00000000c7800000| PB 0x00000000c7800000| Untracked |  0
|  45|0x00000000c7900000, 0x00000000c7900000, 0x00000000c7a00000|  0%| F|  |TAMS 0x00000000c7900000| PB 0x00000000c7900000| Untracked |  0
|  46|0x00000000c7a00000, 0x00000000c7a00000, 0x00000000c7b00000|  0%| F|  |TAMS 0x00000000c7a00000| PB 0x00000000c7a00000| Untracked |  0
|  47|0x00000000c7b00000, 0x00000000c7b00000, 0x00000000c7c00000|  0%| F|  |TAMS 0x00000000c7b00000| PB 0x00000000c7b00000| Untracked |  0
|  48|0x00000000c7c00000, 0x00000000c7c00000, 0x00000000c7d00000|  0%| F|  |TAMS 0x00000000c7c00000| PB 0x00000000c7c00000| Untracked |  0
|  49|0x00000000c7d00000, 0x00000000c7d00000, 0x00000000c7e00000|  0%| F|  |TAMS 0x00000000c7d00000| PB 0x00000000c7d00000| Untracked |  0
|  50|0x00000000c7e00000, 0x00000000c7e00000, 0x00000000c7f00000|  0%| F|  |TAMS 0x00000000c7e00000| PB 0x00000000c7e00000| Untracked |  0
|  51|0x00000000c7f00000, 0x00000000c7f00000, 0x00000000c8000000|  0%| F|  |TAMS 0x00000000c7f00000| PB 0x00000000c7f00000| Untracked |  0
|  52|0x00000000c8000000, 0x00000000c803f3d8, 0x00000000c8100000| 24%| E|  |TAMS 0x00000000c8000000| PB 0x00000000c8000000| Complete |  0
|  53|0x00000000c8100000, 0x00000000c8200000, 0x00000000c8200000|100%| E|CS|TAMS 0x00000000c8100000| PB 0x00000000c8100000| Complete |  0
|  54|0x00000000c8200000, 0x00000000c8300000, 0x00000000c8300000|100%| E|CS|TAMS 0x00000000c8200000| PB 0x00000000c8200000| Complete |  0
|  55|0x00000000c8300000, 0x00000000c8400000, 0x00000000c8400000|100%| E|CS|TAMS 0x00000000c8300000| PB 0x00000000c8300000| Complete |  0
|  56|0x00000000c8400000, 0x00000000c8500000, 0x00000000c8500000|100%| E|CS|TAMS 0x00000000c8400000| PB 0x00000000c8400000| Complete |  0
|  57|0x00000000c8500000, 0x00000000c8600000, 0x00000000c8600000|100%| E|CS|TAMS 0x00000000c8500000| PB 0x00000000c8500000| Complete |  0
|  58|0x00000000c8600000, 0x00000000c8700000, 0x00000000c8700000|100%| E|CS|TAMS 0x00000000c8600000| PB 0x00000000c8600000| Complete |  0
|  59|0x00000000c8700000, 0x00000000c8800000, 0x00000000c8800000|100%| E|CS|TAMS 0x00000000c8700000| PB 0x00000000c8700000| Complete |  0
|  60|0x00000000c8800000, 0x00000000c8900000, 0x00000000c8900000|100%| E|CS|TAMS 0x00000000c8800000| PB 0x00000000c8800000| Complete |  0
|  61|0x00000000c8900000, 0x00000000c8a00000, 0x00000000c8a00000|100%| E|CS|TAMS 0x00000000c8900000| PB 0x00000000c8900000| Complete |  0
|  62|0x00000000c8a00000, 0x00000000c8b00000, 0x00000000c8b00000|100%| E|CS|TAMS 0x00000000c8a00000| PB 0x00000000c8a00000| Complete |  0
| 946|0x00000000ffe00000, 0x00000000fff00000, 0x00000000fff00000|100%| O|  |TAMS 0x00000000ffe00000| PB 0x00000000ffe00000| Untracked |  0
| 947|0x00000000fff00000, 0x0000000100000000, 0x0000000100000000|100%| E|CS|TAMS 0x00000000fff00000| PB 0x00000000fff00000| Complete |  0

Card table byte_map: [0x00000267fa460000,0x00000267fa640000] _byte_map_base: 0x00000267f9e3a000

Marking Bits: (CMBitMap*) 0x00000267fa201750
 Bits: [0x00000267fa640000, 0x00000267fb510000)

Polling page: 0x00000267f8430000

Metaspace:
Metaspace        used 76117K, committed 76672K, reserved 1179648K
 class space     used 8335K, committed 8576K, reserved 1048576K

Usage:
  Non-class:     66.19 MB used.
      Class:      8.14 MB used.
       Both:     74.33 MB used.

Virtual space:
  Non-class space:      128.00 MB reserved,      66.50 MB ( 52%) committed,  2 nodes.
      Class space:        1.00 GB reserved,       8.38 MB ( <1%) committed,  1 nodes.
             Both:        1.12 GB reserved,      74.88 MB (  6%) committed. 

Chunk freelists:
   Non-Class:  13.30 MB
       Class:  7.47 MB
        Both:  20.77 MB

MaxMetaspaceSize: unlimited
CompressedClassSpaceSize: 1.00 GB
Initial GC threshold: 21.00 MB
Current GC threshold: 118.75 MB
CDS: on
 - commit_granule_bytes: 65536.
 - commit_granule_words: 8192.
 - virtual_space_node_default_size: 8388608.
 - enlarge_chunks_in_place: 1.
UseCompressedClassPointers 1, UseCompactObjectHeaders 0
Narrow klass pointer bits 32, Max shift 3
Narrow klass base: 0x0000000019000000, Narrow klass shift: 0
Encoding Range: [0x0000000019000000 - 0x0000000119000000), (4294967296 bytes)
Klass Range:    [0x0000000019010000 - 0x000000005a000000), (1090453504 bytes)
Klass ID Range:  [65536 - 1090519033) (1090453497)
Protection zone: [0x0000000019000000 - 0x0000000019010000), (65536 bytes)


Internal statistics:

num_allocs_failed_limit: 9.
num_arena_births: 664.
num_arena_deaths: 0.
num_vsnodes_births: 3.
num_vsnodes_deaths: 0.
num_space_committed: 1198.
num_space_uncommitted: 0.
num_chunks_returned_to_freelist: 9.
num_chunks_taken_from_freelist: 3209.
num_chunk_merges: 9.
num_chunk_splits: 2430.
num_chunks_enlarged: 2052.
num_inconsistent_stats: 0.

CodeHeap 'non-profiled nmethods': size=120064Kb used=3028Kb max_used=3028Kb free=117035Kb
 bounds [0x0000026790280000, 0x0000026790580000, 0x00000267977c0000]
CodeHeap 'profiled nmethods': size=120000Kb used=10011Kb max_used=10378Kb free=109988Kb
 bounds [0x00000267887c0000, 0x00000267891f0000, 0x000002678fcf0000]
CodeHeap 'non-nmethods': size=5696Kb used=1852Kb max_used=1978Kb free=3843Kb
 bounds [0x000002678fcf0000, 0x000002678ff60000, 0x0000026790280000]
CodeCache: size=245760Kb, used=14891Kb, max_used=15384Kb, free=230866Kb
 total_blobs=7795, nmethods=7020, adapters=677, full_count=0
Compilation: enabled, stopped_count=0, restarted_count=0

Compilation events (20 events):
Event: 52.677 Thread 0x00000267fda92400 nmethod 8002 0x00000267888d7388 code [0x00000267888d7480, 0x00000267888d7698]
Event: 52.678 Thread 0x00000267fda92400 8003       3       java.nio.CharBuffer::allocate (20 bytes)
Event: 52.679 Thread 0x00000267fda92400 nmethod 8003 0x0000026788906a88 code [0x0000026788906b80, 0x0000026788906d88]
Event: 52.679 Thread 0x00000267fda92400 8004       3       java.util.HashMap::afterNodeRemoval (1 bytes)
Event: 52.680 Thread 0x00000267fda92400 nmethod 8004 0x0000026788906788 code [0x0000026788906880, 0x0000026788906988]
Event: 52.680 Thread 0x00000267fda92400 8005       1       org.apache.coyote.Request::requestURI (5 bytes)
Event: 52.680 Thread 0x00000267fda92400 nmethod 8005 0x0000026790574d08 code [0x0000026790574e00, 0x0000026790574ec8]
Event: 52.686 Thread 0x00000267fda92400 8006       3       java.nio.CharBuffer::flip (7 bytes)
Event: 52.687 Thread 0x00000267fda92400 nmethod 8006 0x0000026788906488 code [0x0000026788906580, 0x0000026788906700]
Event: 52.687 Thread 0x00000267fda92400 8007       3       java.nio.charset.CharsetDecoder::implFlush (4 bytes)
Event: 52.687 Thread 0x00000267fda92400 nmethod 8007 0x0000026788906188 code [0x0000026788906280, 0x0000026788906390]
Event: 52.688 Thread 0x00000267fda92400 8008       3       java.nio.charset.CharsetDecoder::decode (152 bytes)
Event: 52.690 Thread 0x00000267fda92400 nmethod 8008 0x000002678894ca08 code [0x000002678894cb00, 0x000002678894e130]
Event: 52.690 Thread 0x00000267fda92400 8009       3       java.nio.charset.CharsetDecoder::flush (49 bytes)
Event: 52.691 Thread 0x00000267fda92400 nmethod 8009 0x0000026788905c08 code [0x0000026788905d00, 0x0000026788906128]
Event: 52.691 Thread 0x00000267fda92400 8010       3       java.nio.charset.Charset::equals (39 bytes)
Event: 52.692 Thread 0x00000267fda92400 nmethod 8010 0x0000026788f1ae88 code [0x0000026788f1af80, 0x0000026788f1b440]
Event: 52.806 Thread 0x00000267fda92400 8011       3       jakarta.servlet.http.HttpServletRequestWrapper::_getHttpServletRequest (8 bytes)
Event: 52.806 Thread 0x00000267fda92400 nmethod 8011 0x0000026788905808 code [0x0000026788905900, 0x0000026788905b08]
Event: 53.518 Thread 0x00000267fda880a0 8012       4       jdk.internal.classfile.impl.SplitConstantPool::utf8Entry (25 bytes)

GC Heap Usage History (20 events):
Event: 6.908 {heap Before GC invocations=8 (full 0):
 garbage-first heap   total reserved 970752K, committed 55296K, used 26729K [0x00000000c4c00000, 0x0000000100000000)
  region size 1024K, 8 young (8192K), 2 survivors (2048K)
}
Event: 6.913 {heap After GC invocations=9 (full 0):
 garbage-first heap   total reserved 970752K, committed 55296K, used 21745K [0x00000000c4c00000, 0x0000000100000000)
  region size 1024K, 2 young (2048K), 2 survivors (2048K)
}
Event: 8.328 {heap Before GC invocations=10 (full 0):
 garbage-first heap   total reserved 970752K, committed 55296K, used 46321K [0x00000000c4c00000, 0x0000000100000000)
  region size 1024K, 26 young (26624K), 2 survivors (2048K)
}
Event: 8.338 {heap After GC invocations=11 (full 0):
 garbage-first heap   total reserved 970752K, committed 55296K, used 24392K [0x00000000c4c00000, 0x0000000100000000)
  region size 1024K, 4 young (4096K), 4 survivors (4096K)
}
Event: 9.182 {heap Before GC invocations=11 (full 0):
 garbage-first heap   total reserved 970752K, committed 55296K, used 45896K [0x00000000c4c00000, 0x0000000100000000)
  region size 1024K, 25 young (25600K), 4 survivors (4096K)
}
Event: 9.193 {heap After GC invocations=12 (full 0):
 garbage-first heap   total reserved 970752K, committed 55296K, used 25478K [0x00000000c4c00000, 0x0000000100000000)
  region size 1024K, 2 young (2048K), 2 survivors (2048K)
}
Event: 10.535 {heap Before GC invocations=12 (full 0):
 garbage-first heap   total reserved 970752K, committed 55296K, used 45958K [0x00000000c4c00000, 0x0000000100000000)
  region size 1024K, 23 young (23552K), 2 survivors (2048K)
}
Event: 10.541 {heap After GC invocations=13 (full 0):
 garbage-first heap   total reserved 970752K, committed 66560K, used 26164K [0x00000000c4c00000, 0x0000000100000000)
  region size 1024K, 2 young (2048K), 2 survivors (2048K)
}
Event: 11.298 {heap Before GC invocations=13 (full 0):
 garbage-first heap   total reserved 970752K, committed 66560K, used 37428K [0x00000000c4c00000, 0x0000000100000000)
  region size 1024K, 14 young (14336K), 2 survivors (2048K)
}
Event: 11.305 {heap After GC invocations=14 (full 0):
 garbage-first heap   total reserved 970752K, committed 66560K, used 27097K [0x00000000c4c00000, 0x0000000100000000)
  region size 1024K, 3 young (3072K), 3 survivors (3072K)
}
Event: 12.018 {heap Before GC invocations=15 (full 0):
 garbage-first heap   total reserved 970752K, committed 66560K, used 57817K [0x00000000c4c00000, 0x0000000100000000)
  region size 1024K, 33 young (33792K), 3 survivors (3072K)
}
Event: 12.025 {heap After GC invocations=16 (full 0):
 garbage-first heap   total reserved 970752K, committed 66560K, used 30169K [0x00000000c4c00000, 0x0000000100000000)
  region size 1024K, 5 young (5120K), 5 survivors (5120K)
}
Event: 12.758 {heap Before GC invocations=16 (full 0):
 garbage-first heap   total reserved 970752K, committed 66560K, used 57817K [0x00000000c4c00000, 0x0000000100000000)
  region size 1024K, 32 young (32768K), 5 survivors (5120K)
}
Event: 12.766 {heap After GC invocations=17 (full 0):
 garbage-first heap   total reserved 970752K, committed 66560K, used 30898K [0x00000000c4c00000, 0x0000000100000000)
  region size 1024K, 3 young (3072K), 3 survivors (3072K)
}
Event: 13.136 {heap Before GC invocations=17 (full 0):
 garbage-first heap   total reserved 970752K, committed 66560K, used 58546K [0x00000000c4c00000, 0x0000000100000000)
  region size 1024K, 30 young (30720K), 3 survivors (3072K)
}
Event: 13.142 {heap After GC invocations=18 (full 0):
 garbage-first heap   total reserved 970752K, committed 66560K, used 33180K [0x00000000c4c00000, 0x0000000100000000)
  region size 1024K, 3 young (3072K), 3 survivors (3072K)
}
Event: 13.850 {heap Before GC invocations=18 (full 0):
 garbage-first heap   total reserved 970752K, committed 66560K, used 58780K [0x00000000c4c00000, 0x0000000100000000)
  region size 1024K, 28 young (28672K), 3 survivors (3072K)
}
Event: 13.854 {heap After GC invocations=19 (full 0):
 garbage-first heap   total reserved 970752K, committed 66560K, used 33856K [0x00000000c4c00000, 0x0000000100000000)
  region size 1024K, 2 young (2048K), 2 survivors (2048K)
}
Event: 14.471 {heap Before GC invocations=20 (full 0):
 garbage-first heap   total reserved 970752K, committed 66560K, used 59456K [0x00000000c4c00000, 0x0000000100000000)
  region size 1024K, 27 young (27648K), 2 survivors (2048K)
}
Event: 14.479 {heap After GC invocations=21 (full 0):
 garbage-first heap   total reserved 970752K, committed 66560K, used 35957K [0x00000000c4c00000, 0x0000000100000000)
  region size 1024K, 4 young (4096K), 4 survivors (4096K)
}

Metaspace Usage History (20 events):
Event: 6.908 {metaspace Before GC invocations=8 (full 0):
 Metaspace       used 35539K, committed 35968K, reserved 1114112K
  class space    used 3631K, committed 3840K, reserved 1048576K
}
Event: 6.913 {metaspace After GC invocations=9 (full 0):
 Metaspace       used 35539K, committed 35968K, reserved 1114112K
  class space    used 3631K, committed 3840K, reserved 1048576K
}
Event: 8.328 {metaspace Before GC invocations=10 (full 0):
 Metaspace       used 45773K, committed 46208K, reserved 1114112K
  class space    used 4680K, committed 4864K, reserved 1048576K
}
Event: 8.338 {metaspace After GC invocations=11 (full 0):
 Metaspace       used 45773K, committed 46208K, reserved 1114112K
  class space    used 4680K, committed 4864K, reserved 1048576K
}
Event: 9.182 {metaspace Before GC invocations=11 (full 0):
 Metaspace       used 50646K, committed 51072K, reserved 1114112K
  class space    used 5072K, committed 5248K, reserved 1048576K
}
Event: 9.193 {metaspace After GC invocations=12 (full 0):
 Metaspace       used 50646K, committed 51072K, reserved 1114112K
  class space    used 5072K, committed 5248K, reserved 1048576K
}
Event: 10.535 {metaspace Before GC invocations=12 (full 0):
 Metaspace       used 56984K, committed 57408K, reserved 1114112K
  class space    used 5833K, committed 6016K, reserved 1048576K
}
Event: 10.541 {metaspace After GC invocations=13 (full 0):
 Metaspace       used 56984K, committed 57408K, reserved 1114112K
  class space    used 5833K, committed 6016K, reserved 1048576K
}
Event: 11.298 {metaspace Before GC invocations=13 (full 0):
 Metaspace       used 59938K, committed 60416K, reserved 1114112K
  class space    used 6179K, committed 6400K, reserved 1048576K
}
Event: 11.305 {metaspace After GC invocations=14 (full 0):
 Metaspace       used 59938K, committed 60416K, reserved 1114112K
  class space    used 6179K, committed 6400K, reserved 1048576K
}
Event: 12.018 {metaspace Before GC invocations=15 (full 0):
 Metaspace       used 64681K, committed 65088K, reserved 1114112K
  class space    used 6740K, committed 6912K, reserved 1048576K
}
Event: 12.025 {metaspace After GC invocations=16 (full 0):
 Metaspace       used 64681K, committed 65088K, reserved 1114112K
  class space    used 6740K, committed 6912K, reserved 1048576K
}
Event: 12.758 {metaspace Before GC invocations=16 (full 0):
 Metaspace       used 69602K, committed 70080K, reserved 1114112K
  class space    used 7557K, committed 7744K, reserved 1048576K
}
Event: 12.766 {metaspace After GC invocations=17 (full 0):
 Metaspace       used 69602K, committed 70080K, reserved 1114112K
  class space    used 7557K, committed 7744K, reserved 1048576K
}
Event: 13.136 {metaspace Before GC invocations=17 (full 0):
 Metaspace       used 70344K, committed 70784K, reserved 1114112K
  class space    used 7643K, committed 7808K, reserved 1048576K
}
Event: 13.142 {metaspace After GC invocations=18 (full 0):
 Metaspace       used 70344K, committed 70784K, reserved 1114112K
  class space    used 7643K, committed 7808K, reserved 1048576K
}
Event: 13.850 {metaspace Before GC invocations=18 (full 0):
 Metaspace       used 72431K, committed 72896K, reserved 1114112K
  class space    used 7882K, committed 8064K, reserved 1048576K
}
Event: 13.854 {metaspace After GC invocations=19 (full 0):
 Metaspace       used 72431K, committed 72896K, reserved 1114112K
  class space    used 7882K, committed 8064K, reserved 1048576K
}
Event: 14.471 {metaspace Before GC invocations=20 (full 0):
 Metaspace       used 74212K, committed 74688K, reserved 1179648K
  class space    used 8120K, committed 8320K, reserved 1048576K
}
Event: 14.479 {metaspace After GC invocations=21 (full 0):
 Metaspace       used 74212K, committed 74688K, reserved 1179648K
  class space    used 8120K, committed 8320K, reserved 1048576K
}

Dll operation events (12 events):
Event: 0.030 Loaded shared library C:\Users\sathwik\.jdks\openjdk-25.0.1\bin\java.dll
Event: 0.532 Loaded shared library C:\Users\sathwik\.jdks\openjdk-25.0.1\bin\zip.dll
Event: 0.538 Loaded shared library C:\Users\sathwik\.jdks\openjdk-25.0.1\bin\instrument.dll
Event: 0.556 Loaded shared library C:\Users\sathwik\.jdks\openjdk-25.0.1\bin\net.dll
Event: 0.564 Loaded shared library C:\Users\sathwik\.jdks\openjdk-25.0.1\bin\nio.dll
Event: 0.572 Loaded shared library C:\Users\sathwik\.jdks\openjdk-25.0.1\bin\zip.dll
Event: 0.869 Loaded shared library C:\Users\sathwik\.jdks\openjdk-25.0.1\bin\extnet.dll
Event: 0.905 Loaded shared library C:\Users\sathwik\.jdks\openjdk-25.0.1\bin\jimage.dll
Event: 3.270 Loaded shared library C:\Users\sathwik\.jdks\openjdk-25.0.1\bin\sunmscapi.dll
Event: 5.526 Loaded shared library C:\Users\sathwik\.jdks\openjdk-25.0.1\bin\management.dll
Event: 5.528 Loaded shared library C:\Users\sathwik\.jdks\openjdk-25.0.1\bin\management_ext.dll
Event: 6.815 Loaded shared library C:\Users\sathwik\.jdks\openjdk-25.0.1\bin\verify.dll

Deoptimization events (20 events):
Event: 51.098 Thread 0x000002679e99a070 Uncommon trap: trap_request=0xffffff45 fr.pc=0x0000026790305e2c relative=0x00000000000001ac
Event: 51.098 Thread 0x000002679e99a070 Uncommon trap: reason=unstable_if action=reinterpret pc=0x0000026790305e2c method=java.lang.StringLatin1.indexOf([B[B)I @ 9 c2
Event: 51.098 Thread 0x000002679e99a070 DEOPT PACKING pc=0x0000026790305e2c sp=0x000000f4deafeec0
Event: 51.098 Thread 0x000002679e99a070 DEOPT UNPACKING pc=0x000002678fe1f482 sp=0x000000f4deafee50 mode 2
Event: 53.162 Thread 0x000002679de5f2a0 Uncommon trap: trap_request=0xffffff45 fr.pc=0x0000026790417cd0 relative=0x0000000000000cd0
Event: 53.162 Thread 0x000002679de5f2a0 Uncommon trap: reason=unstable_if action=reinterpret pc=0x0000026790417cd0 method=java.util.concurrent.ConcurrentHashMap.putVal(Ljava/lang/Object;Ljava/lang/Object;Z)Ljava/lang/Object; @ 97 c2
Event: 53.162 Thread 0x000002679de5f2a0 DEOPT PACKING pc=0x0000026790417cd0 sp=0x000000f4deefb980
Event: 53.163 Thread 0x000002679de5f2a0 DEOPT UNPACKING pc=0x000002678fe1f482 sp=0x000000f4deefb908 mode 2
Event: 53.168 Thread 0x000002679de5f2a0 Uncommon trap: trap_request=0xffffff4c fr.pc=0x0000026790426bc4 relative=0x0000000000005dc4
Event: 53.172 Thread 0x000002679de5f2a0 Uncommon trap: reason=speculate_null_assert action=make_not_entrant pc=0x0000026790426bc4 method=jdk.internal.util.ReferencedKeyMap.internKey(Ljdk/internal/util/ReferencedKeyMap;Ljava/lang/Object;)Ljava/lang/Object; @ 28 c2
Event: 53.172 Thread 0x000002679de5f2a0 DEOPT PACKING pc=0x0000026790426bc4 sp=0x000000f4deefba30
Event: 53.173 Thread 0x000002679de5f2a0 DEOPT UNPACKING pc=0x000002678fe1f482 sp=0x000000f4deefb880 mode 2
Event: 53.176 Thread 0x000002679de5f2a0 Uncommon trap: trap_request=0xffffff4c fr.pc=0x0000026790459f1c relative=0x0000000000002f1c
Event: 53.176 Thread 0x000002679de5f2a0 Uncommon trap: reason=speculate_null_assert action=make_not_entrant pc=0x0000026790459f1c method=jdk.internal.util.ReferencedKeyMap.internKey(Ljdk/internal/util/ReferencedKeyMap;Ljava/lang/Object;)Ljava/lang/Object; @ 28 c2
Event: 53.176 Thread 0x000002679de5f2a0 DEOPT PACKING pc=0x0000026790459f1c sp=0x000000f4deefb510
Event: 53.176 Thread 0x000002679de5f2a0 DEOPT UNPACKING pc=0x000002678fe1f482 sp=0x000000f4deefb3c8 mode 2
Event: 53.226 Thread 0x000002679de5f2a0 Uncommon trap: trap_request=0xffffff45 fr.pc=0x0000026790437938 relative=0x0000000000000ab8
Event: 53.244 Thread 0x000002679de5f2a0 Uncommon trap: reason=unstable_if action=reinterpret pc=0x0000026790437938 method=java.util.concurrent.ConcurrentHashMap.computeIfAbsent(Ljava/lang/Object;Ljava/util/function/Function;)Ljava/lang/Object; @ 279 c2
Event: 53.245 Thread 0x000002679de5f2a0 DEOPT PACKING pc=0x0000026790437938 sp=0x000000f4deefc4d0
Event: 53.245 Thread 0x000002679de5f2a0 DEOPT UNPACKING pc=0x000002678fe1f482 sp=0x000000f4deefc448 mode 2

Classes loaded (20 events):
Event: 42.605 Loading class sun/nio/ch/SocketChannelImpl$DefaultOptionsHolder
Event: 42.644 Loading class sun/nio/ch/SocketChannelImpl$DefaultOptionsHolder done
Event: 42.738 Loading class sun/nio/ch/SelectionKeyImpl
Event: 42.800 Loading class java/nio/channels/spi/AbstractSelectionKey
Event: 42.825 Loading class java/nio/channels/SelectionKey
Event: 42.856 Loading class java/nio/channels/SelectionKey done
Event: 42.856 Loading class java/nio/channels/spi/AbstractSelectionKey done
Event: 42.856 Loading class sun/nio/ch/SelectionKeyImpl done
Event: 42.896 Loading class java/lang/invoke/ConstantBootstraps
Event: 42.934 Loading class java/lang/invoke/ConstantBootstraps done
Event: 45.671 Loading class java/io/Reader$2
Event: 45.676 Loading class java/io/Reader$2 done
Event: 46.985 Loading class java/security/SecurityPermission
Event: 46.995 Loading class java/security/SecurityPermission done
Event: 51.422 Loading class java/time/format/DateTimeFormatterBuilder$ZoneTextPrinterParser
Event: 51.450 Loading class java/time/format/DateTimeFormatterBuilder$ZoneTextPrinterParser done
Event: 51.540 Loading class java/time/format/DateTimeFormatterBuilder$ReducedPrinterParser
Event: 51.575 Loading class java/time/format/DateTimeFormatterBuilder$ReducedPrinterParser done
Event: 52.656 Loading class java/util/concurrent/locks/ReentrantReadWriteLock$Sync$HoldCounter
Event: 52.677 Loading class java/util/concurrent/locks/ReentrantReadWriteLock$Sync$HoldCounter done

Classes unloaded (0 events):
No events

Classes redefined (0 events):
No events

Internal exceptions (20 events):
Event: 11.649 Thread 0x00000267f7e1c8c0 Exception <a 'java/lang/IncompatibleClassChangeError'{0x00000000c7a7ac18}: Found class java.lang.Object, but interface was expected> (0x00000000c7a7ac18) 
thrown [s\open\src\hotspot\share\interpreter\linkResolver.cpp, line 871]
Event: 11.744 Thread 0x00000267f7e1c8c0 Exception <a 'java/lang/IncompatibleClassChangeError'{0x00000000c77f6a80}: Found class java.lang.Object, but interface was expected> (0x00000000c77f6a80) 
thrown [s\open\src\hotspot\share\interpreter\linkResolver.cpp, line 871]
Event: 11.810 Thread 0x00000267f7e1c8c0 Exception <a 'java/lang/NoSuchMethodError'{0x00000000c75757a0}: 'java.lang.Object java.lang.invoke.DirectMethodHandle$Holder.invokeStatic(java.lang.Object, int, java.lang.Object)'> (0x00000000c75757a0) 
thrown [s\open\src\hotspot\share\interpreter\linkResolver.cpp, line 804]
Event: 11.890 Thread 0x00000267f7e1c8c0 Exception <a 'java/lang/NoSuchMethodError'{0x00000000c7120f60}: 'long java.lang.invoke.DirectMethodHandle$Holder.invokeVirtual(java.lang.Object, java.lang.Object)'> (0x00000000c7120f60) 
thrown [s\open\src\hotspot\share\interpreter\linkResolver.cpp, line 804]
Event: 11.917 Thread 0x00000267f7e1c8c0 Exception <a 'java/lang/NoSuchMethodError'{0x00000000c71c9538}: 'void java.lang.invoke.Invokers$Holder.invokeExact_MT(java.lang.Object, java.lang.Object, java.lang.Object, java.lang.Object)'> (0x00000000c71c9538) 
thrown [s\open\src\hotspot\share\interpreter\linkResolver.cpp, line 804]
Event: 13.412 Thread 0x00000267f7e1c8c0 Exception <a 'java/lang/NoSuchMethodError'{0x00000000c8119b58}: 'java.lang.Object java.lang.invoke.DirectMethodHandle$Holder.newInvokeSpecial(java.lang.Object, java.lang.Object, java.lang.Object, java.lang.Object, java.lang.Object, java.lang.Object, java.lang.Object, java.lang.Object)'> (0x00000000c8119b58) 
thrown [s\open\src\hotspot\share\interpreter\linkResolver.cpp, line 804]
Event: 13.585 Thread 0x00000267f7e1c8c0 Exception <a 'java/io/IOException'{0x00000000c7a77020}> (0x00000000c7a77020) 
thrown [s\open\src\hotspot\share\prims\jni.cpp, line 516]
Event: 14.030 Thread 0x00000267f7e1c8c0 Exception <a 'java/lang/IncompatibleClassChangeError'{0x00000000c87999e0}: Found class java.lang.Object, but interface was expected> (0x00000000c87999e0) 
thrown [s\open\src\hotspot\share\interpreter\linkResolver.cpp, line 871]
Event: 14.145 Thread 0x00000267f7e1c8c0 Exception <a 'java/lang/NoSuchMethodError'{0x00000000c81cbd90}: 'java.lang.Object java.lang.invoke.DirectMethodHandle$Holder.invokeInterface(java.lang.Object, java.lang.Object, java.lang.Object, java.lang.Object)'> (0x00000000c81cbd90) 
thrown [s\open\src\hotspot\share\interpreter\linkResolver.cpp, line 804]
Event: 14.208 Thread 0x00000267f7e1c8c0 Exception <a 'java/lang/NoSuchMethodError'{0x00000000c7ec3bd0}: 'void java.lang.invoke.DirectMethodHandle$Holder.invokeVirtual(java.lang.Object, java.lang.Object, long)'> (0x00000000c7ec3bd0) 
thrown [s\open\src\hotspot\share\interpreter\linkResolver.cpp, line 804]
Event: 14.302 Thread 0x00000267f7e1c8c0 Exception <a 'java/lang/NoSuchMethodError'{0x00000000c7aac3f0}: 'int java.lang.invoke.DirectMethodHandle$Holder.invokeStaticInit(java.lang.Object, java.lang.Object, java.lang.Object, java.lang.Object)'> (0x00000000c7aac3f0) 
thrown [s\open\src\hotspot\share\interpreter\linkResolver.cpp, line 804]
Event: 14.341 Thread 0x00000267f7e1c8c0 Exception <a 'java/lang/IncompatibleClassChangeError'{0x00000000c7839560}: Found class java.lang.Object, but interface was expected> (0x00000000c7839560) 
thrown [s\open\src\hotspot\share\interpreter\linkResolver.cpp, line 871]
Event: 14.526 Thread 0x00000267f7e1c8c0 Exception <a 'java/lang/NoSuchMethodError'{0x00000000c89ab518}: 'void java.lang.invoke.DirectMethodHandle$Holder.invokeSpecial(java.lang.Object, java.lang.Object, int, java.lang.Object, java.lang.Object, java.lang.Object, java.lang.Object)'> (0x00000000c89ab518) 
thrown [s\open\src\hotspot\share\interpreter\linkResolver.cpp, line 804]
Event: 14.527 Thread 0x00000267f7e1c8c0 Exception <a 'java/lang/NoSuchMethodError'{0x00000000c89bbb68}: 'java.lang.Object java.lang.invoke.DirectMethodHandle$Holder.newInvokeSpecial(java.lang.Object, java.lang.Object, int, java.lang.Object, java.lang.Object)'> (0x00000000c89bbb68) 
thrown [s\open\src\hotspot\share\interpreter\linkResolver.cpp, line 804]
Event: 14.527 Thread 0x00000267f7e1c8c0 Exception <a 'java/lang/NoSuchMethodError'{0x00000000c89d4298}: 'java.lang.Object java.lang.invoke.DirectMethodHandle$Holder.invokeSpecial(java.lang.Object, java.lang.Object, int, java.lang.Object, int, java.lang.Object)'> (0x00000000c89d4298) 
thrown [s\open\src\hotspot\share\interpreter\linkResolver.cpp, line 804]
Event: 14.528 Thread 0x00000267f7e1c8c0 Exception <a 'java/lang/NoSuchMethodError'{0x00000000c89e47a8}: 'java.lang.Object java.lang.invoke.DirectMethodHandle$Holder.newInvokeSpecial(java.lang.Object, java.lang.Object, int, java.lang.Object, int)'> (0x00000000c89e47a8) 
thrown [s\open\src\hotspot\share\interpreter\linkResolver.cpp, line 804]
Event: 45.403 Thread 0x000002679de5f2a0 Exception <a 'java/lang/NoSuchMethodError'{0x00000000c84f0a60}: 'java.lang.Object java.lang.invoke.DirectMethodHandle$Holder.invokeSpecial(java.lang.Object, java.lang.Object, java.lang.Object, java.lang.Object, java.lang.Object, long)'> (0x00000000c84f0a60) 
thrown [s\open\src\hotspot\share\interpreter\linkResolver.cpp, line 804]
Event: 45.484 Thread 0x000002679de5f2a0 Exception <a 'java/lang/NoSuchMethodError'{0x00000000c84f9328}: 'java.lang.Object java.lang.invoke.DirectMethodHandle$Holder.invokeSpecial(java.lang.Object, java.lang.Object, java.lang.Object, java.lang.Object, java.lang.Object, java.lang.Object, long)'> (0x00000000c84f9328) 
thrown [s\open\src\hotspot\share\interpreter\linkResolver.cpp, line 804]
Event: 45.513 Thread 0x000002679de5f2a0 Exception <a 'java/lang/NoSuchMethodError'{0x00000000c8301930}: 'java.lang.Object java.lang.invoke.DelegatingMethodHandle$Holder.reinvoke_L(java.lang.Object, java.lang.Object, java.lang.Object, java.lang.Object, java.lang.Object, long)'> (0x00000000c8301930) 
thrown [s\open\src\hotspot\share\interpreter\linkResolver.cpp, line 804]
Event: 45.545 Thread 0x000002679de5f2a0 Exception <a 'java/lang/NoSuchMethodError'{0x00000000c8311c88}: 'java.lang.Object java.lang.invoke.Invokers$Holder.linkToTargetMethod(java.lang.Object, java.lang.Object, java.lang.Object, long, java.lang.Object)'> (0x00000000c8311c88) 
thrown [s\open\src\hotspot\share\interpreter\linkResolver.cpp, line 804]

VM Operations (20 events):
Event: 13.136 Executing safepoint VM operation: G1CollectForAllocation (G1 Evacuation Pause)
Event: 13.142 Executing safepoint VM operation: G1CollectForAllocation (G1 Evacuation Pause) done
Event: 13.651 Executing non-safepoint VM operation: HandshakeAllThreads (Deoptimize)
Event: 13.651 Executing non-safepoint VM operation: HandshakeAllThreads (Deoptimize) done
Event: 13.712 Executing non-safepoint VM operation: HandshakeAllThreads (Deoptimize)
Event: 13.712 Executing non-safepoint VM operation: HandshakeAllThreads (Deoptimize) done
Event: 13.713 Executing non-safepoint VM operation: HandshakeAllThreads (Deoptimize)
Event: 13.713 Executing non-safepoint VM operation: HandshakeAllThreads (Deoptimize) done
Event: 13.850 Executing safepoint VM operation: G1CollectForAllocation (G1 Evacuation Pause)
Event: 13.854 Executing safepoint VM operation: G1CollectForAllocation (G1 Evacuation Pause) done
Event: 13.934 Executing safepoint VM operation: G1PauseRemark
Event: 13.940 Executing safepoint VM operation: G1PauseRemark done
Event: 13.964 Executing safepoint VM operation: G1PauseCleanup
Event: 13.964 Executing safepoint VM operation: G1PauseCleanup done
Event: 14.238 Executing non-safepoint VM operation: HandshakeAllThreads (Deoptimize)
Event: 14.238 Executing non-safepoint VM operation: HandshakeAllThreads (Deoptimize) done
Event: 14.471 Executing safepoint VM operation: G1CollectForAllocation (G1 Evacuation Pause)
Event: 14.479 Executing safepoint VM operation: G1CollectForAllocation (G1 Evacuation Pause) done
Event: 46.725 Executing non-safepoint VM operation: HandshakeAllThreads (Deoptimize)
Event: 46.730 Executing non-safepoint VM operation: HandshakeAllThreads (Deoptimize) done

Memory protections (0 events):
No events

Nmethod flushes (20 events):
Event: 13.939 Thread 0x00000267fa26f2a0 flushing  nmethod 0x0000026788af2208
Event: 13.939 Thread 0x00000267fa26f2a0 flushing  nmethod 0x0000026788b3df08
Event: 13.939 Thread 0x00000267fa26f2a0 flushing  nmethod 0x0000026788b41688
Event: 13.939 Thread 0x00000267fa26f2a0 flushing  nmethod 0x0000026788b62d88
Event: 13.939 Thread 0x00000267fa26f2a0 flushing  nmethod 0x0000026788b86108
Event: 13.939 Thread 0x00000267fa26f2a0 flushing  nmethod 0x0000026788e91b08
Event: 13.939 Thread 0x00000267fa26f2a0 flushing  nmethod 0x0000026788efda88
Event: 13.939 Thread 0x00000267fa26f2a0 flushing  nmethod 0x0000026788f07608
Event: 13.939 Thread 0x00000267fa26f2a0 flushing  nmethod 0x0000026788f08788
Event: 13.939 Thread 0x00000267fa26f2a0 flushing  nmethod 0x0000026788f3bb88
Event: 13.939 Thread 0x00000267fa26f2a0 flushing  nmethod 0x0000026788f60f88
Event: 13.939 Thread 0x00000267fa26f2a0 flushing  nmethod 0x0000026788f61288
Event: 13.939 Thread 0x00000267fa26f2a0 flushing  nmethod 0x0000026788f79108
Event: 13.939 Thread 0x00000267fa26f2a0 flushing  nmethod 0x0000026788fed888
Event: 13.939 Thread 0x00000267fa26f2a0 flushing  nmethod 0x0000026789041908
Event: 13.939 Thread 0x00000267fa26f2a0 flushing  nmethod 0x0000026789046208
Event: 13.939 Thread 0x00000267fa26f2a0 flushing  nmethod 0x0000026789049388
Event: 13.939 Thread 0x00000267fa26f2a0 flushing  nmethod 0x0000026789049688
Event: 13.939 Thread 0x00000267fa26f2a0 flushing  nmethod 0x0000026789049e08
Event: 13.939 Thread 0x00000267fa26f2a0 flushing  nmethod 0x000002678910a388

Events (20 events):
Event: 8.012 Thread 0x00000267f7e1c8c0 Thread added: 0x000002679da3b2e0
Event: 8.116 Thread 0x000002679da3b2e0 Thread added: 0x000002679da3ca50
Event: 11.907 Thread 0x00000267f7e1c8c0 Thread added: 0x000002679da3d220
Event: 11.909 Thread 0x000002679da3d220 Thread added: 0x000002679da3e990
Event: 11.914 Thread 0x00000267f7e1c8c0 Thread added: 0x000002679da3f160
Event: 13.513 Thread 0x000002679da3ca50 Thread exited: 0x000002679da3ca50
Event: 14.538 Thread 0x00000267f7e1c8c0 Thread added: 0x000002679de5f2a0
Event: 14.538 Thread 0x00000267f7e1c8c0 Thread added: 0x000002679de5db30
Event: 14.538 Thread 0x00000267f7e1c8c0 Thread added: 0x000002679de619b0
Event: 14.539 Thread 0x00000267f7e1c8c0 Thread added: 0x000002679de5e300
Event: 14.539 Thread 0x00000267f7e1c8c0 Thread added: 0x000002679de638f0
Event: 14.539 Thread 0x00000267f7e1c8c0 Thread added: 0x000002679de64890
Event: 14.539 Thread 0x00000267f7e1c8c0 Thread added: 0x000002679de65060
Event: 14.539 Thread 0x00000267f7e1c8c0 Thread added: 0x000002679de62180
Event: 14.539 Thread 0x00000267f7e1c8c0 Thread added: 0x000002679de63120
Event: 14.539 Thread 0x00000267f7e1c8c0 Thread added: 0x000002679de640c0
Event: 14.590 Thread 0x00000267f7e1c8c0 Thread added: 0x000002679e74c7d0
Event: 14.593 Thread 0x00000267f7e1c8c0 Thread added: 0x000002679e74df40
Event: 14.633 Thread 0x00000267f7e1c8c0 Thread exited: 0x00000267f7e1c8c0
Event: 14.633 Thread 0x000002679e74d770 Thread added: 0x000002679e74d770


Dynamic libraries:
0x00007ff749980000 - 0x00007ff74998e000 	C:\Users\sathwik\.jdks\openjdk-25.0.1\bin\java.exe
0x00007ffa81880000 - 0x00007ffa81ae8000 	C:\WINDOWS\SYSTEM32\ntdll.dll
0x00007ffa7fda0000 - 0x00007ffa7fe69000 	C:\WINDOWS\System32\KERNEL32.DLL
0x00007ffa7e2b0000 - 0x00007ffa7e6a1000 	C:\WINDOWS\System32\KERNELBASE.dll
0x00007ffa7e160000 - 0x00007ffa7e2ab000 	C:\WINDOWS\System32\ucrtbase.dll
0x00007ffa7b490000 - 0x00007ffa7b4ae000 	C:\Users\sathwik\.jdks\openjdk-25.0.1\bin\VCRUNTIME140.dll
0x00007ffa794b0000 - 0x00007ffa794c7000 	C:\Users\sathwik\.jdks\openjdk-25.0.1\bin\jli.dll
0x00007ffa7f720000 - 0x00007ffa7f8e6000 	C:\WINDOWS\System32\USER32.dll
0x00007ffa7e7f0000 - 0x00007ffa7e817000 	C:\WINDOWS\System32\win32u.dll
0x00007ffa80200000 - 0x00007ffa8022b000 	C:\WINDOWS\System32\GDI32.dll
0x00007ffa7f380000 - 0x00007ffa7f4ab000 	C:\WINDOWS\System32\gdi32full.dll
0x00007ffa7f2d0000 - 0x00007ffa7f373000 	C:\WINDOWS\System32\msvcp_win.dll
0x00007ffa6bf90000 - 0x00007ffa6c223000 	C:\WINDOWS\WinSxS\amd64_microsoft.windows.common-controls_6595b64144ccf1df_6.0.26100.7705_none_3e06597ae3363b04\COMCTL32.dll
0x00007ffa807c0000 - 0x00007ffa80869000 	C:\WINDOWS\System32\msvcrt.dll
0x00007ffa80b10000 - 0x00007ffa80b41000 	C:\WINDOWS\System32\IMM32.DLL
0x00007ffa7b480000 - 0x00007ffa7b48c000 	C:\Users\sathwik\.jdks\openjdk-25.0.1\bin\vcruntime140_1.dll
0x00007ffa676d0000 - 0x00007ffa6775d000 	C:\Users\sathwik\.jdks\openjdk-25.0.1\bin\msvcp140.dll
0x00007ffa45700000 - 0x00007ffa4655f000 	C:\Users\sathwik\.jdks\openjdk-25.0.1\bin\server\jvm.dll
0x00007ffa81770000 - 0x00007ffa81824000 	C:\WINDOWS\System32\ADVAPI32.dll
0x00007ffa80870000 - 0x00007ffa80916000 	C:\WINDOWS\System32\sechost.dll
0x00007ffa81630000 - 0x00007ffa81748000 	C:\WINDOWS\System32\RPCRT4.dll
0x00007ffa7fd10000 - 0x00007ffa7fd84000 	C:\WINDOWS\System32\WS2_32.dll
0x00007ffa70d30000 - 0x00007ffa70d3b000 	C:\WINDOWS\SYSTEM32\VERSION.dll
0x00007ffa76810000 - 0x00007ffa76845000 	C:\WINDOWS\SYSTEM32\WINMM.dll
0x00007ffa7dfc0000 - 0x00007ffa7e01e000 	C:\WINDOWS\SYSTEM32\POWRPROF.dll
0x00007ffa7dfa0000 - 0x00007ffa7dfb4000 	C:\WINDOWS\SYSTEM32\UMPDC.dll
0x00007ffa7cf10000 - 0x00007ffa7cf2b000 	C:\WINDOWS\SYSTEM32\kernel.appcore.dll
0x00007ffa794a0000 - 0x00007ffa794aa000 	C:\Users\sathwik\.jdks\openjdk-25.0.1\bin\jimage.dll
0x00007ffa7bfe0000 - 0x00007ffa7c222000 	C:\WINDOWS\SYSTEM32\DBGHELP.DLL
0x00007ffa7fe70000 - 0x00007ffa801f6000 	C:\WINDOWS\System32\combase.dll
0x00007ffa809a0000 - 0x00007ffa80a77000 	C:\WINDOWS\System32\OLEAUT32.dll
0x00007ffa61700000 - 0x00007ffa6173b000 	C:\WINDOWS\SYSTEM32\dbgcore.DLL
0x00007ffa7e740000 - 0x00007ffa7e7e5000 	C:\WINDOWS\System32\bcryptPrimitives.dll
0x00007ffa79490000 - 0x00007ffa794a0000 	C:\Users\sathwik\.jdks\openjdk-25.0.1\bin\instrument.dll
0x00007ffa79470000 - 0x00007ffa7948f000 	C:\Users\sathwik\.jdks\openjdk-25.0.1\bin\java.dll
0x00007ffa80bc0000 - 0x00007ffa80d57000 	C:\WINDOWS\System32\ole32.dll
0x00007ffa80ed0000 - 0x00007ffa81621000 	C:\WINDOWS\System32\SHELL32.dll
0x00007ffa7f4b0000 - 0x00007ffa7f61a000 	C:\WINDOWS\System32\wintypes.dll
0x00007ffa7e820000 - 0x00007ffa7f082000 	C:\WINDOWS\System32\windows.storage.dll
0x00007ffa7f620000 - 0x00007ffa7f716000 	C:\WINDOWS\System32\SHCORE.dll
0x00007ffa80b50000 - 0x00007ffa80bb7000 	C:\WINDOWS\System32\shlwapi.dll
0x00007ffa7e080000 - 0x00007ffa7e0a9000 	C:\WINDOWS\SYSTEM32\profapi.dll
0x00007ffa793b0000 - 0x00007ffa793c7000 	C:\Users\sathwik\.jdks\openjdk-25.0.1\bin\zip.dll
0x00007ffa71f80000 - 0x00007ffa71f92000 	C:\Users\sathwik\.jdks\openjdk-25.0.1\bin\net.dll
0x00007ffa7d480000 - 0x00007ffa7d4eb000 	C:\WINDOWS\system32\mswsock.dll
0x00007ffa6f760000 - 0x00007ffa6f776000 	C:\Users\sathwik\.jdks\openjdk-25.0.1\bin\nio.dll
0x00007ffa79460000 - 0x00007ffa79469000 	C:\Users\sathwik\.jdks\openjdk-25.0.1\bin\extnet.dll
0x00007ffa793a0000 - 0x00007ffa793ae000 	C:\Users\sathwik\.jdks\openjdk-25.0.1\bin\sunmscapi.dll
0x00007ffa7f150000 - 0x00007ffa7f2c7000 	C:\WINDOWS\System32\CRYPT32.dll
0x00007ffa7d960000 - 0x00007ffa7d990000 	C:\WINDOWS\SYSTEM32\ncrypt.dll
0x00007ffa7d910000 - 0x00007ffa7d94f000 	C:\WINDOWS\SYSTEM32\NTASN1.dll
0x00007ffa7d740000 - 0x00007ffa7d75b000 	C:\WINDOWS\SYSTEM32\CRYPTSP.dll
0x00007ffa7ce70000 - 0x00007ffa7cea9000 	C:\WINDOWS\system32\rsaenh.dll
0x00007ffa7d530000 - 0x00007ffa7d55b000 	C:\WINDOWS\SYSTEM32\USERENV.dll
0x00007ffa7e050000 - 0x00007ffa7e07a000 	C:\WINDOWS\SYSTEM32\bcrypt.dll
0x00007ffa7d760000 - 0x00007ffa7d76c000 	C:\WINDOWS\SYSTEM32\CRYPTBASE.dll
0x00007ffa7c9e0000 - 0x00007ffa7ca14000 	C:\WINDOWS\SYSTEM32\IPHLPAPI.DLL
0x00007ffa7fd00000 - 0x00007ffa7fd0a000 	C:\WINDOWS\System32\NSI.dll
0x00007ffa71f70000 - 0x00007ffa71f7a000 	C:\Users\sathwik\.jdks\openjdk-25.0.1\bin\management.dll
0x00007ffa6f750000 - 0x00007ffa6f75c000 	C:\Users\sathwik\.jdks\openjdk-25.0.1\bin\management_ext.dll
0x00007ffa7fd90000 - 0x00007ffa7fd98000 	C:\WINDOWS\System32\PSAPI.DLL
0x00007ffa6f740000 - 0x00007ffa6f750000 	C:\Users\sathwik\.jdks\openjdk-25.0.1\bin\verify.dll
0x00007ffa7ca20000 - 0x00007ffa7cb4c000 	C:\WINDOWS\SYSTEM32\DNSAPI.dll
0x00007ffa6fe30000 - 0x00007ffa6fe3b000 	C:\Windows\System32\rasadhlp.dll
0x00007ffa76780000 - 0x00007ffa76806000 	C:\WINDOWS\System32\fwpuclnt.dll
0x00007ff9ea3d0000 - 0x00007ff9ea3d8000 	C:\WINDOWS\system32\wshunix.dll

JVMTI agents:
C:\Program Files\JetBrains\IntelliJ IDEA Community Edition 2025.1.1.1\lib\idea_rt.jar path:C:\Users\sathwik\.jdks\openjdk-25.0.1\bin\instrument.dll, loaded, initialized, instrumentlib options:62239

dbghelp: loaded successfully - version: 4.0.5 - missing functions: none
symbol engine: initialized successfully - sym options: 0x614 - pdb path: .;C:\Users\sathwik\.jdks\openjdk-25.0.1\bin;C:\WINDOWS\SYSTEM32;C:\WINDOWS\WinSxS\amd64_microsoft.windows.common-controls_6595b64144ccf1df_6.0.26100.7705_none_3e06597ae3363b04;C:\Users\sathwik\.jdks\openjdk-25.0.1\bin\server

VM Arguments:
jvm_args: -javaagent:C:\Program Files\JetBrains\IntelliJ IDEA Community Edition 2025.1.1.1\lib\idea_rt.jar=62239 -Dfile.encoding=UTF-8 -Dsun.stdout.encoding=UTF-8 -Dsun.stderr.encoding=UTF-8 
java_command: com.example.ecommerce.EcommerceApplication
java_class_path (initial): C:\Users\sathwik\Downloads\ecommerce\ecommerce\target\classes;C:\Users\sathwik\.m2\repository\org\springframework\boot\spring-boot-starter-web\3.2.5\spring-boot-starter-web-3.2.5.jar;C:\Users\sathwik\.m2\repository\org\springframework\boot\spring-boot-starter\3.2.5\spring-boot-starter-3.2.5.jar;C:\Users\sathwik\.m2\repository\org\springframework\boot\spring-boot\3.2.5\spring-boot-3.2.5.jar;C:\Users\sathwik\.m2\repository\org\springframework\boot\spring-boot-autoconfigure\3.2.5\spring-boot-autoconfigure-3.2.5.jar;C:\Users\sathwik\.m2\repository\org\springframework\boot\spring-boot-starter-logging\3.2.5\spring-boot-starter-logging-3.2.5.jar;C:\Users\sathwik\.m2\repository\ch\qos\logback\logback-classic\1.4.14\logback-classic-1.4.14.jar;C:\Users\sathwik\.m2\repository\ch\qos\logback\logback-core\1.4.14\logback-core-1.4.14.jar;C:\Users\sathwik\.m2\repository\org\apache\logging\log4j\log4j-to-slf4j\2.21.1\log4j-to-slf4j-2.21.1.jar;C:\Users\sathwik\.m2\repository\org\apache\logging\log4j\log4j-api\2.21.1\log4j-api-2.21.1.jar;C:\Users\sathwik\.m2\repository\org\slf4j\jul-to-slf4j\2.0.13\jul-to-slf4j-2.0.13.jar;C:\Users\sathwik\.m2\repository\jakarta\annotation\jakarta.annotation-api\2.1.1\jakarta.annotation-api-2.1.1.jar;C:\Users\sathwik\.m2\repository\org\yaml\snakeyaml\2.2\snakeyaml-2.2.jar;C:\Users\sathwik\.m2\repository\org\springframework\boot\spring-boot-starter-json\3.2.5\spring-boot-starter-json-3.2.5.jar;C:\Users\sathwik\.m2\repository\com\fasterxml\jackson\datatype\jackson-datatype-jdk8\2.15.4\jackson-datatype-jdk8-2.15.4.jar;C:\Users\sathwik\.m2\repository\com\fasterxml\jackson\datatype\jackson-datatype-jsr310\2.15.4\jackson-datatype-jsr310-2.15.4.jar;C:\Users\sathwik\.m2\repository\com\fasterxml\jackson\module\jackson-module-parameter-names\2.15.4\jackson-module-parameter-names-2.15.4.jar;C:\Users\sathwik\.m2\repository\org\springframework\boot\spring-boot-starter-tomcat\3.2.5\spring-boot-starter-tomcat-3.2.5.jar;C:\Users\sathwik\.m2\repository\org\apache\tomcat\embed\tomcat-embed-core\10.1.20\tomcat-embed-core-10.1.20.jar;C:\Users\sathwik\.m2\repository\org\apache\tomcat\embed\tomcat-embed-websocket\10.1.20\tomcat-embed-websocket-10.1.20.jar;C:\Users\sathwik\.m2\repository\org\springframework\spring-web\6.1.6\spring-web-6.1.6.jar;C:\Users\sathwik\.m2\repository\org\springframework\spring-beans\6.1.6\spring-beans-6.1.6.jar;C:\Users\sathwik\.m2\repository\io\micrometer\micrometer-observation\1.12.5\micrometer-observation-1.12.5.jar;C:\Users\sathwik\.m2\repository\io\micrometer\micrometer-commons\1.12.5\micrometer-commons-1.12.5.jar;C:\Users\sathwik\.m2\repository\org\springframework\spring-webmvc\6.1.6\spring-webmvc-6.1.6.jar;C:\Users\sathwik\.m2\repository\org\springframework\spring-context\6.1.6\spring-context-6.1.6.jar;C:\Users\sathwik\.m2\repository\org\springframework\spring-expression\6.1.6\spring-expression-6.1.6.jar;C:\Users\sathwik\.m2\repository\org\springframework\boot\spring-boot-starter-data-jpa\3.2.5\spring-boot-starter-data-jpa-3.2.5.jar;C:\Users\sathwik\.m2\repository\org\springframework\boot\spring-boot-starter-aop\3.2.5\spring-boot-starter-aop-3.2.5.jar;C:\Users\sathwik\.m2\repository\org\aspectj\aspectjweaver\1.9.22\aspectjweaver-1.9.22.jar;C:\Users\sathwik\.m2\repository\org\springframework\boot\spring-boot-starter-jdbc\3.2.5\spring-boot-starter-jdbc-3.2.5.jar;C:\Users\sathwik\.m2\repository\com\zaxxer\HikariCP\5.0.1\HikariCP-5.0.1.jar;C:\Users\sathwik\.m2\repository\org\springframework\spring-jdbc\6.1.6\spring-jdbc-6.1.6.jar;C:\Users\sathwik\.m2\repository\org\hibernate\orm\hibernate-core\6.4.4.Final\hibernate-core-6.4.4.Final.jar;C:\Users\sathwik\.m2\repository\jakarta\persistence\jakarta.persistence-api\3.1.0\jakarta.persistence-api-3.1.0.jar;C:\Users\sathwik\.m2\repository\jakarta\transaction\jakarta.transaction-api\2.0.1\jakarta.transaction-api-2.0.1.jar;C:\Users\sathwik\.m2\repository\org\jboss\logging\jboss-logging\3.5.3.Final\jboss-logging-3.5.3.Final.jar;C:\Users\sathwik\.m2\repository\org\hibernate\common\hibernate-commons-annotations\6.0.6.Final\hibernate-commons-annotations-6.0.6.Final.jar;C:\Users\sathwik\.m2\repository\io\smallrye\jandex\3.1.2\jandex-3.1.2.jar;C:\Users\sathwik\.m2\repository\com\fasterxml\classmate\1.6.0\classmate-1.6.0.jar;C:\Users\sathwik\.m2\repository\net\bytebuddy\byte-buddy\1.14.13\byte-buddy-1.14.13.jar;C:\Users\sathwik\.m2\repository\org\glassfish\jaxb\jaxb-runtime\4.0.5\jaxb-runtime-4.0.5.jar;C:\Users\sathwik\.m2\repository\org\glassfish\jaxb\jaxb-core\4.0.5\jaxb-core-4.0.5.jar;C:\Users\sathwik\.m2\repository\org\eclipse\angus\angus-activation\2.0.2\angus-activation-2.0.2.jar;C:\Users\sathwik\.m2\repository\org\glassfish\jaxb\txw2\4.0.5\txw2-4.0.5.jar;C:\Users\sathwik\.m2\repository\com\sun\istack\istack-commons-runtime\4.1.2\istack-commons-runtime-4.1.2.jar;C:\Users\sathwik\.m2\repository\jakarta\inject\jakarta.inject-api\2.0.1\jakarta.inject-api-2.0.1.jar;C:\Users\sathwik\.m2\repository\org\antlr\antlr4-runtime\4.13.0\antlr4-runtime-4.13.0.jar;C:\Users\sathwik\.m2\repository\org\springframework\data\spring-data-jpa\3.2.5\spring-data-jpa-3.2.5.jar;C:\Users\sathwik\.m2\repository\org\springframework\data\spring-data-commons\3.2.5\spring-data-commons-3.2.5.jar;C:\Users\sathwik\.m2\repository\org\springframework\spring-orm\6.1.6\spring-orm-6.1.6.jar;C:\Users\sathwik\.m2\repository\org\springframework\spring-tx\6.1.6\spring-tx-6.1.6.jar;C:\Users\sathwik\.m2\repository\org\slf4j\slf4j-api\2.0.13\slf4j-api-2.0.13.jar;C:\Users\sathwik\.m2\repository\org\springframework\spring-aspects\6.1.6\spring-aspects-6.1.6.jar;C:\Users\sathwik\.m2\repository\org\springframework\boot\spring-boot-starter-security\3.2.5\spring-boot-starter-security-3.2.5.jar;C:\Users\sathwik\.m2\repository\org\springframework\spring-aop\6.1.6\spring-aop-6.1.6.jar;C:\Users\sathwik\.m2\repository\org\springframework\security\spring-security-config\6.2.4\spring-security-config-6.2.4.jar;C:\Users\sathwik\.m2\repository\org\springframework\security\spring-security-core\6.2.4\spring-security-core-6.2.4.jar;C:\Users\sathwik\.m2\repository\org\springframework\security\spring-security-crypto\6.2.4\spring-security-crypto-6.2.4.jar;C:\Users\sathwik\.m2\repository\org\springframework\security\spring-security-web\6.2.4\spring-security-web-6.2.4.jar;C:\Users\sathwik\.m2\repository\com\mysql\mysql-connector-j\8.3.0\mysql-connector-j-8.3.0.jar;C:\Users\sathwik\.m2\repository\io\jsonwebtoken\jjwt-api\0.11.5\jjwt-api-0.11.5.jar;C:\Users\sathwik\.m2\repository\io\jsonwebtoken\jjwt-impl\0.11.5\jjwt-impl-0.11.5.jar;C:\Users\sathwik\.m2\repository\io\jsonwebtoken\jjwt-jackson\0.11.5\jjwt-jackson-0.11.5.jar;C:\Users\sathwik\.m2\repository\com\fasterxml\jackson\core\jackson-databind\2.15.4\jackson-databind-2.15.4.jar;C:\Users\sathwik\.m2\repository\com\fasterxml\jackson\core\jackson-annotations\2.15.4\jackson-annotations-2.15.4.jar;C:\Users\sathwik\.m2\repository\com\fasterxml\jackson\core\jackson-core\2.15.4\jackson-core-2.15.4.jar;C:\Users\sathwik\.m2\repository\org\projectlombok\lombok\1.18.32\lombok-1.18.32.jar;C:\Users\sathwik\.m2\repository\org\springframework\boot\spring-boot-starter-validation\3.2.5\spring-boot-starter-validation-3.2.5.jar;C:\Users\sathwik\.m2\repository\org\apache\tomcat\embed\tomcat-embed-el\10.1.20\tomcat-embed-el-10.1.20.jar;C:\Users\sathwik\.m2\repository\org\hibernate\validator\hibernate-validator\8.0.1.Final\hibernate-validator-8.0.1.Final.jar;C:\Users\sathwik\.m2\repository\jakarta\validation\jakarta.validation-api\3.0.2\jakarta.validation-api-3.0.2.jar;C:\Users\sathwik\.m2\repository\jakarta\xml\bind\jakarta.xml.bind-api\4.0.2\jakarta.xml.bind-api-4.0.2.jar;C:\Users\sathwik\.m2\repository\jakarta\activation\jakarta.activation-api\2.1.3\jakarta.activation-api-2.1.3.jar;C:\Users\sathwik\.m2\repository\org\springframework\spring-core\6.1.6\spring-core-6.1.6.jar;C:\Users\sathwik\.m2\repository\org\springframework\spring-jcl\6.1.6\spring-jcl-6.1.6.jar
Launcher Type: SUN_STANDARD

[Global flags]
     intx CICompilerCount                          = 3                                         {product} {ergonomic}
     uint ConcGCThreads                            = 1                                         {product} {ergonomic}
     uint G1ConcRefinementThreads                  = 4                                         {product} {ergonomic}
   size_t G1HeapRegionSize                         = 1048576                                   {product} {ergonomic}
   size_t InitialHeapSize                          = 62914560                                  {product} {ergonomic}
   size_t MarkStackSize                            = 4194304                                   {product} {ergonomic}
   size_t MarkStackSizeMax                         = 536870912                                 {product} {ergonomic}
   size_t MaxHeapSize                              = 994050048                                 {product} {ergonomic}
   size_t MaxNewSize                               = 595591168                                 {product} {ergonomic}
   size_t MinHeapDeltaBytes                        = 1048576                                   {product} {ergonomic}
   size_t MinHeapSize                              = 8388608                                   {product} {ergonomic}
    uintx NonNMethodCodeHeapSize                   = 5832704                                {pd product} {ergonomic}
    uintx NonProfiledCodeHeapSize                  = 122945536                              {pd product} {ergonomic}
    uintx ProfiledCodeHeapSize                     = 122880000                              {pd product} {ergonomic}
    uintx ReservedCodeCacheSize                    = 251658240                              {pd product} {ergonomic}
     bool SegmentedCodeCache                       = true                                      {product} {ergonomic}
   size_t SoftMaxHeapSize                          = 994050048                              {manageable} {ergonomic}
     bool UseCompressedOops                        = true                           {product lp64_product} {ergonomic}
     bool UseG1GC                                  = true                                      {product} {ergonomic}
     bool UseLargePagesIndividualAllocation        = false                                  {pd product} {ergonomic}

Logging:
Log output configuration:
 #0: stdout all=warning uptime,level,tags foldmultilines=false
 #1: stderr all=off uptime,level,tags foldmultilines=false

Release file:
IMPLEMENTOR="Oracle Corporation" 
JAVA_RUNTIME_VERSION="25.0.1+8-27" 
JAVA_VERSION="25.0.1" 
JAVA_VERSION_DATE="2025-10-21" 
LIBC="default" 
MODULES="java.base java.compiler java.datatransfer java.xml java.prefs java.desktop java.instrument java.logging java.management java.security.sasl java.naming java.rmi java.management.rmi java.net.http java.scripting java.security.jgss java.transaction.xa java.sql java.sql.rowset java.xml.crypto java.se java.smartcardio jdk.accessibility jdk.internal.jvmstat jdk.attach jdk.charsets jdk.internal.opt jdk.zipfs jdk.compiler jdk.crypto.cryptoki jdk.crypto.ec jdk.crypto.mscapi jdk.dynalink jdk.internal.ed jdk.editpad jdk.internal.vm.ci jdk.graal.compiler jdk.graal.compiler.management jdk.hotspot.agent jdk.httpserver jdk.incubator.vector jdk.internal.le jdk.internal.md jdk.jartool jdk.javadoc jdk.jcmd jdk.management jdk.management.agent jdk.jconsole jdk.jdeps jdk.jdwp.agent jdk.jdi jdk.jfr jdk.jlink jdk.jpackage jdk.jshell jdk.jsobject jdk.jstatd jdk.localedata jdk.management.jfr jdk.naming.dns jdk.naming.rmi jdk.net jdk.nio.mapmode jdk.sctp jdk.security.auth jdk.security.jgss jdk.unsupported jdk.unsupported.desktop jdk.xml.dom" 
OS_ARCH="x86_64" 
OS_NAME="Windows" 
SOURCE=".:git:78770bfaefd2" 

Environment Variables:
JAVA_HOME=C:\Users\sathwik\AppData\Local\Programs\Eclipse Adoptium\jdk-17.0.5.8-hotspot\
CLASSPATH=C:\mysql-connector-j-9.4.0.jar
PATH=C:\Program Files\Eclipse Adoptium\jdk-17.0.17.10-hotspot\bin;C:\Program Files\Common Files\Oracle\Java\javapath;C:\Users\sathwik\OneDrive\Documents\javalabcs131;C:\WINDOWS\system32;C:\WINDOWS;C:\WINDOWS\System32\Wbem;C:\WINDOWS\System32\WindowsPowerShell\v1.0\;C:\WINDOWS\System32\OpenSSH\;C:\Program Files\Java\jdk-19\bin;C:\Program Files\Git\cmd;C:\Program Files\Java\jdk-24\bin\;C:\Program Files (x86)\Microsoft SQL Server\160\Tools\Binn\;C:\Program Files\Microsoft SQL Server\160\Tools\Binn\;C:\Program Files\Microsoft SQL Server\Client SDK\ODBC\170\Tools\Binn\;C:\Program Files\Microsoft SQL Server\160\DTS\Binn\;C:\Program Files (x86)\Microsoft SQL Server\160\DTS\Binn\;C:\Program Files\nodejs\;C:\Users\sathwik\Downloads\apache-maven-3.9.11-bin.zip\bin;C:\Program Files\MySQL\MySQL Shell 8.4\bin\;C:\Program Files\MySQL\MySQL Shell 8.4\bin\;C:\Users\sathwik\OneDrive\Documents\javalabcs131;C:\Users\sathwik\AppData\Local\Microsoft\WindowsApps;C:\Users\sathwik\AppData\Local\Programs\Microsoft VS Code\bin;C:\Users\sathwik\AppData\Roaming\npm;C:\Program Files\apache-maven-3.9.11\bin;C:\Program Files\apache-maven-3.9.11\bin;C:\Users\sathwik\AppData\Local\Programs\Antigravity\bin
USERNAME=sathwik
OS=Windows_NT
PROCESSOR_IDENTIFIER=Intel64 Family 6 Model 140 Stepping 1, GenuineIntel
TMP=C:\Users\sathwik\AppData\Local\Temp
TEMP=C:\Users\sathwik\AppData\Local\Temp




Compilation memory statistics disabled.

Periodic native trim disabled

---------------  S Y S T E M  ---------------

OS:
 Windows 11 , 64 bit Build 26100 (10.0.26100.7705)
OS uptime: 0 days 1:15 hours

CPU: total 4 (initial active 4) (2 cores per cpu, 2 threads per core) family 6 model 140 stepping 1 microcode 0x86, cx8, cmov, fxsr, ht, mmx, 3dnowpref, sse, sse2, sse3, ssse3, sse4.1, sse4.2, popcnt, lzcnt, tsc, tscinvbit, avx, avx2, aes, erms, clmul, bmi1, bmi2, adx, avx512f, avx512dq, avx512cd, avx512bw, avx512vl, sha, fma, vzeroupper, avx512_vpopcntdq, avx512_vpclmulqdq, avx512_vaes, avx512_vnni, clflush, clflushopt, clwb, avx512_vbmi2, avx512_vbmi, rdtscp, rdpid, fsrm, gfni, avx512_bitalg, f16c, pku, cet_ibt, cet_ss, avx512_ifma
Processor Information for the first 4 processors :
  Max Mhz: 2995, Current Mhz: 2995, Mhz Limit: 2995

Memory: 4k page, system-wide physical 3790M (39M free)
TotalPageFile size 15566M (AvailPageFile size 1M)
current process WorkingSet (physical memory assigned to process): 73M, peak: 235M
current process commit charge ("private bytes"): 267M, peak: 297M

vm_info: OpenJDK 64-Bit Server VM (25.0.1+8-27) for windows-amd64 JRE (25.0.1+8-27), built on 2025-09-25T16:41:16Z with unknown MS VC++:1943

END.
