#
# There is insufficient memory for the Java Runtime Environment to continue.
# Native memory allocation (malloc) failed to allocate 191040 bytes. Error detail: Chunk::new
# Possible reasons:
#   The system is out of physical RAM or swap space
#   This process is running with CompressedOops enabled, and the Java Heap may be blocking the growth of the native heap
# Possible solutions:
#   Reduce memory load on the system
#   Increase physical memory or swap space
#   Check if swap backing store is full
#   Decrease Java heap size (-Xmx/-Xms)
#   Decrease number of Java threads
#   Decrease Java thread stack sizes (-Xss)
#   Set larger code cache with -XX:ReservedCodeCacheSize=
#   JVM is running with Unscaled Compressed Oops mode in which the Java heap is
#     placed in the first 4GB address space. The Java Heap base address is the
#     maximum limit for the native heap growth. Please use -XX:HeapBaseMinAddress
#     to set the Java Heap base and to place the Java Heap above 4GB virtual address.
# This output file may be truncated or incomplete.
#
#  Out of Memory Error (arena.cpp:186), pid=12304, tid=18740
#
# JRE version: OpenJDK Runtime Environment (25.0.1+8) (build 25.0.1+8-27)
# Java VM: OpenJDK 64-Bit Server VM (25.0.1+8-27, mixed mode, sharing, tiered, compressed oops, compressed class ptrs, g1 gc, windows-amd64)
# No core dump will be written. Minidumps are not enabled by default on client versions of Windows
#

---------------  S U M M A R Y ------------

Command Line: -javaagent:C:\Program Files\JetBrains\IntelliJ IDEA Community Edition 2025.1.1.1\lib\idea_rt.jar=64669 -Dfile.encoding=UTF-8 -Dsun.stdout.encoding=UTF-8 -Dsun.stderr.encoding=UTF-8 com.example.ecommerce.EcommerceApplication

Host: 11th Gen Intel(R) Core(TM) i3-1115G4 @ 3.00GHz, 4 cores, 3G,  Windows 11 , 64 bit Build 26100 (10.0.26100.7623)
Time: Thu Jan 29 16:42:52 2026 India Standard Time elapsed time: 76.450835 seconds (0d 0h 1m 16s)

---------------  T H R E A D  ---------------

Current thread (0x0000029ce9b58ea0):  JavaThread "C2 CompilerThread0" daemon [_thread_in_native, id=18740, stack(0x000000c2a1900000,0x000000c2a1a00000) (1024K)]


Current CompileTask:
C2:76451 8134   !   4       jdk.internal.loader.BuiltinClassLoader::findMiscResource (203 bytes)

Stack: [0x000000c2a1900000,0x000000c2a1a00000]
Native frames: (J=compiled Java code, j=interpreted, Vv=VM code, C=native code)
V  [jvm.dll+0x7a6b59]  (no source info available)
V  [jvm.dll+0x77290d]  (no source info available)
V  [jvm.dll+0x966153]  (no source info available)
V  [jvm.dll+0x968751]  (no source info available)
V  [jvm.dll+0x968e53]  (no source info available)
V  [jvm.dll+0x2fc756]  (no source info available)
V  [jvm.dll+0x111b26]  (no source info available)
V  [jvm.dll+0x111e4e]  (no source info available)
V  [jvm.dll+0x45242d]  (no source info available)
V  [jvm.dll+0x25476a]  (no source info available)
V  [jvm.dll+0x2c093c]  (no source info available)
V  [jvm.dll+0x2bfa8f]  (no source info available)
V  [jvm.dll+0x237b60]  (no source info available)
V  [jvm.dll+0x2cfb56]  (no source info available)
V  [jvm.dll+0x2cddd5]  (no source info available)
V  [jvm.dll+0x48e6d1]  (no source info available)
V  [jvm.dll+0x906a0d]  (no source info available)
V  [jvm.dll+0x7a5135]  (no source info available)
C  [ucrtbase.dll+0x37b0]  (no source info available)
C  [KERNEL32.DLL+0x2e8d7]  (no source info available)
C  [ntdll.dll+0x8c53c]  (no source info available)

Lock stack of current Java thread (top to bottom):


---------------  P R O C E S S  ---------------

Threads class SMR info:
_java_thread_list=0x0000029cf0ea19b0, length=29, elements={
0x0000029cceb8a650, 0x0000029cceb8c1a0, 0x0000029cceb91a50, 0x0000029cceb959b0,
0x0000029cceb9b590, 0x0000029cceb99c70, 0x0000029ce9b58ea0, 0x0000029cceb9d410,
0x0000029cee0fe6b0, 0x0000029cee0fee80, 0x0000029cee0ff650, 0x0000029cef75d710,
0x0000029cef75a830, 0x0000029cef75cf40, 0x0000029cef75ee80, 0x0000029cef760dc0,
0x0000029cee958a30, 0x0000029cee958260, 0x0000029cee959200, 0x0000029cee955b50,
0x0000029cee9599d0, 0x0000029cee95a1a0, 0x0000029cee95a970, 0x0000029cee9572c0,
0x0000029cee95b140, 0x0000029cee95b910, 0x0000029cf22fca90, 0x0000029cf2300910,
0x0000029cf2302080
}

Java Threads: ( => current thread )
  0x0000029cceb8a650 JavaThread "Reference Handler"          daemon [_thread_blocked, id=18856, stack(0x000000c2a1300000,0x000000c2a1400000) (1024K)]
  0x0000029cceb8c1a0 JavaThread "Finalizer"                  daemon [_thread_blocked, id=18180, stack(0x000000c2a1400000,0x000000c2a1500000) (1024K)]
  0x0000029cceb91a50 JavaThread "Signal Dispatcher"          daemon [_thread_blocked, id=4760, stack(0x000000c2a1500000,0x000000c2a1600000) (1024K)]
  0x0000029cceb959b0 JavaThread "Attach Listener"            daemon [_thread_blocked, id=10028, stack(0x000000c2a1600000,0x000000c2a1700000) (1024K)]
  0x0000029cceb9b590 JavaThread "Service Thread"             daemon [_thread_blocked, id=13076, stack(0x000000c2a1700000,0x000000c2a1800000) (1024K)]
  0x0000029cceb99c70 JavaThread "Monitor Deflation Thread"   daemon [_thread_blocked, id=10944, stack(0x000000c2a1800000,0x000000c2a1900000) (1024K)]
=>0x0000029ce9b58ea0 JavaThread "C2 CompilerThread0"         daemon [_thread_in_native, id=18740, stack(0x000000c2a1900000,0x000000c2a1a00000) (1024K)]
  0x0000029cceb9d410 JavaThread "C1 CompilerThread0"         daemon [_thread_blocked, id=18684, stack(0x000000c2a1a00000,0x000000c2a1b00000) (1024K)]
  0x0000029cee0fe6b0 JavaThread "Common-Cleaner"             daemon [_thread_blocked, id=19412, stack(0x000000c2a1b00000,0x000000c2a1c00000) (1024K)]
  0x0000029cee0fee80 JavaThread "Monitor Ctrl-Break"         daemon [_thread_in_native, id=12820, stack(0x000000c2a1c00000,0x000000c2a1d00000) (1024K)]
  0x0000029cee0ff650 JavaThread "Notification Thread"        daemon [_thread_blocked, id=15212, stack(0x000000c2a1d00000,0x000000c2a1e00000) (1024K)]
  0x0000029cef75d710 JavaThread "mysql-cj-abandoned-connection-cleanup" daemon [_thread_blocked, id=17520, stack(0x000000c2a2200000,0x000000c2a2300000) (1024K)]
  0x0000029cef75a830 JavaThread "HikariPool-1 housekeeper"   daemon [_thread_blocked, id=6704, stack(0x000000c2a2400000,0x000000c2a2500000) (1024K)]
  0x0000029cef75cf40 JavaThread "Catalina-utility-1"                [_thread_blocked, id=19144, stack(0x000000c2a2000000,0x000000c2a2100000) (1024K)]
  0x0000029cef75ee80 JavaThread "Catalina-utility-2"                [_thread_blocked, id=10152, stack(0x000000c2a2600000,0x000000c2a2700000) (1024K)]
  0x0000029cef760dc0 JavaThread "container-0"                       [_thread_blocked, id=3520, stack(0x000000c2a2700000,0x000000c2a2800000) (1024K)]
  0x0000029cee958a30 JavaThread "http-nio-8080-exec-1"       daemon [_thread_blocked, id=17964, stack(0x000000c2a2500000,0x000000c2a2600000) (1024K)]
  0x0000029cee958260 JavaThread "http-nio-8080-exec-2"       daemon [_thread_blocked, id=17672, stack(0x000000c2a2900000,0x000000c2a2a00000) (1024K)]
  0x0000029cee959200 JavaThread "http-nio-8080-exec-3"       daemon [_thread_blocked, id=19428, stack(0x000000c2a2a00000,0x000000c2a2b00000) (1024K)]
  0x0000029cee955b50 JavaThread "http-nio-8080-exec-4"       daemon [_thread_blocked, id=18324, stack(0x000000c2a2b00000,0x000000c2a2c00000) (1024K)]
  0x0000029cee9599d0 JavaThread "http-nio-8080-exec-5"       daemon [_thread_blocked, id=17584, stack(0x000000c2a2c00000,0x000000c2a2d00000) (1024K)]
  0x0000029cee95a1a0 JavaThread "http-nio-8080-exec-6"       daemon [_thread_blocked, id=8008, stack(0x000000c2a2d00000,0x000000c2a2e00000) (1024K)]
  0x0000029cee95a970 JavaThread "http-nio-8080-exec-7"       daemon [_thread_blocked, id=18512, stack(0x000000c2a2e00000,0x000000c2a2f00000) (1024K)]
  0x0000029cee9572c0 JavaThread "http-nio-8080-exec-8"       daemon [_thread_blocked, id=17196, stack(0x000000c2a2f00000,0x000000c2a3000000) (1024K)]
  0x0000029cee95b140 JavaThread "http-nio-8080-exec-9"       daemon [_thread_blocked, id=13488, stack(0x000000c2a3000000,0x000000c2a3100000) (1024K)]
  0x0000029cee95b910 JavaThread "http-nio-8080-exec-10"      daemon [_thread_blocked, id=13904, stack(0x000000c2a3100000,0x000000c2a3200000) (1024K)]
  0x0000029cf22fca90 JavaThread "http-nio-8080-Poller"       daemon [_thread_in_native, id=6256, stack(0x000000c2a3200000,0x000000c2a3300000) (1024K)]
  0x0000029cf2300910 JavaThread "http-nio-8080-Acceptor"     daemon [_thread_in_native, id=8660, stack(0x000000c2a3300000,0x000000c2a3400000) (1024K)]
  0x0000029cf2302080 JavaThread "DestroyJavaVM"                     [_thread_blocked, id=12148, stack(0x000000c2a0b00000,0x000000c2a0c00000) (1024K)]
Total: 29

Other Threads:
  0x0000029cceb7c2e0 VMThread "VM Thread"                           [id=1864, stack(0x000000c2a1200000,0x000000c2a1300000) (1024K)]
  0x0000029cceb6cde0 WatcherThread "VM Periodic Task Thread"        [id=6244, stack(0x000000c2a1100000,0x000000c2a1200000) (1024K)]
  0x0000029cceb21f40 WorkerThread "GC Thread#0"                     [id=18540, stack(0x000000c2a0c00000,0x000000c2a0d00000) (1024K)]
  0x0000029ceede0830 WorkerThread "GC Thread#1"                     [id=15172, stack(0x000000c2a1e00000,0x000000c2a1f00000) (1024K)]
  0x0000029ceef43970 WorkerThread "GC Thread#2"                     [id=18264, stack(0x000000c2a1f00000,0x000000c2a2000000) (1024K)]
  0x0000029ceedebe40 WorkerThread "GC Thread#3"                     [id=18688, stack(0x000000c2a2100000,0x000000c2a2200000) (1024K)]
  0x0000029cceb2f0c0 ConcurrentGCThread "G1 Main Marker"            [id=17396, stack(0x000000c2a0d00000,0x000000c2a0e00000) (1024K)]
  0x0000029cceb30b50 WorkerThread "G1 Conc#0"                       [id=19052, stack(0x000000c2a0e00000,0x000000c2a0f00000) (1024K)]
  0x0000029cceb55550 ConcurrentGCThread "G1 Refine#0"               [id=6340, stack(0x000000c2a0f00000,0x000000c2a1000000) (1024K)]
  0x0000029cceb58760 ConcurrentGCThread "G1 Service"                [id=16512, stack(0x000000c2a1000000,0x000000c2a1100000) (1024K)]
Total: 10

Threads with active compile tasks:
C2 CompilerThread0  76671 8134   !   4       jdk.internal.loader.BuiltinClassLoader::findMiscResource (203 bytes)
Total: 1

VM state: not at safepoint (normal execution)

VM Mutex/Monitor currently owned by a thread: None

Heap address: 0x00000000c4c00000, size: 948 MB, Compressed Oops mode: 32-bit

CDS archive(s) mapped at: [0x000000002c000000-0x000000002cdd0000-0x000000002cdd0000), size 14483456, SharedBaseAddress: 0x000000002c000000, ArchiveRelocationMode: 1.
Compressed class space mapped at: 0x000000002d000000-0x000000006d000000, reserved size: 1073741824
UseCompressedClassPointers 1, UseCompactObjectHeaders 0
Narrow klass pointer bits 32, Max shift 3
Narrow klass base: 0x000000002c000000, Narrow klass shift: 0
Encoding Range: [0x000000002c000000 - 0x000000012c000000), (4294967296 bytes)
Klass Range:    [0x000000002c010000 - 0x000000006d000000), (1090453504 bytes)
Klass ID Range:  [65536 - 1090519033) (1090453497)
Protection zone: [0x000000002c000000 - 0x000000002c010000), (65536 bytes)

GC Precious Log:
 CardTable entry size: 512
 Card Set container configuration: InlinePtr #cards 5 size 8 Array Of Cards #cards 10 size 36 Howl #buckets 4 coarsen threshold 1843 Howl Bitmap #cards 512 size 80 coarsen threshold 460 Card regions per heap region 1 cards per card region 2048
 CPUs: 4 total, 4 available
 Memory: 3790M
 Large Page Support: Disabled
 NUMA Support: Disabled
 Compressed Oops: Enabled (32-bit)
 Heap Region Size: 1M
 Heap Min Capacity: 8M
 Heap Initial Capacity: 60M
 Heap Max Capacity: 948M
 Pre-touch: Disabled
 Parallel Workers: 4
 Concurrent Workers: 1
 Concurrent Refinement Workers: 4
 Periodic GC: Disabled

Heap:
 garbage-first heap   total reserved 970752K, committed 66560K, used 55632K [0x00000000c4c00000, 0x0000000100000000)
  region size 1024K, 27 young (27648K), 4 survivors (4096K)

Heap Regions: E=young(eden), S=young(survivor), O=old, HS=humongous(starts), HC=humongous(continues), CS=collection set, F=free, TAMS=top-at-mark-start, PB=parsable bottom
|   0|0x00000000c4c00000, 0x00000000c4d00000, 0x00000000c4d00000|100%|HS|  |TAMS 0x00000000c4c00000| PB 0x00000000c4c00000| Complete |  0
|   1|0x00000000c4d00000, 0x00000000c4e00000, 0x00000000c4e00000|100%| O|  |TAMS 0x00000000c4d00000| PB 0x00000000c4d00000| Untracked |  0
|   2|0x00000000c4e00000, 0x00000000c4f00000, 0x00000000c4f00000|100%| O|  |TAMS 0x00000000c4e00000| PB 0x00000000c4e00000| Untracked |  0
|   3|0x00000000c4f00000, 0x00000000c5000000, 0x00000000c5000000|100%| O|  |TAMS 0x00000000c4f00000| PB 0x00000000c4f00000| Untracked |  0
|   4|0x00000000c5000000, 0x00000000c5100000, 0x00000000c5100000|100%| O|  |TAMS 0x00000000c5000000| PB 0x00000000c5000000| Untracked |  0
|   5|0x00000000c5100000, 0x00000000c5200000, 0x00000000c5200000|100%| O|  |TAMS 0x00000000c5100000| PB 0x00000000c5100000| Untracked |  0
|   6|0x00000000c5200000, 0x00000000c5300000, 0x00000000c5300000|100%| O|  |TAMS 0x00000000c5200000| PB 0x00000000c5200000| Untracked |  0
|   7|0x00000000c5300000, 0x00000000c5400000, 0x00000000c5400000|100%| O|  |TAMS 0x00000000c5300000| PB 0x00000000c5300000| Untracked |  0
|   8|0x00000000c5400000, 0x00000000c5500000, 0x00000000c5500000|100%| O|  |TAMS 0x00000000c5400000| PB 0x00000000c5400000| Untracked |  0
|   9|0x00000000c5500000, 0x00000000c5600000, 0x00000000c5600000|100%| O|  |TAMS 0x00000000c5500000| PB 0x00000000c5500000| Untracked |  0
|  10|0x00000000c5600000, 0x00000000c5700000, 0x00000000c5700000|100%| O|  |TAMS 0x00000000c5600000| PB 0x00000000c5600000| Untracked |  0
|  11|0x00000000c5700000, 0x00000000c5800000, 0x00000000c5800000|100%| O|Cm|TAMS 0x00000000c5700000| PB 0x00000000c5700000| Complete |  0
|  12|0x00000000c5800000, 0x00000000c5900000, 0x00000000c5900000|100%| O|  |TAMS 0x00000000c5800000| PB 0x00000000c5800000| Untracked |  0
|  13|0x00000000c5900000, 0x00000000c5a00000, 0x00000000c5a00000|100%| O|  |TAMS 0x00000000c5900000| PB 0x00000000c5900000| Untracked |  0
|  14|0x00000000c5a00000, 0x00000000c5b00000, 0x00000000c5b00000|100%| O|  |TAMS 0x00000000c5a00000| PB 0x00000000c5a00000| Untracked |  0
|  15|0x00000000c5b00000, 0x00000000c5c00000, 0x00000000c5c00000|100%| O|  |TAMS 0x00000000c5b00000| PB 0x00000000c5b00000| Untracked |  0
|  16|0x00000000c5c00000, 0x00000000c5d00000, 0x00000000c5d00000|100%| O|  |TAMS 0x00000000c5c00000| PB 0x00000000c5c00000| Untracked |  0
|  17|0x00000000c5d00000, 0x00000000c5e00000, 0x00000000c5e00000|100%| O|  |TAMS 0x00000000c5d00000| PB 0x00000000c5d00000| Untracked |  0
|  18|0x00000000c5e00000, 0x00000000c5f00000, 0x00000000c5f00000|100%| O|  |TAMS 0x00000000c5e00000| PB 0x00000000c5e00000| Untracked |  0
|  19|0x00000000c5f00000, 0x00000000c6000000, 0x00000000c6000000|100%| O|  |TAMS 0x00000000c5f00000| PB 0x00000000c5f00000| Untracked |  0
|  20|0x00000000c6000000, 0x00000000c6100000, 0x00000000c6100000|100%| O|  |TAMS 0x00000000c6000000| PB 0x00000000c6000000| Untracked |  0
|  21|0x00000000c6100000, 0x00000000c6200000, 0x00000000c6200000|100%| O|  |TAMS 0x00000000c6100000| PB 0x00000000c6100000| Untracked |  0
|  22|0x00000000c6200000, 0x00000000c6300000, 0x00000000c6300000|100%| O|  |TAMS 0x00000000c6200000| PB 0x00000000c6200000| Untracked |  0
|  23|0x00000000c6300000, 0x00000000c6400000, 0x00000000c6400000|100%| O|  |TAMS 0x00000000c6300000| PB 0x00000000c6300000| Untracked |  0
|  24|0x00000000c6400000, 0x00000000c6500000, 0x00000000c6500000|100%| O|  |TAMS 0x00000000c6400000| PB 0x00000000c6400000| Untracked |  0
|  25|0x00000000c6500000, 0x00000000c655d690, 0x00000000c6600000| 36%| O|  |TAMS 0x00000000c6500000| PB 0x00000000c6500000| Untracked |  0
|  26|0x00000000c6600000, 0x00000000c6600000, 0x00000000c6700000|  0%| F|  |TAMS 0x00000000c6600000| PB 0x00000000c6600000| Untracked |  0
|  27|0x00000000c6700000, 0x00000000c6800000, 0x00000000c6800000|100%| O|  |TAMS 0x00000000c6700000| PB 0x00000000c6700000| Untracked |  0
|  28|0x00000000c6800000, 0x00000000c6800000, 0x00000000c6900000|  0%| F|  |TAMS 0x00000000c6800000| PB 0x00000000c6800000| Untracked |  0
|  29|0x00000000c6900000, 0x00000000c6a00000, 0x00000000c6a00000|100%| O|  |TAMS 0x00000000c6900000| PB 0x00000000c6900000| Untracked |  0
|  30|0x00000000c6a00000, 0x00000000c6b00000, 0x00000000c6b00000|100%| O|  |TAMS 0x00000000c6a00000| PB 0x00000000c6a00000| Untracked |  0
|  31|0x00000000c6b00000, 0x00000000c6b00000, 0x00000000c6c00000|  0%| F|  |TAMS 0x00000000c6b00000| PB 0x00000000c6b00000| Untracked |  0
|  32|0x00000000c6c00000, 0x00000000c6c00000, 0x00000000c6d00000|  0%| F|  |TAMS 0x00000000c6c00000| PB 0x00000000c6c00000| Untracked |  0
|  33|0x00000000c6d00000, 0x00000000c6d00000, 0x00000000c6e00000|  0%| F|  |TAMS 0x00000000c6d00000| PB 0x00000000c6d00000| Untracked |  0
|  34|0x00000000c6e00000, 0x00000000c6ef6b48, 0x00000000c6f00000| 96%| S|CS|TAMS 0x00000000c6e00000| PB 0x00000000c6e00000| Complete |  0
|  35|0x00000000c6f00000, 0x00000000c7000000, 0x00000000c7000000|100%| S|CS|TAMS 0x00000000c6f00000| PB 0x00000000c6f00000| Complete |  0
|  36|0x00000000c7000000, 0x00000000c7100000, 0x00000000c7100000|100%| S|CS|TAMS 0x00000000c7000000| PB 0x00000000c7000000| Complete |  0
|  37|0x00000000c7100000, 0x00000000c7200000, 0x00000000c7200000|100%| S|CS|TAMS 0x00000000c7100000| PB 0x00000000c7100000| Complete |  0
|  38|0x00000000c7200000, 0x00000000c7200000, 0x00000000c7300000|  0%| F|  |TAMS 0x00000000c7200000| PB 0x00000000c7200000| Untracked |  0
|  39|0x00000000c7300000, 0x00000000c7300000, 0x00000000c7400000|  0%| F|  |TAMS 0x00000000c7300000| PB 0x00000000c7300000| Untracked |  0
|  40|0x00000000c7400000, 0x00000000c7400000, 0x00000000c7500000|  0%| F|  |TAMS 0x00000000c7400000| PB 0x00000000c7400000| Untracked |  0
|  41|0x00000000c7500000, 0x00000000c75ad788, 0x00000000c7600000| 67%| E|  |TAMS 0x00000000c7500000| PB 0x00000000c7500000| Complete |  0
|  42|0x00000000c7600000, 0x00000000c7700000, 0x00000000c7700000|100%| E|CS|TAMS 0x00000000c7600000| PB 0x00000000c7600000| Complete |  0
|  43|0x00000000c7700000, 0x00000000c7800000, 0x00000000c7800000|100%| E|CS|TAMS 0x00000000c7700000| PB 0x00000000c7700000| Complete |  0
|  44|0x00000000c7800000, 0x00000000c7900000, 0x00000000c7900000|100%| E|  |TAMS 0x00000000c7800000| PB 0x00000000c7800000| Complete |  0
|  45|0x00000000c7900000, 0x00000000c7a00000, 0x00000000c7a00000|100%| E|CS|TAMS 0x00000000c7900000| PB 0x00000000c7900000| Complete |  0
|  46|0x00000000c7a00000, 0x00000000c7b00000, 0x00000000c7b00000|100%| E|CS|TAMS 0x00000000c7a00000| PB 0x00000000c7a00000| Complete |  0
|  47|0x00000000c7b00000, 0x00000000c7c00000, 0x00000000c7c00000|100%| E|CS|TAMS 0x00000000c7b00000| PB 0x00000000c7b00000| Complete |  0
|  48|0x00000000c7c00000, 0x00000000c7d00000, 0x00000000c7d00000|100%| E|CS|TAMS 0x00000000c7c00000| PB 0x00000000c7c00000| Complete |  0
|  49|0x00000000c7d00000, 0x00000000c7e00000, 0x00000000c7e00000|100%| E|CS|TAMS 0x00000000c7d00000| PB 0x00000000c7d00000| Complete |  0
|  50|0x00000000c7e00000, 0x00000000c7f00000, 0x00000000c7f00000|100%| E|CS|TAMS 0x00000000c7e00000| PB 0x00000000c7e00000| Complete |  0
|  51|0x00000000c7f00000, 0x00000000c8000000, 0x00000000c8000000|100%| E|CS|TAMS 0x00000000c7f00000| PB 0x00000000c7f00000| Complete |  0
|  52|0x00000000c8000000, 0x00000000c8100000, 0x00000000c8100000|100%| E|CS|TAMS 0x00000000c8000000| PB 0x00000000c8000000| Complete |  0
|  53|0x00000000c8100000, 0x00000000c8200000, 0x00000000c8200000|100%| E|CS|TAMS 0x00000000c8100000| PB 0x00000000c8100000| Complete |  0
|  54|0x00000000c8200000, 0x00000000c8300000, 0x00000000c8300000|100%| E|CS|TAMS 0x00000000c8200000| PB 0x00000000c8200000| Complete |  0
|  55|0x00000000c8300000, 0x00000000c8400000, 0x00000000c8400000|100%| E|CS|TAMS 0x00000000c8300000| PB 0x00000000c8300000| Complete |  0
|  56|0x00000000c8400000, 0x00000000c8500000, 0x00000000c8500000|100%| E|CS|TAMS 0x00000000c8400000| PB 0x00000000c8400000| Complete |  0
|  57|0x00000000c8500000, 0x00000000c8600000, 0x00000000c8600000|100%| E|CS|TAMS 0x00000000c8500000| PB 0x00000000c8500000| Complete |  0
|  58|0x00000000c8600000, 0x00000000c8700000, 0x00000000c8700000|100%| E|CS|TAMS 0x00000000c8600000| PB 0x00000000c8600000| Complete |  0
|  59|0x00000000c8700000, 0x00000000c8800000, 0x00000000c8800000|100%| E|CS|TAMS 0x00000000c8700000| PB 0x00000000c8700000| Complete |  0
|  60|0x00000000c8800000, 0x00000000c8900000, 0x00000000c8900000|100%| E|CS|TAMS 0x00000000c8800000| PB 0x00000000c8800000| Complete |  0
|  61|0x00000000c8900000, 0x00000000c8a00000, 0x00000000c8a00000|100%| E|CS|TAMS 0x00000000c8900000| PB 0x00000000c8900000| Complete |  0
|  62|0x00000000c8a00000, 0x00000000c8b00000, 0x00000000c8b00000|100%| E|CS|TAMS 0x00000000c8a00000| PB 0x00000000c8a00000| Complete |  0
| 946|0x00000000ffe00000, 0x00000000fff00000, 0x00000000fff00000|100%| O|  |TAMS 0x00000000ffe00000| PB 0x00000000ffe00000| Untracked |  0
| 947|0x00000000fff00000, 0x0000000100000000, 0x0000000100000000|100%| E|CS|TAMS 0x00000000fff00000| PB 0x00000000fff00000| Complete |  0

Card table byte_map: [0x0000029ce6540000,0x0000029ce6720000] _byte_map_base: 0x0000029ce5f1a000

Marking Bits: (CMBitMap*) 0x0000029cceb226d0
 Bits: [0x0000029ce6720000, 0x0000029ce75f0000)

Polling page: 0x0000029ccca80000

Metaspace:
Metaspace        used 75054K, committed 75648K, reserved 1179648K
 class space     used 7977K, committed 8256K, reserved 1048576K

Usage:
  Non-class:     65.50 MB used.
      Class:      7.79 MB used.
       Both:     73.30 MB used.

Virtual space:
  Non-class space:      128.00 MB reserved,      65.81 MB ( 51%) committed,  2 nodes.
      Class space:        1.00 GB reserved,       8.06 MB ( <1%) committed,  1 nodes.
             Both:        1.12 GB reserved,      73.88 MB (  6%) committed. 

Chunk freelists:
   Non-Class:  13.36 MB
       Class:  7.80 MB
        Both:  21.16 MB

MaxMetaspaceSize: unlimited
CompressedClassSpaceSize: 1.00 GB
Initial GC threshold: 21.00 MB
Current GC threshold: 109.38 MB
CDS: on
 - commit_granule_bytes: 65536.
 - commit_granule_words: 8192.
 - virtual_space_node_default_size: 8388608.
 - enlarge_chunks_in_place: 1.
UseCompressedClassPointers 1, UseCompactObjectHeaders 0
Narrow klass pointer bits 32, Max shift 3
Narrow klass base: 0x000000002c000000, Narrow klass shift: 0
Encoding Range: [0x000000002c000000 - 0x000000012c000000), (4294967296 bytes)
Klass Range:    [0x000000002c010000 - 0x000000006d000000), (1090453504 bytes)
Klass ID Range:  [65536 - 1090519033) (1090453497)
Protection zone: [0x000000002c000000 - 0x000000002c010000), (65536 bytes)


Internal statistics:

num_allocs_failed_limit: 12.
num_arena_births: 704.
num_arena_deaths: 0.
num_vsnodes_births: 3.
num_vsnodes_deaths: 0.
num_space_committed: 1182.
num_space_uncommitted: 0.
num_chunks_returned_to_freelist: 12.
num_chunks_taken_from_freelist: 3221.
num_chunk_merges: 9.
num_chunk_splits: 2433.
num_chunks_enlarged: 2031.
num_inconsistent_stats: 0.

CodeHeap 'non-profiled nmethods': size=120064Kb used=3406Kb max_used=3406Kb free=116657Kb
 bounds [0x0000029cdee20000, 0x0000029cdf180000, 0x0000029ce6360000]
CodeHeap 'profiled nmethods': size=120000Kb used=10829Kb max_used=10829Kb free=109170Kb
 bounds [0x0000029cd7360000, 0x0000029cd7e00000, 0x0000029cde890000]
CodeHeap 'non-nmethods': size=5696Kb used=1858Kb max_used=1977Kb free=3837Kb
 bounds [0x0000029cde890000, 0x0000029cdeb00000, 0x0000029cdee20000]
CodeCache: size=245760Kb, used=16093Kb, max_used=16212Kb, free=229664Kb
 total_blobs=7864, nmethods=7080, adapters=687, full_count=0
Compilation: enabled, stopped_count=0, restarted_count=0

Compilation events (20 events):
Event: 65.107 Thread 0x0000029cceb9d410 nmethod 8124 0x0000029cd7def888 code [0x0000029cd7def980, 0x0000029cd7defbc0]
Event: 66.481 Thread 0x0000029cceb9d410 8125       3       java.util.concurrent.locks.LockSupport::setBlocker (12 bytes)
Event: 66.482 Thread 0x0000029cceb9d410 nmethod 8125 0x0000029cd7defc08 code [0x0000029cd7defd00, 0x0000029cd7deff80]
Event: 70.480 Thread 0x0000029cceb9d410 8126       3       java.util.concurrent.ScheduledThreadPoolExecutor$ScheduledFutureTask::getDelay (16 bytes)
Event: 70.486 Thread 0x0000029cceb9d410 nmethod 8126 0x0000029cd7deff88 code [0x0000029cd7df0080, 0x0000029cd7df0290]
Event: 70.486 Thread 0x0000029cceb9d410 8127       3       java.util.concurrent.TimeUnit::convert (73 bytes)
Event: 70.489 Thread 0x0000029cceb9d410 nmethod 8127 0x0000029cd7df0308 code [0x0000029cd7df0400, 0x0000029cd7df09e8]
Event: 71.187 Thread 0x0000029cceb9d410 8128   !   3       jdk.internal.loader.BuiltinClassLoader::findResource (144 bytes)
Event: 71.236 Thread 0x0000029cceb9d410 nmethod 8128 0x0000029cd7df0a08 code [0x0000029cd7df0b00, 0x0000029cd7df25d8]
Event: 72.211 Thread 0x0000029cceb9d410 8129       3       java.util.concurrent.ThreadPoolExecutor::isShutdown (12 bytes)
Event: 72.217 Thread 0x0000029cceb9d410 nmethod 8129 0x0000029cd7df2608 code [0x0000029cd7df2700, 0x0000029cd7df2950]
Event: 72.939 Thread 0x0000029ce9b58ea0 8130       4       jdk.internal.misc.Unsafe::weakCompareAndSetInt (11 bytes)
Event: 72.940 Thread 0x0000029cceb9d410 8131       3       java.util.concurrent.locks.ReentrantReadWriteLock::readLock (5 bytes)
Event: 72.944 Thread 0x0000029cceb9d410 nmethod 8131 0x0000029cd7df2988 code [0x0000029cd7df2a80, 0x0000029cd7df2bb0]
Event: 72.955 Thread 0x0000029ce9b58ea0 nmethod 8130 0x0000029cdf173488 code [0x0000029cdf173580, 0x0000029cdf173608]
Event: 74.486 Thread 0x0000029cceb9d410 8132       3       java.util.concurrent.ScheduledThreadPoolExecutor::canRunInCurrentRunState (61 bytes)
Event: 74.491 Thread 0x0000029cceb9d410 nmethod 8132 0x0000029cd7df2c88 code [0x0000029cd7df2d80, 0x0000029cd7df35e8]
Event: 75.177 Thread 0x0000029cceb9d410 8133       1       org.apache.tomcat.util.net.NioEndpoint$NioSocketWrapper::interestOps (5 bytes)
Event: 75.177 Thread 0x0000029cceb9d410 nmethod 8133 0x0000029cdf173788 code [0x0000029cdf173880, 0x0000029cdf173948]
Event: 76.189 Thread 0x0000029ce9b58ea0 8134   !   4       jdk.internal.loader.BuiltinClassLoader::findMiscResource (203 bytes)

GC Heap Usage History (20 events):
Event: 6.594 {heap Before GC invocations=7 (full 0):
 garbage-first heap   total reserved 970752K, committed 55296K, used 43988K [0x00000000c4c00000, 0x0000000100000000)
  region size 1024K, 26 young (26624K), 3 survivors (3072K)
}
Event: 6.602 {heap After GC invocations=8 (full 0):
 garbage-first heap   total reserved 970752K, committed 55296K, used 21344K [0x00000000c4c00000, 0x0000000100000000)
  region size 1024K, 4 young (4096K), 4 survivors (4096K)
}
Event: 6.766 {heap Before GC invocations=8 (full 0):
 garbage-first heap   total reserved 970752K, committed 55296K, used 25440K [0x00000000c4c00000, 0x0000000100000000)
  region size 1024K, 9 young (9216K), 4 survivors (4096K)
}
Event: 6.773 {heap After GC invocations=9 (full 0):
 garbage-first heap   total reserved 970752K, committed 55296K, used 22013K [0x00000000c4c00000, 0x0000000100000000)
  region size 1024K, 2 young (2048K), 2 survivors (2048K)
}
Event: 8.380 {heap Before GC invocations=10 (full 0):
 garbage-first heap   total reserved 970752K, committed 55296K, used 45565K [0x00000000c4c00000, 0x0000000100000000)
  region size 1024K, 26 young (26624K), 2 survivors (2048K)
}
Event: 8.390 {heap After GC invocations=11 (full 0):
 garbage-first heap   total reserved 970752K, committed 55296K, used 24576K [0x00000000c4c00000, 0x0000000100000000)
  region size 1024K, 4 young (4096K), 4 survivors (4096K)
}
Event: 9.294 {heap Before GC invocations=11 (full 0):
 garbage-first heap   total reserved 970752K, committed 55296K, used 46080K [0x00000000c4c00000, 0x0000000100000000)
  region size 1024K, 26 young (26624K), 4 survivors (4096K)
}
Event: 9.307 {heap After GC invocations=12 (full 0):
 garbage-first heap   total reserved 970752K, committed 55296K, used 25424K [0x00000000c4c00000, 0x0000000100000000)
  region size 1024K, 2 young (2048K), 2 survivors (2048K)
}
Event: 10.110 {heap Before GC invocations=12 (full 0):
 garbage-first heap   total reserved 970752K, committed 55296K, used 46928K [0x00000000c4c00000, 0x0000000100000000)
  region size 1024K, 23 young (23552K), 2 survivors (2048K)
}
Event: 10.116 {heap After GC invocations=13 (full 0):
 garbage-first heap   total reserved 970752K, committed 55296K, used 26098K [0x00000000c4c00000, 0x0000000100000000)
  region size 1024K, 2 young (2048K), 2 survivors (2048K)
}
Event: 11.259 {heap Before GC invocations=13 (full 0):
 garbage-first heap   total reserved 970752K, committed 55296K, used 38386K [0x00000000c4c00000, 0x0000000100000000)
  region size 1024K, 15 young (15360K), 2 survivors (2048K)
}
Event: 11.267 {heap After GC invocations=14 (full 0):
 garbage-first heap   total reserved 970752K, committed 55296K, used 26956K [0x00000000c4c00000, 0x0000000100000000)
  region size 1024K, 2 young (2048K), 2 survivors (2048K)
}
Event: 12.421 {heap Before GC invocations=15 (full 0):
 garbage-first heap   total reserved 970752K, committed 55296K, used 49484K [0x00000000c4c00000, 0x0000000100000000)
  region size 1024K, 24 young (24576K), 2 survivors (2048K)
}
Event: 12.427 {heap After GC invocations=16 (full 0):
 garbage-first heap   total reserved 970752K, committed 55296K, used 28721K [0x00000000c4c00000, 0x0000000100000000)
  region size 1024K, 3 young (3072K), 3 survivors (3072K)
}
Event: 13.010 {heap Before GC invocations=16 (full 0):
 garbage-first heap   total reserved 970752K, committed 55296K, used 49201K [0x00000000c4c00000, 0x0000000100000000)
  region size 1024K, 23 young (23552K), 3 survivors (3072K)
}
Event: 13.020 {heap After GC invocations=17 (full 0):
 garbage-first heap   total reserved 970752K, committed 55296K, used 30127K [0x00000000c4c00000, 0x0000000100000000)
  region size 1024K, 2 young (2048K), 2 survivors (2048K)
}
Event: 13.791 {heap Before GC invocations=17 (full 0):
 garbage-first heap   total reserved 970752K, committed 55296K, used 49583K [0x00000000c4c00000, 0x0000000100000000)
  region size 1024K, 21 young (21504K), 2 survivors (2048K)
}
Event: 13.797 {heap After GC invocations=18 (full 0):
 garbage-first heap   total reserved 970752K, committed 66560K, used 31983K [0x00000000c4c00000, 0x0000000100000000)
  region size 1024K, 2 young (2048K), 2 survivors (2048K)
}
Event: 45.818 {heap Before GC invocations=19 (full 0):
 garbage-first heap   total reserved 970752K, committed 66560K, used 57583K [0x00000000c4c00000, 0x0000000100000000)
  region size 1024K, 28 young (28672K), 2 survivors (2048K)
}
Event: 45.905 {heap After GC invocations=20 (full 0):
 garbage-first heap   total reserved 970752K, committed 66560K, used 34128K [0x00000000c4c00000, 0x0000000100000000)
  region size 1024K, 4 young (4096K), 4 survivors (4096K)
}

Metaspace Usage History (20 events):
Event: 6.594 {metaspace Before GC invocations=7 (full 0):
 Metaspace       used 34453K, committed 34880K, reserved 1114112K
  class space    used 3546K, committed 3712K, reserved 1048576K
}
Event: 6.602 {metaspace After GC invocations=8 (full 0):
 Metaspace       used 34453K, committed 34880K, reserved 1114112K
  class space    used 3546K, committed 3712K, reserved 1048576K
}
Event: 6.766 {metaspace Before GC invocations=8 (full 0):
 Metaspace       used 35725K, committed 36096K, reserved 1114112K
  class space    used 3659K, committed 3840K, reserved 1048576K
}
Event: 6.773 {metaspace After GC invocations=9 (full 0):
 Metaspace       used 35725K, committed 36096K, reserved 1114112K
  class space    used 3659K, committed 3840K, reserved 1048576K
}
Event: 8.380 {metaspace Before GC invocations=10 (full 0):
 Metaspace       used 45787K, committed 46208K, reserved 1114112K
  class space    used 4682K, committed 4864K, reserved 1048576K
}
Event: 8.390 {metaspace After GC invocations=11 (full 0):
 Metaspace       used 45787K, committed 46208K, reserved 1114112K
  class space    used 4682K, committed 4864K, reserved 1048576K
}
Event: 9.294 {metaspace Before GC invocations=11 (full 0):
 Metaspace       used 52034K, committed 52480K, reserved 1114112K
  class space    used 5292K, committed 5504K, reserved 1048576K
}
Event: 9.307 {metaspace After GC invocations=12 (full 0):
 Metaspace       used 52034K, committed 52480K, reserved 1114112K
  class space    used 5292K, committed 5504K, reserved 1048576K
}
Event: 10.110 {metaspace Before GC invocations=12 (full 0):
 Metaspace       used 57667K, committed 58176K, reserved 1114112K
  class space    used 5924K, committed 6144K, reserved 1048576K
}
Event: 10.116 {metaspace After GC invocations=13 (full 0):
 Metaspace       used 57667K, committed 58176K, reserved 1114112K
  class space    used 5924K, committed 6144K, reserved 1048576K
}
Event: 11.259 {metaspace Before GC invocations=13 (full 0):
 Metaspace       used 60349K, committed 60800K, reserved 1114112K
  class space    used 6196K, committed 6400K, reserved 1048576K
}
Event: 11.267 {metaspace After GC invocations=14 (full 0):
 Metaspace       used 60349K, committed 60800K, reserved 1114112K
  class space    used 6196K, committed 6400K, reserved 1048576K
}
Event: 12.421 {metaspace Before GC invocations=15 (full 0):
 Metaspace       used 63706K, committed 64192K, reserved 1114112K
  class space    used 6622K, committed 6848K, reserved 1048576K
}
Event: 12.427 {metaspace After GC invocations=16 (full 0):
 Metaspace       used 63706K, committed 64192K, reserved 1114112K
  class space    used 6622K, committed 6848K, reserved 1048576K
}
Event: 13.010 {metaspace Before GC invocations=16 (full 0):
 Metaspace       used 65543K, committed 65984K, reserved 1114112K
  class space    used 6838K, committed 7040K, reserved 1048576K
}
Event: 13.020 {metaspace After GC invocations=17 (full 0):
 Metaspace       used 65543K, committed 65984K, reserved 1114112K
  class space    used 6838K, committed 7040K, reserved 1048576K
}
Event: 13.791 {metaspace Before GC invocations=17 (full 0):
 Metaspace       used 66719K, committed 67200K, reserved 1114112K
  class space    used 6989K, committed 7168K, reserved 1048576K
}
Event: 13.797 {metaspace After GC invocations=18 (full 0):
 Metaspace       used 66719K, committed 67200K, reserved 1114112K
  class space    used 6989K, committed 7168K, reserved 1048576K
}
Event: 45.819 {metaspace Before GC invocations=19 (full 0):
 Metaspace       used 71216K, committed 71744K, reserved 1114112K
  class space    used 7521K, committed 7744K, reserved 1048576K
}
Event: 45.905 {metaspace After GC invocations=20 (full 0):
 Metaspace       used 71216K, committed 71744K, reserved 1114112K
  class space    used 7521K, committed 7744K, reserved 1048576K
}

Dll operation events (12 events):
Event: 0.040 Loaded shared library C:\Users\sathwik\.jdks\openjdk-25.0.1\bin\java.dll
Event: 0.334 Loaded shared library C:\Users\sathwik\.jdks\openjdk-25.0.1\bin\zip.dll
Event: 0.340 Loaded shared library C:\Users\sathwik\.jdks\openjdk-25.0.1\bin\instrument.dll
Event: 0.349 Loaded shared library C:\Users\sathwik\.jdks\openjdk-25.0.1\bin\net.dll
Event: 0.354 Loaded shared library C:\Users\sathwik\.jdks\openjdk-25.0.1\bin\nio.dll
Event: 0.363 Loaded shared library C:\Users\sathwik\.jdks\openjdk-25.0.1\bin\zip.dll
Event: 0.570 Loaded shared library C:\Users\sathwik\.jdks\openjdk-25.0.1\bin\extnet.dll
Event: 0.607 Loaded shared library C:\Users\sathwik\.jdks\openjdk-25.0.1\bin\jimage.dll
Event: 3.140 Loaded shared library C:\Users\sathwik\.jdks\openjdk-25.0.1\bin\sunmscapi.dll
Event: 5.805 Loaded shared library C:\Users\sathwik\.jdks\openjdk-25.0.1\bin\management.dll
Event: 5.808 Loaded shared library C:\Users\sathwik\.jdks\openjdk-25.0.1\bin\management_ext.dll
Event: 6.653 Loaded shared library C:\Users\sathwik\.jdks\openjdk-25.0.1\bin\verify.dll

Deoptimization events (20 events):
Event: 51.240 Thread 0x0000029cee95a1a0 Uncommon trap: trap_request=0xffffffde fr.pc=0x0000029cdf0f6a04 relative=0x0000000000001c04
Event: 51.240 Thread 0x0000029cee95a1a0 Uncommon trap: reason=class_check action=maybe_recompile pc=0x0000029cdf0f6a04 method=org.springframework.core.annotation.AnnotatedElementUtils.getAnnotationAttributes(Lorg/springframework/core/annotation/MergedAnnotation;ZZ)Lorg/springframework/core/anno
Event: 51.240 Thread 0x0000029cee95a1a0 DEOPT PACKING pc=0x0000029cdf0f6a04 sp=0x000000c2a2dfb250
Event: 51.241 Thread 0x0000029cee95a1a0 DEOPT UNPACKING pc=0x0000029cde9bbe82 sp=0x000000c2a2dfb0c8 mode 2
Event: 61.806 Thread 0x0000029cee95b910 Uncommon trap: trap_request=0xffffffde fr.pc=0x0000029cdf0f6a04 relative=0x0000000000001c04
Event: 61.807 Thread 0x0000029cee95b910 Uncommon trap: reason=class_check action=maybe_recompile pc=0x0000029cdf0f6a04 method=org.springframework.core.annotation.AnnotatedElementUtils.getAnnotationAttributes(Lorg/springframework/core/annotation/MergedAnnotation;ZZ)Lorg/springframework/core/anno
Event: 61.807 Thread 0x0000029cee95b910 DEOPT PACKING pc=0x0000029cdf0f6a04 sp=0x000000c2a31fb450
Event: 61.808 Thread 0x0000029cee95b910 DEOPT UNPACKING pc=0x0000029cde9bbe82 sp=0x000000c2a31fb2c8 mode 2
Event: 61.809 Thread 0x0000029cee95b910 Uncommon trap: trap_request=0xffffff45 fr.pc=0x0000029cdf154fd0 relative=0x0000000000001dd0
Event: 61.809 Thread 0x0000029cee95b910 Uncommon trap: reason=unstable_if action=reinterpret pc=0x0000029cdf154fd0 method=org.springframework.transaction.interceptor.AbstractFallbackTransactionAttributeSource.getTransactionAttribute(Ljava/lang/reflect/Method;Ljava/lang/Class;)Lorg/springframewo
Event: 61.810 Thread 0x0000029cee95b910 DEOPT PACKING pc=0x0000029cdf154fd0 sp=0x000000c2a31fb4e0
Event: 61.810 Thread 0x0000029cee95b910 DEOPT UNPACKING pc=0x0000029cde9bbe82 sp=0x000000c2a31fb4d8 mode 2
Event: 62.021 Thread 0x0000029cee95b910 Uncommon trap: trap_request=0xffffffde fr.pc=0x0000029cdf0f6a04 relative=0x0000000000001c04
Event: 62.021 Thread 0x0000029cee95b910 Uncommon trap: reason=class_check action=maybe_recompile pc=0x0000029cdf0f6a04 method=org.springframework.core.annotation.AnnotatedElementUtils.getAnnotationAttributes(Lorg/springframework/core/annotation/MergedAnnotation;ZZ)Lorg/springframework/core/anno
Event: 62.021 Thread 0x0000029cee95b910 DEOPT PACKING pc=0x0000029cdf0f6a04 sp=0x000000c2a31fb3b0
Event: 62.021 Thread 0x0000029cee95b910 DEOPT UNPACKING pc=0x0000029cde9bbe82 sp=0x000000c2a31fb228 mode 2
Event: 70.480 Thread 0x0000029cef75cf40 Uncommon trap: trap_request=0xffffff45 fr.pc=0x0000029cdeefc6f4 relative=0x00000000000000f4
Event: 70.483 Thread 0x0000029cef75cf40 Uncommon trap: reason=unstable_if action=reinterpret pc=0x0000029cdeefc6f4 method=java.util.concurrent.locks.ReentrantLock$Sync.lock()V @ 4 c2
Event: 70.487 Thread 0x0000029cef75cf40 DEOPT PACKING pc=0x0000029cdeefc6f4 sp=0x000000c2a20fef10
Event: 70.492 Thread 0x0000029cef75cf40 DEOPT UNPACKING pc=0x0000029cde9bbe82 sp=0x000000c2a20fee40 mode 2

Classes loaded (20 events):
Event: 46.921 Loading class java/util/stream/LongStream
Event: 46.923 Loading class java/util/stream/LongStream done
Event: 46.924 Loading class java/util/stream/DoubleStream
Event: 46.927 Loading class java/util/stream/DoubleStream done
Event: 47.049 Loading class org/w3c/dom/Node
Event: 47.051 Loading class org/w3c/dom/Node done
Event: 47.051 Loading class org/w3c/dom/Document
Event: 47.052 Loading class org/w3c/dom/Document done
Event: 51.859 Loading class java/util/stream/ReferencePipeline$4
Event: 51.862 Loading class java/util/stream/IntPipeline$StatelessOp
Event: 51.864 Loading class java/util/stream/IntPipeline$StatelessOp done
Event: 51.865 Loading class java/util/stream/ReferencePipeline$4 done
Event: 51.866 Loading class java/util/function/IntBinaryOperator
Event: 51.867 Loading class java/util/function/IntBinaryOperator done
Event: 51.869 Loading class java/util/stream/ReduceOps$7
Event: 51.870 Loading class java/util/stream/ReduceOps$7 done
Event: 51.871 Loading class java/util/stream/ReduceOps$6ReducingSink
Event: 51.872 Loading class java/util/stream/ReduceOps$6ReducingSink done
Event: 51.873 Loading class java/util/stream/ReferencePipeline$4$1
Event: 51.873 Loading class java/util/stream/ReferencePipeline$4$1 done

Classes unloaded (0 events):
No events

Classes redefined (0 events):
No events

Internal exceptions (20 events):
Event: 14.345 Thread 0x0000029ccc87d0c0 Exception <a 'java/lang/NoSuchMethodError'{0x00000000c7d09b28}: 'java.lang.Object java.lang.invoke.DirectMethodHandle$Holder.newInvokeSpecial(java.lang.Object, java.lang.Object, int, java.lang.Object, int)'> (0x00000000c7d09b28) 
thrown [s\open\src\hotspot\share\interpreter\linkResolver.cpp, line 804]
Event: 14.346 Thread 0x0000029ccc87d0c0 Exception <a 'java/lang/NoSuchMethodError'{0x00000000c7d12440}: 'java.lang.Object java.lang.invoke.DirectMethodHandle$Holder.invokeSpecial(java.lang.Object, java.lang.Object, java.lang.Object, int, java.lang.Object, int)'> (0x00000000c7d12440) 
thrown [s\open\src\hotspot\share\interpreter\linkResolver.cpp, line 804]
Event: 40.416 Thread 0x0000029cee958260 Exception <a 'java/lang/NoSuchMethodError'{0x00000000c7999828}: 'java.lang.Object java.lang.invoke.DirectMethodHandle$Holder.invokeSpecial(java.lang.Object, java.lang.Object, java.lang.Object, java.lang.Object, java.lang.Object, long)'> (0x00000000c7999828) 
thrown [s\open\src\hotspot\share\interpreter\linkResolver.cpp, line 804]
Event: 40.454 Thread 0x0000029cee958260 Exception <a 'java/lang/NoSuchMethodError'{0x00000000c79a2148}: 'java.lang.Object java.lang.invoke.DirectMethodHandle$Holder.invokeSpecial(java.lang.Object, java.lang.Object, java.lang.Object, java.lang.Object, java.lang.Object, java.lang.Object, long)'> (0x00000000c79a2148) 
thrown [s\open\src\hotspot\share\interpreter\linkResolver.cpp, line 804]
Event: 40.460 Thread 0x0000029cee958260 Exception <a 'java/lang/NoSuchMethodError'{0x00000000c79aa4b0}: 'java.lang.Object java.lang.invoke.DelegatingMethodHandle$Holder.reinvoke_L(java.lang.Object, java.lang.Object, java.lang.Object, java.lang.Object, java.lang.Object, long)'> (0x00000000c79aa4b0) 
thrown [s\open\src\hotspot\share\interpreter\linkResolver.cpp, line 804]
Event: 40.500 Thread 0x0000029cee958260 Exception <a 'java/lang/NoSuchMethodError'{0x00000000c79baab0}: 'java.lang.Object java.lang.invoke.Invokers$Holder.linkToTargetMethod(java.lang.Object, java.lang.Object, java.lang.Object, long, java.lang.Object)'> (0x00000000c79baab0) 
thrown [s\open\src\hotspot\share\interpreter\linkResolver.cpp, line 804]
Event: 46.178 Thread 0x0000029cee959200 Exception <a 'java/lang/NoSuchMethodError'{0x00000000c844b6e8}: 'void java.lang.invoke.DirectMethodHandle$Holder.invokeSpecialIFC(java.lang.Object, java.lang.Object, int, java.lang.Object, java.lang.Object, java.lang.Object, java.lang.Object)'> (0x00000000c844b6e8) 
thrown [s\open\src\hotspot\share\interpreter\linkResolver.cpp, line 804]
Event: 46.178 Thread 0x0000029cee955b50 Exception <a 'java/lang/NoSuchMethodError'{0x00000000c8433758}: 'void java.lang.invoke.DirectMethodHandle$Holder.invokeSpecialIFC(java.lang.Object, java.lang.Object, int, java.lang.Object, java.lang.Object, java.lang.Object, java.lang.Object)'> (0x00000000c8433758) 
thrown [s\open\src\hotspot\share\interpreter\linkResolver.cpp, line 804]
Event: 46.842 Thread 0x0000029cee959200 Exception <a 'java/lang/NoSuchMethodError'{0x00000000c809ced8}: 'double java.lang.invoke.DelegatingMethodHandle$Holder.reinvoke_L(java.lang.Object, java.lang.Object)'> (0x00000000c809ced8) 
thrown [s\open\src\hotspot\share\interpreter\linkResolver.cpp, line 804]
Event: 46.844 Thread 0x0000029cee959200 Exception <a 'java/lang/NoSuchMethodError'{0x00000000c7f0e2c0}: 'void java.lang.invoke.DelegatingMethodHandle$Holder.reinvoke_L(java.lang.Object, java.lang.Object, double)'> (0x00000000c7f0e2c0) 
thrown [s\open\src\hotspot\share\interpreter\linkResolver.cpp, line 804]
Event: 46.848 Thread 0x0000029cee959200 Exception <a 'java/lang/NoSuchMethodError'{0x00000000c7f462d8}: 'void java.lang.invoke.Invokers$Holder.invokeExact_MT(java.lang.Object, java.lang.Object, int, java.lang.Object)'> (0x00000000c7f462d8) 
thrown [s\open\src\hotspot\share\interpreter\linkResolver.cpp, line 804]
Event: 47.107 Thread 0x0000029cee955b50 Exception <a 'java/lang/NoSuchMethodError'{0x00000000c7d01338}: 'double java.lang.invoke.DirectMethodHandle$Holder.invokeVirtual(java.lang.Object, java.lang.Object)'> (0x00000000c7d01338) 
thrown [s\open\src\hotspot\share\interpreter\linkResolver.cpp, line 804]
Event: 51.363 Thread 0x0000029cee95a1a0 Exception <a 'java/lang/NoSuchMethodError'{0x00000000c7c9bca8}: 'double java.lang.invoke.Invokers$Holder.invokeExact_MT(java.lang.Object, java.lang.Object, java.lang.Object)'> (0x00000000c7c9bca8) 
thrown [s\open\src\hotspot\share\interpreter\linkResolver.cpp, line 804]
Event: 51.478 Thread 0x0000029cee95a1a0 Exception <a 'java/lang/NoSuchMethodError'{0x00000000c7b82e68}: 'int java.lang.invoke.DirectMethodHandle$Holder.invokeStatic(java.lang.Object, java.lang.Object, int, int)'> (0x00000000c7b82e68) 
thrown [s\open\src\hotspot\share\interpreter\linkResolver.cpp, line 804]
Event: 51.579 Thread 0x0000029cee95a1a0 Exception <a 'java/lang/NoSuchMethodError'{0x00000000c7bedef8}: 'int java.lang.invoke.Invokers$Holder.invokeExact_MT(java.lang.Object, java.lang.Object, java.lang.Object)'> (0x00000000c7bedef8) 
thrown [s\open\src\hotspot\share\interpreter\linkResolver.cpp, line 804]
Event: 51.718 Thread 0x0000029cee95a1a0 Exception <a 'java/lang/IncompatibleClassChangeError'{0x00000000c7a98728}: Found class java.lang.Object, but interface was expected> (0x00000000c7a98728) 
thrown [s\open\src\hotspot\share\interpreter\linkResolver.cpp, line 871]
Event: 61.930 Thread 0x0000029cee95b910 Exception <a 'java/lang/NoSuchMethodError'{0x00000000c78b30a0}: 'java.lang.Object java.lang.invoke.DirectMethodHandle$Holder.invokeInterface(java.lang.Object, java.lang.Object, java.lang.Object, java.lang.Object, java.lang.Object)'> (0x00000000c78b30a0) 
thrown [s\open\src\hotspot\share\interpreter\linkResolver.cpp, line 804]
Event: 62.068 Thread 0x0000029cee95b910 Exception <a 'java/lang/NoSuchMethodError'{0x00000000c774a810}: 'java.lang.Object java.lang.invoke.Invokers$Holder.linkToTargetMethod(java.lang.Object, int, java.lang.Object, java.lang.Object, java.lang.Object, java.lang.Object)'> (0x00000000c774a810) 
thrown [s\open\src\hotspot\share\interpreter\linkResolver.cpp, line 804]
Event: 62.077 Thread 0x0000029cee95b910 Exception <a 'java/lang/NoSuchMethodError'{0x00000000c7764c58}: 'int java.lang.invoke.DirectMethodHandle$Holder.invokeStatic(java.lang.Object, java.lang.Object, int, java.lang.Object)'> (0x00000000c7764c58) 
thrown [s\open\src\hotspot\share\interpreter\linkResolver.cpp, line 804]
Event: 62.124 Thread 0x0000029cee95b910 Exception <a 'java/lang/NoSuchMethodError'{0x00000000c77cec10}: 'void java.lang.invoke.DirectMethodHandle$Holder.invokeSpecial(java.lang.Object, java.lang.Object, java.lang.Object, int, java.lang.Object, java.lang.Object, java.lang.Object)'> (0x00000000c77cec10) 
thrown [s\open\src\hotspot\share\interpreter\linkResolver.cpp, line 804]

VM Operations (20 events):
Event: 45.419 Executing non-safepoint VM operation: HandshakeAllThreads (Deoptimize)
Event: 45.420 Executing non-safepoint VM operation: HandshakeAllThreads (Deoptimize) done
Event: 45.794 Executing non-safepoint VM operation: HandshakeAllThreads (Deoptimize)
Event: 45.794 Executing non-safepoint VM operation: HandshakeAllThreads (Deoptimize) done
Event: 45.815 Executing safepoint VM operation: G1CollectForAllocation (G1 Evacuation Pause)
Event: 45.905 Executing safepoint VM operation: G1CollectForAllocation (G1 Evacuation Pause) done
Event: 46.749 Executing non-safepoint VM operation: HandshakeAllThreads (Deoptimize)
Event: 46.749 Executing non-safepoint VM operation: HandshakeAllThreads (Deoptimize) done
Event: 46.787 Executing non-safepoint VM operation: HandshakeAllThreads (Deoptimize)
Event: 46.787 Executing non-safepoint VM operation: HandshakeAllThreads (Deoptimize) done
Event: 46.854 Executing non-safepoint VM operation: HandshakeAllThreads (Deoptimize)
Event: 46.854 Executing non-safepoint VM operation: HandshakeAllThreads (Deoptimize) done
Event: 51.866 Executing non-safepoint VM operation: HandshakeAllThreads (Deoptimize)
Event: 51.866 Executing non-safepoint VM operation: HandshakeAllThreads (Deoptimize) done
Event: 51.873 Executing non-safepoint VM operation: HandshakeAllThreads (Deoptimize)
Event: 51.873 Executing non-safepoint VM operation: HandshakeAllThreads (Deoptimize) done
Event: 60.202 Executing non-safepoint VM operation: HandshakeAllThreads (HandshakeForDeflation)
Event: 60.203 Executing non-safepoint VM operation: HandshakeAllThreads (HandshakeForDeflation) done
Event: 60.203 Executing non-safepoint VM operation: RendezvousGCThreads
Event: 60.203 Executing non-safepoint VM operation: RendezvousGCThreads done

Memory protections (0 events):
No events

Nmethod flushes (20 events):
Event: 13.871 Thread 0x0000029cceb7c2e0 flushing  nmethod 0x0000029cd75b4208
Event: 13.871 Thread 0x0000029cceb7c2e0 flushing  nmethod 0x0000029cd75d9f08
Event: 13.871 Thread 0x0000029cceb7c2e0 flushing  nmethod 0x0000029cd7626908
Event: 13.871 Thread 0x0000029cceb7c2e0 flushing  nmethod 0x0000029cd7651b88
Event: 13.871 Thread 0x0000029cceb7c2e0 flushing  nmethod 0x0000029cd76a0b88
Event: 13.871 Thread 0x0000029cceb7c2e0 flushing  nmethod 0x0000029cd76e1188
Event: 13.871 Thread 0x0000029cceb7c2e0 flushing  nmethod 0x0000029cd76e1788
Event: 13.871 Thread 0x0000029cceb7c2e0 flushing  nmethod 0x0000029cd773fc88
Event: 13.871 Thread 0x0000029cceb7c2e0 flushing  nmethod 0x0000029cd77ed208
Event: 13.871 Thread 0x0000029cceb7c2e0 flushing  nmethod 0x0000029cd77f0688
Event: 13.871 Thread 0x0000029cceb7c2e0 flushing  nmethod 0x0000029cd7843488
Event: 13.871 Thread 0x0000029cceb7c2e0 flushing  nmethod 0x0000029cd791f408
Event: 13.871 Thread 0x0000029cceb7c2e0 flushing  nmethod 0x0000029cd7924488
Event: 13.871 Thread 0x0000029cceb7c2e0 flushing  nmethod 0x0000029cd79bd588
Event: 13.871 Thread 0x0000029cceb7c2e0 flushing  nmethod 0x0000029cd7ab7e08
Event: 13.871 Thread 0x0000029cceb7c2e0 flushing  nmethod 0x0000029cd7b18308
Event: 13.871 Thread 0x0000029cceb7c2e0 flushing  nmethod 0x0000029cd7b18c08
Event: 13.871 Thread 0x0000029cceb7c2e0 flushing  nmethod 0x0000029cd7c14788
Event: 13.871 Thread 0x0000029cceb7c2e0 flushing  nmethod 0x0000029cd7c15d08
Event: 13.871 Thread 0x0000029cceb7c2e0 flushing  nmethod 0x0000029cd7c16088

Events (20 events):
Event: 12.212 Thread 0x0000029ccc87d0c0 Thread added: 0x0000029cef760dc0
Event: 13.241 Thread 0x0000029cceb9d410 Thread added: 0x0000029cefb743f0
Event: 13.459 Thread 0x0000029cef75f650 Thread exited: 0x0000029cef75f650
Event: 14.374 Thread 0x0000029ccc87d0c0 Thread added: 0x0000029cee958a30
Event: 14.374 Thread 0x0000029ccc87d0c0 Thread added: 0x0000029cee958260
Event: 14.374 Thread 0x0000029ccc87d0c0 Thread added: 0x0000029cee959200
Event: 14.374 Thread 0x0000029ccc87d0c0 Thread added: 0x0000029cee955b50
Event: 14.374 Thread 0x0000029ccc87d0c0 Thread added: 0x0000029cee9599d0
Event: 14.374 Thread 0x0000029ccc87d0c0 Thread added: 0x0000029cee95a1a0
Event: 14.375 Thread 0x0000029ccc87d0c0 Thread added: 0x0000029cee95a970
Event: 14.375 Thread 0x0000029ccc87d0c0 Thread added: 0x0000029cee9572c0
Event: 14.375 Thread 0x0000029ccc87d0c0 Thread added: 0x0000029cee95b140
Event: 14.375 Thread 0x0000029ccc87d0c0 Thread added: 0x0000029cee95b910
Event: 14.411 Thread 0x0000029ccc87d0c0 Thread added: 0x0000029cf22fca90
Event: 14.415 Thread 0x0000029ccc87d0c0 Thread added: 0x0000029cf2300910
Event: 14.450 Thread 0x0000029ccc87d0c0 Thread exited: 0x0000029ccc87d0c0
Event: 14.450 Thread 0x0000029cf2302080 Thread added: 0x0000029cf2302080
Event: 19.469 Thread 0x0000029cefb743f0 Thread exited: 0x0000029cefb743f0
Event: 46.295 Thread 0x0000029cee959200 Thread added: 0x0000029cf23018b0
Event: 51.313 Thread 0x0000029cf23018b0 Thread exited: 0x0000029cf23018b0


Dynamic libraries:
0x00007ff6b3230000 - 0x00007ff6b323e000 	C:\Users\sathwik\.jdks\openjdk-25.0.1\bin\java.exe
0x00007ffb26ce0000 - 0x00007ffb26f47000 	C:\WINDOWS\SYSTEM32\ntdll.dll
0x00007ffb25420000 - 0x00007ffb254e9000 	C:\WINDOWS\System32\KERNEL32.DLL
0x00007ffb241d0000 - 0x00007ffb245bf000 	C:\WINDOWS\System32\KERNELBASE.dll
0x00007ffb24080000 - 0x00007ffb241cb000 	C:\WINDOWS\System32\ucrtbase.dll
0x00007ffb1e690000 - 0x00007ffb1e6a7000 	C:\Users\sathwik\.jdks\openjdk-25.0.1\bin\jli.dll
0x00007ffb256d0000 - 0x00007ffb25895000 	C:\WINDOWS\System32\USER32.dll
0x00007ffb1e590000 - 0x00007ffb1e5ae000 	C:\Users\sathwik\.jdks\openjdk-25.0.1\bin\VCRUNTIME140.dll
0x00007ffb23f90000 - 0x00007ffb23fb7000 	C:\WINDOWS\System32\win32u.dll
0x00007ffb0ea50000 - 0x00007ffb0ece3000 	C:\WINDOWS\WinSxS\amd64_microsoft.windows.common-controls_6595b64144ccf1df_6.0.26100.7309_none_3e05feeae336a044\COMCTL32.dll
0x00007ffb24c80000 - 0x00007ffb24cab000 	C:\WINDOWS\System32\GDI32.dll
0x00007ffb25ad0000 - 0x00007ffb25b79000 	C:\WINDOWS\System32\msvcrt.dll
0x00007ffb24660000 - 0x00007ffb2478c000 	C:\WINDOWS\System32\gdi32full.dll
0x00007ffb23ee0000 - 0x00007ffb23f83000 	C:\WINDOWS\System32\msvcp_win.dll
0x00007ffb26c60000 - 0x00007ffb26c91000 	C:\WINDOWS\System32\IMM32.DLL
0x00007ffb20760000 - 0x00007ffb2076c000 	C:\Users\sathwik\.jdks\openjdk-25.0.1\bin\vcruntime140_1.dll
0x00007ffb06bd0000 - 0x00007ffb06c5d000 	C:\Users\sathwik\.jdks\openjdk-25.0.1\bin\msvcp140.dll
0x00007ffaeb470000 - 0x00007ffaec2cf000 	C:\Users\sathwik\.jdks\openjdk-25.0.1\bin\server\jvm.dll
0x00007ffb25360000 - 0x00007ffb25414000 	C:\WINDOWS\System32\ADVAPI32.dll
0x00007ffb26500000 - 0x00007ffb265a6000 	C:\WINDOWS\System32\sechost.dll
0x00007ffb265b0000 - 0x00007ffb266c8000 	C:\WINDOWS\System32\RPCRT4.dll
0x00007ffb26be0000 - 0x00007ffb26c54000 	C:\WINDOWS\System32\WS2_32.dll
0x00007ffb23c90000 - 0x00007ffb23cee000 	C:\WINDOWS\SYSTEM32\POWRPROF.dll
0x00007ffb15590000 - 0x00007ffb1559b000 	C:\WINDOWS\SYSTEM32\VERSION.dll
0x00007ffb1b130000 - 0x00007ffb1b165000 	C:\WINDOWS\SYSTEM32\WINMM.dll
0x00007ffb23c70000 - 0x00007ffb23c84000 	C:\WINDOWS\SYSTEM32\UMPDC.dll
0x00007ffb22be0000 - 0x00007ffb22bfb000 	C:\WINDOWS\SYSTEM32\kernel.appcore.dll
0x00007ffb0f0f0000 - 0x00007ffb0f0fa000 	C:\Users\sathwik\.jdks\openjdk-25.0.1\bin\jimage.dll
0x00007ffb215b0000 - 0x00007ffb217f2000 	C:\WINDOWS\SYSTEM32\DBGHELP.DLL
0x00007ffb26750000 - 0x00007ffb26ad6000 	C:\WINDOWS\System32\combase.dll
0x00007ffb259f0000 - 0x00007ffb25ac6000 	C:\WINDOWS\System32\OLEAUT32.dll
0x00007ffb070a0000 - 0x00007ffb070dc000 	C:\WINDOWS\SYSTEM32\dbgcore.DLL
0x00007ffb23e30000 - 0x00007ffb23ed5000 	C:\WINDOWS\System32\bcryptPrimitives.dll
0x00007ffb0f0e0000 - 0x00007ffb0f0f0000 	C:\Users\sathwik\.jdks\openjdk-25.0.1\bin\instrument.dll
0x00007ffb0f0c0000 - 0x00007ffb0f0df000 	C:\Users\sathwik\.jdks\openjdk-25.0.1\bin\java.dll
0x00007ffb251b0000 - 0x00007ffb25347000 	C:\WINDOWS\System32\ole32.dll
0x00007ffb25bb0000 - 0x00007ffb26303000 	C:\WINDOWS\System32\SHELL32.dll
0x00007ffb24790000 - 0x00007ffb248fa000 	C:\WINDOWS\System32\wintypes.dll
0x00007ffb21a50000 - 0x00007ffb222ae000 	C:\WINDOWS\SYSTEM32\windows.storage.dll
0x00007ffb26ae0000 - 0x00007ffb26bd5000 	C:\WINDOWS\System32\SHCORE.dll
0x00007ffb25140000 - 0x00007ffb251a6000 	C:\WINDOWS\System32\shlwapi.dll
0x00007ffb23d50000 - 0x00007ffb23d79000 	C:\WINDOWS\SYSTEM32\profapi.dll
0x00007ffb0f070000 - 0x00007ffb0f087000 	C:\Users\sathwik\.jdks\openjdk-25.0.1\bin\zip.dll
0x00007ffb0f000000 - 0x00007ffb0f012000 	C:\Users\sathwik\.jdks\openjdk-25.0.1\bin\net.dll
0x00007ffb23150000 - 0x00007ffb231bb000 	C:\WINDOWS\system32\mswsock.dll
0x00007ffb0efe0000 - 0x00007ffb0eff6000 	C:\Users\sathwik\.jdks\openjdk-25.0.1\bin\nio.dll
0x00007ffb0f0b0000 - 0x00007ffb0f0b9000 	C:\Users\sathwik\.jdks\openjdk-25.0.1\bin\extnet.dll
0x00007ffb0f040000 - 0x00007ffb0f04e000 	C:\Users\sathwik\.jdks\openjdk-25.0.1\bin\sunmscapi.dll
0x00007ffb24900000 - 0x00007ffb24a77000 	C:\WINDOWS\System32\CRYPT32.dll
0x00007ffb23630000 - 0x00007ffb23660000 	C:\WINDOWS\SYSTEM32\ncrypt.dll
0x00007ffb235e0000 - 0x00007ffb2361f000 	C:\WINDOWS\SYSTEM32\NTASN1.dll
0x00007ffb23410000 - 0x00007ffb2342b000 	C:\WINDOWS\SYSTEM32\CRYPTSP.dll
0x00007ffb22b40000 - 0x00007ffb22b7a000 	C:\WINDOWS\system32\rsaenh.dll
0x00007ffb23200000 - 0x00007ffb2322b000 	C:\WINDOWS\SYSTEM32\USERENV.dll
0x00007ffb23d20000 - 0x00007ffb23d4a000 	C:\WINDOWS\SYSTEM32\bcrypt.dll
0x00007ffb23430000 - 0x00007ffb2343c000 	C:\WINDOWS\SYSTEM32\CRYPTBASE.dll
0x00007ffb22640000 - 0x00007ffb22674000 	C:\WINDOWS\SYSTEM32\IPHLPAPI.DLL
0x00007ffb256c0000 - 0x00007ffb256ca000 	C:\WINDOWS\System32\NSI.dll
0x00007ffb0efd0000 - 0x00007ffb0efda000 	C:\Users\sathwik\.jdks\openjdk-25.0.1\bin\management.dll
0x00007ffb0efa0000 - 0x00007ffb0efac000 	C:\Users\sathwik\.jdks\openjdk-25.0.1\bin\management_ext.dll
0x00007ffb24a80000 - 0x00007ffb24a88000 	C:\WINDOWS\System32\PSAPI.DLL
0x00007ffb0ef90000 - 0x00007ffb0efa0000 	C:\Users\sathwik\.jdks\openjdk-25.0.1\bin\verify.dll
0x00007ffb226e0000 - 0x00007ffb2280c000 	C:\WINDOWS\SYSTEM32\DNSAPI.dll
0x00007ffb1a8c0000 - 0x00007ffb1a8cb000 	C:\Windows\System32\rasadhlp.dll
0x00007ffb1ddd0000 - 0x00007ffb1de56000 	C:\WINDOWS\System32\fwpuclnt.dll
0x00007ffb0d1c0000 - 0x00007ffb0d1c8000 	C:\WINDOWS\system32\wshunix.dll

JVMTI agents:
C:\Program Files\JetBrains\IntelliJ IDEA Community Edition 2025.1.1.1\lib\idea_rt.jar path:C:\Users\sathwik\.jdks\openjdk-25.0.1\bin\instrument.dll, loaded, initialized, instrumentlib options:64669

dbghelp: loaded successfully - version: 4.0.5 - missing functions: none
symbol engine: initialized successfully - sym options: 0x614 - pdb path: .;C:\Users\sathwik\.jdks\openjdk-25.0.1\bin;C:\WINDOWS\SYSTEM32;C:\WINDOWS\WinSxS\amd64_microsoft.windows.common-controls_6595b64144ccf1df_6.0.26100.7309_none_3e05feeae336a044;C:\Users\sathwik\.jdks\openjdk-25.0.1\bin\server

VM Arguments:
jvm_args: -javaagent:C:\Program Files\JetBrains\IntelliJ IDEA Community Edition 2025.1.1.1\lib\idea_rt.jar=64669 -Dfile.encoding=UTF-8 -Dsun.stdout.encoding=UTF-8 -Dsun.stderr.encoding=UTF-8 
java_command: com.example.ecommerce.EcommerceApplication
java_class_path (initial): C:\Users\sathwik\Downloads\ecommerce\ecommerce\target\classes;C:\Users\sathwik\.m2\repository\org\springframework\boot\spring-boot-starter-web\3.2.5\spring-boot-starter-web-3.2.5.jar;C:\Users\sathwik\.m2\repository\org\springframework\boot\spring-boot-starter\3.2.5\spring-boot-starter-3.2.5.jar;C:\Users\sathwik\.m2\repository\org\springframework\boot\spring-boot\3.2.5\spring-boot-3.2.5.jar;C:\Users\sathwik\.m2\repository\org\springframework\boot\spring-boot-autoconfigure\3.2.5\spring-boot-autoconfigure-3.2.5.jar;C:\Users\sathwik\.m2\repository\org\springframework\boot\spring-boot-starter-logging\3.2.5\spring-boot-starter-logging-3.2.5.jar;C:\Users\sathwik\.m2\repository\ch\qos\logback\logback-classic\1.4.14\logback-classic-1.4.14.jar;C:\Users\sathwik\.m2\repository\ch\qos\logback\logback-core\1.4.14\logback-core-1.4.14.jar;C:\Users\sathwik\.m2\repository\org\apache\logging\log4j\log4j-to-slf4j\2.21.1\log4j-to-slf4j-2.21.1.jar;C:\Users\sathwik\.m2\repository\org\apache\logging\log4j\log4j-api\2.21.1\log4j-api-2.21.1.jar;C:\Users\sathwik\.m2\repository\org\slf4j\jul-to-slf4j\2.0.13\jul-to-slf4j-2.0.13.jar;C:\Users\sathwik\.m2\repository\jakarta\annotation\jakarta.annotation-api\2.1.1\jakarta.annotation-api-2.1.1.jar;C:\Users\sathwik\.m2\repository\org\yaml\snakeyaml\2.2\snakeyaml-2.2.jar;C:\Users\sathwik\.m2\repository\org\springframework\boot\spring-boot-starter-json\3.2.5\spring-boot-starter-json-3.2.5.jar;C:\Users\sathwik\.m2\repository\com\fasterxml\jackson\datatype\jackson-datatype-jdk8\2.15.4\jackson-datatype-jdk8-2.15.4.jar;C:\Users\sathwik\.m2\repository\com\fasterxml\jackson\datatype\jackson-datatype-jsr310\2.15.4\jackson-datatype-jsr310-2.15.4.jar;C:\Users\sathwik\.m2\repository\com\fasterxml\jackson\module\jackson-module-parameter-names\2.15.4\jackson-module-parameter-names-2.15.4.jar;C:\Users\sathwik\.m2\repository\org\springframework\boot\spring-boot-starter-tomcat\3.2.5\spring-boot-starter-tomcat-3.2.5.jar;C:\Users\sathwik\.m2\repository\org\apache\tomcat\embed\tomcat-embed-core\10.1.20\tomcat-embed-core-10.1.20.jar;C:\Users\sathwik\.m2\repository\org\apache\tomcat\embed\tomcat-embed-websocket\10.1.20\tomcat-embed-websocket-10.1.20.jar;C:\Users\sathwik\.m2\repository\org\springframework\spring-web\6.1.6\spring-web-6.1.6.jar;C:\Users\sathwik\.m2\repository\org\springframework\spring-beans\6.1.6\spring-beans-6.1.6.jar;C:\Users\sathwik\.m2\repository\io\micrometer\micrometer-observation\1.12.5\micrometer-observation-1.12.5.jar;C:\Users\sathwik\.m2\repository\io\micrometer\micrometer-commons\1.12.5\micrometer-commons-1.12.5.jar;C:\Users\sathwik\.m2\repository\org\springframework\spring-webmvc\6.1.6\spring-webmvc-6.1.6.jar;C:\Users\sathwik\.m2\repository\org\springframework\spring-context\6.1.6\spring-context-6.1.6.jar;C:\Users\sathwik\.m2\repository\org\springframework\spring-expression\6.1.6\spring-expression-6.1.6.jar;C:\Users\sathwik\.m2\repository\org\springframework\boot\spring-boot-starter-data-jpa\3.2.5\spring-boot-starter-data-jpa-3.2.5.jar;C:\Users\sathwik\.m2\repository\org\springframework\boot\spring-boot-starter-aop\3.2.5\spring-boot-starter-aop-3.2.5.jar;C:\Users\sathwik\.m2\repository\org\aspectj\aspectjweaver\1.9.22\aspectjweaver-1.9.22.jar;C:\Users\sathwik\.m2\repository\org\springframework\boot\spring-boot-starter-jdbc\3.2.5\spring-boot-starter-jdbc-3.2.5.jar;C:\Users\sathwik\.m2\repository\com\zaxxer\HikariCP\5.0.1\HikariCP-5.0.1.jar;C:\Users\sathwik\.m2\repository\org\springframework\spring-jdbc\6.1.6\spring-jdbc-6.1.6.jar;C:\Users\sathwik\.m2\repository\org\hibernate\orm\hibernate-core\6.4.4.Final\hibernate-core-6.4.4.Final.jar;C:\Users\sathwik\.m2\repository\jakarta\persistence\jakarta.persistence-api\3.1.0\jakarta.persistence-api-3.1.0.jar;C:\Users\sathwik\.m2\repository\jakarta\transaction\jakarta.transaction-api\2.0.1\jakarta.transaction-api-2.0.1.jar;C:\Users\sathwik\.m2\repository\org\jboss\logging\jboss-logging\3.5.3.Final\jboss-logging-3.5.3.Final.jar;C:\Users\sathwik\.m2\repository\org\hibernate\common\hibernate-commons-annotations\6.0.6.Final\hibernate-commons-annotations-6.0.6.Final.jar;C:\Users\sathwik\.m2\repository\io\smallrye\jandex\3.1.2\jandex-3.1.2.jar;C:\Users\sathwik\.m2\repository\com\fasterxml\classmate\1.6.0\classmate-1.6.0.jar;C:\Users\sathwik\.m2\repository\net\bytebuddy\byte-buddy\1.14.13\byte-buddy-1.14.13.jar;C:\Users\sathwik\.m2\repository\org\glassfish\jaxb\jaxb-runtime\4.0.5\jaxb-runtime-4.0.5.jar;C:\Users\sathwik\.m2\repository\org\glassfish\jaxb\jaxb-core\4.0.5\jaxb-core-4.0.5.jar;C:\Users\sathwik\.m2\repository\org\eclipse\angus\angus-activation\2.0.2\angus-activation-2.0.2.jar;C:\Users\sathwik\.m2\repository\org\glassfish\jaxb\txw2\4.0.5\txw2-4.0.5.jar;C:\Users\sathwik\.m2\repository\com\sun\istack\istack-commons-runtime\4.1.2\istack-commons-runtime-4.1.2.jar;C:\Users\sathwik\.m2\repository\jakarta\inject\jakarta.inject-api\2.0.1\jakarta.inject-api-2.0.1.jar;C:\Users\sathwik\.m2\repository\org\antlr\antlr4-runtime\4.13.0\antlr4-runtime-4.13.0.jar;C:\Users\sathwik\.m2\repository\org\springframework\data\spring-data-jpa\3.2.5\spring-data-jpa-3.2.5.jar;C:\Users\sathwik\.m2\repository\org\springframework\data\spring-data-commons\3.2.5\spring-data-commons-3.2.5.jar;C:\Users\sathwik\.m2\repository\org\springframework\spring-orm\6.1.6\spring-orm-6.1.6.jar;C:\Users\sathwik\.m2\repository\org\springframework\spring-tx\6.1.6\spring-tx-6.1.6.jar;C:\Users\sathwik\.m2\repository\org\slf4j\slf4j-api\2.0.13\slf4j-api-2.0.13.jar;C:\Users\sathwik\.m2\repository\org\springframework\spring-aspects\6.1.6\spring-aspects-6.1.6.jar;C:\Users\sathwik\.m2\repository\org\springframework\boot\spring-boot-starter-security\3.2.5\spring-boot-starter-security-3.2.5.jar;C:\Users\sathwik\.m2\repository\org\springframework\spring-aop\6.1.6\spring-aop-6.1.6.jar;C:\Users\sathwik\.m2\repository\org\springframework\security\spring-security-config\6.2.4\spring-security-config-6.2.4.jar;C:\Users\sathwik\.m2\repository\org\springframework\security\spring-security-core\6.2.4\spring-security-core-6.2.4.jar;C:\Users\sathwik\.m2\repository\org\springframework\security\spring-security-crypto\6.2.4\spring-security-crypto-6.2.4.jar;C:\Users\sathwik\.m2\repository\org\springframework\security\spring-security-web\6.2.4\spring-security-web-6.2.4.jar;C:\Users\sathwik\.m2\repository\com\mysql\mysql-connector-j\8.3.0\mysql-connector-j-8.3.0.jar;C:\Users\sathwik\.m2\repository\io\jsonwebtoken\jjwt-api\0.11.5\jjwt-api-0.11.5.jar;C:\Users\sathwik\.m2\repository\io\jsonwebtoken\jjwt-impl\0.11.5\jjwt-impl-0.11.5.jar;C:\Users\sathwik\.m2\repository\io\jsonwebtoken\jjwt-jackson\0.11.5\jjwt-jackson-0.11.5.jar;C:\Users\sathwik\.m2\repository\com\fasterxml\jackson\core\jackson-databind\2.15.4\jackson-databind-2.15.4.jar;C:\Users\sathwik\.m2\repository\com\fasterxml\jackson\core\jackson-annotations\2.15.4\jackson-annotations-2.15.4.jar;C:\Users\sathwik\.m2\repository\com\fasterxml\jackson\core\jackson-core\2.15.4\jackson-core-2.15.4.jar;C:\Users\sathwik\.m2\repository\org\projectlombok\lombok\1.18.32\lombok-1.18.32.jar;C:\Users\sathwik\.m2\repository\org\springframework\boot\spring-boot-starter-validation\3.2.5\spring-boot-starter-validation-3.2.5.jar;C:\Users\sathwik\.m2\repository\org\apache\tomcat\embed\tomcat-embed-el\10.1.20\tomcat-embed-el-10.1.20.jar;C:\Users\sathwik\.m2\repository\org\hibernate\validator\hibernate-validator\8.0.1.Final\hibernate-validator-8.0.1.Final.jar;C:\Users\sathwik\.m2\repository\jakarta\validation\jakarta.validation-api\3.0.2\jakarta.validation-api-3.0.2.jar;C:\Users\sathwik\.m2\repository\jakarta\xml\bind\jakarta.xml.bind-api\4.0.2\jakarta.xml.bind-api-4.0.2.jar;C:\Users\sathwik\.m2\repository\jakarta\activation\jakarta.activation-api\2.1.3\jakarta.activation-api-2.1.3.jar;C:\Users\sathwik\.m2\repository\org\springframework\spring-core\6.1.6\spring-core-6.1.6.jar;C:\Users\sathwik\.m2\repository\org\springframework\spring-jcl\6.1.6\spring-jcl-6.1.6.jar
Launcher Type: SUN_STANDARD

[Global flags]
     intx CICompilerCount                          = 3                                         {product} {ergonomic}
     uint ConcGCThreads                            = 1                                         {product} {ergonomic}
     uint G1ConcRefinementThreads                  = 4                                         {product} {ergonomic}
   size_t G1HeapRegionSize                         = 1048576                                   {product} {ergonomic}
   size_t InitialHeapSize                          = 62914560                                  {product} {ergonomic}
   size_t MarkStackSize                            = 4194304                                   {product} {ergonomic}
   size_t MarkStackSizeMax                         = 536870912                                 {product} {ergonomic}
   size_t MaxHeapSize                              = 994050048                                 {product} {ergonomic}
   size_t MaxNewSize                               = 595591168                                 {product} {ergonomic}
   size_t MinHeapDeltaBytes                        = 1048576                                   {product} {ergonomic}
   size_t MinHeapSize                              = 8388608                                   {product} {ergonomic}
    uintx NonNMethodCodeHeapSize                   = 5832704                                {pd product} {ergonomic}
    uintx NonProfiledCodeHeapSize                  = 122945536                              {pd product} {ergonomic}
    uintx ProfiledCodeHeapSize                     = 122880000                              {pd product} {ergonomic}
    uintx ReservedCodeCacheSize                    = 251658240                              {pd product} {ergonomic}
     bool SegmentedCodeCache                       = true                                      {product} {ergonomic}
   size_t SoftMaxHeapSize                          = 994050048                              {manageable} {ergonomic}
     bool UseCompressedOops                        = true                           {product lp64_product} {ergonomic}
     bool UseG1GC                                  = true                                      {product} {ergonomic}
     bool UseLargePagesIndividualAllocation        = false                                  {pd product} {ergonomic}

Logging:
Log output configuration:
 #0: stdout all=warning uptime,level,tags foldmultilines=false
 #1: stderr all=off uptime,level,tags foldmultilines=false

Release file:
IMPLEMENTOR="Oracle Corporation" 
JAVA_RUNTIME_VERSION="25.0.1+8-27" 
JAVA_VERSION="25.0.1" 
JAVA_VERSION_DATE="2025-10-21" 
LIBC="default" 
MODULES="java.base java.compiler java.datatransfer java.xml java.prefs java.desktop java.instrument java.logging java.management java.security.sasl java.naming java.rmi java.management.rmi java.net.http java.scripting java.security.jgss java.transaction.xa java.sql java.sql.rowset java.xml.crypto java.se java.smartcardio jdk.accessibility jdk.internal.jvmstat jdk.attach jdk.charsets jdk.internal.opt jdk.zipfs jdk.compiler jdk.crypto.cryptoki jdk.crypto.ec jdk.crypto.mscapi jdk.dynalink jdk.internal.ed jdk.editpad jdk.internal.vm.ci jdk.graal.compiler jdk.graal.compiler.management jdk.hotspot.agent jdk.httpserver jdk.incubator.vector jdk.internal.le jdk.internal.md jdk.jartool jdk.javadoc jdk.jcmd jdk.management jdk.management.agent jdk.jconsole jdk.jdeps jdk.jdwp.agent jdk.jdi jdk.jfr jdk.jlink jdk.jpackage jdk.jshell jdk.jsobject jdk.jstatd jdk.localedata jdk.management.jfr jdk.naming.dns jdk.naming.rmi jdk.net jdk.nio.mapmode jdk.sctp jdk.security.auth jdk.security.jgss jdk.unsupported jdk.unsupported.desktop jdk.xml.dom" 
OS_ARCH="x86_64" 
OS_NAME="Windows" 
SOURCE=".:git:78770bfaefd2" 

Environment Variables:
JAVA_HOME=C:\Users\sathwik\AppData\Local\Programs\Eclipse Adoptium\jdk-17.0.5.8-hotspot\
CLASSPATH=C:\mysql-connector-j-9.4.0.jar
PATH=C:\Program Files\Eclipse Adoptium\jdk-17.0.17.10-hotspot\bin;C:\Program Files\Common Files\Oracle\Java\javapath;C:\Users\sathwik\OneDrive\Documents\javalabcs131;C:\WINDOWS\system32;C:\WINDOWS;C:\WINDOWS\System32\Wbem;C:\WINDOWS\System32\WindowsPowerShell\v1.0\;C:\WINDOWS\System32\OpenSSH\;C:\Program Files\Java\jdk-19\bin;C:\Program Files\Git\cmd;C:\Program Files\Java\jdk-24\bin\;C:\Program Files (x86)\Microsoft SQL Server\160\Tools\Binn\;C:\Program Files\Microsoft SQL Server\160\Tools\Binn\;C:\Program Files\Microsoft SQL Server\Client SDK\ODBC\170\Tools\Binn\;C:\Program Files\Microsoft SQL Server\160\DTS\Binn\;C:\Program Files (x86)\Microsoft SQL Server\160\DTS\Binn\;C:\Program Files\nodejs\;C:\Users\sathwik\Downloads\apache-maven-3.9.11-bin.zip\bin;C:\Program Files\MySQL\MySQL Shell 8.4\bin\;C:\Program Files\MySQL\MySQL Shell 8.4\bin\;C:\Users\sathwik\OneDrive\Documents\javalabcs131;C:\Users\sathwik\AppData\Local\Microsoft\WindowsApps;C:\Users\sathwik\AppData\Local\Programs\Microsoft VS Code\bin;C:\Users\sathwik\AppData\Roaming\npm;C:\Program Files\apache-maven-3.9.11\bin;C:\Program Files\apache-maven-3.9.11\bin;C:\Users\sathwik\AppData\Local\Programs\Antigravity\bin
USERNAME=sathwik
OS=Windows_NT
PROCESSOR_IDENTIFIER=Intel64 Family 6 Model 140 Stepping 1, GenuineIntel
TMP=C:\Users\sathwik\AppData\Local\Temp
TEMP=C:\Users\sathwik\AppData\Local\Temp




Compilation memory statistics disabled.

Periodic native trim disabled

---------------  S Y S T E M  ---------------

OS:
 Windows 11 , 64 bit Build 26100 (10.0.26100.7623)
OS uptime: 0 days 2:14 hours

CPU: total 4 (initial active 4) (2 cores per cpu, 2 threads per core) family 6 model 140 stepping 1 microcode 0x86, cx8, cmov, fxsr, ht, mmx, 3dnowpref, sse, sse2, sse3, ssse3, sse4.1, sse4.2, popcnt, lzcnt, tsc, tscinvbit, avx, avx2, aes, erms, clmul, bmi1, bmi2, adx, avx512f, avx512dq, avx512cd, avx512bw, avx512vl, sha, fma, vzeroupper, avx512_vpopcntdq, avx512_vpclmulqdq, avx512_vaes, avx512_vnni, clflush, clflushopt, clwb, avx512_vbmi2, avx512_vbmi, rdtscp, rdpid, fsrm, gfni, avx512_bitalg, f16c, pku, cet_ibt, cet_ss, avx512_ifma
Processor Information for the first 4 processors :
  Max Mhz: 2995, Current Mhz: 2995, Mhz Limit: 2995

Memory: 4k page, system-wide physical 3790M (141M free)
TotalPageFile size 15566M (AvailPageFile size 0M)
current process WorkingSet (physical memory assigned to process): 27M, peak: 235M
current process commit charge ("private bytes"): 269M, peak: 301M

vm_info: OpenJDK 64-Bit Server VM (25.0.1+8-27) for windows-amd64 JRE (25.0.1+8-27), built on 2025-09-25T16:41:16Z with unknown MS VC++:1943

END.
