#
# There is insufficient memory for the Java Runtime Environment to continue.
# Native memory allocation (malloc) failed to allocate 1276312 bytes. Error detail: Chunk::new
# Possible reasons:
#   The system is out of physical RAM or swap space
#   This process is running with CompressedOops enabled, and the Java Heap may be blocking the growth of the native heap
# Possible solutions:
#   Reduce memory load on the system
#   Increase physical memory or swap space
#   Check if swap backing store is full
#   Decrease Java heap size (-Xmx/-Xms)
#   Decrease number of Java threads
#   Decrease Java thread stack sizes (-Xss)
#   Set larger code cache with -XX:ReservedCodeCacheSize=
#   JVM is running with Unscaled Compressed Oops mode in which the Java heap is
#     placed in the first 4GB address space. The Java Heap base address is the
#     maximum limit for the native heap growth. Please use -XX:HeapBaseMinAddress
#     to set the Java Heap base and to place the Java Heap above 4GB virtual address.
# This output file may be truncated or incomplete.
#
#  Out of Memory Error (arena.cpp:186), pid=6768, tid=5864
#
# JRE version: OpenJDK Runtime Environment (25.0.1+8) (build 25.0.1+8-27)
# Java VM: OpenJDK 64-Bit Server VM (25.0.1+8-27, mixed mode, sharing, tiered, compressed oops, compressed class ptrs, g1 gc, windows-amd64)
# No core dump will be written. Minidumps are not enabled by default on client versions of Windows
#

---------------  S U M M A R Y ------------

Command Line: -javaagent:C:\Program Files\JetBrains\IntelliJ IDEA Community Edition 2025.1.1.1\lib\idea_rt.jar=62756 -Dfile.encoding=UTF-8 -Dsun.stdout.encoding=UTF-8 -Dsun.stderr.encoding=UTF-8 com.example.ecommerce.EcommerceApplication

Host: 11th Gen Intel(R) Core(TM) i3-1115G4 @ 3.00GHz, 4 cores, 3G,  Windows 11 , 64 bit Build 26100 (10.0.26100.7623)
Time: Mon Jan 19 11:50:48 2026 India Standard Time elapsed time: 34.007905 seconds (0d 0h 0m 34s)

---------------  T H R E A D  ---------------

Current thread (0x0000022359b22f50):  JavaThread "C2 CompilerThread0" daemon [_thread_in_native, id=5864, stack(0x000000c97d000000,0x000000c97d100000) (1024K)]


Current CompileTask:
C2:34008 6131       4       java.util.Collections$SetFromMap::add (22 bytes)

Stack: [0x000000c97d000000,0x000000c97d100000]
Native frames: (J=compiled Java code, j=interpreted, Vv=VM code, C=native code)
V  [jvm.dll+0x7a6b59]  (no source info available)
V  [jvm.dll+0x77290d]  (no source info available)
V  [jvm.dll+0x966153]  (no source info available)
V  [jvm.dll+0x968751]  (no source info available)
V  [jvm.dll+0x968e53]  (no source info available)
V  [jvm.dll+0x2fc756]  (no source info available)
V  [jvm.dll+0x111b26]  (no source info available)
V  [jvm.dll+0x111e4e]  (no source info available)
V  [jvm.dll+0x1a0a22]  (no source info available)
V  [jvm.dll+0x3b53c2]  (no source info available)
V  [jvm.dll+0x7ac4ef]  (no source info available)
V  [jvm.dll+0x2c0ac7]  (no source info available)
V  [jvm.dll+0x2bfa8f]  (no source info available)
V  [jvm.dll+0x237b60]  (no source info available)
V  [jvm.dll+0x2cfb56]  (no source info available)
V  [jvm.dll+0x2cddd5]  (no source info available)
V  [jvm.dll+0x48e6d1]  (no source info available)
V  [jvm.dll+0x906a0d]  (no source info available)
V  [jvm.dll+0x7a5135]  (no source info available)
C  [ucrtbase.dll+0x37b0]  (no source info available)
C  [KERNEL32.DLL+0x2e8d7]  (no source info available)
C  [ntdll.dll+0x8c53c]  (no source info available)

Lock stack of current Java thread (top to bottom):


---------------  P R O C E S S  ---------------

Threads class SMR info:
_java_thread_list=0x000002235f5bec60, length=15, elements={
0x000002233eab92e0, 0x000002233eb5b000, 0x000002233eb5cea0, 0x0000022359b1e7c0,
0x0000022359b1ef90, 0x0000022359b216a0, 0x0000022359b1f760, 0x0000022359b22f50,
0x0000022359b25b70, 0x0000022359b1ff30, 0x000002235e063050, 0x000002235e060170,
0x000002235e066700, 0x0000022359b1dff0, 0x0000022360333f40
}

Java Threads: ( => current thread )
  0x000002233eab92e0 JavaThread "main"                              [_thread_in_vm, id=18604, stack(0x000000c97c200000,0x000000c97c300000) (1024K)]
  0x000002233eb5b000 JavaThread "Reference Handler"          daemon [_thread_blocked, id=18180, stack(0x000000c97ca00000,0x000000c97cb00000) (1024K)]
  0x000002233eb5cea0 JavaThread "Finalizer"                  daemon [_thread_blocked, id=15236, stack(0x000000c97cb00000,0x000000c97cc00000) (1024K)]
  0x0000022359b1e7c0 JavaThread "Signal Dispatcher"          daemon [_thread_blocked, id=18088, stack(0x000000c97cc00000,0x000000c97cd00000) (1024K)]
  0x0000022359b1ef90 JavaThread "Attach Listener"            daemon [_thread_blocked, id=19120, stack(0x000000c97cd00000,0x000000c97ce00000) (1024K)]
  0x0000022359b216a0 JavaThread "Service Thread"             daemon [_thread_blocked, id=4944, stack(0x000000c97ce00000,0x000000c97cf00000) (1024K)]
  0x0000022359b1f760 JavaThread "Monitor Deflation Thread"   daemon [_thread_blocked, id=13440, stack(0x000000c97cf00000,0x000000c97d000000) (1024K)]
=>0x0000022359b22f50 JavaThread "C2 CompilerThread0"         daemon [_thread_in_native, id=5864, stack(0x000000c97d000000,0x000000c97d100000) (1024K)]
  0x0000022359b25b70 JavaThread "C1 CompilerThread0"         daemon [_thread_blocked, id=14056, stack(0x000000c97d100000,0x000000c97d200000) (1024K)]
  0x0000022359b1ff30 JavaThread "Common-Cleaner"             daemon [_thread_blocked, id=7312, stack(0x000000c97d200000,0x000000c97d300000) (1024K)]
  0x000002235e063050 JavaThread "Monitor Ctrl-Break"         daemon [_thread_in_native, id=12912, stack(0x000000c97d300000,0x000000c97d400000) (1024K)]
  0x000002235e060170 JavaThread "Notification Thread"        daemon [_thread_blocked, id=18804, stack(0x000000c97d400000,0x000000c97d500000) (1024K)]
  0x000002235e066700 JavaThread "mysql-cj-abandoned-connection-cleanup" daemon [_thread_blocked, id=18292, stack(0x000000c97d700000,0x000000c97d800000) (1024K)]
  0x0000022359b1dff0 JavaThread "HikariPool-1:housekeeper"   daemon [_thread_blocked, id=19668, stack(0x000000c97da00000,0x000000c97db00000) (1024K)]
  0x0000022360333f40 JavaThread "HikariPool-1:connection-adder" daemon [_thread_blocked, id=19676, stack(0x000000c97db00000,0x000000c97dc00000) (1024K)]
Total: 15

Other Threads:
  0x000002233eb4cc90 VMThread "VM Thread"                           [id=9836, stack(0x000000c97c900000,0x000000c97ca00000) (1024K)]
  0x000002233eb3e9b0 WatcherThread "VM Periodic Task Thread"        [id=14960, stack(0x000000c97c800000,0x000000c97c900000) (1024K)]
  0x000002233eaf0c20 WorkerThread "GC Thread#0"                     [id=17488, stack(0x000000c97c300000,0x000000c97c400000) (1024K)]
  0x000002235e4ee590 WorkerThread "GC Thread#1"                     [id=9108, stack(0x000000c97d500000,0x000000c97d600000) (1024K)]
  0x000002235e5097a0 WorkerThread "GC Thread#2"                     [id=19196, stack(0x000000c97d600000,0x000000c97d700000) (1024K)]
  0x000002235e20cfe0 WorkerThread "GC Thread#3"                     [id=19712, stack(0x000000c97d800000,0x000000c97d900000) (1024K)]
  0x000002233eafe540 ConcurrentGCThread "G1 Main Marker"            [id=11956, stack(0x000000c97c400000,0x000000c97c500000) (1024K)]
  0x000002233eafffd0 WorkerThread "G1 Conc#0"                       [id=19324, stack(0x000000c97c500000,0x000000c97c600000) (1024K)]
  0x000002233eb293d0 ConcurrentGCThread "G1 Refine#0"               [id=18080, stack(0x000000c97c600000,0x000000c97c700000) (1024K)]
  0x000002233eb29fe0 ConcurrentGCThread "G1 Service"                [id=18608, stack(0x000000c97c700000,0x000000c97c800000) (1024K)]
Total: 10

Threads with active compile tasks:
C2 CompilerThread0  34312 6131       4       java.util.Collections$SetFromMap::add (22 bytes)
Total: 1

VM state: not at safepoint (normal execution)

VM Mutex/Monitor currently owned by a thread: None

Heap address: 0x00000000c4c00000, size: 948 MB, Compressed Oops mode: 32-bit

CDS archive(s) mapped at: [0x000000000e000000-0x000000000edd0000-0x000000000edd0000), size 14483456, SharedBaseAddress: 0x000000000e000000, ArchiveRelocationMode: 1.
Compressed class space mapped at: 0x000000000f000000-0x000000004f000000, reserved size: 1073741824
UseCompressedClassPointers 1, UseCompactObjectHeaders 0
Narrow klass pointer bits 32, Max shift 3
Narrow klass base: 0x000000000e000000, Narrow klass shift: 0
Encoding Range: [0x000000000e000000 - 0x000000010e000000), (4294967296 bytes)
Klass Range:    [0x000000000e010000 - 0x000000004f000000), (1090453504 bytes)
Klass ID Range:  [65536 - 1090519033) (1090453497)
Protection zone: [0x000000000e000000 - 0x000000000e010000), (65536 bytes)

GC Precious Log:
 CardTable entry size: 512
 Card Set container configuration: InlinePtr #cards 5 size 8 Array Of Cards #cards 10 size 36 Howl #buckets 4 coarsen threshold 1843 Howl Bitmap #cards 512 size 80 coarsen threshold 460 Card regions per heap region 1 cards per card region 2048
 CPUs: 4 total, 4 available
 Memory: 3790M
 Large Page Support: Disabled
 NUMA Support: Disabled
 Compressed Oops: Enabled (32-bit)
 Heap Region Size: 1M
 Heap Min Capacity: 8M
 Heap Initial Capacity: 60M
 Heap Max Capacity: 948M
 Pre-touch: Disabled
 Parallel Workers: 4
 Concurrent Workers: 1
 Concurrent Refinement Workers: 4
 Periodic GC: Disabled

Heap:
 garbage-first heap   total reserved 970752K, committed 58368K, used 41231K [0x00000000c4c00000, 0x0000000100000000)
  region size 1024K, 19 young (19456K), 2 survivors (2048K)

Heap Regions: E=young(eden), S=young(survivor), O=old, HS=humongous(starts), HC=humongous(continues), CS=collection set, F=free, TAMS=top-at-mark-start, PB=parsable bottom
|   0|0x00000000c4c00000, 0x00000000c4d00000, 0x00000000c4d00000|100%|HS|  |TAMS 0x00000000c4c00000| PB 0x00000000c4c00000| Complete |  0
|   1|0x00000000c4d00000, 0x00000000c4e00000, 0x00000000c4e00000|100%|HS|  |TAMS 0x00000000c4d00000| PB 0x00000000c4d00000| Complete |  0
|   2|0x00000000c4e00000, 0x00000000c4f00000, 0x00000000c4f00000|100%| O|  |TAMS 0x00000000c4e00000| PB 0x00000000c4e00000| Untracked |  0
|   3|0x00000000c4f00000, 0x00000000c5000000, 0x00000000c5000000|100%| O|  |TAMS 0x00000000c4f00000| PB 0x00000000c4f00000| Untracked |  0
|   4|0x00000000c5000000, 0x00000000c5100000, 0x00000000c5100000|100%| O|  |TAMS 0x00000000c5000000| PB 0x00000000c5000000| Untracked |  0
|   5|0x00000000c5100000, 0x00000000c5200000, 0x00000000c5200000|100%| O|  |TAMS 0x00000000c5100000| PB 0x00000000c5100000| Untracked |  0
|   6|0x00000000c5200000, 0x00000000c5300000, 0x00000000c5300000|100%| O|  |TAMS 0x00000000c5200000| PB 0x00000000c5200000| Untracked |  0
|   7|0x00000000c5300000, 0x00000000c5400000, 0x00000000c5400000|100%| O|  |TAMS 0x00000000c5300000| PB 0x00000000c5300000| Untracked |  0
|   8|0x00000000c5400000, 0x00000000c5500000, 0x00000000c5500000|100%| O|  |TAMS 0x00000000c5400000| PB 0x00000000c5400000| Untracked |  0
|   9|0x00000000c5500000, 0x00000000c5600000, 0x00000000c5600000|100%| O|  |TAMS 0x00000000c5500000| PB 0x00000000c5500000| Untracked |  0
|  10|0x00000000c5600000, 0x00000000c5700000, 0x00000000c5700000|100%| O|  |TAMS 0x00000000c5600000| PB 0x00000000c5600000| Untracked |  0
|  11|0x00000000c5700000, 0x00000000c5800000, 0x00000000c5800000|100%| O|  |TAMS 0x00000000c5700000| PB 0x00000000c5700000| Untracked |  0
|  12|0x00000000c5800000, 0x00000000c5800000, 0x00000000c5900000|  0%| F|  |TAMS 0x00000000c5800000| PB 0x00000000c5800000| Untracked |  0
|  13|0x00000000c5900000, 0x00000000c5a00000, 0x00000000c5a00000|100%| O|  |TAMS 0x00000000c5900000| PB 0x00000000c5900000| Untracked |  0
|  14|0x00000000c5a00000, 0x00000000c5b00000, 0x00000000c5b00000|100%| O|  |TAMS 0x00000000c5a00000| PB 0x00000000c5a00000| Untracked |  0
|  15|0x00000000c5b00000, 0x00000000c5c00000, 0x00000000c5c00000|100%| O|  |TAMS 0x00000000c5b00000| PB 0x00000000c5b00000| Untracked |  0
|  16|0x00000000c5c00000, 0x00000000c5d00000, 0x00000000c5d00000|100%| O|  |TAMS 0x00000000c5c00000| PB 0x00000000c5c00000| Untracked |  0
|  17|0x00000000c5d00000, 0x00000000c5e00000, 0x00000000c5e00000|100%| O|  |TAMS 0x00000000c5d00000| PB 0x00000000c5d00000| Untracked |  0
|  18|0x00000000c5e00000, 0x00000000c5f00000, 0x00000000c5f00000|100%| O|  |TAMS 0x00000000c5e00000| PB 0x00000000c5e00000| Untracked |  0
|  19|0x00000000c5f00000, 0x00000000c6000000, 0x00000000c6000000|100%| O|  |TAMS 0x00000000c5f00000| PB 0x00000000c5f00000| Untracked |  0
|  20|0x00000000c6000000, 0x00000000c6100000, 0x00000000c6100000|100%| O|  |TAMS 0x00000000c6000000| PB 0x00000000c6000000| Untracked |  0
|  21|0x00000000c6100000, 0x00000000c6200000, 0x00000000c6200000|100%| O|  |TAMS 0x00000000c6100000| PB 0x00000000c6100000| Untracked |  0
|  22|0x00000000c6200000, 0x00000000c6300000, 0x00000000c6300000|100%| O|  |TAMS 0x00000000c6200000| PB 0x00000000c6200000| Untracked |  0
|  23|0x00000000c6300000, 0x00000000c63add60, 0x00000000c6400000| 67%| O|  |TAMS 0x00000000c6300000| PB 0x00000000c6300000| Untracked |  0
|  24|0x00000000c6400000, 0x00000000c6400000, 0x00000000c6500000|  0%| F|  |TAMS 0x00000000c6400000| PB 0x00000000c6400000| Untracked |  0
|  25|0x00000000c6500000, 0x00000000c6500000, 0x00000000c6600000|  0%| F|  |TAMS 0x00000000c6500000| PB 0x00000000c6500000| Untracked |  0
|  26|0x00000000c6600000, 0x00000000c6600000, 0x00000000c6700000|  0%| F|  |TAMS 0x00000000c6600000| PB 0x00000000c6600000| Untracked |  0
|  27|0x00000000c6700000, 0x00000000c6700000, 0x00000000c6800000|  0%| F|  |TAMS 0x00000000c6700000| PB 0x00000000c6700000| Untracked |  0
|  28|0x00000000c6800000, 0x00000000c6800000, 0x00000000c6900000|  0%| F|  |TAMS 0x00000000c6800000| PB 0x00000000c6800000| Untracked |  0
|  29|0x00000000c6900000, 0x00000000c6900000, 0x00000000c6a00000|  0%| F|  |TAMS 0x00000000c6900000| PB 0x00000000c6900000| Untracked |  0
|  30|0x00000000c6a00000, 0x00000000c6a00000, 0x00000000c6b00000|  0%| F|  |TAMS 0x00000000c6a00000| PB 0x00000000c6a00000| Untracked |  0
|  31|0x00000000c6b00000, 0x00000000c6b95f90, 0x00000000c6c00000| 58%| S|CS|TAMS 0x00000000c6b00000| PB 0x00000000c6b00000| Complete |  0
|  32|0x00000000c6c00000, 0x00000000c6d00000, 0x00000000c6d00000|100%| S|CS|TAMS 0x00000000c6c00000| PB 0x00000000c6c00000| Complete |  0
|  33|0x00000000c6d00000, 0x00000000c6d00000, 0x00000000c6e00000|  0%| F|  |TAMS 0x00000000c6d00000| PB 0x00000000c6d00000| Untracked |  0
|  34|0x00000000c6e00000, 0x00000000c6e00000, 0x00000000c6f00000|  0%| F|  |TAMS 0x00000000c6e00000| PB 0x00000000c6e00000| Untracked |  0
|  35|0x00000000c6f00000, 0x00000000c6f00000, 0x00000000c7000000|  0%| F|  |TAMS 0x00000000c6f00000| PB 0x00000000c6f00000| Untracked |  0
|  36|0x00000000c7000000, 0x00000000c7000000, 0x00000000c7100000|  0%| F|  |TAMS 0x00000000c7000000| PB 0x00000000c7000000| Untracked |  0
|  37|0x00000000c7100000, 0x00000000c7100000, 0x00000000c7200000|  0%| F|  |TAMS 0x00000000c7100000| PB 0x00000000c7100000| Untracked |  0
|  38|0x00000000c7200000, 0x00000000c7200000, 0x00000000c7300000|  0%| F|  |TAMS 0x00000000c7200000| PB 0x00000000c7200000| Untracked |  0
|  39|0x00000000c7300000, 0x00000000c73777d8, 0x00000000c7400000| 46%| E|  |TAMS 0x00000000c7300000| PB 0x00000000c7300000| Complete |  0
|  40|0x00000000c7400000, 0x00000000c7500000, 0x00000000c7500000|100%| E|CS|TAMS 0x00000000c7400000| PB 0x00000000c7400000| Complete |  0
|  41|0x00000000c7500000, 0x00000000c7600000, 0x00000000c7600000|100%| E|CS|TAMS 0x00000000c7500000| PB 0x00000000c7500000| Complete |  0
|  42|0x00000000c7600000, 0x00000000c7700000, 0x00000000c7700000|100%| E|CS|TAMS 0x00000000c7600000| PB 0x00000000c7600000| Complete |  0
|  43|0x00000000c7700000, 0x00000000c7800000, 0x00000000c7800000|100%| E|CS|TAMS 0x00000000c7700000| PB 0x00000000c7700000| Complete |  0
|  44|0x00000000c7800000, 0x00000000c7900000, 0x00000000c7900000|100%| E|CS|TAMS 0x00000000c7800000| PB 0x00000000c7800000| Complete |  0
|  45|0x00000000c7900000, 0x00000000c7a00000, 0x00000000c7a00000|100%| E|  |TAMS 0x00000000c7900000| PB 0x00000000c7900000| Complete |  0
|  46|0x00000000c7a00000, 0x00000000c7b00000, 0x00000000c7b00000|100%| E|CS|TAMS 0x00000000c7a00000| PB 0x00000000c7a00000| Complete |  0
|  47|0x00000000c7b00000, 0x00000000c7c00000, 0x00000000c7c00000|100%| E|CS|TAMS 0x00000000c7b00000| PB 0x00000000c7b00000| Complete |  0
|  48|0x00000000c7c00000, 0x00000000c7d00000, 0x00000000c7d00000|100%| E|CS|TAMS 0x00000000c7c00000| PB 0x00000000c7c00000| Complete |  0
|  49|0x00000000c7d00000, 0x00000000c7e00000, 0x00000000c7e00000|100%| E|CS|TAMS 0x00000000c7d00000| PB 0x00000000c7d00000| Complete |  0
|  50|0x00000000c7e00000, 0x00000000c7f00000, 0x00000000c7f00000|100%| E|CS|TAMS 0x00000000c7e00000| PB 0x00000000c7e00000| Complete |  0
|  51|0x00000000c7f00000, 0x00000000c8000000, 0x00000000c8000000|100%| E|CS|TAMS 0x00000000c7f00000| PB 0x00000000c7f00000| Complete |  0
|  52|0x00000000c8000000, 0x00000000c8100000, 0x00000000c8100000|100%| E|CS|TAMS 0x00000000c8000000| PB 0x00000000c8000000| Complete |  0
|  53|0x00000000c8100000, 0x00000000c8200000, 0x00000000c8200000|100%| E|CS|TAMS 0x00000000c8100000| PB 0x00000000c8100000| Complete |  0
|  59|0x00000000c8700000, 0x00000000c8800000, 0x00000000c8800000|100%| E|CS|TAMS 0x00000000c8700000| PB 0x00000000c8700000| Complete |  0
| 946|0x00000000ffe00000, 0x00000000fff00000, 0x00000000fff00000|100%| O|  |TAMS 0x00000000ffe00000| PB 0x00000000ffe00000| Untracked |  0
| 947|0x00000000fff00000, 0x0000000100000000, 0x0000000100000000|100%| E|CS|TAMS 0x00000000fff00000| PB 0x00000000fff00000| Complete |  0

Card table byte_map: [0x0000022356510000,0x00000223566f0000] _byte_map_base: 0x0000022355eea000

Marking Bits: (CMBitMap*) 0x000002233eaf13b0
 Bits: [0x00000223566f0000, 0x00000223575c0000)

Polling page: 0x000002233c900000

Metaspace:
Metaspace        used 57881K, committed 58304K, reserved 1114112K
 class space     used 5942K, committed 6080K, reserved 1048576K

Usage:
  Non-class:     50.72 MB used.
      Class:      5.80 MB used.
       Both:     56.53 MB used.

Virtual space:
  Non-class space:       64.00 MB reserved,      51.00 MB ( 80%) committed,  1 nodes.
      Class space:        1.00 GB reserved,       5.94 MB ( <1%) committed,  1 nodes.
             Both:        1.06 GB reserved,      56.94 MB (  5%) committed. 

Chunk freelists:
   Non-Class:  12.11 MB
       Class:  10.00 MB
        Both:  22.11 MB

MaxMetaspaceSize: unlimited
CompressedClassSpaceSize: 1.00 GB
Initial GC threshold: 21.00 MB
Current GC threshold: 59.06 MB
CDS: on
 - commit_granule_bytes: 65536.
 - commit_granule_words: 8192.
 - virtual_space_node_default_size: 8388608.
 - enlarge_chunks_in_place: 1.
UseCompressedClassPointers 1, UseCompactObjectHeaders 0
Narrow klass pointer bits 32, Max shift 3
Narrow klass base: 0x000000000e000000, Narrow klass shift: 0
Encoding Range: [0x000000000e000000 - 0x000000010e000000), (4294967296 bytes)
Klass Range:    [0x000000000e010000 - 0x000000004f000000), (1090453504 bytes)
Klass ID Range:  [65536 - 1090519033) (1090453497)
Protection zone: [0x000000000e000000 - 0x000000000e010000), (65536 bytes)


Internal statistics:

num_allocs_failed_limit: 6.
num_arena_births: 500.
num_arena_deaths: 0.
num_vsnodes_births: 2.
num_vsnodes_deaths: 0.
num_space_committed: 911.
num_space_uncommitted: 0.
num_chunks_returned_to_freelist: 6.
num_chunks_taken_from_freelist: 2387.
num_chunk_merges: 6.
num_chunk_splits: 1786.
num_chunks_enlarged: 1496.
num_inconsistent_stats: 0.

CodeHeap 'non-profiled nmethods': size=120064Kb used=2391Kb max_used=2391Kb free=117672Kb
 bounds [0x000002234edf0000, 0x000002234f060000, 0x0000022356330000]
CodeHeap 'profiled nmethods': size=120000Kb used=9186Kb max_used=9186Kb free=110813Kb
 bounds [0x0000022347330000, 0x0000022347c30000, 0x000002234e860000]
CodeHeap 'non-nmethods': size=5696Kb used=1790Kb max_used=1807Kb free=3905Kb
 bounds [0x000002234e860000, 0x000002234ead0000, 0x000002234edf0000]
CodeCache: size=245760Kb, used=13367Kb, max_used=13384Kb, free=232390Kb
 total_blobs=6395, nmethods=5666, adapters=631, full_count=0
Compilation: enabled, stopped_count=0, restarted_count=0

Compilation events (20 events):
Event: 33.276 Thread 0x0000022359b25b70 nmethod 6119 0x000002234f042388 code [0x000002234f042480, 0x000002234f042528]
Event: 33.293 Thread 0x0000022359b25b70 6120       3       jdk.internal.misc.CDS::isLoggingLambdaFormInvokers (15 bytes)
Event: 33.293 Thread 0x0000022359b25b70 nmethod 6120 0x0000022347c26408 code [0x0000022347c26500, 0x0000022347c26600]
Event: 33.306 Thread 0x0000022359b25b70 6121       1       org.hibernate.type.AbstractStandardBasicType::getJavaTypeDescriptor (5 bytes)
Event: 33.306 Thread 0x0000022359b25b70 nmethod 6121 0x000002234f042688 code [0x000002234f042780, 0x000002234f042848]
Event: 33.307 Thread 0x0000022359b25b70 6122       3       java.util.ArrayList$ArrayListSpliterator::forEachRemaining (127 bytes)
Event: 33.307 Thread 0x0000022359b25b70 nmethod 6122 0x0000022347c26708 code [0x0000022347c26800, 0x0000022347c26da8]
Event: 33.313 Thread 0x0000022359b25b70 6123       3       java.lang.invoke.DirectMethodHandle::afIndex (20 bytes)
Event: 33.313 Thread 0x0000022359b25b70 nmethod 6123 0x0000022347c26e08 code [0x0000022347c26f00, 0x0000022347c27048]
Event: 33.313 Thread 0x0000022359b25b70 6124       3       java.lang.invoke.DirectMethodHandle::preparedFieldLambdaForm (48 bytes)
Event: 33.314 Thread 0x0000022359b25b70 nmethod 6124 0x0000022347c27108 code [0x0000022347c27200, 0x0000022347c27610]
Event: 33.314 Thread 0x0000022359b25b70 6125       3       java.lang.invoke.DirectMethodHandle::ftypeKind (39 bytes)
Event: 33.314 Thread 0x0000022359b25b70 nmethod 6125 0x0000022347c27688 code [0x0000022347c27780, 0x0000022347c27cf8]
Event: 33.314 Thread 0x0000022359b25b70 6126       1       org.hibernate.mapping.Property::getName (5 bytes)
Event: 33.314 Thread 0x0000022359b25b70 nmethod 6126 0x000002234f042988 code [0x000002234f042a80, 0x000002234f042b48]
Event: 33.321 Thread 0x0000022359b25b70 6128       3       java.lang.Throwable::<init> (48 bytes)
Event: 33.322 Thread 0x0000022359b25b70 nmethod 6128 0x0000022347c27d08 code [0x0000022347c27e00, 0x0000022347c282c8]
Event: 33.332 Thread 0x0000022359b22f50 6130       4       java.util.WeakHashMap::put (160 bytes)
Event: 33.342 Thread 0x0000022359b22f50 nmethod 6130 0x000002234f043288 code [0x000002234f043380, 0x000002234f043d00]
Event: 33.343 Thread 0x0000022359b22f50 6131       4       java.util.Collections$SetFromMap::add (22 bytes)

GC Heap Usage History (18 events):
Event: 10.831 {heap Before GC invocations=0 (full 0):
 garbage-first heap   total reserved 970752K, committed 63488K, used 31891K [0x00000000c4c00000, 0x0000000100000000)
  region size 1024K, 28 young (28672K), 0 survivors (0K)
}
Event: 10.957 {heap After GC invocations=1 (full 0):
 garbage-first heap   total reserved 970752K, committed 63488K, used 9314K [0x00000000c4c00000, 0x0000000100000000)
  region size 1024K, 4 young (4096K), 4 survivors (4096K)
}
Event: 14.232 {heap Before GC invocations=1 (full 0):
 garbage-first heap   total reserved 970752K, committed 63488K, used 30818K [0x00000000c4c00000, 0x0000000100000000)
  region size 1024K, 26 young (26624K), 4 survivors (4096K)
}
Event: 14.245 {heap After GC invocations=2 (full 0):
 garbage-first heap   total reserved 970752K, committed 63488K, used 11172K [0x00000000c4c00000, 0x0000000100000000)
  region size 1024K, 2 young (2048K), 2 survivors (2048K)
}
Event: 19.499 {heap Before GC invocations=2 (full 0):
 garbage-first heap   total reserved 970752K, committed 63488K, used 36772K [0x00000000c4c00000, 0x0000000100000000)
  region size 1024K, 28 young (28672K), 2 survivors (2048K)
}
Event: 19.527 {heap After GC invocations=3 (full 0):
 garbage-first heap   total reserved 970752K, committed 63488K, used 14483K [0x00000000c4c00000, 0x0000000100000000)
  region size 1024K, 4 young (4096K), 4 survivors (4096K)
}
Event: 23.131 {heap Before GC invocations=3 (full 0):
 garbage-first heap   total reserved 970752K, committed 63488K, used 31891K [0x00000000c4c00000, 0x0000000100000000)
  region size 1024K, 22 young (22528K), 4 survivors (4096K)
}
Event: 23.196 {heap After GC invocations=4 (full 0):
 garbage-first heap   total reserved 970752K, committed 63488K, used 16370K [0x00000000c4c00000, 0x0000000100000000)
  region size 1024K, 2 young (2048K), 2 survivors (2048K)
}
Event: 26.318 {heap Before GC invocations=5 (full 0):
 garbage-first heap   total reserved 970752K, committed 58368K, used 45042K [0x00000000c4c00000, 0x0000000100000000)
  region size 1024K, 30 young (30720K), 2 survivors (2048K)
}
Event: 26.329 {heap After GC invocations=6 (full 0):
 garbage-first heap   total reserved 970752K, committed 58368K, used 18710K [0x00000000c4c00000, 0x0000000100000000)
  region size 1024K, 4 young (4096K), 4 survivors (4096K)
}
Event: 27.893 {heap Before GC invocations=6 (full 0):
 garbage-first heap   total reserved 970752K, committed 58368K, used 42262K [0x00000000c4c00000, 0x0000000100000000)
  region size 1024K, 28 young (28672K), 4 survivors (4096K)
}
Event: 27.908 {heap After GC invocations=7 (full 0):
 garbage-first heap   total reserved 970752K, committed 58368K, used 20976K [0x00000000c4c00000, 0x0000000100000000)
  region size 1024K, 3 young (3072K), 3 survivors (3072K)
}
Event: 28.773 {heap Before GC invocations=7 (full 0):
 garbage-first heap   total reserved 970752K, committed 58368K, used 37360K [0x00000000c4c00000, 0x0000000100000000)
  region size 1024K, 21 young (21504K), 3 survivors (3072K)
}
Event: 28.783 {heap After GC invocations=8 (full 0):
 garbage-first heap   total reserved 970752K, committed 58368K, used 21972K [0x00000000c4c00000, 0x0000000100000000)
  region size 1024K, 1 young (1024K), 1 survivors (1024K)
}
Event: 31.323 {heap Before GC invocations=9 (full 0):
 garbage-first heap   total reserved 970752K, committed 58368K, used 46548K [0x00000000c4c00000, 0x0000000100000000)
  region size 1024K, 26 young (26624K), 1 survivors (1024K)
}
Event: 31.333 {heap After GC invocations=10 (full 0):
 garbage-first heap   total reserved 970752K, committed 58368K, used 24761K [0x00000000c4c00000, 0x0000000100000000)
  region size 1024K, 4 young (4096K), 4 survivors (4096K)
}
Event: 32.670 {heap Before GC invocations=10 (full 0):
 garbage-first heap   total reserved 970752K, committed 58368K, used 47289K [0x00000000c4c00000, 0x0000000100000000)
  region size 1024K, 27 young (27648K), 4 survivors (4096K)
}
Event: 32.683 {heap After GC invocations=11 (full 0):
 garbage-first heap   total reserved 970752K, committed 58368K, used 25871K [0x00000000c4c00000, 0x0000000100000000)
  region size 1024K, 2 young (2048K), 2 survivors (2048K)
}

Metaspace Usage History (18 events):
Event: 10.835 {metaspace Before GC invocations=0 (full 0):
 Metaspace       used 7368K, committed 7616K, reserved 1114112K
  class space    used 709K, committed 832K, reserved 1048576K
}
Event: 10.957 {metaspace After GC invocations=1 (full 0):
 Metaspace       used 7368K, committed 7616K, reserved 1114112K
  class space    used 709K, committed 832K, reserved 1048576K
}
Event: 14.232 {metaspace Before GC invocations=1 (full 0):
 Metaspace       used 13387K, committed 13632K, reserved 1114112K
  class space    used 1291K, committed 1408K, reserved 1048576K
}
Event: 14.245 {metaspace After GC invocations=2 (full 0):
 Metaspace       used 13387K, committed 13632K, reserved 1114112K
  class space    used 1291K, committed 1408K, reserved 1048576K
}
Event: 19.500 {metaspace Before GC invocations=2 (full 0):
 Metaspace       used 18773K, committed 19008K, reserved 1114112K
  class space    used 1812K, committed 1920K, reserved 1048576K
}
Event: 19.527 {metaspace After GC invocations=3 (full 0):
 Metaspace       used 18773K, committed 19008K, reserved 1114112K
  class space    used 1812K, committed 1920K, reserved 1048576K
}
Event: 23.131 {metaspace Before GC invocations=3 (full 0):
 Metaspace       used 21298K, committed 21504K, reserved 1114112K
  class space    used 2051K, committed 2176K, reserved 1048576K
}
Event: 23.196 {metaspace After GC invocations=4 (full 0):
 Metaspace       used 21298K, committed 21504K, reserved 1114112K
  class space    used 2051K, committed 2176K, reserved 1048576K
}
Event: 26.318 {metaspace Before GC invocations=5 (full 0):
 Metaspace       used 25902K, committed 26240K, reserved 1114112K
  class space    used 2615K, committed 2752K, reserved 1048576K
}
Event: 26.329 {metaspace After GC invocations=6 (full 0):
 Metaspace       used 25902K, committed 26240K, reserved 1114112K
  class space    used 2615K, committed 2752K, reserved 1048576K
}
Event: 27.893 {metaspace Before GC invocations=6 (full 0):
 Metaspace       used 31213K, committed 31552K, reserved 1114112K
  class space    used 3165K, committed 3328K, reserved 1048576K
}
Event: 27.908 {metaspace After GC invocations=7 (full 0):
 Metaspace       used 31213K, committed 31552K, reserved 1114112K
  class space    used 3165K, committed 3328K, reserved 1048576K
}
Event: 28.773 {metaspace Before GC invocations=7 (full 0):
 Metaspace       used 35800K, committed 36096K, reserved 1114112K
  class space    used 3673K, committed 3776K, reserved 1048576K
}
Event: 28.783 {metaspace After GC invocations=8 (full 0):
 Metaspace       used 35800K, committed 36096K, reserved 1114112K
  class space    used 3673K, committed 3776K, reserved 1048576K
}
Event: 31.323 {metaspace Before GC invocations=9 (full 0):
 Metaspace       used 45954K, committed 46400K, reserved 1114112K
  class space    used 4683K, committed 4864K, reserved 1048576K
}
Event: 31.333 {metaspace After GC invocations=10 (full 0):
 Metaspace       used 45954K, committed 46400K, reserved 1114112K
  class space    used 4683K, committed 4864K, reserved 1048576K
}
Event: 32.670 {metaspace Before GC invocations=10 (full 0):
 Metaspace       used 53543K, committed 53952K, reserved 1114112K
  class space    used 5404K, committed 5568K, reserved 1048576K
}
Event: 32.683 {metaspace After GC invocations=11 (full 0):
 Metaspace       used 53543K, committed 53952K, reserved 1114112K
  class space    used 5404K, committed 5568K, reserved 1048576K
}

Dll operation events (11 events):
Event: 0.164 Loaded shared library C:\Users\sathwik\.jdks\openjdk-25.0.1\bin\java.dll
Event: 1.374 Loaded shared library C:\Users\sathwik\.jdks\openjdk-25.0.1\bin\zip.dll
Event: 1.388 Loaded shared library C:\Users\sathwik\.jdks\openjdk-25.0.1\bin\instrument.dll
Event: 1.451 Loaded shared library C:\Users\sathwik\.jdks\openjdk-25.0.1\bin\net.dll
Event: 1.465 Loaded shared library C:\Users\sathwik\.jdks\openjdk-25.0.1\bin\nio.dll
Event: 1.476 Loaded shared library C:\Users\sathwik\.jdks\openjdk-25.0.1\bin\zip.dll
Event: 2.792 Loaded shared library C:\Users\sathwik\.jdks\openjdk-25.0.1\bin\extnet.dll
Event: 3.039 Loaded shared library C:\Users\sathwik\.jdks\openjdk-25.0.1\bin\jimage.dll
Event: 15.549 Loaded shared library C:\Users\sathwik\.jdks\openjdk-25.0.1\bin\sunmscapi.dll
Event: 26.967 Loaded shared library C:\Users\sathwik\.jdks\openjdk-25.0.1\bin\management.dll
Event: 26.978 Loaded shared library C:\Users\sathwik\.jdks\openjdk-25.0.1\bin\management_ext.dll

Deoptimization events (20 events):
Event: 32.402 Thread 0x000002233eab92e0 Uncommon trap: trap_request=0xffffff45 fr.pc=0x000002234f00a02c relative=0x0000000000001dac
Event: 32.402 Thread 0x000002233eab92e0 Uncommon trap: reason=unstable_if action=reinterpret pc=0x000002234f00a02c method=java.util.zip.ZipFile$ZipFileInputStream.read([BII)I @ 126 c2
Event: 32.402 Thread 0x000002233eab92e0 DEOPT PACKING pc=0x000002234f00a02c sp=0x000000c97c2f84f0
Event: 32.402 Thread 0x000002233eab92e0 DEOPT UNPACKING pc=0x000002234e992102 sp=0x000000c97c2f8440 mode 2
Event: 32.402 Thread 0x000002233eab92e0 Uncommon trap: trap_request=0xffffff45 fr.pc=0x000002234f021d44 relative=0x0000000000002a44
Event: 32.402 Thread 0x000002233eab92e0 Uncommon trap: reason=unstable_if action=reinterpret pc=0x000002234f021d44 method=jdk.internal.loader.Resource.getBytes()[B @ 35 c2
Event: 32.402 Thread 0x000002233eab92e0 DEOPT PACKING pc=0x000002234f021d44 sp=0x000000c97c2f85f0
Event: 32.402 Thread 0x000002233eab92e0 DEOPT UNPACKING pc=0x000002234e992102 sp=0x000000c97c2f8620 mode 2
Event: 32.402 Thread 0x000002233eab92e0 Uncommon trap: trap_request=0xffffff45 fr.pc=0x000002234ef997a8 relative=0x0000000000000228
Event: 32.402 Thread 0x000002233eab92e0 Uncommon trap: reason=unstable_if action=reinterpret pc=0x000002234ef997a8 method=java.util.zip.Inflater.needsInput()Z @ 24 c2
Event: 32.402 Thread 0x000002233eab92e0 DEOPT PACKING pc=0x000002234ef997a8 sp=0x000000c97c2f8570
Event: 32.402 Thread 0x000002233eab92e0 DEOPT UNPACKING pc=0x000002234e992102 sp=0x000000c97c2f8510 mode 2
Event: 32.699 Thread 0x000002233eab92e0 Uncommon trap: trap_request=0xffffff66 fr.pc=0x000002234f02b74c relative=0x00000000000009cc
Event: 32.699 Thread 0x000002233eab92e0 Uncommon trap: reason=loop_limit_check action=maybe_recompile pc=0x000002234f02b74c method=jdk.internal.classfile.impl.AttributeHolder.withAttribute(Ljava/lang/classfile/Attribute;)V @ 39 c2
Event: 32.699 Thread 0x000002233eab92e0 DEOPT PACKING pc=0x000002234f02b74c sp=0x000000c97c2f84f0
Event: 32.700 Thread 0x000002233eab92e0 DEOPT UNPACKING pc=0x000002234e992102 sp=0x000000c97c2f84c0 mode 2
Event: 32.994 Thread 0x000002233eab92e0 Uncommon trap: trap_request=0xffffff45 fr.pc=0x000002234ef9fde8 relative=0x00000000000004e8
Event: 32.994 Thread 0x000002233eab92e0 Uncommon trap: reason=unstable_if action=reinterpret pc=0x000002234ef9fde8 method=java.util.HashMap$HashIterator.<init>(Ljava/util/HashMap;)V @ 50 c2
Event: 32.994 Thread 0x000002233eab92e0 DEOPT PACKING pc=0x000002234ef9fde8 sp=0x000000c97c2f98f0
Event: 32.994 Thread 0x000002233eab92e0 DEOPT UNPACKING pc=0x000002234e992102 sp=0x000000c97c2f9760 mode 2

Classes loaded (20 events):
Event: 31.902 Loading class java/util/concurrent/CompletableFuture
Event: 31.903 Loading class java/util/concurrent/CompletableFuture done
Event: 31.904 Loading class java/util/concurrent/CompletableFuture$AltResult
Event: 31.904 Loading class java/util/concurrent/CompletableFuture$AltResult done
Event: 31.904 Loading class java/util/concurrent/CompletableFuture$Completion
Event: 31.905 Loading class java/util/concurrent/CompletableFuture$AsynchronousCompletionTask
Event: 31.905 Loading class java/util/concurrent/CompletableFuture$AsynchronousCompletionTask done
Event: 31.905 Loading class java/util/concurrent/CompletableFuture$Completion done
Event: 32.019 Loading class java/util/concurrent/CancellationException
Event: 32.019 Loading class java/util/concurrent/CancellationException done
Event: 32.100 Loading class java/security/CodeSigner
Event: 32.101 Loading class java/security/CodeSigner done
Event: 32.667 Loading class java/util/ArrayList$ListItr
Event: 32.668 Loading class java/util/ArrayList$ListItr done
Event: 32.805 Loading class java/util/AbstractList$SubList
Event: 32.810 Loading class java/util/AbstractList$SubList done
Event: 33.011 Loading class java/lang/reflect/AnnotatedArrayType
Event: 33.011 Loading class java/lang/reflect/AnnotatedArrayType done
Event: 33.090 Loading class java/lang/reflect/ReflectPermission
Event: 33.090 Loading class java/lang/reflect/ReflectPermission done

Classes unloaded (0 events):
No events

Classes redefined (0 events):
No events

Internal exceptions (20 events):
Event: 27.386 Thread 0x000002233eab92e0 Implicit null exception at 0x000002234ee69545 to 0x000002234ee6974c
Event: 27.395 Thread 0x000002233eab92e0 Exception <a 'java/lang/NoSuchMethodError'{0x00000000c72ac1a8}: 'java.lang.Object java.lang.invoke.DirectMethodHandle$Holder.newInvokeSpecial(java.lang.Object, java.lang.Object, java.lang.Object, java.lang.Object, java.lang.Object, java.lang.Object, java.lang.Object, java.lang.Object, java.lang.Object, java.lang.Object, java.lang.Object, java.lang.Object)'> (0x00000000c72ac1a8) 
thrown [s\open\src\hotspot\share\interpreter\linkResolver.cpp, line 804]
Event: 27.401 Thread 0x000002233eab92e0 Exception <a 'java/lang/NoSuchMethodError'{0x00000000c72f1328}: 'java.lang.Object java.lang.invoke.DirectMethodHandle$Holder.invokeStatic(java.lang.Object, java.lang.Object, java.lang.Object, java.lang.Object, java.lang.Object, java.lang.Object, java.lang.Object, java.lang.Object, java.lang.Object)'> (0x00000000c72f1328) 
thrown [s\open\src\hotspot\share\interpreter\linkResolver.cpp, line 804]
Event: 27.613 Thread 0x000002233eab92e0 Exception <a 'java/lang/NoSuchMethodError'{0x00000000c6e84ff8}: 'void java.lang.invoke.DelegatingMethodHandle$Holder.reinvoke_L(java.lang.Object, java.lang.Object, java.lang.Object, java.lang.Object, int, java.lang.Object, java.lang.Object, java.lang.Object)'> (0x00000000c6e84ff8) 
thrown [s\open\src\hotspot\share\interpreter\linkResolver.cpp, line 804]
Event: 27.616 Thread 0x000002233eab92e0 Exception <a 'java/lang/NoSuchMethodError'{0x00000000c6ed9578}: 'java.lang.Object java.lang.invoke.DirectMethodHandle$Holder.invokeStatic(java.lang.Object, java.lang.Object, java.lang.Object, java.lang.Object, java.lang.Object, java.lang.Object, java.lang.Object, java.lang.Object, java.lang.Object, java.lang.Object)'> (0x00000000c6ed9578) 
thrown [s\open\src\hotspot\share\interpreter\linkResolver.cpp, line 804]
Event: 27.883 Thread 0x000002233eab92e0 Exception <a 'java/io/IOException'{0x00000000c6b88910}> (0x00000000c6b88910) 
thrown [s\open\src\hotspot\share\prims\jni.cpp, line 516]
Event: 29.235 Thread 0x000002233eab92e0 Exception <a 'java/lang/NoSuchMethodError'{0x00000000c8084870}: 'int java.lang.invoke.DirectMethodHandle$Holder.invokeStatic(java.lang.Object)'> (0x00000000c8084870) 
thrown [s\open\src\hotspot\share\interpreter\linkResolver.cpp, line 804]
Event: 29.797 Thread 0x000002233eab92e0 Exception <a 'sun/nio/fs/WindowsException'{0x00000000c78472a0}> (0x00000000c78472a0) 
thrown [s\open\src\hotspot\share\prims\jni.cpp, line 516]
Event: 30.166 Thread 0x000002233eab92e0 Exception <a 'java/lang/NoSuchMethodError'{0x00000000c77c7828}: 'java.lang.Object java.lang.invoke.Invokers$Holder.invoke_MT(java.lang.Object, java.lang.Object, java.lang.Object, java.lang.Object, java.lang.Object, java.lang.Object)'> (0x00000000c77c7828) 
thrown [s\open\src\hotspot\share\interpreter\linkResolver.cpp, line 804]
Event: 30.970 Thread 0x000002233eab92e0 Exception <a 'java/lang/NoSuchMethodError'{0x00000000c6f58268}: 'java.lang.Object java.lang.invoke.DirectMethodHandle$Holder.invokeStaticInit(java.lang.Object, java.lang.Object, java.lang.Object, java.lang.Object)'> (0x00000000c6f58268) 
thrown [s\open\src\hotspot\share\interpreter\linkResolver.cpp, line 804]
Event: 31.003 Thread 0x000002233eab92e0 Exception <a 'java/lang/NoSuchMethodError'{0x00000000c6e5d5f0}: 'int java.lang.invoke.Invokers$Holder.invokeExact_MT(java.lang.Object, java.lang.Object)'> (0x00000000c6e5d5f0) 
thrown [s\open\src\hotspot\share\interpreter\linkResolver.cpp, line 804]
Event: 31.564 Thread 0x000002233eab92e0 Exception <a 'java/lang/NoSuchMethodError'{0x00000000c7f78338}: 'int java.lang.invoke.DirectMethodHandle$Holder.invokeVirtual(java.lang.Object, java.lang.Object, java.lang.Object)'> (0x00000000c7f78338) 
thrown [s\open\src\hotspot\share\interpreter\linkResolver.cpp, line 804]
Event: 31.589 Thread 0x000002233eab92e0 Exception <a 'java/io/IOException'{0x00000000c7fc2930}> (0x00000000c7fc2930) 
thrown [s\open\src\hotspot\share\prims\jni.cpp, line 516]
Event: 31.988 Thread 0x000002233eab92e0 Exception <a 'java/io/IOException'{0x00000000c7759018}> (0x00000000c7759018) 
thrown [s\open\src\hotspot\share\prims\jni.cpp, line 516]
Event: 32.033 Thread 0x000002233eab92e0 Exception <a 'java/lang/IncompatibleClassChangeError'{0x00000000c764e060}: Found class java.lang.Object, but interface was expected> (0x00000000c764e060) 
thrown [s\open\src\hotspot\share\interpreter\linkResolver.cpp, line 871]
Event: 32.070 Thread 0x000002233eab92e0 Exception <a 'java/lang/NoSuchMethodError'{0x00000000c76fe2b8}: 'java.lang.Object java.lang.invoke.DirectMethodHandle$Holder.invokeStatic(java.lang.Object, java.lang.Object, int, java.lang.Object)'> (0x00000000c76fe2b8) 
thrown [s\open\src\hotspot\share\interpreter\linkResolver.cpp, line 804]
Event: 32.071 Thread 0x000002233eab92e0 Exception <a 'java/lang/NoSuchMethodError'{0x00000000c7507be0}: 'java.lang.Object java.lang.invoke.DirectMethodHandle$Holder.invokeStaticInit(java.lang.Object, java.lang.Object, int, java.lang.Object)'> (0x00000000c7507be0) 
thrown [s\open\src\hotspot\share\interpreter\linkResolver.cpp, line 804]
Event: 33.321 Thread 0x000002233eab92e0 Exception <a 'java/lang/NoSuchMethodError'{0x00000000c7a4ce28}: 'void java.lang.invoke.DirectMethodHandle$Holder.invokeInterface(java.lang.Object, java.lang.Object, int, java.lang.Object)'> (0x00000000c7a4ce28) 
thrown [s\open\src\hotspot\share\interpreter\linkResolver.cpp, line 804]
Event: 33.329 Thread 0x000002233eab92e0 Exception <a 'java/lang/NoSuchMethodError'{0x00000000c7a85d98}: 'java.lang.Object java.lang.invoke.DirectMethodHandle$Holder.newInvokeSpecial(java.lang.Object, java.lang.Object, int, java.lang.Object)'> (0x00000000c7a85d98) 
thrown [s\open\src\hotspot\share\interpreter\linkResolver.cpp, line 804]
Event: 33.330 Thread 0x000002233eab92e0 Exception <a 'java/lang/NoSuchMethodError'{0x00000000c7a8e820}: 'java.lang.Object java.lang.invoke.Invokers$Holder.linkToTargetMethod(java.lang.Object, int, java.lang.Object, java.lang.Object)'> (0x00000000c7a8e820) 
thrown [s\open\src\hotspot\share\interpreter\linkResolver.cpp, line 804]

VM Operations (20 events):
Event: 29.652 Executing non-safepoint VM operation: HandshakeAllThreads (Deoptimize)
Event: 29.652 Executing non-safepoint VM operation: HandshakeAllThreads (Deoptimize) done
Event: 29.746 Executing non-safepoint VM operation: HandshakeAllThreads (Deoptimize)
Event: 29.747 Executing non-safepoint VM operation: HandshakeAllThreads (Deoptimize) done
Event: 29.800 Executing non-safepoint VM operation: HandshakeAllThreads (Deoptimize)
Event: 29.800 Executing non-safepoint VM operation: HandshakeAllThreads (Deoptimize) done
Event: 29.812 Executing non-safepoint VM operation: HandshakeAllThreads (Deoptimize)
Event: 29.812 Executing non-safepoint VM operation: HandshakeAllThreads (Deoptimize) done
Event: 30.199 Executing non-safepoint VM operation: HandshakeAllThreads (Deoptimize)
Event: 30.199 Executing non-safepoint VM operation: HandshakeAllThreads (Deoptimize) done
Event: 31.323 Executing safepoint VM operation: G1CollectForAllocation (G1 Evacuation Pause)
Event: 31.333 Executing safepoint VM operation: G1CollectForAllocation (G1 Evacuation Pause) done
Event: 32.659 Executing non-safepoint VM operation: HandshakeAllThreads (Deoptimize)
Event: 32.659 Executing non-safepoint VM operation: HandshakeAllThreads (Deoptimize) done
Event: 32.669 Executing non-safepoint VM operation: HandshakeAllThreads (Deoptimize)
Event: 32.669 Executing non-safepoint VM operation: HandshakeAllThreads (Deoptimize) done
Event: 32.670 Executing safepoint VM operation: G1CollectForAllocation (G1 Evacuation Pause)
Event: 32.683 Executing safepoint VM operation: G1CollectForAllocation (G1 Evacuation Pause) done
Event: 32.753 Executing non-safepoint VM operation: HandshakeAllThreads (Deoptimize)
Event: 32.754 Executing non-safepoint VM operation: HandshakeAllThreads (Deoptimize) done

Memory protections (0 events):
No events

Nmethod flushes (20 events):
Event: 28.832 Thread 0x000002233eb4cc90 flushing  nmethod 0x0000022347725a88
Event: 28.832 Thread 0x000002233eb4cc90 flushing  nmethod 0x0000022347726088
Event: 28.832 Thread 0x000002233eb4cc90 flushing  nmethod 0x0000022347726908
Event: 28.832 Thread 0x000002233eb4cc90 flushing  nmethod 0x0000022347729e88
Event: 28.832 Thread 0x000002233eb4cc90 flushing  nmethod 0x000002234772b008
Event: 28.832 Thread 0x000002233eb4cc90 flushing  nmethod 0x0000022347765188
Event: 28.832 Thread 0x000002233eb4cc90 flushing  nmethod 0x000002234776e988
Event: 28.832 Thread 0x000002233eb4cc90 flushing  nmethod 0x0000022347798888
Event: 28.832 Thread 0x000002233eb4cc90 flushing  nmethod 0x00000223477add88
Event: 28.832 Thread 0x000002233eb4cc90 flushing  nmethod 0x0000022347809608
Event: 28.832 Thread 0x000002233eb4cc90 flushing  nmethod 0x0000022347810988
Event: 28.832 Thread 0x000002233eb4cc90 flushing  nmethod 0x0000022347835808
Event: 28.832 Thread 0x000002233eb4cc90 flushing  nmethod 0x0000022347868988
Event: 28.832 Thread 0x000002233eb4cc90 flushing  nmethod 0x000002234786df08
Event: 28.832 Thread 0x000002233eb4cc90 flushing  nmethod 0x000002234788d508
Event: 28.832 Thread 0x000002233eb4cc90 flushing  nmethod 0x000002234788da88
Event: 28.832 Thread 0x000002233eb4cc90 flushing  nmethod 0x00000223478ba608
Event: 28.832 Thread 0x000002233eb4cc90 flushing  nmethod 0x00000223478bfa08
Event: 28.832 Thread 0x000002233eb4cc90 flushing  nmethod 0x00000223478c6408
Event: 28.832 Thread 0x000002233eb4cc90 flushing  nmethod 0x00000223478ee808

Events (19 events):
Event: 0.260 Thread 0x000002233eab92e0 Thread added: 0x000002233eab92e0
Event: 0.333 Thread 0x000002233eab92e0 Thread added: 0x000002233eb5b000
Event: 0.333 Thread 0x000002233eab92e0 Thread added: 0x000002233eb5cea0
Event: 0.337 Thread 0x000002233eab92e0 Thread added: 0x0000022359b1e7c0
Event: 0.338 Thread 0x000002233eab92e0 Thread added: 0x0000022359b1ef90
Event: 0.340 Thread 0x000002233eab92e0 Thread added: 0x0000022359b216a0
Event: 0.340 Thread 0x000002233eab92e0 Thread added: 0x0000022359b1f760
Event: 0.340 Thread 0x000002233eab92e0 Thread added: 0x0000022359b22f50
Event: 0.341 Thread 0x000002233eab92e0 Thread added: 0x0000022359b25b70
Event: 1.407 Thread 0x000002233eab92e0 Thread added: 0x0000022359b1ff30
Event: 2.497 Thread 0x000002233eab92e0 Thread added: 0x000002235e063050
Event: 2.499 Thread 0x000002233eab92e0 Thread added: 0x000002235e060170
Event: 11.765 Thread 0x000002233eab92e0 Thread added: 0x000002235e061110
Event: 15.715 Thread 0x000002235e061110 Thread exited: 0x000002235e061110
Event: 17.072 Thread 0x000002233eab92e0 Thread added: 0x000002235e061110
Event: 17.387 Thread 0x000002235e061110 Thread exited: 0x000002235e061110
Event: 27.331 Thread 0x000002233eab92e0 Thread added: 0x000002235e066700
Event: 30.578 Thread 0x000002233eab92e0 Thread added: 0x0000022359b1dff0
Event: 30.686 Thread 0x0000022359b1dff0 Thread added: 0x0000022360333f40


Dynamic libraries:
0x00007ff6ad590000 - 0x00007ff6ad59e000 	C:\Users\sathwik\.jdks\openjdk-25.0.1\bin\java.exe
0x00007fffe64a0000 - 0x00007fffe6707000 	C:\WINDOWS\SYSTEM32\ntdll.dll
0x00007fffe50a0000 - 0x00007fffe5169000 	C:\WINDOWS\System32\KERNEL32.DLL
0x00007fffe3e40000 - 0x00007fffe422f000 	C:\WINDOWS\System32\KERNELBASE.dll
0x00007fffe3ac0000 - 0x00007fffe3c0b000 	C:\WINDOWS\System32\ucrtbase.dll
0x00007fffde090000 - 0x00007fffde0ae000 	C:\Users\sathwik\.jdks\openjdk-25.0.1\bin\VCRUNTIME140.dll
0x00007fffde0b0000 - 0x00007fffde0c7000 	C:\Users\sathwik\.jdks\openjdk-25.0.1\bin\jli.dll
0x00007fffe52f0000 - 0x00007fffe54b5000 	C:\WINDOWS\System32\USER32.dll
0x00007fffe35f0000 - 0x00007fffe3617000 	C:\WINDOWS\System32\win32u.dll
0x00007fffe5960000 - 0x00007fffe598b000 	C:\WINDOWS\System32\GDI32.dll
0x00007fffe37a0000 - 0x00007fffe38cc000 	C:\WINDOWS\System32\gdi32full.dll
0x00007fffe38d0000 - 0x00007fffe3973000 	C:\WINDOWS\System32\msvcp_win.dll
0x00007fffce330000 - 0x00007fffce5c3000 	C:\WINDOWS\WinSxS\amd64_microsoft.windows.common-controls_6595b64144ccf1df_6.0.26100.7309_none_3e05feeae336a044\COMCTL32.dll
0x00007fffe4f10000 - 0x00007fffe4fb9000 	C:\WINDOWS\System32\msvcrt.dll
0x00007fffe4b60000 - 0x00007fffe4b91000 	C:\WINDOWS\System32\IMM32.DLL
0x00007fffde080000 - 0x00007fffde08c000 	C:\Users\sathwik\.jdks\openjdk-25.0.1\bin\vcruntime140_1.dll
0x00007fffcd040000 - 0x00007fffcd0cd000 	C:\Users\sathwik\.jdks\openjdk-25.0.1\bin\msvcp140.dll
0x00007fff756c0000 - 0x00007fff7651f000 	C:\Users\sathwik\.jdks\openjdk-25.0.1\bin\server\jvm.dll
0x00007fffe4a40000 - 0x00007fffe4af4000 	C:\WINDOWS\System32\ADVAPI32.dll
0x00007fffe6310000 - 0x00007fffe63b6000 	C:\WINDOWS\System32\sechost.dll
0x00007fffe4580000 - 0x00007fffe4698000 	C:\WINDOWS\System32\RPCRT4.dll
0x00007fffe4e60000 - 0x00007fffe4ed4000 	C:\WINDOWS\System32\WS2_32.dll
0x00007fffdb650000 - 0x00007fffdb685000 	C:\WINDOWS\SYSTEM32\WINMM.dll
0x00007fffe3450000 - 0x00007fffe34ae000 	C:\WINDOWS\SYSTEM32\POWRPROF.dll
0x00007fffd49f0000 - 0x00007fffd49fb000 	C:\WINDOWS\SYSTEM32\VERSION.dll
0x00007fffe3430000 - 0x00007fffe3444000 	C:\WINDOWS\SYSTEM32\UMPDC.dll
0x00007fffe23a0000 - 0x00007fffe23bb000 	C:\WINDOWS\SYSTEM32\kernel.appcore.dll
0x00007fffde060000 - 0x00007fffde06a000 	C:\Users\sathwik\.jdks\openjdk-25.0.1\bin\jimage.dll
0x00007fffe0bb0000 - 0x00007fffe0df2000 	C:\WINDOWS\SYSTEM32\DBGHELP.DLL
0x00007fffe46b0000 - 0x00007fffe4a36000 	C:\WINDOWS\System32\combase.dll
0x00007fffe4fc0000 - 0x00007fffe5096000 	C:\WINDOWS\System32\OLEAUT32.dll
0x00007fffc3da0000 - 0x00007fffc3ddc000 	C:\WINDOWS\SYSTEM32\dbgcore.DLL
0x00007fffe3980000 - 0x00007fffe3a25000 	C:\WINDOWS\System32\bcryptPrimitives.dll
0x00007fffcb930000 - 0x00007fffcb940000 	C:\Users\sathwik\.jdks\openjdk-25.0.1\bin\instrument.dll
0x00007fffde020000 - 0x00007fffde03f000 	C:\Users\sathwik\.jdks\openjdk-25.0.1\bin\java.dll
0x00007fffe5a10000 - 0x00007fffe5ba7000 	C:\WINDOWS\System32\ole32.dll
0x00007fffe5bb0000 - 0x00007fffe6303000 	C:\WINDOWS\System32\SHELL32.dll
0x00007fffe3cd0000 - 0x00007fffe3e3a000 	C:\WINDOWS\System32\wintypes.dll
0x00007fffe1210000 - 0x00007fffe1a6e000 	C:\WINDOWS\SYSTEM32\windows.storage.dll
0x00007fffe42a0000 - 0x00007fffe4395000 	C:\WINDOWS\System32\SHCORE.dll
0x00007fffe63f0000 - 0x00007fffe6456000 	C:\WINDOWS\System32\shlwapi.dll
0x00007fffe3510000 - 0x00007fffe3539000 	C:\WINDOWS\SYSTEM32\profapi.dll
0x00007fffcd000000 - 0x00007fffcd017000 	C:\Users\sathwik\.jdks\openjdk-25.0.1\bin\zip.dll
0x00007fffde000000 - 0x00007fffde012000 	C:\Users\sathwik\.jdks\openjdk-25.0.1\bin\net.dll
0x00007fffe2910000 - 0x00007fffe297b000 	C:\WINDOWS\system32\mswsock.dll
0x00007fffcd020000 - 0x00007fffcd036000 	C:\Users\sathwik\.jdks\openjdk-25.0.1\bin\nio.dll
0x00007fffcacb0000 - 0x00007fffcacb9000 	C:\Users\sathwik\.jdks\openjdk-25.0.1\bin\extnet.dll
0x00007fffcdf80000 - 0x00007fffcdf8e000 	C:\Users\sathwik\.jdks\openjdk-25.0.1\bin\sunmscapi.dll
0x00007fffe3620000 - 0x00007fffe3797000 	C:\WINDOWS\System32\CRYPT32.dll
0x00007fffe2df0000 - 0x00007fffe2e20000 	C:\WINDOWS\SYSTEM32\ncrypt.dll
0x00007fffe2da0000 - 0x00007fffe2ddf000 	C:\WINDOWS\SYSTEM32\NTASN1.dll
0x00007fffe2bd0000 - 0x00007fffe2beb000 	C:\WINDOWS\SYSTEM32\CRYPTSP.dll
0x00007fffe2300000 - 0x00007fffe233a000 	C:\WINDOWS\system32\rsaenh.dll
0x00007fffe29c0000 - 0x00007fffe29eb000 	C:\WINDOWS\SYSTEM32\USERENV.dll
0x00007fffe34e0000 - 0x00007fffe350a000 	C:\WINDOWS\SYSTEM32\bcrypt.dll
0x00007fffe2bf0000 - 0x00007fffe2bfc000 	C:\WINDOWS\SYSTEM32\CRYPTBASE.dll
0x00007fffe1e00000 - 0x00007fffe1e34000 	C:\WINDOWS\SYSTEM32\IPHLPAPI.DLL
0x00007fffe5950000 - 0x00007fffe595a000 	C:\WINDOWS\System32\NSI.dll
0x00007fffcaaa0000 - 0x00007fffcaaaa000 	C:\Users\sathwik\.jdks\openjdk-25.0.1\bin\management.dll
0x00007fffcaa90000 - 0x00007fffcaa9c000 	C:\Users\sathwik\.jdks\openjdk-25.0.1\bin\management_ext.dll
0x00007fffe4b00000 - 0x00007fffe4b08000 	C:\WINDOWS\System32\PSAPI.DLL
0x00007fffe1ea0000 - 0x00007fffe1fcc000 	C:\WINDOWS\SYSTEM32\DNSAPI.dll
0x00007fffd70d0000 - 0x00007fffd70db000 	C:\Windows\System32\rasadhlp.dll
0x00007fffdb330000 - 0x00007fffdb3b6000 	C:\WINDOWS\System32\fwpuclnt.dll

JVMTI agents:
C:\Program Files\JetBrains\IntelliJ IDEA Community Edition 2025.1.1.1\lib\idea_rt.jar path:C:\Users\sathwik\.jdks\openjdk-25.0.1\bin\instrument.dll, loaded, initialized, instrumentlib options:62756

dbghelp: loaded successfully - version: 4.0.5 - missing functions: none
symbol engine: initialized successfully - sym options: 0x614 - pdb path: .;C:\Users\sathwik\.jdks\openjdk-25.0.1\bin;C:\WINDOWS\SYSTEM32;C:\WINDOWS\WinSxS\amd64_microsoft.windows.common-controls_6595b64144ccf1df_6.0.26100.7309_none_3e05feeae336a044;C:\Users\sathwik\.jdks\openjdk-25.0.1\bin\server

VM Arguments:
jvm_args: -javaagent:C:\Program Files\JetBrains\IntelliJ IDEA Community Edition 2025.1.1.1\lib\idea_rt.jar=62756 -Dfile.encoding=UTF-8 -Dsun.stdout.encoding=UTF-8 -Dsun.stderr.encoding=UTF-8 
java_command: com.example.ecommerce.EcommerceApplication
java_class_path (initial): C:\Users\sathwik\Downloads\ecommerce\ecommerce\target\classes;C:\Users\sathwik\.m2\repository\org\springframework\boot\spring-boot-starter-data-jpa\3.5.9\spring-boot-starter-data-jpa-3.5.9.jar;C:\Users\sathwik\.m2\repository\org\springframework\boot\spring-boot-starter\3.5.9\spring-boot-starter-3.5.9.jar;C:\Users\sathwik\.m2\repository\org\springframework\boot\spring-boot\3.5.9\spring-boot-3.5.9.jar;C:\Users\sathwik\.m2\repository\org\springframework\boot\spring-boot-autoconfigure\3.5.9\spring-boot-autoconfigure-3.5.9.jar;C:\Users\sathwik\.m2\repository\org\springframework\boot\spring-boot-starter-logging\3.5.9\spring-boot-starter-logging-3.5.9.jar;C:\Users\sathwik\.m2\repository\ch\qos\logback\logback-classic\1.5.22\logback-classic-1.5.22.jar;C:\Users\sathwik\.m2\repository\ch\qos\logback\logback-core\1.5.22\logback-core-1.5.22.jar;C:\Users\sathwik\.m2\repository\org\apache\logging\log4j\log4j-to-slf4j\2.24.3\log4j-to-slf4j-2.24.3.jar;C:\Users\sathwik\.m2\repository\org\apache\logging\log4j\log4j-api\2.24.3\log4j-api-2.24.3.jar;C:\Users\sathwik\.m2\repository\org\slf4j\jul-to-slf4j\2.0.17\jul-to-slf4j-2.0.17.jar;C:\Users\sathwik\.m2\repository\jakarta\annotation\jakarta.annotation-api\2.1.1\jakarta.annotation-api-2.1.1.jar;C:\Users\sathwik\.m2\repository\org\yaml\snakeyaml\2.4\snakeyaml-2.4.jar;C:\Users\sathwik\.m2\repository\org\springframework\boot\spring-boot-starter-jdbc\3.5.9\spring-boot-starter-jdbc-3.5.9.jar;C:\Users\sathwik\.m2\repository\com\zaxxer\HikariCP\6.3.3\HikariCP-6.3.3.jar;C:\Users\sathwik\.m2\repository\org\springframework\spring-jdbc\6.2.15\spring-jdbc-6.2.15.jar;C:\Users\sathwik\.m2\repository\org\hibernate\orm\hibernate-core\6.6.39.Final\hibernate-core-6.6.39.Final.jar;C:\Users\sathwik\.m2\repository\jakarta\persistence\jakarta.persistence-api\3.1.0\jakarta.persistence-api-3.1.0.jar;C:\Users\sathwik\.m2\repository\jakarta\transaction\jakarta.transaction-api\2.0.1\jakarta.transaction-api-2.0.1.jar;C:\Users\sathwik\.m2\repository\org\jboss\logging\jboss-logging\3.6.1.Final\jboss-logging-3.6.1.Final.jar;C:\Users\sathwik\.m2\repository\org\hibernate\common\hibernate-commons-annotations\7.0.3.Final\hibernate-commons-annotations-7.0.3.Final.jar;C:\Users\sathwik\.m2\repository\io\smallrye\jandex\3.2.0\jandex-3.2.0.jar;C:\Users\sathwik\.m2\repository\com\fasterxml\classmate\1.7.1\classmate-1.7.1.jar;C:\Users\sathwik\.m2\repository\net\bytebuddy\byte-buddy\1.17.8\byte-buddy-1.17.8.jar;C:\Users\sathwik\.m2\repository\org\glassfish\jaxb\jaxb-runtime\4.0.6\jaxb-runtime-4.0.6.jar;C:\Users\sathwik\.m2\repository\org\glassfish\jaxb\jaxb-core\4.0.6\jaxb-core-4.0.6.jar;C:\Users\sathwik\.m2\repository\org\eclipse\angus\angus-activation\2.0.3\angus-activation-2.0.3.jar;C:\Users\sathwik\.m2\repository\org\glassfish\jaxb\txw2\4.0.6\txw2-4.0.6.jar;C:\Users\sathwik\.m2\repository\com\sun\istack\istack-commons-runtime\4.1.2\istack-commons-runtime-4.1.2.jar;C:\Users\sathwik\.m2\repository\jakarta\inject\jakarta.inject-api\2.0.1\jakarta.inject-api-2.0.1.jar;C:\Users\sathwik\.m2\repository\org\antlr\antlr4-runtime\4.13.0\antlr4-runtime-4.13.0.jar;C:\Users\sathwik\.m2\repository\org\springframework\data\spring-data-jpa\3.5.7\spring-data-jpa-3.5.7.jar;C:\Users\sathwik\.m2\repository\org\springframework\data\spring-data-commons\3.5.7\spring-data-commons-3.5.7.jar;C:\Users\sathwik\.m2\repository\org\springframework\spring-orm\6.2.15\spring-orm-6.2.15.jar;C:\Users\sathwik\.m2\repository\org\springframework\spring-context\6.2.15\spring-context-6.2.15.jar;C:\Users\sathwik\.m2\repository\org\springframework\spring-tx\6.2.15\spring-tx-6.2.15.jar;C:\Users\sathwik\.m2\repository\org\springframework\spring-beans\6.2.15\spring-beans-6.2.15.jar;C:\Users\sathwik\.m2\repository\org\slf4j\slf4j-api\2.0.17\slf4j-api-2.0.17.jar;C:\Users\sathwik\.m2\repository\org\springframework\spring-aspects\6.2.15\spring-aspects-6.2.15.jar;C:\Users\sathwik\.m2\repository\org\aspectj\aspectjweaver\1.9.25.1\aspectjweaver-1.9.25.1.jar;C:\Users\sathwik\.m2\repository\org\springframework\boot\spring-boot-starter-security\3.5.9\spring-boot-starter-security-3.5.9.jar;C:\Users\sathwik\.m2\repository\org\springframework\spring-aop\6.2.15\spring-aop-6.2.15.jar;C:\Users\sathwik\.m2\repository\org\springframework\security\spring-security-config\6.5.7\spring-security-config-6.5.7.jar;C:\Users\sathwik\.m2\repository\org\springframework\security\spring-security-web\6.5.7\spring-security-web-6.5.7.jar;C:\Users\sathwik\.m2\repository\org\springframework\spring-expression\6.2.15\spring-expression-6.2.15.jar;C:\Users\sathwik\.m2\repository\io\jsonwebtoken\jjwt-api\0.11.5\jjwt-api-0.11.5.jar;C:\Users\sathwik\.m2\repository\io\jsonwebtoken\jjwt-impl\0.11.5\jjwt-impl-0.11.5.jar;C:\Users\sathwik\.m2\repository\io\jsonwebtoken\jjwt-jackson\0.11.5\jjwt-jackson-0.11.5.jar;C:\Users\sathwik\.m2\repository\com\fasterxml\jackson\core\jackson-databind\2.19.4\jackson-databind-2.19.4.jar;C:\Users\sathwik\.m2\repository\com\fasterxml\jackson\core\jackson-annotations\2.19.4\jackson-annotations-2.19.4.jar;C:\Users\sathwik\.m2\repository\com\fasterxml\jackson\core\jackson-core\2.19.4\jackson-core-2.19.4.jar;C:\Users\sathwik\.m2\repository\org\springframework\boot\spring-boot-starter-web\3.5.9\spring-boot-starter-web-3.5.9.jar;C:\Users\sathwik\.m2\repository\org\springframework\boot\spring-boot-starter-json\3.5.9\spring-boot-starter-json-3.5.9.jar;C:\Users\sathwik\.m2\repository\com\fasterxml\jackson\datatype\jackson-datatype-jdk8\2.19.4\jackson-datatype-jdk8-2.19.4.jar;C:\Users\sathwik\.m2\repository\com\fasterxml\jackson\datatype\jackson-datatype-jsr310\2.19.4\jackson-datatype-jsr310-2.19.4.jar;C:\Users\sathwik\.m2\repository\com\fasterxml\jackson\module\jackson-module-parameter-names\2.19.4\jackson-module-parameter-names-2.19.4.jar;C:\Users\sathwik\.m2\repository\org\springframework\boot\spring-boot-starter-tomcat\3.5.9\spring-boot-starter-tomcat-3.5.9.jar;C:\Users\sathwik\.m2\repository\org\apache\tomcat\embed\tomcat-embed-core\10.1.50\tomcat-embed-core-10.1.50.jar;C:\Users\sathwik\.m2\repository\org\apache\tomcat\embed\tomcat-embed-el\10.1.50\tomcat-embed-el-10.1.50.jar;C:\Users\sathwik\.m2\repository\org\apache\tomcat\embed\tomcat-embed-websocket\10.1.50\tomcat-embed-websocket-10.1.50.jar;C:\Users\sathwik\.m2\repository\org\springframework\spring-web\6.2.15\spring-web-6.2.15.jar;C:\Users\sathwik\.m2\repository\io\micrometer\micrometer-observation\1.15.7\micrometer-observation-1.15.7.jar;C:\Users\sathwik\.m2\repository\io\micrometer\micrometer-commons\1.15.7\micrometer-commons-1.15.7.jar;C:\Users\sathwik\.m2\repository\org\springframework\spring-webmvc\6.2.15\spring-webmvc-6.2.15.jar;C:\Users\sathwik\.m2\repository\com\mysql\mysql-connector-j\9.5.0\mysql-connector-j-9.5.0.jar;C:\Users\sathwik\.m2\repository\org\projectlombok\lombok\1.18.42\lombok-1.18.42.jar;C:\Users\sathwik\.m2\repository\jakarta\xml\bind\jakarta.xml.bind-api\4.0.4\jakarta.xml.bind-api-4.0.4.jar;C:\Users\sathwik\.m2\repository\jakarta\activation\jakarta.activation-api\2.1.4\jakarta.activation-api-2.1.4.jar;C:\Users\sathwik\.m2\repository\org\springframework\spring-core\6.2.15\spring-core-6.2.15.jar;C:\Users\sathwik\.m2\repository\org\springframework\spring-jcl\6.2.15\spring-jcl-6.2.15.jar;C:\Users\sathwik\.m2\repository\org\springframework\security\spring-security-core\6.5.7\spring-security-core-6.5.7.jar;C:\Users\sathwik\.m2\repository\org\springframework\security\spring-security-crypto\6.5.7\spring-security-crypto-6.5.7.jar
Launcher Type: SUN_STANDARD

[Global flags]
     intx CICompilerCount                          = 3                                         {product} {ergonomic}
     uint ConcGCThreads                            = 1                                         {product} {ergonomic}
     uint G1ConcRefinementThreads                  = 4                                         {product} {ergonomic}
   size_t G1HeapRegionSize                         = 1048576                                   {product} {ergonomic}
   size_t InitialHeapSize                          = 62914560                                  {product} {ergonomic}
   size_t MarkStackSize                            = 4194304                                   {product} {ergonomic}
   size_t MarkStackSizeMax                         = 536870912                                 {product} {ergonomic}
   size_t MaxHeapSize                              = 994050048                                 {product} {ergonomic}
   size_t MaxNewSize                               = 595591168                                 {product} {ergonomic}
   size_t MinHeapDeltaBytes                        = 1048576                                   {product} {ergonomic}
   size_t MinHeapSize                              = 8388608                                   {product} {ergonomic}
    uintx NonNMethodCodeHeapSize                   = 5832704                                {pd product} {ergonomic}
    uintx NonProfiledCodeHeapSize                  = 122945536                              {pd product} {ergonomic}
    uintx ProfiledCodeHeapSize                     = 122880000                              {pd product} {ergonomic}
    uintx ReservedCodeCacheSize                    = 251658240                              {pd product} {ergonomic}
     bool SegmentedCodeCache                       = true                                      {product} {ergonomic}
   size_t SoftMaxHeapSize                          = 994050048                              {manageable} {ergonomic}
     bool UseCompressedOops                        = true                           {product lp64_product} {ergonomic}
     bool UseG1GC                                  = true                                      {product} {ergonomic}
     bool UseLargePagesIndividualAllocation        = false                                  {pd product} {ergonomic}

Logging:
Log output configuration:
 #0: stdout all=warning uptime,level,tags foldmultilines=false
 #1: stderr all=off uptime,level,tags foldmultilines=false

Release file:
IMPLEMENTOR="Oracle Corporation" 
JAVA_RUNTIME_VERSION="25.0.1+8-27" 
JAVA_VERSION="25.0.1" 
JAVA_VERSION_DATE="2025-10-21" 
LIBC="default" 
MODULES="java.base java.compiler java.datatransfer java.xml java.prefs java.desktop java.instrument java.logging java.management java.security.sasl java.naming java.rmi java.management.rmi java.net.http java.scripting java.security.jgss java.transaction.xa java.sql java.sql.rowset java.xml.crypto java.se java.smartcardio jdk.accessibility jdk.internal.jvmstat jdk.attach jdk.charsets jdk.internal.opt jdk.zipfs jdk.compiler jdk.crypto.cryptoki jdk.crypto.ec jdk.crypto.mscapi jdk.dynalink jdk.internal.ed jdk.editpad jdk.internal.vm.ci jdk.graal.compiler jdk.graal.compiler.management jdk.hotspot.agent jdk.httpserver jdk.incubator.vector jdk.internal.le jdk.internal.md jdk.jartool jdk.javadoc jdk.jcmd jdk.management jdk.management.agent jdk.jconsole jdk.jdeps jdk.jdwp.agent jdk.jdi jdk.jfr jdk.jlink jdk.jpackage jdk.jshell jdk.jsobject jdk.jstatd jdk.localedata jdk.management.jfr jdk.naming.dns jdk.naming.rmi jdk.net jdk.nio.mapmode jdk.sctp jdk.security.auth jdk.security.jgss jdk.unsupported jdk.unsupported.desktop jdk.xml.dom" 
OS_ARCH="x86_64" 
OS_NAME="Windows" 
SOURCE=".:git:78770bfaefd2" 

Environment Variables:
JAVA_HOME=C:\Users\sathwik\AppData\Local\Programs\Eclipse Adoptium\jdk-17.0.5.8-hotspot\
CLASSPATH=C:\mysql-connector-j-9.4.0.jar
PATH=C:\Program Files\Eclipse Adoptium\jdk-17.0.17.10-hotspot\bin;C:\Program Files\Common Files\Oracle\Java\javapath;C:\Users\sathwik\OneDrive\Documents\javalabcs131;C:\WINDOWS\system32;C:\WINDOWS;C:\WINDOWS\System32\Wbem;C:\WINDOWS\System32\WindowsPowerShell\v1.0\;C:\WINDOWS\System32\OpenSSH\;C:\Program Files\Java\jdk-19\bin;C:\Program Files\Git\cmd;C:\Program Files\Java\jdk-24\bin\;C:\Program Files (x86)\Microsoft SQL Server\160\Tools\Binn\;C:\Program Files\Microsoft SQL Server\160\Tools\Binn\;C:\Program Files\Microsoft SQL Server\Client SDK\ODBC\170\Tools\Binn\;C:\Program Files\Microsoft SQL Server\160\DTS\Binn\;C:\Program Files (x86)\Microsoft SQL Server\160\DTS\Binn\;C:\Program Files\nodejs\;C:\Users\sathwik\Downloads\apache-maven-3.9.11-bin.zip\bin;C:\Program Files\MySQL\MySQL Shell 8.4\bin\;C:\Program Files\MySQL\MySQL Shell 8.4\bin\;C:\Users\sathwik\OneDrive\Documents\javalabcs131;C:\Users\sathwik\AppData\Local\Microsoft\WindowsApps;C:\Users\sathwik\AppData\Local\Programs\Microsoft VS Code\bin;C:\Users\sathwik\AppData\Roaming\npm;C:\Program Files\apache-maven-3.9.11\bin;C:\Program Files\apache-maven-3.9.11\bin;C:\Users\sathwik\AppData\Local\Programs\Antigravity\bin
USERNAME=sathwik
OS=Windows_NT
PROCESSOR_IDENTIFIER=Intel64 Family 6 Model 140 Stepping 1, GenuineIntel
TMP=C:\Users\sathwik\AppData\Local\Temp
TEMP=C:\Users\sathwik\AppData\Local\Temp




Compilation memory statistics disabled.

Periodic native trim disabled

---------------  S Y S T E M  ---------------

OS:
 Windows 11 , 64 bit Build 26100 (10.0.26100.7623)
OS uptime: 0 days 0:50 hours

CPU: total 4 (initial active 4) (2 cores per cpu, 2 threads per core) family 6 model 140 stepping 1 microcode 0x86, cx8, cmov, fxsr, ht, mmx, 3dnowpref, sse, sse2, sse3, ssse3, sse4.1, sse4.2, popcnt, lzcnt, tsc, tscinvbit, avx, avx2, aes, erms, clmul, bmi1, bmi2, adx, avx512f, avx512dq, avx512cd, avx512bw, avx512vl, sha, fma, vzeroupper, avx512_vpopcntdq, avx512_vpclmulqdq, avx512_vaes, avx512_vnni, clflush, clflushopt, clwb, avx512_vbmi2, avx512_vbmi, rdtscp, rdpid, fsrm, gfni, avx512_bitalg, f16c, pku, cet_ibt, cet_ss, avx512_ifma
Processor Information for the first 4 processors :
  Max Mhz: 2995, Current Mhz: 2995, Mhz Limit: 2995

Memory: 4k page, system-wide physical 3790M (44M free)
TotalPageFile size 15566M (AvailPageFile size 6M)
current process WorkingSet (physical memory assigned to process): 129M, peak: 182M
current process commit charge ("private bytes"): 234M, peak: 243M

vm_info: OpenJDK 64-Bit Server VM (25.0.1+8-27) for windows-amd64 JRE (25.0.1+8-27), built on 2025-09-25T16:41:16Z with unknown MS VC++:1943

END.
