#
# There is insufficient memory for the Java Runtime Environment to continue.
# Native memory allocation (malloc) failed to allocate 282824 bytes. Error detail: Chunk::new
# Possible reasons:
#   The system is out of physical RAM or swap space
#   This process is running with CompressedOops enabled, and the Java Heap may be blocking the growth of the native heap
# Possible solutions:
#   Reduce memory load on the system
#   Increase physical memory or swap space
#   Check if swap backing store is full
#   Decrease Java heap size (-Xmx/-Xms)
#   Decrease number of Java threads
#   Decrease Java thread stack sizes (-Xss)
#   Set larger code cache with -XX:ReservedCodeCacheSize=
#   JVM is running with Unscaled Compressed Oops mode in which the Java heap is
#     placed in the first 4GB address space. The Java Heap base address is the
#     maximum limit for the native heap growth. Please use -XX:HeapBaseMinAddress
#     to set the Java Heap base and to place the Java Heap above 4GB virtual address.
# This output file may be truncated or incomplete.
#
#  Out of Memory Error (arena.cpp:186), pid=19220, tid=4596
#
# JRE version: OpenJDK Runtime Environment (25.0.1+8) (build 25.0.1+8-27)
# Java VM: OpenJDK 64-Bit Server VM (25.0.1+8-27, mixed mode, sharing, tiered, compressed oops, compressed class ptrs, g1 gc, windows-amd64)
# No core dump will be written. Minidumps are not enabled by default on client versions of Windows
#

---------------  S U M M A R Y ------------

Command Line: -javaagent:C:\Program Files\JetBrains\IntelliJ IDEA Community Edition 2025.1.1.1\lib\idea_rt.jar=60442 -Dfile.encoding=UTF-8 -Dsun.stdout.encoding=UTF-8 -Dsun.stderr.encoding=UTF-8 com.example.ecommerce.EcommerceApplication

Host: 11th Gen Intel(R) Core(TM) i3-1115G4 @ 3.00GHz, 4 cores, 3G,  Windows 11 , 64 bit Build 26100 (10.0.26100.7705)
Time: Sun Feb  1 14:52:55 2026 India Standard Time elapsed time: 6322.405098 seconds (0d 1h 45m 22s)

---------------  T H R E A D  ---------------

Current thread (0x000002202f2e3ae0):  JavaThread "C2 CompilerThread0" daemon [_thread_in_native, id=4596, stack(0x000000621d500000,0x000000621d600000) (1024K)]


Current CompileTask:
C2:6322406 9424       4       sun.security.ssl.SSLAlgorithmConstraints::permits (92 bytes)

Stack: [0x000000621d500000,0x000000621d600000]
Native frames: (J=compiled Java code, j=interpreted, Vv=VM code, C=native code)
V  [jvm.dll+0x7a6b59]  (no source info available)
V  [jvm.dll+0x77290d]  (no source info available)
V  [jvm.dll+0x966153]  (no source info available)
V  [jvm.dll+0x968751]  (no source info available)
V  [jvm.dll+0x968e53]  (no source info available)
V  [jvm.dll+0x2fc756]  (no source info available)
V  [jvm.dll+0x111b26]  (no source info available)
V  [jvm.dll+0x111e4e]  (no source info available)
V  [jvm.dll+0x381801]  (no source info available)
V  [jvm.dll+0x6b8bd9]  (no source info available)
V  [jvm.dll+0x2c9bfa]  (no source info available)
V  [jvm.dll+0x2c2195]  (no source info available)
V  [jvm.dll+0x2bf995]  (no source info available)
V  [jvm.dll+0x237b60]  (no source info available)
V  [jvm.dll+0x2cfb56]  (no source info available)
V  [jvm.dll+0x2cddd5]  (no source info available)
V  [jvm.dll+0x48e6d1]  (no source info available)
V  [jvm.dll+0x906a0d]  (no source info available)
V  [jvm.dll+0x7a5135]  (no source info available)
C  [ucrtbase.dll+0x37b0]  (no source info available)
C  [KERNEL32.DLL+0x2e8d7]  (no source info available)
C  [ntdll.dll+0x8c40c]  (no source info available)

Lock stack of current Java thread (top to bottom):


---------------  P R O C E S S  ---------------

Threads class SMR info:
_java_thread_list=0x0000022034ec83a0, length=30, elements={
0x0000022014325e70, 0x0000022014326b90, 0x0000022014329950, 0x000002201432a510,
0x000002201432d240, 0x000002202f2e1fb0, 0x000002202f2e3ae0, 0x000002202f2f9fd0,
0x000002202f506850, 0x000002202f83d630, 0x000002202f840960, 0x0000022035272fd0,
0x000002203442a650, 0x000002203442c590, 0x0000022037b6f830, 0x0000022037b71f40,
0x0000022034e75800, 0x0000022034e78eb0, 0x0000022034e77740, 0x0000022034e7adf0,
0x0000022034e79e50, 0x0000022034e7a620, 0x0000022034e7b5c0, 0x0000022034e7bd90,
0x0000022034e7c560, 0x0000022034e7cd30, 0x00000220351fc300, 0x00000220351fbb30,
0x00000220351fea10, 0x000002203500e930
}

Java Threads: ( => current thread )
  0x0000022014325e70 JavaThread "Reference Handler"          daemon [_thread_blocked, id=3136, stack(0x000000621cf00000,0x000000621d000000) (1024K)]
  0x0000022014326b90 JavaThread "Finalizer"                  daemon [_thread_blocked, id=20208, stack(0x000000621d000000,0x000000621d100000) (1024K)]
  0x0000022014329950 JavaThread "Signal Dispatcher"          daemon [_thread_blocked, id=19688, stack(0x000000621d100000,0x000000621d200000) (1024K)]
  0x000002201432a510 JavaThread "Attach Listener"            daemon [_thread_blocked, id=9760, stack(0x000000621d200000,0x000000621d300000) (1024K)]
  0x000002201432d240 JavaThread "Service Thread"             daemon [_thread_blocked, id=18504, stack(0x000000621d300000,0x000000621d400000) (1024K)]
  0x000002202f2e1fb0 JavaThread "Monitor Deflation Thread"   daemon [_thread_blocked, id=18508, stack(0x000000621d400000,0x000000621d500000) (1024K)]
=>0x000002202f2e3ae0 JavaThread "C2 CompilerThread0"         daemon [_thread_in_native, id=4596, stack(0x000000621d500000,0x000000621d600000) (1024K)]
  0x000002202f2f9fd0 JavaThread "C1 CompilerThread0"         daemon [_thread_blocked, id=18028, stack(0x000000621d600000,0x000000621d700000) (1024K)]
  0x000002202f506850 JavaThread "Common-Cleaner"             daemon [_thread_blocked, id=17568, stack(0x000000621d700000,0x000000621d800000) (1024K)]
  0x000002202f83d630 JavaThread "Monitor Ctrl-Break"         daemon [_thread_in_native, id=20352, stack(0x000000621d800000,0x000000621d900000) (1024K)]
  0x000002202f840960 JavaThread "Notification Thread"        daemon [_thread_blocked, id=19164, stack(0x000000621d900000,0x000000621da00000) (1024K)]
  0x0000022035272fd0 JavaThread "mysql-cj-abandoned-connection-cleanup" daemon [_thread_blocked, id=4348, stack(0x000000621de00000,0x000000621df00000) (1024K)]
  0x000002203442a650 JavaThread "HikariPool-1 housekeeper"   daemon [_thread_blocked, id=3448, stack(0x000000621df00000,0x000000621e000000) (1024K)]
  0x000002203442c590 JavaThread "Catalina-utility-1"                [_thread_in_Java, id=19000, stack(0x000000621e100000,0x000000621e200000) (1024K)]
  0x0000022037b6f830 JavaThread "Catalina-utility-2"                [_thread_in_vm, id=16716, stack(0x000000621e200000,0x000000621e300000) (1024K)]
  0x0000022037b71f40 JavaThread "container-0"                       [_thread_blocked, id=15708, stack(0x000000621e300000,0x000000621e400000) (1024K)]
  0x0000022034e75800 JavaThread "http-nio-8080-exec-1"       daemon [_thread_blocked, id=19708, stack(0x000000621e500000,0x000000621e600000) (1024K)]
  0x0000022034e78eb0 JavaThread "http-nio-8080-exec-2"       daemon [_thread_blocked, id=9040, stack(0x000000621e600000,0x000000621e700000) (1024K)]
  0x0000022034e77740 JavaThread "http-nio-8080-exec-3"       daemon [_thread_blocked, id=17068, stack(0x000000621e700000,0x000000621e800000) (1024K)]
  0x0000022034e7adf0 JavaThread "http-nio-8080-exec-4"       daemon [_thread_blocked, id=19792, stack(0x000000621e800000,0x000000621e900000) (1024K)]
  0x0000022034e79e50 JavaThread "http-nio-8080-exec-5"       daemon [_thread_blocked, id=9632, stack(0x000000621e900000,0x000000621ea00000) (1024K)]
  0x0000022034e7a620 JavaThread "http-nio-8080-exec-6"       daemon [_thread_blocked, id=9576, stack(0x000000621ea00000,0x000000621eb00000) (1024K)]
  0x0000022034e7b5c0 JavaThread "http-nio-8080-exec-7"       daemon [_thread_blocked, id=19096, stack(0x000000621eb00000,0x000000621ec00000) (1024K)]
  0x0000022034e7bd90 JavaThread "http-nio-8080-exec-8"       daemon [_thread_blocked, id=18140, stack(0x000000621ec00000,0x000000621ed00000) (1024K)]
  0x0000022034e7c560 JavaThread "http-nio-8080-exec-9"       daemon [_thread_blocked, id=15088, stack(0x000000621ed00000,0x000000621ee00000) (1024K)]
  0x0000022034e7cd30 JavaThread "http-nio-8080-exec-10"      daemon [_thread_blocked, id=16288, stack(0x000000621ee00000,0x000000621ef00000) (1024K)]
  0x00000220351fc300 JavaThread "http-nio-8080-Poller"       daemon [_thread_in_native, id=18452, stack(0x000000621ef00000,0x000000621f000000) (1024K)]
  0x00000220351fbb30 JavaThread "http-nio-8080-Acceptor"     daemon [_thread_in_native, id=2164, stack(0x000000621f000000,0x000000621f100000) (1024K)]
  0x00000220351fea10 JavaThread "DestroyJavaVM"                     [_thread_blocked, id=8928, stack(0x000000621c700000,0x000000621c800000) (1024K)]
  0x000002203500e930 JavaThread "HikariPool-1 connection adder" daemon [_thread_in_Java, id=10584, stack(0x000000621f200000,0x000000621f300000) (1024K)]
Total: 30

Other Threads:
  0x0000022014313720 VMThread "VM Thread"                           [id=17996, stack(0x000000621ce00000,0x000000621cf00000) (1024K)]
  0x0000022014301ec0 WatcherThread "VM Periodic Task Thread"        [id=9748, stack(0x000000621cd00000,0x000000621ce00000) (1024K)]
  0x00000220142b0ee0 WorkerThread "GC Thread#0"                     [id=20360, stack(0x000000621c800000,0x000000621c900000) (1024K)]
  0x000002203423a670 WorkerThread "GC Thread#1"                     [id=19364, stack(0x000000621da00000,0x000000621db00000) (1024K)]
  0x0000022034425b80 WorkerThread "GC Thread#2"                     [id=6724, stack(0x000000621db00000,0x000000621dc00000) (1024K)]
  0x000002203422fbe0 WorkerThread "GC Thread#3"                     [id=19596, stack(0x000000621dd00000,0x000000621de00000) (1024K)]
  0x00000220142bd170 ConcurrentGCThread "G1 Main Marker"            [id=6072, stack(0x000000621c900000,0x000000621ca00000) (1024K)]
  0x00000220142bdd10 WorkerThread "G1 Conc#0"                       [id=2280, stack(0x000000621ca00000,0x000000621cb00000) (1024K)]
  0x00000220142e6f20 ConcurrentGCThread "G1 Refine#0"               [id=3528, stack(0x000000621cb00000,0x000000621cc00000) (1024K)]
  0x00000220142f2970 ConcurrentGCThread "G1 Service"                [id=17012, stack(0x000000621cc00000,0x000000621cd00000) (1024K)]
Total: 10

Threads with active compile tasks:
C2 CompilerThread0  6322712 9424       4       sun.security.ssl.SSLAlgorithmConstraints::permits (92 bytes)
Total: 1

VM state: not at safepoint (normal execution)

VM Mutex/Monitor currently owned by a thread: None

OutOfMemory and StackOverflow Exception counts:
StackOverflowErrors=32
LinkageErrors=138

Heap address: 0x00000000c4c00000, size: 948 MB, Compressed Oops mode: 32-bit

CDS archive(s) mapped at: [0x000000003c000000-0x000000003cdd0000-0x000000003cdd0000), size 14483456, SharedBaseAddress: 0x000000003c000000, ArchiveRelocationMode: 1.
Compressed class space mapped at: 0x000000003d000000-0x000000007d000000, reserved size: 1073741824
UseCompressedClassPointers 1, UseCompactObjectHeaders 0
Narrow klass pointer bits 32, Max shift 3
Narrow klass base: 0x000000003c000000, Narrow klass shift: 0
Encoding Range: [0x000000003c000000 - 0x000000013c000000), (4294967296 bytes)
Klass Range:    [0x000000003c010000 - 0x000000007d000000), (1090453504 bytes)
Klass ID Range:  [65536 - 1090519033) (1090453497)
Protection zone: [0x000000003c000000 - 0x000000003c010000), (65536 bytes)

GC Precious Log:
 CardTable entry size: 512
 Card Set container configuration: InlinePtr #cards 5 size 8 Array Of Cards #cards 10 size 36 Howl #buckets 4 coarsen threshold 1843 Howl Bitmap #cards 512 size 80 coarsen threshold 460 Card regions per heap region 1 cards per card region 2048
 CPUs: 4 total, 4 available
 Memory: 3790M
 Large Page Support: Disabled
 NUMA Support: Disabled
 Compressed Oops: Enabled (32-bit)
 Heap Region Size: 1M
 Heap Min Capacity: 8M
 Heap Initial Capacity: 60M
 Heap Max Capacity: 948M
 Pre-touch: Disabled
 Parallel Workers: 4
 Concurrent Workers: 1
 Concurrent Refinement Workers: 4
 Periodic GC: Disabled

Heap:
 garbage-first heap   total reserved 970752K, committed 60416K, used 41331K [0x00000000c4c00000, 0x0000000100000000)
  region size 1024K, 9 young (9216K), 1 survivors (1024K)

Heap Regions: E=young(eden), S=young(survivor), O=old, HS=humongous(starts), HC=humongous(continues), CS=collection set, F=free, TAMS=top-at-mark-start, PB=parsable bottom
|   0|0x00000000c4c00000, 0x00000000c4d00000, 0x00000000c4d00000|100%|HS|  |TAMS 0x00000000c4c00000| PB 0x00000000c4c00000| Complete |  0
|   1|0x00000000c4d00000, 0x00000000c4e00000, 0x00000000c4e00000|100%| O|  |TAMS 0x00000000c4d00000| PB 0x00000000c4d00000| Untracked |  0
|   2|0x00000000c4e00000, 0x00000000c4f00000, 0x00000000c4f00000|100%| O|  |TAMS 0x00000000c4e00000| PB 0x00000000c4e00000| Untracked |  0
|   3|0x00000000c4f00000, 0x00000000c5000000, 0x00000000c5000000|100%| O|  |TAMS 0x00000000c4f00000| PB 0x00000000c4f00000| Untracked |  0
|   4|0x00000000c5000000, 0x00000000c5100000, 0x00000000c5100000|100%| O|  |TAMS 0x00000000c5000000| PB 0x00000000c5000000| Untracked |  0
|   5|0x00000000c5100000, 0x00000000c5200000, 0x00000000c5200000|100%| O|  |TAMS 0x00000000c5100000| PB 0x00000000c5100000| Untracked |  0
|   6|0x00000000c5200000, 0x00000000c5300000, 0x00000000c5300000|100%| O|  |TAMS 0x00000000c5200000| PB 0x00000000c5200000| Untracked |  0
|   7|0x00000000c5300000, 0x00000000c5400000, 0x00000000c5400000|100%| O|  |TAMS 0x00000000c5300000| PB 0x00000000c5300000| Untracked |  0
|   8|0x00000000c5400000, 0x00000000c5500000, 0x00000000c5500000|100%| O|  |TAMS 0x00000000c5400000| PB 0x00000000c5400000| Untracked |  0
|   9|0x00000000c5500000, 0x00000000c5600000, 0x00000000c5600000|100%| O|  |TAMS 0x00000000c5500000| PB 0x00000000c5500000| Untracked |  0
|  10|0x00000000c5600000, 0x00000000c5700000, 0x00000000c5700000|100%| O|  |TAMS 0x00000000c5600000| PB 0x00000000c5600000| Untracked |  0
|  11|0x00000000c5700000, 0x00000000c5800000, 0x00000000c5800000|100%| O|  |TAMS 0x00000000c5700000| PB 0x00000000c5700000| Untracked |  0
|  12|0x00000000c5800000, 0x00000000c5900000, 0x00000000c5900000|100%| O|  |TAMS 0x00000000c5800000| PB 0x00000000c5800000| Untracked |  0
|  13|0x00000000c5900000, 0x00000000c5a00000, 0x00000000c5a00000|100%| O|  |TAMS 0x00000000c5900000| PB 0x00000000c5900000| Untracked |  0
|  14|0x00000000c5a00000, 0x00000000c5b00000, 0x00000000c5b00000|100%| O|Cm|TAMS 0x00000000c5a00000| PB 0x00000000c5a00000| Complete |  0
|  15|0x00000000c5b00000, 0x00000000c5c00000, 0x00000000c5c00000|100%| O|  |TAMS 0x00000000c5b00000| PB 0x00000000c5b00000| Untracked |  0
|  16|0x00000000c5c00000, 0x00000000c5d00000, 0x00000000c5d00000|100%| O|  |TAMS 0x00000000c5c00000| PB 0x00000000c5c00000| Untracked |  0
|  17|0x00000000c5d00000, 0x00000000c5e00000, 0x00000000c5e00000|100%| O|  |TAMS 0x00000000c5d00000| PB 0x00000000c5d00000| Untracked |  0
|  18|0x00000000c5e00000, 0x00000000c5f00000, 0x00000000c5f00000|100%| O|  |TAMS 0x00000000c5e00000| PB 0x00000000c5e00000| Untracked |  0
|  19|0x00000000c5f00000, 0x00000000c6000000, 0x00000000c6000000|100%| O|  |TAMS 0x00000000c5f00000| PB 0x00000000c5f00000| Untracked |  0
|  20|0x00000000c6000000, 0x00000000c6100000, 0x00000000c6100000|100%| O|  |TAMS 0x00000000c6000000| PB 0x00000000c6000000| Untracked |  0
|  21|0x00000000c6100000, 0x00000000c6200000, 0x00000000c6200000|100%| O|  |TAMS 0x00000000c6100000| PB 0x00000000c6100000| Untracked |  0
|  22|0x00000000c6200000, 0x00000000c6300000, 0x00000000c6300000|100%| O|  |TAMS 0x00000000c6200000| PB 0x00000000c6200000| Untracked |  0
|  23|0x00000000c6300000, 0x00000000c6400000, 0x00000000c6400000|100%| O|Cm|TAMS 0x00000000c6300000| PB 0x00000000c6300000| Complete |  0
|  24|0x00000000c6400000, 0x00000000c6500000, 0x00000000c6500000|100%| O|  |TAMS 0x00000000c6400000| PB 0x00000000c6400000| Untracked |  0
|  25|0x00000000c6500000, 0x00000000c6500000, 0x00000000c6600000|  0%| F|  |TAMS 0x00000000c6500000| PB 0x00000000c6500000| Untracked |  0
|  26|0x00000000c6600000, 0x00000000c6700000, 0x00000000c6700000|100%| O|  |TAMS 0x00000000c6600000| PB 0x00000000c6600000| Untracked |  0
|  27|0x00000000c6700000, 0x00000000c6800000, 0x00000000c6800000|100%| O|  |TAMS 0x00000000c6700000| PB 0x00000000c6700000| Untracked |  0
|  28|0x00000000c6800000, 0x00000000c6900000, 0x00000000c6900000|100%| O|  |TAMS 0x00000000c6800000| PB 0x00000000c6800000| Untracked |  0
|  29|0x00000000c6900000, 0x00000000c6a00000, 0x00000000c6a00000|100%| O|  |TAMS 0x00000000c6900000| PB 0x00000000c6900000| Untracked |  0
|  30|0x00000000c6a00000, 0x00000000c6b00000, 0x00000000c6b00000|100%| O|  |TAMS 0x00000000c6a00000| PB 0x00000000c6a00000| Untracked |  0
|  31|0x00000000c6b00000, 0x00000000c6c00000, 0x00000000c6c00000|100%| O|  |TAMS 0x00000000c6b00000| PB 0x00000000c6b00000| Untracked |  0
|  32|0x00000000c6c00000, 0x00000000c6c69cc0, 0x00000000c6d00000| 41%| O|  |TAMS 0x00000000c6c00000| PB 0x00000000c6c00000| Untracked |  0
|  33|0x00000000c6d00000, 0x00000000c6d00000, 0x00000000c6e00000|  0%| F|  |TAMS 0x00000000c6d00000| PB 0x00000000c6d00000| Untracked |  0
|  34|0x00000000c6e00000, 0x00000000c6e00000, 0x00000000c6f00000|  0%| F|  |TAMS 0x00000000c6e00000| PB 0x00000000c6e00000| Untracked |  0
|  35|0x00000000c6f00000, 0x00000000c6f00000, 0x00000000c7000000|  0%| F|  |TAMS 0x00000000c6f00000| PB 0x00000000c6f00000| Untracked |  0
|  36|0x00000000c7000000, 0x00000000c70f3198, 0x00000000c7100000| 94%| S|CS|TAMS 0x00000000c7000000| PB 0x00000000c7000000| Complete |  0
|  37|0x00000000c7100000, 0x00000000c7100000, 0x00000000c7200000|  0%| F|  |TAMS 0x00000000c7100000| PB 0x00000000c7100000| Untracked |  0
|  38|0x00000000c7200000, 0x00000000c7200000, 0x00000000c7300000|  0%| F|  |TAMS 0x00000000c7200000| PB 0x00000000c7200000| Untracked |  0
|  39|0x00000000c7300000, 0x00000000c7300000, 0x00000000c7400000|  0%| F|  |TAMS 0x00000000c7300000| PB 0x00000000c7300000| Untracked |  0
|  40|0x00000000c7400000, 0x00000000c7400000, 0x00000000c7500000|  0%| F|  |TAMS 0x00000000c7400000| PB 0x00000000c7400000| Untracked |  0
|  41|0x00000000c7500000, 0x00000000c7500000, 0x00000000c7600000|  0%| F|  |TAMS 0x00000000c7500000| PB 0x00000000c7500000| Untracked |  0
|  42|0x00000000c7600000, 0x00000000c7600000, 0x00000000c7700000|  0%| F|  |TAMS 0x00000000c7600000| PB 0x00000000c7600000| Untracked |  0
|  43|0x00000000c7700000, 0x00000000c7700000, 0x00000000c7800000|  0%| F|  |TAMS 0x00000000c7700000| PB 0x00000000c7700000| Untracked |  0
|  44|0x00000000c7800000, 0x00000000c7800000, 0x00000000c7900000|  0%| F|  |TAMS 0x00000000c7800000| PB 0x00000000c7800000| Untracked |  0
|  45|0x00000000c7900000, 0x00000000c7900000, 0x00000000c7a00000|  0%| F|  |TAMS 0x00000000c7900000| PB 0x00000000c7900000| Untracked |  0
|  46|0x00000000c7a00000, 0x00000000c7a00000, 0x00000000c7b00000|  0%| F|  |TAMS 0x00000000c7a00000| PB 0x00000000c7a00000| Untracked |  0
|  47|0x00000000c7b00000, 0x00000000c7b00000, 0x00000000c7c00000|  0%| F|  |TAMS 0x00000000c7b00000| PB 0x00000000c7b00000| Untracked |  0
|  48|0x00000000c7c00000, 0x00000000c7c00000, 0x00000000c7d00000|  0%| F|  |TAMS 0x00000000c7c00000| PB 0x00000000c7c00000| Untracked |  0
|  49|0x00000000c7d00000, 0x00000000c7d3d9a8, 0x00000000c7e00000| 24%| E|  |TAMS 0x00000000c7d00000| PB 0x00000000c7d00000| Complete |  0
|  50|0x00000000c7e00000, 0x00000000c7f00000, 0x00000000c7f00000|100%| E|CS|TAMS 0x00000000c7e00000| PB 0x00000000c7e00000| Complete |  0
|  51|0x00000000c7f00000, 0x00000000c8000000, 0x00000000c8000000|100%| E|  |TAMS 0x00000000c7f00000| PB 0x00000000c7f00000| Complete |  0
|  52|0x00000000c8000000, 0x00000000c8100000, 0x00000000c8100000|100%| E|CS|TAMS 0x00000000c8000000| PB 0x00000000c8000000| Complete |  0
|  53|0x00000000c8100000, 0x00000000c8200000, 0x00000000c8200000|100%| E|CS|TAMS 0x00000000c8100000| PB 0x00000000c8100000| Complete |  0
|  54|0x00000000c8200000, 0x00000000c8300000, 0x00000000c8300000|100%| E|CS|TAMS 0x00000000c8200000| PB 0x00000000c8200000| Complete |  0
|  59|0x00000000c8700000, 0x00000000c8800000, 0x00000000c8800000|100%| E|CS|TAMS 0x00000000c8700000| PB 0x00000000c8700000| Complete |  0
| 945|0x00000000ffd00000, 0x00000000ffe00000, 0x00000000ffe00000|100%| O|  |TAMS 0x00000000ffd00000| PB 0x00000000ffd00000| Untracked |  0
| 946|0x00000000ffe00000, 0x00000000fff00000, 0x00000000fff00000|100%| O|  |TAMS 0x00000000ffe00000| PB 0x00000000ffe00000| Untracked |  0
| 947|0x00000000fff00000, 0x0000000100000000, 0x0000000100000000|100%| E|CS|TAMS 0x00000000fff00000| PB 0x00000000fff00000| Complete |  0

Card table byte_map: [0x000002202bcd0000,0x000002202beb0000] _byte_map_base: 0x000002202b6aa000

Marking Bits: (CMBitMap*) 0x00000220142b1670
 Bits: [0x000002202beb0000, 0x000002202cd80000)

Polling page: 0x0000022012060000

Metaspace:
Metaspace        used 76158K, committed 76672K, reserved 1179648K
 class space     used 8020K, committed 8256K, reserved 1048576K

Usage:
  Non-class:     66.54 MB used.
      Class:      7.83 MB used.
       Both:     74.37 MB used.

Virtual space:
  Non-class space:      128.00 MB reserved,      66.81 MB ( 52%) committed,  2 nodes.
      Class space:        1.00 GB reserved,       8.06 MB ( <1%) committed,  1 nodes.
             Both:        1.12 GB reserved,      74.88 MB (  6%) committed. 

Chunk freelists:
   Non-Class:  12.75 MB
       Class:  7.75 MB
        Both:  20.50 MB

MaxMetaspaceSize: unlimited
CompressedClassSpaceSize: 1.00 GB
Initial GC threshold: 21.00 MB
Current GC threshold: 124.62 MB
CDS: on
 - commit_granule_bytes: 65536.
 - commit_granule_words: 8192.
 - virtual_space_node_default_size: 8388608.
 - enlarge_chunks_in_place: 1.
UseCompressedClassPointers 1, UseCompactObjectHeaders 0
Narrow klass pointer bits 32, Max shift 3
Narrow klass base: 0x000000003c000000, Narrow klass shift: 0
Encoding Range: [0x000000003c000000 - 0x000000013c000000), (4294967296 bytes)
Klass Range:    [0x000000003c010000 - 0x000000007d000000), (1090453504 bytes)
Klass ID Range:  [65536 - 1090519033) (1090453497)
Protection zone: [0x000000003c000000 - 0x000000003c010000), (65536 bytes)


Internal statistics:

num_allocs_failed_limit: 9.
num_arena_births: 724.
num_arena_deaths: 0.
num_vsnodes_births: 3.
num_vsnodes_deaths: 0.
num_space_committed: 1198.
num_space_uncommitted: 0.
num_chunks_returned_to_freelist: 9.
num_chunks_taken_from_freelist: 3305.
num_chunk_merges: 9.
num_chunk_splits: 2461.
num_chunks_enlarged: 2043.
num_inconsistent_stats: 0.

CodeHeap 'non-profiled nmethods': size=120064Kb used=3507Kb max_used=3675Kb free=116556Kb
 bounds [0x00000220245b0000, 0x0000022024950000, 0x000002202baf0000]
CodeHeap 'profiled nmethods': size=120000Kb used=12219Kb max_used=12219Kb free=107780Kb
 bounds [0x000002201caf0000, 0x000002201d6e0000, 0x0000022024020000]
CodeHeap 'non-nmethods': size=5696Kb used=1863Kb max_used=1975Kb free=3832Kb
 bounds [0x0000022024020000, 0x0000022024290000, 0x00000220245b0000]
CodeCache: size=245760Kb, used=17589Kb, max_used=17869Kb, free=228168Kb
 total_blobs=8997, nmethods=8213, adapters=686, full_count=0
Compilation: enabled, stopped_count=0, restarted_count=0

Compilation events (20 events):
Event: 6320.210 Thread 0x000002202f2f9fd0 9415   !   3       sun.security.ssl.SSLSocketImpl::readApplicationRecord (138 bytes)
Event: 6320.223 Thread 0x000002202f2f9fd0 nmethod 9415 0x000002201d6db588 code [0x000002201d6db680, 0x000002201d6dc740]
Event: 6320.223 Thread 0x000002202f2f9fd0 9416       1       com.mysql.cj.protocol.a.NativeServerSession::isAutoCommit (5 bytes)
Event: 6320.224 Thread 0x000002202f2f9fd0 nmethod 9416 0x000002202478ef88 code [0x000002202478f080, 0x000002202478f148]
Event: 6321.799 Thread 0x000002202f2e3ae0 9417       4       java.util.ArrayList$ArrayListSpliterator::tryAdvance (79 bytes)
Event: 6321.811 Thread 0x000002202f2e3ae0 nmethod 9417 0x000002202478ec88 code [0x000002202478ed80, 0x000002202478ef30]
Event: 6321.811 Thread 0x000002202f2e3ae0 9418       4       java.util.AbstractCollection::isEmpty (13 bytes)
Event: 6321.814 Thread 0x000002202f2e3ae0 nmethod 9418 0x000002202478e988 code [0x000002202478ea80, 0x000002202478eb28]
Event: 6322.231 Thread 0x000002202f2f9fd0 9419       1       java.security.DrbgParameters$NextBytes::getStrength (5 bytes)
Event: 6322.232 Thread 0x000002202f2f9fd0 nmethod 9419 0x000002202478e488 code [0x000002202478e580, 0x000002202478e648]
Event: 6322.232 Thread 0x000002202f2f9fd0 9420       1       java.security.DrbgParameters$NextBytes::getPredictionResistance (5 bytes)
Event: 6322.232 Thread 0x000002202f2f9fd0 nmethod 9420 0x000002202482c988 code [0x000002202482ca80, 0x000002202482cb48]
Event: 6322.236 Thread 0x000002202f2f9fd0 9421       3       sun.security.util.math.intpoly.IntegerPolynomial::getSmallValue (53 bytes)
Event: 6322.237 Thread 0x000002202f2e3ae0 9423       4       java.math.BigInteger::<init> (38 bytes)
Event: 6322.242 Thread 0x000002202f2f9fd0 nmethod 9421 0x000002201d6dc788 code [0x000002201d6dc880, 0x000002201d6dd258]
Event: 6322.242 Thread 0x000002202f2f9fd0 9422       3       sun.security.util.math.intpoly.IntegerPolynomial$Limb::<init> (10 bytes)
Event: 6322.242 Thread 0x000002202f2f9fd0 nmethod 9422 0x000002201d6dd288 code [0x000002201d6dd380, 0x000002201d6dd4e8]
Event: 6322.244 Thread 0x000002202f2e3ae0 nmethod 9423 0x000002202482c688 code [0x000002202482c780, 0x000002202482c960]
Event: 6322.286 Thread 0x000002202f2e3ae0 9424       4       sun.security.ssl.SSLAlgorithmConstraints::permits (92 bytes)
Event: 6322.377 Thread 0x000002202f2f9fd0 9425       3       sun.security.jca.ServiceId::<init> (15 bytes)

GC Heap Usage History (20 events):
Event: 15.702 {heap Before GC invocations=10 (full 0):
 garbage-first heap   total reserved 970752K, committed 55296K, used 45295K [0x00000000c4c00000, 0x0000000100000000)
  region size 1024K, 27 young (27648K), 2 survivors (2048K)
}
Event: 15.712 {heap After GC invocations=11 (full 0):
 garbage-first heap   total reserved 970752K, committed 55296K, used 23219K [0x00000000c4c00000, 0x0000000100000000)
  region size 1024K, 4 young (4096K), 4 survivors (4096K)
}
Event: 16.372 {heap Before GC invocations=11 (full 0):
 garbage-first heap   total reserved 970752K, committed 55296K, used 45747K [0x00000000c4c00000, 0x0000000100000000)
  region size 1024K, 27 young (27648K), 4 survivors (4096K)
}
Event: 16.382 {heap After GC invocations=12 (full 0):
 garbage-first heap   total reserved 970752K, committed 55296K, used 25000K [0x00000000c4c00000, 0x0000000100000000)
  region size 1024K, 2 young (2048K), 2 survivors (2048K)
}
Event: 17.064 {heap Before GC invocations=12 (full 0):
 garbage-first heap   total reserved 970752K, committed 55296K, used 46504K [0x00000000c4c00000, 0x0000000100000000)
  region size 1024K, 24 young (24576K), 2 survivors (2048K)
}
Event: 17.069 {heap After GC invocations=13 (full 0):
 garbage-first heap   total reserved 970752K, committed 55296K, used 25515K [0x00000000c4c00000, 0x0000000100000000)
  region size 1024K, 3 young (3072K), 3 survivors (3072K)
}
Event: 17.561 {heap Before GC invocations=13 (full 0):
 garbage-first heap   total reserved 970752K, committed 55296K, used 33707K [0x00000000c4c00000, 0x0000000100000000)
  region size 1024K, 12 young (12288K), 3 survivors (3072K)
}
Event: 17.568 {heap After GC invocations=14 (full 0):
 garbage-first heap   total reserved 970752K, committed 55296K, used 26312K [0x00000000c4c00000, 0x0000000100000000)
  region size 1024K, 3 young (3072K), 3 survivors (3072K)
}
Event: 18.433 {heap Before GC invocations=15 (full 0):
 garbage-first heap   total reserved 970752K, committed 55296K, used 49864K [0x00000000c4c00000, 0x0000000100000000)
  region size 1024K, 26 young (26624K), 3 survivors (3072K)
}
Event: 18.439 {heap After GC invocations=16 (full 0):
 garbage-first heap   total reserved 970752K, committed 55296K, used 27928K [0x00000000c4c00000, 0x0000000100000000)
  region size 1024K, 4 young (4096K), 4 survivors (4096K)
}
Event: 18.843 {heap Before GC invocations=16 (full 0):
 garbage-first heap   total reserved 970752K, committed 55296K, used 49432K [0x00000000c4c00000, 0x0000000100000000)
  region size 1024K, 25 young (25600K), 4 survivors (4096K)
}
Event: 18.852 {heap After GC invocations=17 (full 0):
 garbage-first heap   total reserved 970752K, committed 56320K, used 29307K [0x00000000c4c00000, 0x0000000100000000)
  region size 1024K, 4 young (4096K), 4 survivors (4096K)
}
Event: 19.334 {heap Before GC invocations=17 (full 0):
 garbage-first heap   total reserved 970752K, committed 56320K, used 50811K [0x00000000c4c00000, 0x0000000100000000)
  region size 1024K, 25 young (25600K), 4 survivors (4096K)
}
Event: 19.341 {heap After GC invocations=18 (full 0):
 garbage-first heap   total reserved 970752K, committed 57344K, used 31162K [0x00000000c4c00000, 0x0000000100000000)
  region size 1024K, 4 young (4096K), 4 survivors (4096K)
}
Event: 128.832 {heap Before GC invocations=19 (full 0):
 garbage-first heap   total reserved 970752K, committed 57344K, used 51642K [0x00000000c4c00000, 0x0000000100000000)
  region size 1024K, 24 young (24576K), 4 survivors (4096K)
}
Event: 128.951 {heap After GC invocations=20 (full 0):
 garbage-first heap   total reserved 970752K, committed 58368K, used 32929K [0x00000000c4c00000, 0x0000000100000000)
  region size 1024K, 2 young (2048K), 2 survivors (2048K)
}
Event: 132.655 {heap Before GC invocations=20 (full 0):
 garbage-first heap   total reserved 970752K, committed 58368K, used 51361K [0x00000000c4c00000, 0x0000000100000000)
  region size 1024K, 21 young (21504K), 2 survivors (2048K)
}
Event: 132.672 {heap After GC invocations=21 (full 0):
 garbage-first heap   total reserved 970752K, committed 58368K, used 34283K [0x00000000c4c00000, 0x0000000100000000)
  region size 1024K, 3 young (3072K), 3 survivors (3072K)
}
Event: 284.991 {heap Before GC invocations=21 (full 0):
 garbage-first heap   total reserved 970752K, committed 58368K, used 51691K [0x00000000c4c00000, 0x0000000100000000)
  region size 1024K, 21 young (21504K), 3 survivors (3072K)
}
Event: 285.092 {heap After GC invocations=22 (full 0):
 garbage-first heap   total reserved 970752K, committed 58368K, used 35187K [0x00000000c4c00000, 0x0000000100000000)
  region size 1024K, 1 young (1024K), 1 survivors (1024K)
}

Metaspace Usage History (20 events):
Event: 15.702 {metaspace Before GC invocations=10 (full 0):
 Metaspace       used 45966K, committed 46400K, reserved 1114112K
  class space    used 4691K, committed 4864K, reserved 1048576K
}
Event: 15.712 {metaspace After GC invocations=11 (full 0):
 Metaspace       used 45966K, committed 46400K, reserved 1114112K
  class space    used 4691K, committed 4864K, reserved 1048576K
}
Event: 16.372 {metaspace Before GC invocations=11 (full 0):
 Metaspace       used 52459K, committed 52864K, reserved 1114112K
  class space    used 5321K, committed 5504K, reserved 1048576K
}
Event: 16.382 {metaspace After GC invocations=12 (full 0):
 Metaspace       used 52459K, committed 52864K, reserved 1114112K
  class space    used 5321K, committed 5504K, reserved 1048576K
}
Event: 17.064 {metaspace Before GC invocations=12 (full 0):
 Metaspace       used 58118K, committed 58560K, reserved 1114112K
  class space    used 5959K, committed 6144K, reserved 1048576K
}
Event: 17.069 {metaspace After GC invocations=13 (full 0):
 Metaspace       used 58118K, committed 58560K, reserved 1114112K
  class space    used 5959K, committed 6144K, reserved 1048576K
}
Event: 17.561 {metaspace Before GC invocations=13 (full 0):
 Metaspace       used 60041K, committed 60480K, reserved 1114112K
  class space    used 6172K, committed 6400K, reserved 1048576K
}
Event: 17.568 {metaspace After GC invocations=14 (full 0):
 Metaspace       used 60041K, committed 60480K, reserved 1114112K
  class space    used 6172K, committed 6400K, reserved 1048576K
}
Event: 18.433 {metaspace Before GC invocations=15 (full 0):
 Metaspace       used 63566K, committed 64064K, reserved 1114112K
  class space    used 6587K, committed 6784K, reserved 1048576K
}
Event: 18.439 {metaspace After GC invocations=16 (full 0):
 Metaspace       used 63566K, committed 64064K, reserved 1114112K
  class space    used 6587K, committed 6784K, reserved 1048576K
}
Event: 18.843 {metaspace Before GC invocations=16 (full 0):
 Metaspace       used 65247K, committed 65664K, reserved 1114112K
  class space    used 6792K, committed 6976K, reserved 1048576K
}
Event: 18.852 {metaspace After GC invocations=17 (full 0):
 Metaspace       used 65247K, committed 65664K, reserved 1114112K
  class space    used 6792K, committed 6976K, reserved 1048576K
}
Event: 19.334 {metaspace Before GC invocations=17 (full 0):
 Metaspace       used 66790K, committed 67264K, reserved 1114112K
  class space    used 6976K, committed 7168K, reserved 1048576K
}
Event: 19.341 {metaspace After GC invocations=18 (full 0):
 Metaspace       used 66790K, committed 67264K, reserved 1114112K
  class space    used 6976K, committed 7168K, reserved 1048576K
}
Event: 128.833 {metaspace Before GC invocations=19 (full 0):
 Metaspace       used 69416K, committed 69952K, reserved 1114112K
  class space    used 7271K, committed 7488K, reserved 1048576K
}
Event: 128.951 {metaspace After GC invocations=20 (full 0):
 Metaspace       used 69416K, committed 69952K, reserved 1114112K
  class space    used 7271K, committed 7488K, reserved 1048576K
}
Event: 132.655 {metaspace Before GC invocations=20 (full 0):
 Metaspace       used 74139K, committed 74688K, reserved 1179648K
  class space    used 7863K, committed 8128K, reserved 1048576K
}
Event: 132.672 {metaspace After GC invocations=21 (full 0):
 Metaspace       used 74139K, committed 74688K, reserved 1179648K
  class space    used 7863K, committed 8128K, reserved 1048576K
}
Event: 284.991 {metaspace Before GC invocations=21 (full 0):
 Metaspace       used 76030K, committed 76544K, reserved 1179648K
  class space    used 8016K, committed 8256K, reserved 1048576K
}
Event: 285.092 {metaspace After GC invocations=22 (full 0):
 Metaspace       used 76030K, committed 76544K, reserved 1179648K
  class space    used 8016K, committed 8256K, reserved 1048576K
}

Dll operation events (12 events):
Event: 0.033 Loaded shared library C:\Users\sathwik\.jdks\openjdk-25.0.1\bin\java.dll
Event: 0.292 Loaded shared library C:\Users\sathwik\.jdks\openjdk-25.0.1\bin\zip.dll
Event: 0.304 Loaded shared library C:\Users\sathwik\.jdks\openjdk-25.0.1\bin\instrument.dll
Event: 0.318 Loaded shared library C:\Users\sathwik\.jdks\openjdk-25.0.1\bin\net.dll
Event: 0.323 Loaded shared library C:\Users\sathwik\.jdks\openjdk-25.0.1\bin\nio.dll
Event: 0.424 Loaded shared library C:\Users\sathwik\.jdks\openjdk-25.0.1\bin\zip.dll
Event: 7.236 Loaded shared library C:\Users\sathwik\.jdks\openjdk-25.0.1\bin\extnet.dll
Event: 7.286 Loaded shared library C:\Users\sathwik\.jdks\openjdk-25.0.1\bin\jimage.dll
Event: 9.104 Loaded shared library C:\Users\sathwik\.jdks\openjdk-25.0.1\bin\sunmscapi.dll
Event: 12.433 Loaded shared library C:\Users\sathwik\.jdks\openjdk-25.0.1\bin\management.dll
Event: 12.440 Loaded shared library C:\Users\sathwik\.jdks\openjdk-25.0.1\bin\management_ext.dll
Event: 13.569 Loaded shared library C:\Users\sathwik\.jdks\openjdk-25.0.1\bin\verify.dll

Deoptimization events (20 events):
Event: 275.350 Thread 0x0000022034e7a620 Uncommon trap: trap_request=0xffffffde fr.pc=0x00000220248e62cc relative=0x00000000000020cc
Event: 275.350 Thread 0x0000022034e7a620 Uncommon trap: reason=class_check action=maybe_recompile pc=0x00000220248e62cc method=org.springframework.transaction.interceptor.AbstractFallbackTransactionAttributeSource.getTransactionAttribute(Ljava/lang/reflect/Method;Ljava/lang/Class;)Lorg/springfra
Event: 275.350 Thread 0x0000022034e7a620 DEOPT PACKING pc=0x00000220248e62cc sp=0x000000621eafb160
Event: 275.351 Thread 0x0000022034e7a620 DEOPT UNPACKING pc=0x000002202414f002 sp=0x000000621eafb158 mode 2
Event: 275.400 Thread 0x0000022034e7a620 Uncommon trap: trap_request=0xffffff45 fr.pc=0x000002202491bdfc relative=0x000000000000017c
Event: 275.400 Thread 0x0000022034e7a620 Uncommon trap: reason=unstable_if action=reinterpret pc=0x000002202491bdfc method=com.fasterxml.jackson.core.json.JsonWriteContext.writeValue()I @ 39 c2
Event: 275.400 Thread 0x0000022034e7a620 DEOPT PACKING pc=0x000002202491bdfc sp=0x000000621eafb430
Event: 275.400 Thread 0x0000022034e7a620 DEOPT UNPACKING pc=0x000002202414f002 sp=0x000000621eafb348 mode 2
Event: 278.393 Thread 0x0000022034e7c560 Uncommon trap: trap_request=0xffffffde fr.pc=0x00000220248e62cc relative=0x00000000000020cc
Event: 278.393 Thread 0x0000022034e7c560 Uncommon trap: reason=class_check action=maybe_recompile pc=0x00000220248e62cc method=org.springframework.transaction.interceptor.AbstractFallbackTransactionAttributeSource.getTransactionAttribute(Ljava/lang/reflect/Method;Ljava/lang/Class;)Lorg/springfra
Event: 278.393 Thread 0x0000022034e7c560 DEOPT PACKING pc=0x00000220248e62cc sp=0x000000621edfa560
Event: 278.393 Thread 0x0000022034e7c560 DEOPT UNPACKING pc=0x000002202414f002 sp=0x000000621edfa558 mode 2
Event: 325.384 Thread 0x0000022034e7adf0 Uncommon trap: trap_request=0xffffff45 fr.pc=0x0000022024939acc relative=0x000000000000014c
Event: 325.388 Thread 0x0000022034e7adf0 Uncommon trap: reason=unstable_if action=reinterpret pc=0x0000022024939acc method=com.fasterxml.jackson.core.json.UTF8JsonGenerator.writeEndObject()V @ 74 c2
Event: 325.389 Thread 0x0000022034e7adf0 DEOPT PACKING pc=0x0000022024939acc sp=0x000000621e8facd0
Event: 325.392 Thread 0x0000022034e7adf0 DEOPT UNPACKING pc=0x000002202414f002 sp=0x000000621e8fac68 mode 2
Event: 1764.657 Thread 0x000002203442a650 Uncommon trap: trap_request=0xffffff45 fr.pc=0x00000220245c23f0 relative=0x0000000000000170
Event: 1764.661 Thread 0x000002203442a650 Uncommon trap: reason=unstable_if action=reinterpret pc=0x00000220245c23f0 method=java.lang.StringCoding.countPositives([BII)I @ 17 c2
Event: 1764.666 Thread 0x000002203442a650 DEOPT PACKING pc=0x00000220245c23f0 sp=0x000000621dffea10
Event: 1764.673 Thread 0x000002203442a650 DEOPT UNPACKING pc=0x000002202414f002 sp=0x000000621dffe998 mode 2

Classes loaded (20 events):
Event: 131.717 Loading class java/util/stream/DoubleStream
Event: 131.718 Loading class java/util/stream/DoubleStream done
Event: 132.374 Loading class java/util/zip/DeflaterOutputStream
Event: 132.388 Loading class java/util/zip/DeflaterOutputStream done
Event: 132.397 Loading class java/util/zip/GZIPInputStream
Event: 132.400 Loading class java/util/zip/GZIPInputStream done
Event: 132.403 Loading class java/util/zip/GZIPOutputStream
Event: 132.404 Loading class java/util/zip/GZIPOutputStream done
Event: 132.580 Loading class jdk/internal/reflect/MethodHandleDoubleFieldAccessorImpl
Event: 132.582 Loading class jdk/internal/reflect/MethodHandleDoubleFieldAccessorImpl done
Event: 232.863 Loading class java/util/concurrent/locks/ReentrantReadWriteLock$Sync$HoldCounter
Event: 232.873 Loading class java/util/concurrent/locks/ReentrantReadWriteLock$Sync$HoldCounter done
Event: 1772.424 Loading class sun/security/ssl/Alert
Event: 1772.582 Loading class sun/security/ssl/Alert done
Event: 1772.619 Loading class sun/security/ssl/Alert$AlertConsumer
Event: 1772.676 Loading class sun/security/ssl/Alert$AlertConsumer done
Event: 1772.679 Loading class sun/security/ssl/Alert$Level
Event: 1772.690 Loading class sun/security/ssl/Alert$Level done
Event: 1772.740 Loading class sun/net/ConnectionResetException
Event: 1772.748 Loading class sun/net/ConnectionResetException done

Classes unloaded (0 events):
No events

Classes redefined (0 events):
No events

Internal exceptions (20 events):
Event: 296.523 Thread 0x0000022034e7cd30 Exception <a 'java/lang/StackOverflowError'{0x00000000c817d078}> (0x00000000c817d078) 
thrown [s\open\src\hotspot\share\runtime\sharedRuntime.cpp, line 681]
Event: 296.525 Thread 0x0000022034e7cd30 Exception <a 'java/lang/StackOverflowError'{0x00000000c81826a0}> (0x00000000c81826a0) 
thrown [s\open\src\hotspot\share\interpreter\interpreterRuntime.cpp, line 359]
Event: 296.526 Thread 0x0000022034e7cd30 Exception <a 'java/lang/StackOverflowError'{0x00000000c8187fc0}> (0x00000000c8187fc0) 
thrown [s\open\src\hotspot\share\interpreter\interpreterRuntime.cpp, line 359]
Event: 325.328 Thread 0x0000022034e7adf0 StackOverflowError at 0x0000022024640180
Event: 325.334 Thread 0x0000022034e7adf0 Exception <a 'java/lang/StackOverflowError'{0x00000000c80e71f0}> (0x00000000c80e71f0) 
thrown [s\open\src\hotspot\share\runtime\sharedRuntime.cpp, line 681]
Event: 325.344 Thread 0x0000022034e7adf0 Exception <a 'java/lang/StackOverflowError'{0x00000000c80ec840}> (0x00000000c80ec840) 
thrown [s\open\src\hotspot\share\interpreter\interpreterRuntime.cpp, line 359]
Event: 325.346 Thread 0x0000022034e7adf0 Exception <a 'java/lang/StackOverflowError'{0x00000000c80f2158}> (0x00000000c80f2158) 
thrown [s\open\src\hotspot\share\interpreter\interpreterRuntime.cpp, line 359]
Event: 325.362 Thread 0x0000022034e7adf0 Exception <a 'java/lang/StackOverflowError'{0x00000000c80f77b0}> (0x00000000c80f77b0) 
thrown [s\open\src\hotspot\share\interpreter\interpreterRuntime.cpp, line 359]
Event: 325.366 Thread 0x0000022034e7adf0 StackOverflowError at 0x0000022024638510
Event: 325.370 Thread 0x0000022034e7adf0 Exception <a 'java/lang/StackOverflowError'{0x00000000c80fd0d0}> (0x00000000c80fd0d0) 
thrown [s\open\src\hotspot\share\runtime\sharedRuntime.cpp, line 681]
Event: 1772.704 Thread 0x000002203500e160 Exception <a 'java/io/IOException'{0x00000000c7f7dce0}> (0x00000000c7f7dce0) 
thrown [s\open\src\hotspot\share\prims\jni.cpp, line 516]
Event: 1772.737 Thread 0x000002203500e160 Exception <a 'java/io/IOException'{0x00000000c7f7f180}> (0x00000000c7f7f180) 
thrown [s\open\src\hotspot\share\prims\jni.cpp, line 516]
Event: 6315.610 Thread 0x000002203500c220 Exception <a 'java/io/IOException'{0x00000000c7e5f050}> (0x00000000c7e5f050) 
thrown [s\open\src\hotspot\share\prims\jni.cpp, line 516]
Event: 6316.410 Thread 0x000002203500c220 Exception <a 'java/io/IOException'{0x00000000c7e5fcb8}> (0x00000000c7e5fcb8) 
thrown [s\open\src\hotspot\share\prims\jni.cpp, line 516]
Event: 6316.637 Thread 0x000002203500c220 Exception <a 'java/io/IOException'{0x00000000c7e61b30}> (0x00000000c7e61b30) 
thrown [s\open\src\hotspot\share\prims\jni.cpp, line 516]
Event: 6316.638 Thread 0x000002203500c220 Exception <a 'java/io/IOException'{0x00000000c7e62798}> (0x00000000c7e62798) 
thrown [s\open\src\hotspot\share\prims\jni.cpp, line 516]
Event: 6316.992 Thread 0x000002203500c220 Exception <a 'java/io/IOException'{0x00000000c7e89120}> (0x00000000c7e89120) 
thrown [s\open\src\hotspot\share\prims\jni.cpp, line 516]
Event: 6316.994 Thread 0x000002203500c220 Exception <a 'java/io/IOException'{0x00000000c7e89d88}> (0x00000000c7e89d88) 
thrown [s\open\src\hotspot\share\prims\jni.cpp, line 516]
Event: 6317.060 Thread 0x000002203500c220 Exception <a 'java/io/IOException'{0x00000000c7e8bc00}> (0x00000000c7e8bc00) 
thrown [s\open\src\hotspot\share\prims\jni.cpp, line 516]
Event: 6317.061 Thread 0x000002203500c220 Exception <a 'java/io/IOException'{0x00000000c7e8c868}> (0x00000000c7e8c868) 
thrown [s\open\src\hotspot\share\prims\jni.cpp, line 516]

VM Operations (20 events):
Event: 180.571 Executing non-safepoint VM operation: RendezvousGCThreads
Event: 180.571 Executing non-safepoint VM operation: RendezvousGCThreads done
Event: 240.670 Executing non-safepoint VM operation: HandshakeAllThreads (HandshakeForDeflation)
Event: 240.670 Executing non-safepoint VM operation: HandshakeAllThreads (HandshakeForDeflation) done
Event: 240.670 Executing non-safepoint VM operation: RendezvousGCThreads
Event: 240.671 Executing non-safepoint VM operation: RendezvousGCThreads done
Event: 284.986 Executing safepoint VM operation: G1CollectForAllocation (G1 Evacuation Pause)
Event: 285.092 Executing safepoint VM operation: G1CollectForAllocation (G1 Evacuation Pause) done
Event: 285.672 Executing safepoint VM operation: G1PauseRemark
Event: 286.024 Executing safepoint VM operation: G1PauseRemark done
Event: 286.070 Executing safepoint VM operation: G1PauseCleanup
Event: 286.070 Executing safepoint VM operation: G1PauseCleanup done
Event: 300.674 Executing non-safepoint VM operation: HandshakeAllThreads (HandshakeForDeflation)
Event: 300.675 Executing non-safepoint VM operation: HandshakeAllThreads (HandshakeForDeflation) done
Event: 300.675 Executing non-safepoint VM operation: RendezvousGCThreads
Event: 300.675 Executing non-safepoint VM operation: RendezvousGCThreads done
Event: 361.010 Executing non-safepoint VM operation: HandshakeAllThreads (HandshakeForDeflation)
Event: 361.205 Executing non-safepoint VM operation: HandshakeAllThreads (HandshakeForDeflation) done
Event: 361.210 Executing non-safepoint VM operation: RendezvousGCThreads
Event: 361.214 Executing non-safepoint VM operation: RendezvousGCThreads done

Memory protections (0 events):
No events

Nmethod flushes (20 events):
Event: 285.999 Thread 0x0000022014313720 flushing  nmethod 0x000002202478e488
Event: 285.999 Thread 0x0000022014313720 flushing  nmethod 0x000002201cb05c08
Event: 285.999 Thread 0x0000022014313720 flushing  nmethod 0x000002201cb21b08
Event: 285.999 Thread 0x0000022014313720 flushing  nmethod 0x000002201cbf0508
Event: 286.000 Thread 0x0000022014313720 flushing  nmethod 0x000002201cc6f908
Event: 286.000 Thread 0x0000022014313720 flushing  nmethod 0x000002201cc71008
Event: 286.000 Thread 0x0000022014313720 flushing  nmethod 0x000002201cd17908
Event: 286.000 Thread 0x0000022014313720 flushing  nmethod 0x000002201cdf3308
Event: 286.000 Thread 0x0000022014313720 flushing  nmethod 0x000002201cdf4a88
Event: 286.000 Thread 0x0000022014313720 flushing  nmethod 0x000002201cece588
Event: 286.000 Thread 0x0000022014313720 flushing  nmethod 0x000002201cf84708
Event: 286.000 Thread 0x0000022014313720 flushing  nmethod 0x000002201cfb8108
Event: 286.000 Thread 0x0000022014313720 flushing  nmethod 0x000002201cfee408
Event: 286.000 Thread 0x0000022014313720 flushing  nmethod 0x000002201d056988
Event: 286.000 Thread 0x0000022014313720 flushing  nmethod 0x000002201d134388
Event: 286.000 Thread 0x0000022014313720 flushing  nmethod 0x000002201d1b8b88
Event: 286.000 Thread 0x0000022014313720 flushing  nmethod 0x000002201d1bbe08
Event: 286.000 Thread 0x0000022014313720 flushing  nmethod 0x000002201d1bd408
Event: 286.000 Thread 0x0000022014313720 flushing  nmethod 0x000002201d239188
Event: 286.000 Thread 0x0000022014313720 flushing  nmethod 0x000002201d4c2a08

Events (20 events):
Event: 19.732 Thread 0x0000022011e3c9b0 Thread added: 0x0000022034e77740
Event: 19.733 Thread 0x0000022011e3c9b0 Thread added: 0x0000022034e7adf0
Event: 19.733 Thread 0x0000022011e3c9b0 Thread added: 0x0000022034e79e50
Event: 19.733 Thread 0x0000022011e3c9b0 Thread added: 0x0000022034e7a620
Event: 19.733 Thread 0x0000022011e3c9b0 Thread added: 0x0000022034e7b5c0
Event: 19.733 Thread 0x0000022011e3c9b0 Thread added: 0x0000022034e7bd90
Event: 19.733 Thread 0x0000022011e3c9b0 Thread added: 0x0000022034e7c560
Event: 19.733 Thread 0x0000022011e3c9b0 Thread added: 0x0000022034e7cd30
Event: 19.762 Thread 0x0000022011e3c9b0 Thread added: 0x00000220351fc300
Event: 19.764 Thread 0x0000022011e3c9b0 Thread added: 0x00000220351fbb30
Event: 19.788 Thread 0x0000022011e3c9b0 Thread exited: 0x0000022011e3c9b0
Event: 19.788 Thread 0x00000220351fea10 Thread added: 0x00000220351fea10
Event: 20.800 Thread 0x000002203442b5f0 Thread exited: 0x000002203442b5f0
Event: 25.237 Thread 0x000002203709a900 Thread exited: 0x000002203709a900
Event: 1772.265 Thread 0x000002203442a650 Thread added: 0x000002203500e160
Event: 1772.272 Thread 0x000002203442a650 Thread added: 0x000002203500c220
Event: 6311.164 Thread 0x000002203500c220 Thread exited: 0x000002203500c220
Event: 6311.164 Thread 0x000002203500e160 Thread exited: 0x000002203500e160
Event: 6311.317 Thread 0x000002203442a650 Thread added: 0x000002203500c220
Event: 6311.324 Thread 0x000002203442a650 Thread added: 0x000002203500e930


Dynamic libraries:
0x00007ff63cd50000 - 0x00007ff63cd5e000 	C:\Users\sathwik\.jdks\openjdk-25.0.1\bin\java.exe
0x00007ffa053a0000 - 0x00007ffa05608000 	C:\WINDOWS\SYSTEM32\ntdll.dll
0x00007ffa04330000 - 0x00007ffa043f9000 	C:\WINDOWS\System32\KERNEL32.DLL
0x00007ffa02730000 - 0x00007ffa02b21000 	C:\WINDOWS\System32\KERNELBASE.dll
0x00007ffa02520000 - 0x00007ffa0266b000 	C:\WINDOWS\System32\ucrtbase.dll
0x00007ff9eb140000 - 0x00007ff9eb15e000 	C:\Users\sathwik\.jdks\openjdk-25.0.1\bin\VCRUNTIME140.dll
0x00007ff9fce00000 - 0x00007ff9fce17000 	C:\Users\sathwik\.jdks\openjdk-25.0.1\bin\jli.dll
0x00007ffa04b90000 - 0x00007ffa04d56000 	C:\WINDOWS\System32\USER32.dll
0x00007ffa01c80000 - 0x00007ffa01ca7000 	C:\WINDOWS\System32\win32u.dll
0x00007ffa048c0000 - 0x00007ffa048eb000 	C:\WINDOWS\System32\GDI32.dll
0x00007ff9eccd0000 - 0x00007ff9ecf63000 	C:\WINDOWS\WinSxS\amd64_microsoft.windows.common-controls_6595b64144ccf1df_6.0.26100.7705_none_3e06597ae3363b04\COMCTL32.dll
0x00007ffa02b30000 - 0x00007ffa02c5b000 	C:\WINDOWS\System32\gdi32full.dll
0x00007ffa04630000 - 0x00007ffa046d9000 	C:\WINDOWS\System32\msvcrt.dll
0x00007ffa02d10000 - 0x00007ffa02db3000 	C:\WINDOWS\System32\msvcp_win.dll
0x00007ffa035a0000 - 0x00007ffa035d1000 	C:\WINDOWS\System32\IMM32.DLL
0x00007ff9fce30000 - 0x00007ff9fce3c000 	C:\Users\sathwik\.jdks\openjdk-25.0.1\bin\vcruntime140_1.dll
0x00007ff9c5080000 - 0x00007ff9c510d000 	C:\Users\sathwik\.jdks\openjdk-25.0.1\bin\msvcp140.dll
0x00007ff989bf0000 - 0x00007ff98aa4f000 	C:\Users\sathwik\.jdks\openjdk-25.0.1\bin\server\jvm.dll
0x00007ffa04400000 - 0x00007ffa044b4000 	C:\WINDOWS\System32\ADVAPI32.dll
0x00007ffa048f0000 - 0x00007ffa04996000 	C:\WINDOWS\System32\sechost.dll
0x00007ffa044c0000 - 0x00007ffa045d8000 	C:\WINDOWS\System32\RPCRT4.dll
0x00007ffa04b10000 - 0x00007ffa04b84000 	C:\WINDOWS\System32\WS2_32.dll
0x00007ffa01ae0000 - 0x00007ffa01b3e000 	C:\WINDOWS\SYSTEM32\POWRPROF.dll
0x00007ff9fa4a0000 - 0x00007ff9fa4d5000 	C:\WINDOWS\SYSTEM32\WINMM.dll
0x00007ff9f1bb0000 - 0x00007ff9f1bbb000 	C:\WINDOWS\SYSTEM32\VERSION.dll
0x00007ffa01ac0000 - 0x00007ffa01ad4000 	C:\WINDOWS\SYSTEM32\UMPDC.dll
0x00007ffa00a30000 - 0x00007ffa00a4b000 	C:\WINDOWS\SYSTEM32\kernel.appcore.dll
0x00007ff9ed2a0000 - 0x00007ff9ed2aa000 	C:\Users\sathwik\.jdks\openjdk-25.0.1\bin\jimage.dll
0x00007ff9ffb00000 - 0x00007ff9ffd42000 	C:\WINDOWS\SYSTEM32\DBGHELP.DLL
0x00007ffa04f50000 - 0x00007ffa052d6000 	C:\WINDOWS\System32\combase.dll
0x00007ffa046e0000 - 0x00007ffa047b7000 	C:\WINDOWS\System32\OLEAUT32.dll
0x00007ff9e25a0000 - 0x00007ff9e25db000 	C:\WINDOWS\SYSTEM32\dbgcore.DLL
0x00007ffa02c60000 - 0x00007ffa02d05000 	C:\WINDOWS\System32\bcryptPrimitives.dll
0x00007ff9ec110000 - 0x00007ff9ec120000 	C:\Users\sathwik\.jdks\openjdk-25.0.1\bin\instrument.dll
0x00007ff9eb120000 - 0x00007ff9eb13f000 	C:\Users\sathwik\.jdks\openjdk-25.0.1\bin\java.dll
0x00007ffa032c0000 - 0x00007ffa03457000 	C:\WINDOWS\System32\ole32.dll
0x00007ffa03bd0000 - 0x00007ffa04321000 	C:\WINDOWS\System32\SHELL32.dll
0x00007ffa02dc0000 - 0x00007ffa02f2a000 	C:\WINDOWS\System32\wintypes.dll
0x00007ffa01cb0000 - 0x00007ffa02512000 	C:\WINDOWS\System32\windows.storage.dll
0x00007ffa047c0000 - 0x00007ffa048b6000 	C:\WINDOWS\System32\SHCORE.dll
0x00007ffa052e0000 - 0x00007ffa05347000 	C:\WINDOWS\System32\shlwapi.dll
0x00007ffa01b70000 - 0x00007ffa01b99000 	C:\WINDOWS\SYSTEM32\profapi.dll
0x00007ff9e9680000 - 0x00007ff9e9697000 	C:\Users\sathwik\.jdks\openjdk-25.0.1\bin\zip.dll
0x00007ff9e96c0000 - 0x00007ff9e96d2000 	C:\Users\sathwik\.jdks\openjdk-25.0.1\bin\net.dll
0x00007ffa00fa0000 - 0x00007ffa0100b000 	C:\WINDOWS\system32\mswsock.dll
0x00007ff9e96a0000 - 0x00007ff9e96b6000 	C:\Users\sathwik\.jdks\openjdk-25.0.1\bin\nio.dll
0x00007ff9eb200000 - 0x00007ff9eb209000 	C:\Users\sathwik\.jdks\openjdk-25.0.1\bin\extnet.dll
0x00007ff9ec190000 - 0x00007ff9ec19e000 	C:\Users\sathwik\.jdks\openjdk-25.0.1\bin\sunmscapi.dll
0x00007ffa02fc0000 - 0x00007ffa03137000 	C:\WINDOWS\System32\CRYPT32.dll
0x00007ffa01480000 - 0x00007ffa014b0000 	C:\WINDOWS\SYSTEM32\ncrypt.dll
0x00007ffa01430000 - 0x00007ffa0146f000 	C:\WINDOWS\SYSTEM32\NTASN1.dll
0x00007ffa01260000 - 0x00007ffa0127b000 	C:\WINDOWS\SYSTEM32\CRYPTSP.dll
0x00007ffa00990000 - 0x00007ffa009c9000 	C:\WINDOWS\system32\rsaenh.dll
0x00007ffa01050000 - 0x00007ffa0107b000 	C:\WINDOWS\SYSTEM32\USERENV.dll
0x00007ffa01ba0000 - 0x00007ffa01bca000 	C:\WINDOWS\SYSTEM32\bcrypt.dll
0x00007ffa01280000 - 0x00007ffa0128c000 	C:\WINDOWS\SYSTEM32\CRYPTBASE.dll
0x00007ffa00500000 - 0x00007ffa00534000 	C:\WINDOWS\SYSTEM32\IPHLPAPI.DLL
0x00007ffa035e0000 - 0x00007ffa035ea000 	C:\WINDOWS\System32\NSI.dll
0x00007ff9eb1d0000 - 0x00007ff9eb1da000 	C:\Users\sathwik\.jdks\openjdk-25.0.1\bin\management.dll
0x00007ff9e9530000 - 0x00007ff9e953c000 	C:\Users\sathwik\.jdks\openjdk-25.0.1\bin\management_ext.dll
0x00007ffa034e0000 - 0x00007ffa034e8000 	C:\WINDOWS\System32\PSAPI.DLL
0x00007ff9e95c0000 - 0x00007ff9e95d0000 	C:\Users\sathwik\.jdks\openjdk-25.0.1\bin\verify.dll
0x00007ffa00540000 - 0x00007ffa0066c000 	C:\WINDOWS\SYSTEM32\DNSAPI.dll
0x00007ff9f0fd0000 - 0x00007ff9f0fdb000 	C:\Windows\System32\rasadhlp.dll
0x00007ff9fa350000 - 0x00007ff9fa3d6000 	C:\WINDOWS\System32\fwpuclnt.dll
0x00007ff973440000 - 0x00007ff973448000 	C:\WINDOWS\system32\wshunix.dll

JVMTI agents:
C:\Program Files\JetBrains\IntelliJ IDEA Community Edition 2025.1.1.1\lib\idea_rt.jar path:C:\Users\sathwik\.jdks\openjdk-25.0.1\bin\instrument.dll, loaded, initialized, instrumentlib options:60442

dbghelp: loaded successfully - version: 4.0.5 - missing functions: none
symbol engine: initialized successfully - sym options: 0x614 - pdb path: .;C:\Users\sathwik\.jdks\openjdk-25.0.1\bin;C:\WINDOWS\SYSTEM32;C:\WINDOWS\WinSxS\amd64_microsoft.windows.common-controls_6595b64144ccf1df_6.0.26100.7705_none_3e06597ae3363b04;C:\Users\sathwik\.jdks\openjdk-25.0.1\bin\server

VM Arguments:
jvm_args: -javaagent:C:\Program Files\JetBrains\IntelliJ IDEA Community Edition 2025.1.1.1\lib\idea_rt.jar=60442 -Dfile.encoding=UTF-8 -Dsun.stdout.encoding=UTF-8 -Dsun.stderr.encoding=UTF-8 
java_command: com.example.ecommerce.EcommerceApplication
java_class_path (initial): C:\Users\sathwik\Downloads\ecommerce\ecommerce\target\classes;C:\Users\sathwik\.m2\repository\org\springframework\boot\spring-boot-starter-web\3.2.5\spring-boot-starter-web-3.2.5.jar;C:\Users\sathwik\.m2\repository\org\springframework\boot\spring-boot-starter\3.2.5\spring-boot-starter-3.2.5.jar;C:\Users\sathwik\.m2\repository\org\springframework\boot\spring-boot\3.2.5\spring-boot-3.2.5.jar;C:\Users\sathwik\.m2\repository\org\springframework\boot\spring-boot-autoconfigure\3.2.5\spring-boot-autoconfigure-3.2.5.jar;C:\Users\sathwik\.m2\repository\org\springframework\boot\spring-boot-starter-logging\3.2.5\spring-boot-starter-logging-3.2.5.jar;C:\Users\sathwik\.m2\repository\ch\qos\logback\logback-classic\1.4.14\logback-classic-1.4.14.jar;C:\Users\sathwik\.m2\repository\ch\qos\logback\logback-core\1.4.14\logback-core-1.4.14.jar;C:\Users\sathwik\.m2\repository\org\apache\logging\log4j\log4j-to-slf4j\2.21.1\log4j-to-slf4j-2.21.1.jar;C:\Users\sathwik\.m2\repository\org\apache\logging\log4j\log4j-api\2.21.1\log4j-api-2.21.1.jar;C:\Users\sathwik\.m2\repository\org\slf4j\jul-to-slf4j\2.0.13\jul-to-slf4j-2.0.13.jar;C:\Users\sathwik\.m2\repository\jakarta\annotation\jakarta.annotation-api\2.1.1\jakarta.annotation-api-2.1.1.jar;C:\Users\sathwik\.m2\repository\org\yaml\snakeyaml\2.2\snakeyaml-2.2.jar;C:\Users\sathwik\.m2\repository\org\springframework\boot\spring-boot-starter-json\3.2.5\spring-boot-starter-json-3.2.5.jar;C:\Users\sathwik\.m2\repository\com\fasterxml\jackson\datatype\jackson-datatype-jdk8\2.15.4\jackson-datatype-jdk8-2.15.4.jar;C:\Users\sathwik\.m2\repository\com\fasterxml\jackson\datatype\jackson-datatype-jsr310\2.15.4\jackson-datatype-jsr310-2.15.4.jar;C:\Users\sathwik\.m2\repository\com\fasterxml\jackson\module\jackson-module-parameter-names\2.15.4\jackson-module-parameter-names-2.15.4.jar;C:\Users\sathwik\.m2\repository\org\springframework\boot\spring-boot-starter-tomcat\3.2.5\spring-boot-starter-tomcat-3.2.5.jar;C:\Users\sathwik\.m2\repository\org\apache\tomcat\embed\tomcat-embed-core\10.1.20\tomcat-embed-core-10.1.20.jar;C:\Users\sathwik\.m2\repository\org\apache\tomcat\embed\tomcat-embed-websocket\10.1.20\tomcat-embed-websocket-10.1.20.jar;C:\Users\sathwik\.m2\repository\org\springframework\spring-web\6.1.6\spring-web-6.1.6.jar;C:\Users\sathwik\.m2\repository\org\springframework\spring-beans\6.1.6\spring-beans-6.1.6.jar;C:\Users\sathwik\.m2\repository\io\micrometer\micrometer-observation\1.12.5\micrometer-observation-1.12.5.jar;C:\Users\sathwik\.m2\repository\io\micrometer\micrometer-commons\1.12.5\micrometer-commons-1.12.5.jar;C:\Users\sathwik\.m2\repository\org\springframework\spring-webmvc\6.1.6\spring-webmvc-6.1.6.jar;C:\Users\sathwik\.m2\repository\org\springframework\spring-context\6.1.6\spring-context-6.1.6.jar;C:\Users\sathwik\.m2\repository\org\springframework\spring-expression\6.1.6\spring-expression-6.1.6.jar;C:\Users\sathwik\.m2\repository\org\springframework\boot\spring-boot-starter-data-jpa\3.2.5\spring-boot-starter-data-jpa-3.2.5.jar;C:\Users\sathwik\.m2\repository\org\springframework\boot\spring-boot-starter-aop\3.2.5\spring-boot-starter-aop-3.2.5.jar;C:\Users\sathwik\.m2\repository\org\aspectj\aspectjweaver\1.9.22\aspectjweaver-1.9.22.jar;C:\Users\sathwik\.m2\repository\org\springframework\boot\spring-boot-starter-jdbc\3.2.5\spring-boot-starter-jdbc-3.2.5.jar;C:\Users\sathwik\.m2\repository\com\zaxxer\HikariCP\5.0.1\HikariCP-5.0.1.jar;C:\Users\sathwik\.m2\repository\org\springframework\spring-jdbc\6.1.6\spring-jdbc-6.1.6.jar;C:\Users\sathwik\.m2\repository\org\hibernate\orm\hibernate-core\6.4.4.Final\hibernate-core-6.4.4.Final.jar;C:\Users\sathwik\.m2\repository\jakarta\persistence\jakarta.persistence-api\3.1.0\jakarta.persistence-api-3.1.0.jar;C:\Users\sathwik\.m2\repository\jakarta\transaction\jakarta.transaction-api\2.0.1\jakarta.transaction-api-2.0.1.jar;C:\Users\sathwik\.m2\repository\org\jboss\logging\jboss-logging\3.5.3.Final\jboss-logging-3.5.3.Final.jar;C:\Users\sathwik\.m2\repository\org\hibernate\common\hibernate-commons-annotations\6.0.6.Final\hibernate-commons-annotations-6.0.6.Final.jar;C:\Users\sathwik\.m2\repository\io\smallrye\jandex\3.1.2\jandex-3.1.2.jar;C:\Users\sathwik\.m2\repository\com\fasterxml\classmate\1.6.0\classmate-1.6.0.jar;C:\Users\sathwik\.m2\repository\net\bytebuddy\byte-buddy\1.14.13\byte-buddy-1.14.13.jar;C:\Users\sathwik\.m2\repository\org\glassfish\jaxb\jaxb-runtime\4.0.5\jaxb-runtime-4.0.5.jar;C:\Users\sathwik\.m2\repository\org\glassfish\jaxb\jaxb-core\4.0.5\jaxb-core-4.0.5.jar;C:\Users\sathwik\.m2\repository\org\eclipse\angus\angus-activation\2.0.2\angus-activation-2.0.2.jar;C:\Users\sathwik\.m2\repository\org\glassfish\jaxb\txw2\4.0.5\txw2-4.0.5.jar;C:\Users\sathwik\.m2\repository\com\sun\istack\istack-commons-runtime\4.1.2\istack-commons-runtime-4.1.2.jar;C:\Users\sathwik\.m2\repository\jakarta\inject\jakarta.inject-api\2.0.1\jakarta.inject-api-2.0.1.jar;C:\Users\sathwik\.m2\repository\org\antlr\antlr4-runtime\4.13.0\antlr4-runtime-4.13.0.jar;C:\Users\sathwik\.m2\repository\org\springframework\data\spring-data-jpa\3.2.5\spring-data-jpa-3.2.5.jar;C:\Users\sathwik\.m2\repository\org\springframework\data\spring-data-commons\3.2.5\spring-data-commons-3.2.5.jar;C:\Users\sathwik\.m2\repository\org\springframework\spring-orm\6.1.6\spring-orm-6.1.6.jar;C:\Users\sathwik\.m2\repository\org\springframework\spring-tx\6.1.6\spring-tx-6.1.6.jar;C:\Users\sathwik\.m2\repository\org\slf4j\slf4j-api\2.0.13\slf4j-api-2.0.13.jar;C:\Users\sathwik\.m2\repository\org\springframework\spring-aspects\6.1.6\spring-aspects-6.1.6.jar;C:\Users\sathwik\.m2\repository\org\springframework\boot\spring-boot-starter-security\3.2.5\spring-boot-starter-security-3.2.5.jar;C:\Users\sathwik\.m2\repository\org\springframework\spring-aop\6.1.6\spring-aop-6.1.6.jar;C:\Users\sathwik\.m2\repository\org\springframework\security\spring-security-config\6.2.4\spring-security-config-6.2.4.jar;C:\Users\sathwik\.m2\repository\org\springframework\security\spring-security-core\6.2.4\spring-security-core-6.2.4.jar;C:\Users\sathwik\.m2\repository\org\springframework\security\spring-security-crypto\6.2.4\spring-security-crypto-6.2.4.jar;C:\Users\sathwik\.m2\repository\org\springframework\security\spring-security-web\6.2.4\spring-security-web-6.2.4.jar;C:\Users\sathwik\.m2\repository\com\mysql\mysql-connector-j\8.3.0\mysql-connector-j-8.3.0.jar;C:\Users\sathwik\.m2\repository\io\jsonwebtoken\jjwt-api\0.11.5\jjwt-api-0.11.5.jar;C:\Users\sathwik\.m2\repository\io\jsonwebtoken\jjwt-impl\0.11.5\jjwt-impl-0.11.5.jar;C:\Users\sathwik\.m2\repository\io\jsonwebtoken\jjwt-jackson\0.11.5\jjwt-jackson-0.11.5.jar;C:\Users\sathwik\.m2\repository\com\fasterxml\jackson\core\jackson-databind\2.15.4\jackson-databind-2.15.4.jar;C:\Users\sathwik\.m2\repository\com\fasterxml\jackson\core\jackson-annotations\2.15.4\jackson-annotations-2.15.4.jar;C:\Users\sathwik\.m2\repository\com\fasterxml\jackson\core\jackson-core\2.15.4\jackson-core-2.15.4.jar;C:\Users\sathwik\.m2\repository\org\projectlombok\lombok\1.18.32\lombok-1.18.32.jar;C:\Users\sathwik\.m2\repository\org\springframework\boot\spring-boot-starter-validation\3.2.5\spring-boot-starter-validation-3.2.5.jar;C:\Users\sathwik\.m2\repository\org\apache\tomcat\embed\tomcat-embed-el\10.1.20\tomcat-embed-el-10.1.20.jar;C:\Users\sathwik\.m2\repository\org\hibernate\validator\hibernate-validator\8.0.1.Final\hibernate-validator-8.0.1.Final.jar;C:\Users\sathwik\.m2\repository\jakarta\validation\jakarta.validation-api\3.0.2\jakarta.validation-api-3.0.2.jar;C:\Users\sathwik\.m2\repository\jakarta\xml\bind\jakarta.xml.bind-api\4.0.2\jakarta.xml.bind-api-4.0.2.jar;C:\Users\sathwik\.m2\repository\jakarta\activation\jakarta.activation-api\2.1.3\jakarta.activation-api-2.1.3.jar;C:\Users\sathwik\.m2\repository\org\springframework\spring-core\6.1.6\spring-core-6.1.6.jar;C:\Users\sathwik\.m2\repository\org\springframework\spring-jcl\6.1.6\spring-jcl-6.1.6.jar
Launcher Type: SUN_STANDARD

[Global flags]
     intx CICompilerCount                          = 3                                         {product} {ergonomic}
     uint ConcGCThreads                            = 1                                         {product} {ergonomic}
     uint G1ConcRefinementThreads                  = 4                                         {product} {ergonomic}
   size_t G1HeapRegionSize                         = 1048576                                   {product} {ergonomic}
   size_t InitialHeapSize                          = 62914560                                  {product} {ergonomic}
   size_t MarkStackSize                            = 4194304                                   {product} {ergonomic}
   size_t MarkStackSizeMax                         = 536870912                                 {product} {ergonomic}
   size_t MaxHeapSize                              = 994050048                                 {product} {ergonomic}
   size_t MaxNewSize                               = 595591168                                 {product} {ergonomic}
   size_t MinHeapDeltaBytes                        = 1048576                                   {product} {ergonomic}
   size_t MinHeapSize                              = 8388608                                   {product} {ergonomic}
    uintx NonNMethodCodeHeapSize                   = 5832704                                {pd product} {ergonomic}
    uintx NonProfiledCodeHeapSize                  = 122945536                              {pd product} {ergonomic}
    uintx ProfiledCodeHeapSize                     = 122880000                              {pd product} {ergonomic}
    uintx ReservedCodeCacheSize                    = 251658240                              {pd product} {ergonomic}
     bool SegmentedCodeCache                       = true                                      {product} {ergonomic}
   size_t SoftMaxHeapSize                          = 994050048                              {manageable} {ergonomic}
     bool UseCompressedOops                        = true                           {product lp64_product} {ergonomic}
     bool UseG1GC                                  = true                                      {product} {ergonomic}
     bool UseLargePagesIndividualAllocation        = false                                  {pd product} {ergonomic}

Logging:
Log output configuration:
 #0: stdout all=warning uptime,level,tags foldmultilines=false
 #1: stderr all=off uptime,level,tags foldmultilines=false

Release file:
IMPLEMENTOR="Oracle Corporation" 
JAVA_RUNTIME_VERSION="25.0.1+8-27" 
JAVA_VERSION="25.0.1" 
JAVA_VERSION_DATE="2025-10-21" 
LIBC="default" 
MODULES="java.base java.compiler java.datatransfer java.xml java.prefs java.desktop java.instrument java.logging java.management java.security.sasl java.naming java.rmi java.management.rmi java.net.http java.scripting java.security.jgss java.transaction.xa java.sql java.sql.rowset java.xml.crypto java.se java.smartcardio jdk.accessibility jdk.internal.jvmstat jdk.attach jdk.charsets jdk.internal.opt jdk.zipfs jdk.compiler jdk.crypto.cryptoki jdk.crypto.ec jdk.crypto.mscapi jdk.dynalink jdk.internal.ed jdk.editpad jdk.internal.vm.ci jdk.graal.compiler jdk.graal.compiler.management jdk.hotspot.agent jdk.httpserver jdk.incubator.vector jdk.internal.le jdk.internal.md jdk.jartool jdk.javadoc jdk.jcmd jdk.management jdk.management.agent jdk.jconsole jdk.jdeps jdk.jdwp.agent jdk.jdi jdk.jfr jdk.jlink jdk.jpackage jdk.jshell jdk.jsobject jdk.jstatd jdk.localedata jdk.management.jfr jdk.naming.dns jdk.naming.rmi jdk.net jdk.nio.mapmode jdk.sctp jdk.security.auth jdk.security.jgss jdk.unsupported jdk.unsupported.desktop jdk.xml.dom" 
OS_ARCH="x86_64" 
OS_NAME="Windows" 
SOURCE=".:git:78770bfaefd2" 

Environment Variables:
JAVA_HOME=C:\Users\sathwik\AppData\Local\Programs\Eclipse Adoptium\jdk-17.0.5.8-hotspot\
CLASSPATH=C:\mysql-connector-j-9.4.0.jar
PATH=C:\Program Files\Eclipse Adoptium\jdk-17.0.17.10-hotspot\bin;C:\Program Files\Common Files\Oracle\Java\javapath;C:\Users\sathwik\OneDrive\Documents\javalabcs131;C:\WINDOWS\system32;C:\WINDOWS;C:\WINDOWS\System32\Wbem;C:\WINDOWS\System32\WindowsPowerShell\v1.0\;C:\WINDOWS\System32\OpenSSH\;C:\Program Files\Java\jdk-19\bin;C:\Program Files\Git\cmd;C:\Program Files\Java\jdk-24\bin\;C:\Program Files (x86)\Microsoft SQL Server\160\Tools\Binn\;C:\Program Files\Microsoft SQL Server\160\Tools\Binn\;C:\Program Files\Microsoft SQL Server\Client SDK\ODBC\170\Tools\Binn\;C:\Program Files\Microsoft SQL Server\160\DTS\Binn\;C:\Program Files (x86)\Microsoft SQL Server\160\DTS\Binn\;C:\Program Files\nodejs\;C:\Users\sathwik\Downloads\apache-maven-3.9.11-bin.zip\bin;C:\Program Files\MySQL\MySQL Shell 8.4\bin\;C:\Program Files\MySQL\MySQL Shell 8.4\bin\;C:\Users\sathwik\OneDrive\Documents\javalabcs131;C:\Users\sathwik\AppData\Local\Microsoft\WindowsApps;C:\Users\sathwik\AppData\Local\Programs\Microsoft VS Code\bin;C:\Users\sathwik\AppData\Roaming\npm;C:\Program Files\apache-maven-3.9.11\bin;C:\Program Files\apache-maven-3.9.11\bin;C:\Users\sathwik\AppData\Local\Programs\Antigravity\bin
USERNAME=sathwik
OS=Windows_NT
PROCESSOR_IDENTIFIER=Intel64 Family 6 Model 140 Stepping 1, GenuineIntel
TMP=C:\Users\sathwik\AppData\Local\Temp
TEMP=C:\Users\sathwik\AppData\Local\Temp




Compilation memory statistics disabled.

Periodic native trim disabled

---------------  S Y S T E M  ---------------

OS:
 Windows 11 , 64 bit Build 26100 (10.0.26100.7705)
OS uptime: 0 days 2:13 hours

CPU: total 4 (initial active 4) (2 cores per cpu, 2 threads per core) family 6 model 140 stepping 1 microcode 0x86, cx8, cmov, fxsr, ht, mmx, 3dnowpref, sse, sse2, sse3, ssse3, sse4.1, sse4.2, popcnt, lzcnt, tsc, tscinvbit, avx, avx2, aes, erms, clmul, bmi1, bmi2, adx, avx512f, avx512dq, avx512cd, avx512bw, avx512vl, sha, fma, vzeroupper, avx512_vpopcntdq, avx512_vpclmulqdq, avx512_vaes, avx512_vnni, clflush, clflushopt, clwb, avx512_vbmi2, avx512_vbmi, rdtscp, rdpid, fsrm, gfni, avx512_bitalg, f16c, pku, cet_ibt, cet_ss, avx512_ifma
Processor Information for the first 4 processors :
  Max Mhz: 2995, Current Mhz: 2995, Mhz Limit: 2995

Memory: 4k page, system-wide physical 3790M (15M free)
TotalPageFile size 15566M (AvailPageFile size 23M)
current process WorkingSet (physical memory assigned to process): 41M, peak: 234M
current process commit charge ("private bytes"): 272M, peak: 285M

vm_info: OpenJDK 64-Bit Server VM (25.0.1+8-27) for windows-amd64 JRE (25.0.1+8-27), built on 2025-09-25T16:41:16Z with unknown MS VC++:1943

END.
