#
# There is insufficient memory for the Java Runtime Environment to continue.
# Native memory allocation (malloc) failed to allocate 2487704 bytes. Error detail: Chunk::new
# Possible reasons:
#   The system is out of physical RAM or swap space
#   This process is running with CompressedOops enabled, and the Java Heap may be blocking the growth of the native heap
# Possible solutions:
#   Reduce memory load on the system
#   Increase physical memory or swap space
#   Check if swap backing store is full
#   Decrease Java heap size (-Xmx/-Xms)
#   Decrease number of Java threads
#   Decrease Java thread stack sizes (-Xss)
#   Set larger code cache with -XX:ReservedCodeCacheSize=
#   JVM is running with Unscaled Compressed Oops mode in which the Java heap is
#     placed in the first 4GB address space. The Java Heap base address is the
#     maximum limit for the native heap growth. Please use -XX:HeapBaseMinAddress
#     to set the Java Heap base and to place the Java Heap above 4GB virtual address.
# This output file may be truncated or incomplete.
#
#  Out of Memory Error (arena.cpp:186), pid=4200, tid=20416
#
# JRE version: OpenJDK Runtime Environment (25.0.1+8) (build 25.0.1+8-27)
# Java VM: OpenJDK 64-Bit Server VM (25.0.1+8-27, mixed mode, sharing, tiered, compressed oops, compressed class ptrs, g1 gc, windows-amd64)
# No core dump will be written. Minidumps are not enabled by default on client versions of Windows
#

---------------  S U M M A R Y ------------

Command Line: -javaagent:C:\Program Files\JetBrains\IntelliJ IDEA Community Edition 2025.1.1.1\lib\idea_rt.jar=52549 -Dfile.encoding=UTF-8 -Dsun.stdout.encoding=UTF-8 -Dsun.stderr.encoding=UTF-8 com.example.ecommerce.EcommerceApplication

Host: 11th Gen Intel(R) Core(TM) i3-1115G4 @ 3.00GHz, 4 cores, 3G,  Windows 11 , 64 bit Build 26100 (10.0.26100.7623)
Time: Mon Jan 26 21:51:59 2026 India Standard Time elapsed time: 2.707428 seconds (0d 0h 0m 2s)

---------------  T H R E A D  ---------------

Current thread (0x00000147caae0f20):  JavaThread "C2 CompilerThread0" daemon [_thread_in_native, id=20416, stack(0x00000030ec200000,0x00000030ec300000) (1024K)]


Current CompileTask:
C2:2713  704       4       java.io.DataInputStream::readFully (59 bytes)

Stack: [0x00000030ec200000,0x00000030ec300000]
Native frames: (J=compiled Java code, j=interpreted, Vv=VM code, C=native code)
V  [jvm.dll+0x7a6b59]  (no source info available)
V  [jvm.dll+0x77290d]  (no source info available)
V  [jvm.dll+0x966153]  (no source info available)
V  [jvm.dll+0x968751]  (no source info available)
V  [jvm.dll+0x968e53]  (no source info available)
V  [jvm.dll+0x2fc756]  (no source info available)
V  [jvm.dll+0x111b26]  (no source info available)
V  [jvm.dll+0x111e4e]  (no source info available)
V  [jvm.dll+0x1a0a22]  (no source info available)
V  [jvm.dll+0x3b53c2]  (no source info available)
V  [jvm.dll+0x7ac4ef]  (no source info available)
V  [jvm.dll+0x2c0ac7]  (no source info available)
V  [jvm.dll+0x2bfa8f]  (no source info available)
V  [jvm.dll+0x237b60]  (no source info available)
V  [jvm.dll+0x2cfb56]  (no source info available)
V  [jvm.dll+0x2cddd5]  (no source info available)
V  [jvm.dll+0x48e6d1]  (no source info available)
V  [jvm.dll+0x906a0d]  (no source info available)
V  [jvm.dll+0x7a5135]  (no source info available)
C  [ucrtbase.dll+0x37b0]  (no source info available)
C  [KERNEL32.DLL+0x2e8d7]  (no source info available)
C  [ntdll.dll+0x8c53c]  (no source info available)

Lock stack of current Java thread (top to bottom):


---------------  P R O C E S S  ---------------

Threads class SMR info:
_java_thread_list=0x00000147cafbc9c0, length=12, elements={
0x00000147ad73d2e0, 0x00000147afb23690, 0x00000147afb24530, 0x00000147afb28270,
0x00000147afb2a050, 0x00000147caadffa0, 0x00000147caae0760, 0x00000147caae0f20,
0x00000147caae3170, 0x00000147cac3a310, 0x00000147cf072330, 0x00000147cf072af0
}

Java Threads: ( => current thread )
  0x00000147ad73d2e0 JavaThread "main"                              [_thread_in_Java, id=21912, stack(0x00000030eb400000,0x00000030eb500000) (1024K)]
  0x00000147afb23690 JavaThread "Reference Handler"          daemon [_thread_blocked, id=5956, stack(0x00000030ebc00000,0x00000030ebd00000) (1024K)]
  0x00000147afb24530 JavaThread "Finalizer"                  daemon [_thread_blocked, id=16948, stack(0x00000030ebd00000,0x00000030ebe00000) (1024K)]
  0x00000147afb28270 JavaThread "Signal Dispatcher"          daemon [_thread_blocked, id=17752, stack(0x00000030ebe00000,0x00000030ebf00000) (1024K)]
  0x00000147afb2a050 JavaThread "Attach Listener"            daemon [_thread_blocked, id=22392, stack(0x00000030ebf00000,0x00000030ec000000) (1024K)]
  0x00000147caadffa0 JavaThread "Service Thread"             daemon [_thread_blocked, id=22932, stack(0x00000030ec000000,0x00000030ec100000) (1024K)]
  0x00000147caae0760 JavaThread "Monitor Deflation Thread"   daemon [_thread_blocked, id=5668, stack(0x00000030ec100000,0x00000030ec200000) (1024K)]
=>0x00000147caae0f20 JavaThread "C2 CompilerThread0"         daemon [_thread_in_native, id=20416, stack(0x00000030ec200000,0x00000030ec300000) (1024K)]
  0x00000147caae3170 JavaThread "C1 CompilerThread0"         daemon [_thread_blocked, id=15240, stack(0x00000030ec300000,0x00000030ec400000) (1024K)]
  0x00000147cac3a310 JavaThread "Common-Cleaner"             daemon [_thread_blocked, id=23360, stack(0x00000030ec400000,0x00000030ec500000) (1024K)]
  0x00000147cf072330 JavaThread "Monitor Ctrl-Break"         daemon [_thread_in_native, id=22772, stack(0x00000030ec500000,0x00000030ec600000) (1024K)]
  0x00000147cf072af0 JavaThread "Notification Thread"        daemon [_thread_blocked, id=11288, stack(0x00000030ec600000,0x00000030ec700000) (1024K)]
Total: 12

Other Threads:
  0x00000147afb0bcd0 VMThread "VM Thread"                           [id=23428, stack(0x00000030ebb00000,0x00000030ebc00000) (1024K)]
  0x00000147caadda20 WatcherThread "VM Periodic Task Thread"        [id=23252, stack(0x00000030eba00000,0x00000030ebb00000) (1024K)]
  0x00000147afab1790 WorkerThread "GC Thread#0"                     [id=9756, stack(0x00000030eb500000,0x00000030eb600000) (1024K)]
  0x00000147afabda20 ConcurrentGCThread "G1 Main Marker"            [id=20760, stack(0x00000030eb600000,0x00000030eb700000) (1024K)]
  0x00000147afabe5c0 WorkerThread "G1 Conc#0"                       [id=22468, stack(0x00000030eb700000,0x00000030eb800000) (1024K)]
  0x00000147afae5350 ConcurrentGCThread "G1 Refine#0"               [id=16532, stack(0x00000030eb800000,0x00000030eb900000) (1024K)]
  0x00000147afae6e20 ConcurrentGCThread "G1 Service"                [id=18892, stack(0x00000030eb900000,0x00000030eba00000) (1024K)]
Total: 7

Threads with active compile tasks:
C2 CompilerThread0  2870  704       4       java.io.DataInputStream::readFully (59 bytes)
C1 CompilerThread0  2870 1058       3       java.lang.invoke.DirectMethodHandle::<init> (148 bytes)
Total: 2

VM state: not at safepoint (normal execution)

VM Mutex/Monitor currently owned by a thread: None

Heap address: 0x00000000c4c00000, size: 948 MB, Compressed Oops mode: 32-bit

CDS archive(s) mapped at: [0x0000000023000000-0x0000000023dd0000-0x0000000023dd0000), size 14483456, SharedBaseAddress: 0x0000000023000000, ArchiveRelocationMode: 1.
Compressed class space mapped at: 0x0000000024000000-0x0000000064000000, reserved size: 1073741824
UseCompressedClassPointers 1, UseCompactObjectHeaders 0
Narrow klass pointer bits 32, Max shift 3
Narrow klass base: 0x0000000023000000, Narrow klass shift: 0
Encoding Range: [0x0000000023000000 - 0x0000000123000000), (4294967296 bytes)
Klass Range:    [0x0000000023010000 - 0x0000000064000000), (1090453504 bytes)
Klass ID Range:  [65536 - 1090519033) (1090453497)
Protection zone: [0x0000000023000000 - 0x0000000023010000), (65536 bytes)

GC Precious Log:
 CardTable entry size: 512
 Card Set container configuration: InlinePtr #cards 5 size 8 Array Of Cards #cards 10 size 36 Howl #buckets 4 coarsen threshold 1843 Howl Bitmap #cards 512 size 80 coarsen threshold 460 Card regions per heap region 1 cards per card region 2048
 CPUs: 4 total, 4 available
 Memory: 3790M
 Large Page Support: Disabled
 NUMA Support: Disabled
 Compressed Oops: Enabled (32-bit)
 Heap Region Size: 1M
 Heap Min Capacity: 8M
 Heap Initial Capacity: 60M
 Heap Max Capacity: 948M
 Pre-touch: Disabled
 Parallel Workers: 4
 Concurrent Workers: 1
 Concurrent Refinement Workers: 4
 Periodic GC: Disabled

Heap:
 garbage-first heap   total reserved 970752K, committed 63488K, used 16531K [0x00000000c4c00000, 0x0000000100000000)
  region size 1024K, 16 young (16384K), 0 survivors (0K)

Heap Regions: E=young(eden), S=young(survivor), O=old, HS=humongous(starts), HC=humongous(continues), CS=collection set, F=free, TAMS=top-at-mark-start, PB=parsable bottom
|   0|0x00000000c4c00000, 0x00000000c4d00000, 0x00000000c4d00000|100%|HS|  |TAMS 0x00000000c4c00000| PB 0x00000000c4c00000| Complete |  0
|   1|0x00000000c4d00000, 0x00000000c4d00000, 0x00000000c4e00000|  0%| F|  |TAMS 0x00000000c4d00000| PB 0x00000000c4d00000| Untracked |  0
|   2|0x00000000c4e00000, 0x00000000c4e00000, 0x00000000c4f00000|  0%| F|  |TAMS 0x00000000c4e00000| PB 0x00000000c4e00000| Untracked |  0
|   3|0x00000000c4f00000, 0x00000000c4f00000, 0x00000000c5000000|  0%| F|  |TAMS 0x00000000c4f00000| PB 0x00000000c4f00000| Untracked |  0
|   4|0x00000000c5000000, 0x00000000c5000000, 0x00000000c5100000|  0%| F|  |TAMS 0x00000000c5000000| PB 0x00000000c5000000| Untracked |  0
|   5|0x00000000c5100000, 0x00000000c5100000, 0x00000000c5200000|  0%| F|  |TAMS 0x00000000c5100000| PB 0x00000000c5100000| Untracked |  0
|   6|0x00000000c5200000, 0x00000000c5200000, 0x00000000c5300000|  0%| F|  |TAMS 0x00000000c5200000| PB 0x00000000c5200000| Untracked |  0
|   7|0x00000000c5300000, 0x00000000c5300000, 0x00000000c5400000|  0%| F|  |TAMS 0x00000000c5300000| PB 0x00000000c5300000| Untracked |  0
|   8|0x00000000c5400000, 0x00000000c5400000, 0x00000000c5500000|  0%| F|  |TAMS 0x00000000c5400000| PB 0x00000000c5400000| Untracked |  0
|   9|0x00000000c5500000, 0x00000000c5500000, 0x00000000c5600000|  0%| F|  |TAMS 0x00000000c5500000| PB 0x00000000c5500000| Untracked |  0
|  10|0x00000000c5600000, 0x00000000c5600000, 0x00000000c5700000|  0%| F|  |TAMS 0x00000000c5600000| PB 0x00000000c5600000| Untracked |  0
|  11|0x00000000c5700000, 0x00000000c5700000, 0x00000000c5800000|  0%| F|  |TAMS 0x00000000c5700000| PB 0x00000000c5700000| Untracked |  0
|  12|0x00000000c5800000, 0x00000000c5800000, 0x00000000c5900000|  0%| F|  |TAMS 0x00000000c5800000| PB 0x00000000c5800000| Untracked |  0
|  13|0x00000000c5900000, 0x00000000c5900000, 0x00000000c5a00000|  0%| F|  |TAMS 0x00000000c5900000| PB 0x00000000c5900000| Untracked |  0
|  14|0x00000000c5a00000, 0x00000000c5a00000, 0x00000000c5b00000|  0%| F|  |TAMS 0x00000000c5a00000| PB 0x00000000c5a00000| Untracked |  0
|  15|0x00000000c5b00000, 0x00000000c5b00000, 0x00000000c5c00000|  0%| F|  |TAMS 0x00000000c5b00000| PB 0x00000000c5b00000| Untracked |  0
|  16|0x00000000c5c00000, 0x00000000c5c00000, 0x00000000c5d00000|  0%| F|  |TAMS 0x00000000c5c00000| PB 0x00000000c5c00000| Untracked |  0
|  17|0x00000000c5d00000, 0x00000000c5d00000, 0x00000000c5e00000|  0%| F|  |TAMS 0x00000000c5d00000| PB 0x00000000c5d00000| Untracked |  0
|  18|0x00000000c5e00000, 0x00000000c5e00000, 0x00000000c5f00000|  0%| F|  |TAMS 0x00000000c5e00000| PB 0x00000000c5e00000| Untracked |  0
|  19|0x00000000c5f00000, 0x00000000c5f00000, 0x00000000c6000000|  0%| F|  |TAMS 0x00000000c5f00000| PB 0x00000000c5f00000| Untracked |  0
|  20|0x00000000c6000000, 0x00000000c6000000, 0x00000000c6100000|  0%| F|  |TAMS 0x00000000c6000000| PB 0x00000000c6000000| Untracked |  0
|  21|0x00000000c6100000, 0x00000000c6100000, 0x00000000c6200000|  0%| F|  |TAMS 0x00000000c6100000| PB 0x00000000c6100000| Untracked |  0
|  22|0x00000000c6200000, 0x00000000c6200000, 0x00000000c6300000|  0%| F|  |TAMS 0x00000000c6200000| PB 0x00000000c6200000| Untracked |  0
|  23|0x00000000c6300000, 0x00000000c6300000, 0x00000000c6400000|  0%| F|  |TAMS 0x00000000c6300000| PB 0x00000000c6300000| Untracked |  0
|  24|0x00000000c6400000, 0x00000000c6400000, 0x00000000c6500000|  0%| F|  |TAMS 0x00000000c6400000| PB 0x00000000c6400000| Untracked |  0
|  25|0x00000000c6500000, 0x00000000c6500000, 0x00000000c6600000|  0%| F|  |TAMS 0x00000000c6500000| PB 0x00000000c6500000| Untracked |  0
|  26|0x00000000c6600000, 0x00000000c6600000, 0x00000000c6700000|  0%| F|  |TAMS 0x00000000c6600000| PB 0x00000000c6600000| Untracked |  0
|  27|0x00000000c6700000, 0x00000000c6700000, 0x00000000c6800000|  0%| F|  |TAMS 0x00000000c6700000| PB 0x00000000c6700000| Untracked |  0
|  28|0x00000000c6800000, 0x00000000c6800000, 0x00000000c6900000|  0%| F|  |TAMS 0x00000000c6800000| PB 0x00000000c6800000| Untracked |  0
|  29|0x00000000c6900000, 0x00000000c6900000, 0x00000000c6a00000|  0%| F|  |TAMS 0x00000000c6900000| PB 0x00000000c6900000| Untracked |  0
|  30|0x00000000c6a00000, 0x00000000c6a00000, 0x00000000c6b00000|  0%| F|  |TAMS 0x00000000c6a00000| PB 0x00000000c6a00000| Untracked |  0
|  31|0x00000000c6b00000, 0x00000000c6b00000, 0x00000000c6c00000|  0%| F|  |TAMS 0x00000000c6b00000| PB 0x00000000c6b00000| Untracked |  0
|  32|0x00000000c6c00000, 0x00000000c6c00000, 0x00000000c6d00000|  0%| F|  |TAMS 0x00000000c6c00000| PB 0x00000000c6c00000| Untracked |  0
|  33|0x00000000c6d00000, 0x00000000c6d00000, 0x00000000c6e00000|  0%| F|  |TAMS 0x00000000c6d00000| PB 0x00000000c6d00000| Untracked |  0
|  34|0x00000000c6e00000, 0x00000000c6e00000, 0x00000000c6f00000|  0%| F|  |TAMS 0x00000000c6e00000| PB 0x00000000c6e00000| Untracked |  0
|  35|0x00000000c6f00000, 0x00000000c6f00000, 0x00000000c7000000|  0%| F|  |TAMS 0x00000000c6f00000| PB 0x00000000c6f00000| Untracked |  0
|  36|0x00000000c7000000, 0x00000000c7000000, 0x00000000c7100000|  0%| F|  |TAMS 0x00000000c7000000| PB 0x00000000c7000000| Untracked |  0
|  37|0x00000000c7100000, 0x00000000c7100000, 0x00000000c7200000|  0%| F|  |TAMS 0x00000000c7100000| PB 0x00000000c7100000| Untracked |  0
|  38|0x00000000c7200000, 0x00000000c7200000, 0x00000000c7300000|  0%| F|  |TAMS 0x00000000c7200000| PB 0x00000000c7200000| Untracked |  0
|  39|0x00000000c7300000, 0x00000000c7300000, 0x00000000c7400000|  0%| F|  |TAMS 0x00000000c7300000| PB 0x00000000c7300000| Untracked |  0
|  40|0x00000000c7400000, 0x00000000c7400000, 0x00000000c7500000|  0%| F|  |TAMS 0x00000000c7400000| PB 0x00000000c7400000| Untracked |  0
|  41|0x00000000c7500000, 0x00000000c7500000, 0x00000000c7600000|  0%| F|  |TAMS 0x00000000c7500000| PB 0x00000000c7500000| Untracked |  0
|  42|0x00000000c7600000, 0x00000000c7600000, 0x00000000c7700000|  0%| F|  |TAMS 0x00000000c7600000| PB 0x00000000c7600000| Untracked |  0
|  43|0x00000000c7700000, 0x00000000c7700000, 0x00000000c7800000|  0%| F|  |TAMS 0x00000000c7700000| PB 0x00000000c7700000| Untracked |  0
|  44|0x00000000c7800000, 0x00000000c7880000, 0x00000000c7900000| 50%| E|  |TAMS 0x00000000c7800000| PB 0x00000000c7800000| Complete |  0
|  45|0x00000000c7900000, 0x00000000c7a00000, 0x00000000c7a00000|100%| E|CS|TAMS 0x00000000c7900000| PB 0x00000000c7900000| Complete |  0
|  46|0x00000000c7a00000, 0x00000000c7b00000, 0x00000000c7b00000|100%| E|CS|TAMS 0x00000000c7a00000| PB 0x00000000c7a00000| Complete |  0
|  47|0x00000000c7b00000, 0x00000000c7c00000, 0x00000000c7c00000|100%| E|CS|TAMS 0x00000000c7b00000| PB 0x00000000c7b00000| Complete |  0
|  48|0x00000000c7c00000, 0x00000000c7d00000, 0x00000000c7d00000|100%| E|CS|TAMS 0x00000000c7c00000| PB 0x00000000c7c00000| Complete |  0
|  49|0x00000000c7d00000, 0x00000000c7e00000, 0x00000000c7e00000|100%| E|CS|TAMS 0x00000000c7d00000| PB 0x00000000c7d00000| Complete |  0
|  50|0x00000000c7e00000, 0x00000000c7f00000, 0x00000000c7f00000|100%| E|CS|TAMS 0x00000000c7e00000| PB 0x00000000c7e00000| Complete |  0
|  51|0x00000000c7f00000, 0x00000000c8000000, 0x00000000c8000000|100%| E|CS|TAMS 0x00000000c7f00000| PB 0x00000000c7f00000| Complete |  0
|  52|0x00000000c8000000, 0x00000000c8100000, 0x00000000c8100000|100%| E|CS|TAMS 0x00000000c8000000| PB 0x00000000c8000000| Complete |  0
|  53|0x00000000c8100000, 0x00000000c8200000, 0x00000000c8200000|100%| E|CS|TAMS 0x00000000c8100000| PB 0x00000000c8100000| Complete |  0
|  54|0x00000000c8200000, 0x00000000c8300000, 0x00000000c8300000|100%| E|CS|TAMS 0x00000000c8200000| PB 0x00000000c8200000| Complete |  0
|  55|0x00000000c8300000, 0x00000000c8400000, 0x00000000c8400000|100%| E|CS|TAMS 0x00000000c8300000| PB 0x00000000c8300000| Complete |  0
|  56|0x00000000c8400000, 0x00000000c8500000, 0x00000000c8500000|100%| E|  |TAMS 0x00000000c8400000| PB 0x00000000c8400000| Complete |  0
|  57|0x00000000c8500000, 0x00000000c8600000, 0x00000000c8600000|100%| E|CS|TAMS 0x00000000c8500000| PB 0x00000000c8500000| Complete |  0
|  58|0x00000000c8600000, 0x00000000c8700000, 0x00000000c8700000|100%| E|CS|TAMS 0x00000000c8600000| PB 0x00000000c8600000| Complete |  0
|  59|0x00000000c8700000, 0x00000000c8800000, 0x00000000c8800000|100%| E|CS|TAMS 0x00000000c8700000| PB 0x00000000c8700000| Complete |  0
| 946|0x00000000ffe00000, 0x00000000fff00000, 0x00000000fff00000|100%| O|  |TAMS 0x00000000ffe00000| PB 0x00000000ffe00000| Untracked |  0
| 947|0x00000000fff00000, 0x00000000fff24ea8, 0x0000000100000000| 14%| O|  |TAMS 0x00000000fff00000| PB 0x00000000fff00000| Untracked |  0

Card table byte_map: [0x00000147c74d0000,0x00000147c76b0000] _byte_map_base: 0x00000147c6eaa000

Marking Bits: (CMBitMap*) 0x00000147afab1f20
 Bits: [0x00000147c76b0000, 0x00000147c8580000)

Polling page: 0x00000147ad8e0000

Metaspace:
Metaspace        used 3870K, committed 4032K, reserved 1114112K
 class space     used 307K, committed 384K, reserved 1048576K

Usage:
  Non-class:      3.48 MB used.
      Class:    307.20 KB used.
       Both:      3.78 MB used.

Virtual space:
  Non-class space:       64.00 MB reserved,       3.56 MB (  6%) committed,  1 nodes.
      Class space:        1.00 GB reserved,     384.00 KB ( <1%) committed,  1 nodes.
             Both:        1.06 GB reserved,       3.94 MB ( <1%) committed. 

Chunk freelists:
   Non-Class:  10.38 MB
       Class:  15.57 MB
        Both:  25.94 MB

MaxMetaspaceSize: unlimited
CompressedClassSpaceSize: 1.00 GB
Initial GC threshold: 21.00 MB
Current GC threshold: 21.00 MB
CDS: on
 - commit_granule_bytes: 65536.
 - commit_granule_words: 8192.
 - virtual_space_node_default_size: 8388608.
 - enlarge_chunks_in_place: 1.
UseCompressedClassPointers 1, UseCompactObjectHeaders 0
Narrow klass pointer bits 32, Max shift 3
Narrow klass base: 0x0000000023000000, Narrow klass shift: 0
Encoding Range: [0x0000000023000000 - 0x0000000123000000), (4294967296 bytes)
Klass Range:    [0x0000000023010000 - 0x0000000064000000), (1090453504 bytes)
Klass ID Range:  [65536 - 1090519033) (1090453497)
Protection zone: [0x0000000023000000 - 0x0000000023010000), (65536 bytes)


Internal statistics:

num_allocs_failed_limit: 0.
num_arena_births: 66.
num_arena_deaths: 0.
num_vsnodes_births: 2.
num_vsnodes_deaths: 0.
num_space_committed: 63.
num_space_uncommitted: 0.
num_chunks_returned_to_freelist: 0.
num_chunks_taken_from_freelist: 163.
num_chunk_merges: 0.
num_chunk_splits: 102.
num_chunks_enlarged: 70.
num_inconsistent_stats: 0.

CodeHeap 'non-profiled nmethods': size=120064Kb used=235Kb max_used=235Kb free=119828Kb
 bounds [0x00000147bfdb0000, 0x00000147c0020000, 0x00000147c72f0000]
CodeHeap 'profiled nmethods': size=120000Kb used=1512Kb max_used=1512Kb free=118488Kb
 bounds [0x00000147b82f0000, 0x00000147b8560000, 0x00000147bf820000]
CodeHeap 'non-nmethods': size=5696Kb used=1457Kb max_used=1457Kb free=4238Kb
 bounds [0x00000147bf820000, 0x00000147bfa90000, 0x00000147bfdb0000]
CodeCache: size=245760Kb, used=3204Kb, max_used=3204Kb, free=242554Kb
 total_blobs=1517, nmethods=1048, adapters=372, full_count=0
Compilation: enabled, stopped_count=0, restarted_count=0

Compilation events (20 events):
Event: 2.011 Thread 0x00000147caae3170  716       3       java.lang.invoke.MethodType::equals (27 bytes)
Event: 2.011 Thread 0x00000147caae3170 nmethod 716 0x00000147b83cda88 code [0x00000147b83cdb80, 0x00000147b83cdfe0]
Event: 2.011 Thread 0x00000147caae3170  717   !   3       java.lang.invoke.MemberName::clone (14 bytes)
Event: 2.012 Thread 0x00000147caae3170 nmethod 717 0x00000147b83ce008 code [0x00000147b83ce100, 0x00000147b83ce448]
Event: 2.012 Thread 0x00000147caae3170  720       3       java.lang.reflect.Modifier::isStatic (13 bytes)
Event: 2.012 Thread 0x00000147caae3170 nmethod 720 0x00000147b83ce488 code [0x00000147b83ce580, 0x00000147b83ce6b8]
Event: 2.012 Thread 0x00000147caae3170  723       3       java.lang.invoke.MethodTypeForm::canonicalize (59 bytes)
Event: 2.012 Thread 0x00000147caae3170 nmethod 723 0x00000147b83ce788 code [0x00000147b83ce880, 0x00000147b83cec68]
Event: 2.013 Thread 0x00000147caae3170  724       3       jdk.internal.util.ReferencedKeyMap::existingKey (32 bytes)
Event: 2.013 Thread 0x00000147caae3170 nmethod 724 0x00000147b83cec88 code [0x00000147b83ced80, 0x00000147b83cfcf8]
Event: 2.013 Thread 0x00000147caae3170  725       3       jdk.internal.util.ReferencedKeyMap::internKey (57 bytes)
Event: 2.014 Thread 0x00000147caae3170 nmethod 725 0x00000147b83cfd08 code [0x00000147b83cfe00, 0x00000147b83d0d20]
Event: 2.014 Thread 0x00000147caae3170  721       1       java.lang.invoke.MethodTypeForm::basicType (5 bytes)
Event: 2.014 Thread 0x00000147caae3170 nmethod 721 0x00000147bfde0508 code [0x00000147bfde0600, 0x00000147bfde06c8]
Event: 2.015 Thread 0x00000147caae3170  727       3       java.util.HashMap$EntryIterator::next (5 bytes)
Event: 2.015 Thread 0x00000147caae3170 nmethod 727 0x00000147b83d0d88 code [0x00000147b83d0e80, 0x00000147b83d1108]
Event: 2.015 Thread 0x00000147caae3170  728       3       java.util.HashMap$EntryIterator::next (5 bytes)
Event: 2.015 Thread 0x00000147caae3170 nmethod 728 0x00000147b83d1188 code [0x00000147b83d1280, 0x00000147b83d1438]
Event: 2.016 Thread 0x00000147caae3170  730       3       jdk.internal.util.StrongReferenceKey::equals (28 bytes)
Event: 2.016 Thread 0x00000147caae3170 nmethod 730 0x00000147b83d1488 code [0x00000147b83d1580, 0x00000147b83d1bb0]

GC Heap Usage History (0 events):
No events

Metaspace Usage History (0 events):
No events

Dll operation events (8 events):
Event: 0.033 Loaded shared library C:\Users\sathwik\.jdks\openjdk-25.0.1\bin\java.dll
Event: 0.714 Loaded shared library C:\Users\sathwik\.jdks\openjdk-25.0.1\bin\zip.dll
Event: 0.719 Loaded shared library C:\Users\sathwik\.jdks\openjdk-25.0.1\bin\instrument.dll
Event: 0.730 Loaded shared library C:\Users\sathwik\.jdks\openjdk-25.0.1\bin\net.dll
Event: 0.736 Loaded shared library C:\Users\sathwik\.jdks\openjdk-25.0.1\bin\nio.dll
Event: 0.741 Loaded shared library C:\Users\sathwik\.jdks\openjdk-25.0.1\bin\zip.dll
Event: 1.516 Loaded shared library C:\Users\sathwik\.jdks\openjdk-25.0.1\bin\extnet.dll
Event: 1.622 Loaded shared library C:\Users\sathwik\.jdks\openjdk-25.0.1\bin\jimage.dll

Deoptimization events (20 events):
Event: 1.633 Thread 0x00000147ad73d2e0 Uncommon trap: trap_request=0xffffff45 fr.pc=0x00000147bfdc73dc relative=0x000000000000005c
Event: 1.633 Thread 0x00000147ad73d2e0 Uncommon trap: reason=unstable_if action=reinterpret pc=0x00000147bfdc73dc method=java.io.WinNTFileSystem.isSlash(C)Z @ 9 c2
Event: 1.633 Thread 0x00000147ad73d2e0 DEOPT PACKING pc=0x00000147bfdc73dc sp=0x00000030eb4fdf80
Event: 1.633 Thread 0x00000147ad73d2e0 DEOPT UNPACKING pc=0x00000147bf8b7e82 sp=0x00000030eb4fdf08 mode 2
Event: 1.645 Thread 0x00000147ad73d2e0 DEOPT PACKING pc=0x00000147b82f2e99 sp=0x00000030eb4f9f10
Event: 1.645 Thread 0x00000147ad73d2e0 DEOPT UNPACKING pc=0x00000147bf8712a2 sp=0x00000030eb4f9360 mode 0
Event: 1.880 Thread 0x00000147ad73d2e0 Uncommon trap: trap_request=0xffffff66 fr.pc=0x00000147bfdd9784 relative=0x0000000000000404
Event: 1.880 Thread 0x00000147ad73d2e0 Uncommon trap: reason=loop_limit_check action=maybe_recompile pc=0x00000147bfdd9784 method=java.lang.StringLatin1.indexOf([BI[BII)I @ 37 c2
Event: 1.880 Thread 0x00000147ad73d2e0 DEOPT PACKING pc=0x00000147bfdd9784 sp=0x00000030eb4fe070
Event: 1.880 Thread 0x00000147ad73d2e0 DEOPT UNPACKING pc=0x00000147bf8b7e82 sp=0x00000030eb4fdfd0 mode 2
Event: 1.948 Thread 0x00000147ad73d2e0 Uncommon trap: trap_request=0xffffff45 fr.pc=0x00000147bfdc2378 relative=0x0000000000000078
Event: 1.948 Thread 0x00000147ad73d2e0 Uncommon trap: reason=unstable_if action=reinterpret pc=0x00000147bfdc2378 method=jdk.internal.misc.Unsafe.convEndian(ZS)S @ 4 c2
Event: 1.948 Thread 0x00000147ad73d2e0 DEOPT PACKING pc=0x00000147bfdc2378 sp=0x00000030eb4fd310
Event: 1.948 Thread 0x00000147ad73d2e0 DEOPT UNPACKING pc=0x00000147bf8b7e82 sp=0x00000030eb4fd240 mode 2
Event: 1.949 Thread 0x00000147ad73d2e0 DEOPT PACKING pc=0x00000147b83208f0 sp=0x00000030eb4fd4c0
Event: 1.949 Thread 0x00000147ad73d2e0 DEOPT UNPACKING pc=0x00000147bf8712a2 sp=0x00000030eb4fc8f8 mode 0
Event: 1.984 Thread 0x00000147ad73d2e0 Uncommon trap: trap_request=0xffffff45 fr.pc=0x00000147bfdc2c74 relative=0x0000000000000074
Event: 1.984 Thread 0x00000147ad73d2e0 Uncommon trap: reason=unstable_if action=reinterpret pc=0x00000147bfdc2c74 method=jdk.internal.misc.Unsafe.convEndian(ZI)I @ 4 c2
Event: 1.984 Thread 0x00000147ad73d2e0 DEOPT PACKING pc=0x00000147bfdc2c74 sp=0x00000030eb4fdd00
Event: 1.984 Thread 0x00000147ad73d2e0 DEOPT UNPACKING pc=0x00000147bf8b7e82 sp=0x00000030eb4fdc30 mode 2

Classes loaded (20 events):
Event: 1.723 Loading class java/security/AccessControlException
Event: 1.725 Loading class java/security/AccessControlException done
Event: 1.871 Loading class java/net/MalformedURLException
Event: 1.871 Loading class java/net/MalformedURLException done
Event: 1.910 Loading class java/util/concurrent/atomic/AtomicBoolean
Event: 1.917 Loading class java/util/concurrent/atomic/AtomicBoolean done
Event: 1.984 Loading class sun/util/calendar/ZoneInfoFile$Checksum
Event: 1.990 Loading class sun/util/calendar/ZoneInfoFile$Checksum done
Event: 1.990 Loading class java/time/zone/ZoneRulesProvider
Event: 1.993 Loading class java/time/zone/ZoneRulesProvider done
Event: 1.993 Loading class java/time/zone/TzdbZoneRulesProvider
Event: 1.994 Loading class java/time/zone/TzdbZoneRulesProvider done
Event: 2.000 Loading class java/time/zone/Ser
Event: 2.005 Loading class java/io/Externalizable
Event: 2.007 Loading class java/io/Externalizable done
Event: 2.007 Loading class java/time/zone/Ser done
Event: 2.008 Loading class java/time/zone/ZoneOffsetTransition
Event: 2.010 Loading class java/time/zone/ZoneOffsetTransition done
Event: 2.017 Loading class java/util/concurrent/atomic/AtomicReference
Event: 2.020 Loading class java/util/concurrent/atomic/AtomicReference done

Classes unloaded (0 events):
No events

Classes redefined (0 events):
No events

Internal exceptions (7 events):
Event: 0.700 Thread 0x00000147ad73d2e0 Implicit null exception at 0x00000147bfdbbb33 to 0x00000147bfdbbccc
Event: 1.459 Thread 0x00000147ad73d2e0 Exception <a 'java/lang/NoSuchMethodError'{0x00000000c8041870}: 'void java.lang.invoke.DirectMethodHandle$Holder.invokeStatic(java.lang.Object, java.lang.Object, java.lang.Object)'> (0x00000000c8041870) 
thrown [s\open\src\hotspot\share\interpreter\linkResolver.cpp, line 804]
Event: 1.469 Thread 0x00000147ad73d2e0 Exception <a 'java/lang/NoSuchMethodError'{0x00000000c8076708}: 'java.lang.Object java.lang.invoke.Invokers$Holder.invokeExact_MT(java.lang.Object, java.lang.Object, java.lang.Object, java.lang.Object, java.lang.Object)'> (0x00000000c8076708) 
thrown [s\open\src\hotspot\share\interpreter\linkResolver.cpp, line 804]
Event: 1.512 Thread 0x00000147cf072330 Exception <a 'java/lang/NoSuchMethodError'{0x00000000c7f0d318}: 'java.lang.Object java.lang.invoke.DirectMethodHandle$Holder.invokeStaticInit(java.lang.Object)'> (0x00000000c7f0d318) 
thrown [s\open\src\hotspot\share\interpreter\linkResolver.cpp, line 804]
Event: 1.520 Thread 0x00000147cf072330 Exception <a 'java/lang/NoSuchMethodError'{0x00000000c7f17fa8}: 'void java.lang.invoke.DirectMethodHandle$Holder.invokeStatic(java.lang.Object, java.lang.Object)'> (0x00000000c7f17fa8) 
thrown [s\open\src\hotspot\share\interpreter\linkResolver.cpp, line 804]
Event: 1.858 Thread 0x00000147ad73d2e0 Exception <a 'java/lang/NoSuchMethodError'{0x00000000c7e999d8}: 'java.lang.Object java.lang.invoke.DelegatingMethodHandle$Holder.reinvoke_L(java.lang.Object, java.lang.Object, java.lang.Object, long, java.lang.Object)'> (0x00000000c7e999d8) 
thrown [s\open\src\hotspot\share\interpreter\linkResolver.cpp, line 804]
Event: 1.860 Thread 0x00000147ad73d2e0 Exception <a 'java/lang/NoSuchMethodError'{0x00000000c7eaa030}: 'java.lang.Object java.lang.invoke.Invokers$Holder.linkToTargetMethod(java.lang.Object, long, java.lang.Object, java.lang.Object)'> (0x00000000c7eaa030) 
thrown [s\open\src\hotspot\share\interpreter\linkResolver.cpp, line 804]

VM Operations (6 events):
Event: 0.688 Executing non-safepoint VM operation: HandshakeAllThreads (Deoptimize)
Event: 0.688 Executing non-safepoint VM operation: HandshakeAllThreads (Deoptimize) done
Event: 1.616 Executing non-safepoint VM operation: HandshakeAllThreads (Deoptimize)
Event: 1.616 Executing non-safepoint VM operation: HandshakeAllThreads (Deoptimize) done
Event: 1.633 Executing non-safepoint VM operation: HandshakeAllThreads (Deoptimize)
Event: 1.633 Executing non-safepoint VM operation: HandshakeAllThreads (Deoptimize) done

Memory protections (0 events):
No events

Nmethod flushes (0 events):
No events

Events (12 events):
Event: 0.086 Thread 0x00000147ad73d2e0 Thread added: 0x00000147ad73d2e0
Event: 0.118 Thread 0x00000147ad73d2e0 Thread added: 0x00000147afb23690
Event: 0.119 Thread 0x00000147ad73d2e0 Thread added: 0x00000147afb24530
Event: 0.120 Thread 0x00000147ad73d2e0 Thread added: 0x00000147afb28270
Event: 0.120 Thread 0x00000147ad73d2e0 Thread added: 0x00000147afb2a050
Event: 0.120 Thread 0x00000147ad73d2e0 Thread added: 0x00000147caadffa0
Event: 0.120 Thread 0x00000147ad73d2e0 Thread added: 0x00000147caae0760
Event: 0.120 Thread 0x00000147ad73d2e0 Thread added: 0x00000147caae0f20
Event: 0.120 Thread 0x00000147ad73d2e0 Thread added: 0x00000147caae3170
Event: 0.725 Thread 0x00000147ad73d2e0 Thread added: 0x00000147cac3a310
Event: 1.483 Thread 0x00000147ad73d2e0 Thread added: 0x00000147cf072330
Event: 1.486 Thread 0x00000147ad73d2e0 Thread added: 0x00000147cf072af0


Dynamic libraries:
0x00007ff6bb230000 - 0x00007ff6bb23e000 	C:\Users\sathwik\.jdks\openjdk-25.0.1\bin\java.exe
0x00007ffe064c0000 - 0x00007ffe06727000 	C:\WINDOWS\SYSTEM32\ntdll.dll
0x00007ffe04c20000 - 0x00007ffe04ce9000 	C:\WINDOWS\System32\KERNEL32.DLL
0x00007ffe03610000 - 0x00007ffe039ff000 	C:\WINDOWS\System32\KERNELBASE.dll
0x00007ffe03ce0000 - 0x00007ffe03e2b000 	C:\WINDOWS\System32\ucrtbase.dll
0x00007ffdfe060000 - 0x00007ffdfe077000 	C:\Users\sathwik\.jdks\openjdk-25.0.1\bin\jli.dll
0x00007ffdf4400000 - 0x00007ffdf441e000 	C:\Users\sathwik\.jdks\openjdk-25.0.1\bin\VCRUNTIME140.dll
0x00007ffe060b0000 - 0x00007ffe06275000 	C:\WINDOWS\System32\USER32.dll
0x00007ffe03fb0000 - 0x00007ffe03fd7000 	C:\WINDOWS\System32\win32u.dll
0x00007ffe045f0000 - 0x00007ffe0461b000 	C:\WINDOWS\System32\GDI32.dll
0x00007ffe04130000 - 0x00007ffe0425c000 	C:\WINDOWS\System32\gdi32full.dll
0x00007ffe03ac0000 - 0x00007ffe03b63000 	C:\WINDOWS\System32\msvcp_win.dll
0x00007ffdf04e0000 - 0x00007ffdf0773000 	C:\WINDOWS\WinSxS\amd64_microsoft.windows.common-controls_6595b64144ccf1df_6.0.26100.7309_none_3e05feeae336a044\COMCTL32.dll
0x00007ffe05740000 - 0x00007ffe057e9000 	C:\WINDOWS\System32\msvcrt.dll
0x00007ffe06440000 - 0x00007ffe06471000 	C:\WINDOWS\System32\IMM32.DLL
0x00007ffdff6f0000 - 0x00007ffdff6fc000 	C:\Users\sathwik\.jdks\openjdk-25.0.1\bin\vcruntime140_1.dll
0x00007ffdc9eb0000 - 0x00007ffdc9f3d000 	C:\Users\sathwik\.jdks\openjdk-25.0.1\bin\msvcp140.dll
0x00007ffd483e0000 - 0x00007ffd4923f000 	C:\Users\sathwik\.jdks\openjdk-25.0.1\bin\server\jvm.dll
0x00007ffe06280000 - 0x00007ffe06334000 	C:\WINDOWS\System32\ADVAPI32.dll
0x00007ffe06000000 - 0x00007ffe060a6000 	C:\WINDOWS\System32\sechost.dll
0x00007ffe04cf0000 - 0x00007ffe04e08000 	C:\WINDOWS\System32\RPCRT4.dll
0x00007ffe04b20000 - 0x00007ffe04b94000 	C:\WINDOWS\System32\WS2_32.dll
0x00007ffe03470000 - 0x00007ffe034ce000 	C:\WINDOWS\SYSTEM32\POWRPROF.dll
0x00007ffdfb4a0000 - 0x00007ffdfb4d5000 	C:\WINDOWS\SYSTEM32\WINMM.dll
0x00007ffdf4ac0000 - 0x00007ffdf4acb000 	C:\WINDOWS\SYSTEM32\VERSION.dll
0x00007ffe03450000 - 0x00007ffe03464000 	C:\WINDOWS\SYSTEM32\UMPDC.dll
0x00007ffe023c0000 - 0x00007ffe023db000 	C:\WINDOWS\SYSTEM32\kernel.appcore.dll
0x00007ffdf43f0000 - 0x00007ffdf43fa000 	C:\Users\sathwik\.jdks\openjdk-25.0.1\bin\jimage.dll
0x00007ffe00d70000 - 0x00007ffe00fb2000 	C:\WINDOWS\SYSTEM32\DBGHELP.DLL
0x00007ffe04260000 - 0x00007ffe045e6000 	C:\WINDOWS\System32\combase.dll
0x00007ffe058b0000 - 0x00007ffe05986000 	C:\WINDOWS\System32\OLEAUT32.dll
0x00007ffde6be0000 - 0x00007ffde6c1c000 	C:\WINDOWS\SYSTEM32\dbgcore.DLL
0x00007ffe03a10000 - 0x00007ffe03ab5000 	C:\WINDOWS\System32\bcryptPrimitives.dll
0x00007ffded780000 - 0x00007ffded790000 	C:\Users\sathwik\.jdks\openjdk-25.0.1\bin\instrument.dll
0x00007ffdee5b0000 - 0x00007ffdee5cf000 	C:\Users\sathwik\.jdks\openjdk-25.0.1\bin\java.dll
0x00007ffe04630000 - 0x00007ffe047c7000 	C:\WINDOWS\System32\ole32.dll
0x00007ffe04fd0000 - 0x00007ffe05723000 	C:\WINDOWS\System32\SHELL32.dll
0x00007ffe03b70000 - 0x00007ffe03cda000 	C:\WINDOWS\System32\wintypes.dll
0x00007ffe01230000 - 0x00007ffe01a8e000 	C:\WINDOWS\SYSTEM32\windows.storage.dll
0x00007ffe06340000 - 0x00007ffe06435000 	C:\WINDOWS\System32\SHCORE.dll
0x00007ffe04ab0000 - 0x00007ffe04b16000 	C:\WINDOWS\System32\shlwapi.dll
0x00007ffe03530000 - 0x00007ffe03559000 	C:\WINDOWS\SYSTEM32\profapi.dll
0x00007ffdee590000 - 0x00007ffdee5a7000 	C:\Users\sathwik\.jdks\openjdk-25.0.1\bin\zip.dll
0x00007ffdee4f0000 - 0x00007ffdee502000 	C:\Users\sathwik\.jdks\openjdk-25.0.1\bin\net.dll
0x00007ffe02930000 - 0x00007ffe0299b000 	C:\WINDOWS\system32\mswsock.dll
0x00007ffdee200000 - 0x00007ffdee216000 	C:\Users\sathwik\.jdks\openjdk-25.0.1\bin\nio.dll
0x00007ffded450000 - 0x00007ffded459000 	C:\Users\sathwik\.jdks\openjdk-25.0.1\bin\extnet.dll

JVMTI agents:
C:\Program Files\JetBrains\IntelliJ IDEA Community Edition 2025.1.1.1\lib\idea_rt.jar path:C:\Users\sathwik\.jdks\openjdk-25.0.1\bin\instrument.dll, loaded, initialized, instrumentlib options:52549

dbghelp: loaded successfully - version: 4.0.5 - missing functions: none
symbol engine: initialized successfully - sym options: 0x614 - pdb path: .;C:\Users\sathwik\.jdks\openjdk-25.0.1\bin;C:\WINDOWS\SYSTEM32;C:\WINDOWS\WinSxS\amd64_microsoft.windows.common-controls_6595b64144ccf1df_6.0.26100.7309_none_3e05feeae336a044;C:\Users\sathwik\.jdks\openjdk-25.0.1\bin\server

VM Arguments:
jvm_args: -javaagent:C:\Program Files\JetBrains\IntelliJ IDEA Community Edition 2025.1.1.1\lib\idea_rt.jar=52549 -Dfile.encoding=UTF-8 -Dsun.stdout.encoding=UTF-8 -Dsun.stderr.encoding=UTF-8 
java_command: com.example.ecommerce.EcommerceApplication
java_class_path (initial): C:\Users\sathwik\Downloads\ecommerce\ecommerce\target\classes;C:\Users\sathwik\.m2\repository\org\springframework\boot\spring-boot-starter-web\3.2.5\spring-boot-starter-web-3.2.5.jar;C:\Users\sathwik\.m2\repository\org\springframework\boot\spring-boot-starter\3.2.5\spring-boot-starter-3.2.5.jar;C:\Users\sathwik\.m2\repository\org\springframework\boot\spring-boot\3.2.5\spring-boot-3.2.5.jar;C:\Users\sathwik\.m2\repository\org\springframework\boot\spring-boot-autoconfigure\3.2.5\spring-boot-autoconfigure-3.2.5.jar;C:\Users\sathwik\.m2\repository\org\springframework\boot\spring-boot-starter-logging\3.2.5\spring-boot-starter-logging-3.2.5.jar;C:\Users\sathwik\.m2\repository\ch\qos\logback\logback-classic\1.4.14\logback-classic-1.4.14.jar;C:\Users\sathwik\.m2\repository\ch\qos\logback\logback-core\1.4.14\logback-core-1.4.14.jar;C:\Users\sathwik\.m2\repository\org\apache\logging\log4j\log4j-to-slf4j\2.21.1\log4j-to-slf4j-2.21.1.jar;C:\Users\sathwik\.m2\repository\org\apache\logging\log4j\log4j-api\2.21.1\log4j-api-2.21.1.jar;C:\Users\sathwik\.m2\repository\org\slf4j\jul-to-slf4j\2.0.13\jul-to-slf4j-2.0.13.jar;C:\Users\sathwik\.m2\repository\jakarta\annotation\jakarta.annotation-api\2.1.1\jakarta.annotation-api-2.1.1.jar;C:\Users\sathwik\.m2\repository\org\yaml\snakeyaml\2.2\snakeyaml-2.2.jar;C:\Users\sathwik\.m2\repository\org\springframework\boot\spring-boot-starter-json\3.2.5\spring-boot-starter-json-3.2.5.jar;C:\Users\sathwik\.m2\repository\com\fasterxml\jackson\datatype\jackson-datatype-jdk8\2.15.4\jackson-datatype-jdk8-2.15.4.jar;C:\Users\sathwik\.m2\repository\com\fasterxml\jackson\datatype\jackson-datatype-jsr310\2.15.4\jackson-datatype-jsr310-2.15.4.jar;C:\Users\sathwik\.m2\repository\com\fasterxml\jackson\module\jackson-module-parameter-names\2.15.4\jackson-module-parameter-names-2.15.4.jar;C:\Users\sathwik\.m2\repository\org\springframework\boot\spring-boot-starter-tomcat\3.2.5\spring-boot-starter-tomcat-3.2.5.jar;C:\Users\sathwik\.m2\repository\org\apache\tomcat\embed\tomcat-embed-core\10.1.20\tomcat-embed-core-10.1.20.jar;C:\Users\sathwik\.m2\repository\org\apache\tomcat\embed\tomcat-embed-websocket\10.1.20\tomcat-embed-websocket-10.1.20.jar;C:\Users\sathwik\.m2\repository\org\springframework\spring-web\6.1.6\spring-web-6.1.6.jar;C:\Users\sathwik\.m2\repository\org\springframework\spring-beans\6.1.6\spring-beans-6.1.6.jar;C:\Users\sathwik\.m2\repository\io\micrometer\micrometer-observation\1.12.5\micrometer-observation-1.12.5.jar;C:\Users\sathwik\.m2\repository\io\micrometer\micrometer-commons\1.12.5\micrometer-commons-1.12.5.jar;C:\Users\sathwik\.m2\repository\org\springframework\spring-webmvc\6.1.6\spring-webmvc-6.1.6.jar;C:\Users\sathwik\.m2\repository\org\springframework\spring-context\6.1.6\spring-context-6.1.6.jar;C:\Users\sathwik\.m2\repository\org\springframework\spring-expression\6.1.6\spring-expression-6.1.6.jar;C:\Users\sathwik\.m2\repository\org\springframework\boot\spring-boot-starter-data-jpa\3.2.5\spring-boot-starter-data-jpa-3.2.5.jar;C:\Users\sathwik\.m2\repository\org\springframework\boot\spring-boot-starter-aop\3.2.5\spring-boot-starter-aop-3.2.5.jar;C:\Users\sathwik\.m2\repository\org\aspectj\aspectjweaver\1.9.22\aspectjweaver-1.9.22.jar;C:\Users\sathwik\.m2\repository\org\springframework\boot\spring-boot-starter-jdbc\3.2.5\spring-boot-starter-jdbc-3.2.5.jar;C:\Users\sathwik\.m2\repository\com\zaxxer\HikariCP\5.0.1\HikariCP-5.0.1.jar;C:\Users\sathwik\.m2\repository\org\springframework\spring-jdbc\6.1.6\spring-jdbc-6.1.6.jar;C:\Users\sathwik\.m2\repository\org\hibernate\orm\hibernate-core\6.4.4.Final\hibernate-core-6.4.4.Final.jar;C:\Users\sathwik\.m2\repository\jakarta\persistence\jakarta.persistence-api\3.1.0\jakarta.persistence-api-3.1.0.jar;C:\Users\sathwik\.m2\repository\jakarta\transaction\jakarta.transaction-api\2.0.1\jakarta.transaction-api-2.0.1.jar;C:\Users\sathwik\.m2\repository\org\jboss\logging\jboss-logging\3.5.3.Final\jboss-logging-3.5.3.Final.jar;C:\Users\sathwik\.m2\repository\org\hibernate\common\hibernate-commons-annotations\6.0.6.Final\hibernate-commons-annotations-6.0.6.Final.jar;C:\Users\sathwik\.m2\repository\io\smallrye\jandex\3.1.2\jandex-3.1.2.jar;C:\Users\sathwik\.m2\repository\com\fasterxml\classmate\1.6.0\classmate-1.6.0.jar;C:\Users\sathwik\.m2\repository\net\bytebuddy\byte-buddy\1.14.13\byte-buddy-1.14.13.jar;C:\Users\sathwik\.m2\repository\org\glassfish\jaxb\jaxb-runtime\4.0.5\jaxb-runtime-4.0.5.jar;C:\Users\sathwik\.m2\repository\org\glassfish\jaxb\jaxb-core\4.0.5\jaxb-core-4.0.5.jar;C:\Users\sathwik\.m2\repository\org\eclipse\angus\angus-activation\2.0.2\angus-activation-2.0.2.jar;C:\Users\sathwik\.m2\repository\org\glassfish\jaxb\txw2\4.0.5\txw2-4.0.5.jar;C:\Users\sathwik\.m2\repository\com\sun\istack\istack-commons-runtime\4.1.2\istack-commons-runtime-4.1.2.jar;C:\Users\sathwik\.m2\repository\jakarta\inject\jakarta.inject-api\2.0.1\jakarta.inject-api-2.0.1.jar;C:\Users\sathwik\.m2\repository\org\antlr\antlr4-runtime\4.13.0\antlr4-runtime-4.13.0.jar;C:\Users\sathwik\.m2\repository\org\springframework\data\spring-data-jpa\3.2.5\spring-data-jpa-3.2.5.jar;C:\Users\sathwik\.m2\repository\org\springframework\data\spring-data-commons\3.2.5\spring-data-commons-3.2.5.jar;C:\Users\sathwik\.m2\repository\org\springframework\spring-orm\6.1.6\spring-orm-6.1.6.jar;C:\Users\sathwik\.m2\repository\org\springframework\spring-tx\6.1.6\spring-tx-6.1.6.jar;C:\Users\sathwik\.m2\repository\org\slf4j\slf4j-api\2.0.13\slf4j-api-2.0.13.jar;C:\Users\sathwik\.m2\repository\org\springframework\spring-aspects\6.1.6\spring-aspects-6.1.6.jar;C:\Users\sathwik\.m2\repository\org\springframework\boot\spring-boot-starter-security\3.2.5\spring-boot-starter-security-3.2.5.jar;C:\Users\sathwik\.m2\repository\org\springframework\spring-aop\6.1.6\spring-aop-6.1.6.jar;C:\Users\sathwik\.m2\repository\org\springframework\security\spring-security-config\6.2.4\spring-security-config-6.2.4.jar;C:\Users\sathwik\.m2\repository\org\springframework\security\spring-security-core\6.2.4\spring-security-core-6.2.4.jar;C:\Users\sathwik\.m2\repository\org\springframework\security\spring-security-crypto\6.2.4\spring-security-crypto-6.2.4.jar;C:\Users\sathwik\.m2\repository\org\springframework\security\spring-security-web\6.2.4\spring-security-web-6.2.4.jar;C:\Users\sathwik\.m2\repository\com\mysql\mysql-connector-j\8.3.0\mysql-connector-j-8.3.0.jar;C:\Users\sathwik\.m2\repository\io\jsonwebtoken\jjwt-api\0.11.5\jjwt-api-0.11.5.jar;C:\Users\sathwik\.m2\repository\io\jsonwebtoken\jjwt-impl\0.11.5\jjwt-impl-0.11.5.jar;C:\Users\sathwik\.m2\repository\io\jsonwebtoken\jjwt-jackson\0.11.5\jjwt-jackson-0.11.5.jar;C:\Users\sathwik\.m2\repository\com\fasterxml\jackson\core\jackson-databind\2.15.4\jackson-databind-2.15.4.jar;C:\Users\sathwik\.m2\repository\com\fasterxml\jackson\core\jackson-annotations\2.15.4\jackson-annotations-2.15.4.jar;C:\Users\sathwik\.m2\repository\com\fasterxml\jackson\core\jackson-core\2.15.4\jackson-core-2.15.4.jar;C:\Users\sathwik\.m2\repository\org\projectlombok\lombok\1.18.32\lombok-1.18.32.jar;C:\Users\sathwik\.m2\repository\org\springframework\boot\spring-boot-starter-validation\3.2.5\spring-boot-starter-validation-3.2.5.jar;C:\Users\sathwik\.m2\repository\org\apache\tomcat\embed\tomcat-embed-el\10.1.20\tomcat-embed-el-10.1.20.jar;C:\Users\sathwik\.m2\repository\org\hibernate\validator\hibernate-validator\8.0.1.Final\hibernate-validator-8.0.1.Final.jar;C:\Users\sathwik\.m2\repository\jakarta\validation\jakarta.validation-api\3.0.2\jakarta.validation-api-3.0.2.jar;C:\Users\sathwik\.m2\repository\jakarta\xml\bind\jakarta.xml.bind-api\4.0.2\jakarta.xml.bind-api-4.0.2.jar;C:\Users\sathwik\.m2\repository\jakarta\activation\jakarta.activation-api\2.1.3\jakarta.activation-api-2.1.3.jar;C:\Users\sathwik\.m2\repository\org\springframework\spring-core\6.1.6\spring-core-6.1.6.jar;C:\Users\sathwik\.m2\repository\org\springframework\spring-jcl\6.1.6\spring-jcl-6.1.6.jar
Launcher Type: SUN_STANDARD

[Global flags]
     intx CICompilerCount                          = 3                                         {product} {ergonomic}
     uint ConcGCThreads                            = 1                                         {product} {ergonomic}
     uint G1ConcRefinementThreads                  = 4                                         {product} {ergonomic}
   size_t G1HeapRegionSize                         = 1048576                                   {product} {ergonomic}
   size_t InitialHeapSize                          = 62914560                                  {product} {ergonomic}
   size_t MarkStackSize                            = 4194304                                   {product} {ergonomic}
   size_t MarkStackSizeMax                         = 536870912                                 {product} {ergonomic}
   size_t MaxHeapSize                              = 994050048                                 {product} {ergonomic}
   size_t MaxNewSize                               = 595591168                                 {product} {ergonomic}
   size_t MinHeapDeltaBytes                        = 1048576                                   {product} {ergonomic}
   size_t MinHeapSize                              = 8388608                                   {product} {ergonomic}
    uintx NonNMethodCodeHeapSize                   = 5832704                                {pd product} {ergonomic}
    uintx NonProfiledCodeHeapSize                  = 122945536                              {pd product} {ergonomic}
    uintx ProfiledCodeHeapSize                     = 122880000                              {pd product} {ergonomic}
    uintx ReservedCodeCacheSize                    = 251658240                              {pd product} {ergonomic}
     bool SegmentedCodeCache                       = true                                      {product} {ergonomic}
   size_t SoftMaxHeapSize                          = 994050048                              {manageable} {ergonomic}
     bool UseCompressedOops                        = true                           {product lp64_product} {ergonomic}
     bool UseG1GC                                  = true                                      {product} {ergonomic}
     bool UseLargePagesIndividualAllocation        = false                                  {pd product} {ergonomic}

Logging:
Log output configuration:
 #0: stdout all=warning uptime,level,tags foldmultilines=false
 #1: stderr all=off uptime,level,tags foldmultilines=false

Release file:
IMPLEMENTOR="Oracle Corporation" 
JAVA_RUNTIME_VERSION="25.0.1+8-27" 
JAVA_VERSION="25.0.1" 
JAVA_VERSION_DATE="2025-10-21" 
LIBC="default" 
MODULES="java.base java.compiler java.datatransfer java.xml java.prefs java.desktop java.instrument java.logging java.management java.security.sasl java.naming java.rmi java.management.rmi java.net.http java.scripting java.security.jgss java.transaction.xa java.sql java.sql.rowset java.xml.crypto java.se java.smartcardio jdk.accessibility jdk.internal.jvmstat jdk.attach jdk.charsets jdk.internal.opt jdk.zipfs jdk.compiler jdk.crypto.cryptoki jdk.crypto.ec jdk.crypto.mscapi jdk.dynalink jdk.internal.ed jdk.editpad jdk.internal.vm.ci jdk.graal.compiler jdk.graal.compiler.management jdk.hotspot.agent jdk.httpserver jdk.incubator.vector jdk.internal.le jdk.internal.md jdk.jartool jdk.javadoc jdk.jcmd jdk.management jdk.management.agent jdk.jconsole jdk.jdeps jdk.jdwp.agent jdk.jdi jdk.jfr jdk.jlink jdk.jpackage jdk.jshell jdk.jsobject jdk.jstatd jdk.localedata jdk.management.jfr jdk.naming.dns jdk.naming.rmi jdk.net jdk.nio.mapmode jdk.sctp jdk.security.auth jdk.security.jgss jdk.unsupported jdk.unsupported.desktop jdk.xml.dom" 
OS_ARCH="x86_64" 
OS_NAME="Windows" 
SOURCE=".:git:78770bfaefd2" 

Environment Variables:
JAVA_HOME=C:\Users\sathwik\AppData\Local\Programs\Eclipse Adoptium\jdk-17.0.5.8-hotspot\
CLASSPATH=C:\mysql-connector-j-9.4.0.jar
PATH=C:\Program Files\Eclipse Adoptium\jdk-17.0.17.10-hotspot\bin;C:\Program Files\Common Files\Oracle\Java\javapath;C:\Users\sathwik\OneDrive\Documents\javalabcs131;C:\WINDOWS\system32;C:\WINDOWS;C:\WINDOWS\System32\Wbem;C:\WINDOWS\System32\WindowsPowerShell\v1.0\;C:\WINDOWS\System32\OpenSSH\;C:\Program Files\Java\jdk-19\bin;C:\Program Files\Git\cmd;C:\Program Files\Java\jdk-24\bin\;C:\Program Files (x86)\Microsoft SQL Server\160\Tools\Binn\;C:\Program Files\Microsoft SQL Server\160\Tools\Binn\;C:\Program Files\Microsoft SQL Server\Client SDK\ODBC\170\Tools\Binn\;C:\Program Files\Microsoft SQL Server\160\DTS\Binn\;C:\Program Files (x86)\Microsoft SQL Server\160\DTS\Binn\;C:\Program Files\nodejs\;C:\Users\sathwik\Downloads\apache-maven-3.9.11-bin.zip\bin;C:\Program Files\MySQL\MySQL Shell 8.4\bin\;C:\Program Files\MySQL\MySQL Shell 8.4\bin\;C:\Users\sathwik\OneDrive\Documents\javalabcs131;C:\Users\sathwik\AppData\Local\Microsoft\WindowsApps;C:\Users\sathwik\AppData\Local\Programs\Microsoft VS Code\bin;C:\Users\sathwik\AppData\Roaming\npm;C:\Program Files\apache-maven-3.9.11\bin;C:\Program Files\apache-maven-3.9.11\bin;C:\Users\sathwik\AppData\Local\Programs\Antigravity\bin
USERNAME=sathwik
OS=Windows_NT
PROCESSOR_IDENTIFIER=Intel64 Family 6 Model 140 Stepping 1, GenuineIntel
TMP=C:\Users\sathwik\AppData\Local\Temp
TEMP=C:\Users\sathwik\AppData\Local\Temp




Compilation memory statistics disabled.

Periodic native trim disabled

---------------  S Y S T E M  ---------------

OS:
 Windows 11 , 64 bit Build 26100 (10.0.26100.7623)
OS uptime: 0 days 4:25 hours

CPU: total 4 (initial active 4) (2 cores per cpu, 2 threads per core) family 6 model 140 stepping 1 microcode 0x86, cx8, cmov, fxsr, ht, mmx, 3dnowpref, sse, sse2, sse3, ssse3, sse4.1, sse4.2, popcnt, lzcnt, tsc, tscinvbit, avx, avx2, aes, erms, clmul, bmi1, bmi2, adx, avx512f, avx512dq, avx512cd, avx512bw, avx512vl, sha, fma, vzeroupper, avx512_vpopcntdq, avx512_vpclmulqdq, avx512_vaes, avx512_vnni, clflush, clflushopt, clwb, avx512_vbmi2, avx512_vbmi, rdtscp, rdpid, fsrm, gfni, avx512_bitalg, f16c, pku, cet_ibt, cet_ss, avx512_ifma
Processor Information for the first 4 processors :
  Max Mhz: 2995, Current Mhz: 2995, Mhz Limit: 2995

Memory: 4k page, system-wide physical 3790M (58M free)
TotalPageFile size 15566M (AvailPageFile size 5M)
current process WorkingSet (physical memory assigned to process): 71M, peak: 71M
current process commit charge ("private bytes"): 149M, peak: 149M

vm_info: OpenJDK 64-Bit Server VM (25.0.1+8-27) for windows-amd64 JRE (25.0.1+8-27), built on 2025-09-25T16:41:16Z with unknown MS VC++:1943

END.
