#
# There is insufficient memory for the Java Runtime Environment to continue.
# Native memory allocation (malloc) failed to allocate 1481816 bytes. Error detail: Chunk::new
# Possible reasons:
#   The system is out of physical RAM or swap space
#   This process is running with CompressedOops enabled, and the Java Heap may be blocking the growth of the native heap
# Possible solutions:
#   Reduce memory load on the system
#   Increase physical memory or swap space
#   Check if swap backing store is full
#   Decrease Java heap size (-Xmx/-Xms)
#   Decrease number of Java threads
#   Decrease Java thread stack sizes (-Xss)
#   Set larger code cache with -XX:ReservedCodeCacheSize=
#   JVM is running with Unscaled Compressed Oops mode in which the Java heap is
#     placed in the first 4GB address space. The Java Heap base address is the
#     maximum limit for the native heap growth. Please use -XX:HeapBaseMinAddress
#     to set the Java Heap base and to place the Java Heap above 4GB virtual address.
# This output file may be truncated or incomplete.
#
#  Out of Memory Error (arena.cpp:186), pid=18588, tid=20668
#
# JRE version: OpenJDK Runtime Environment (25.0.1+8) (build 25.0.1+8-27)
# Java VM: OpenJDK 64-Bit Server VM (25.0.1+8-27, mixed mode, sharing, tiered, compressed oops, compressed class ptrs, g1 gc, windows-amd64)
# No core dump will be written. Minidumps are not enabled by default on client versions of Windows
#

---------------  S U M M A R Y ------------

Command Line: -javaagent:C:\Program Files\JetBrains\IntelliJ IDEA Community Edition 2025.1.1.1\lib\idea_rt.jar=59657 -Dfile.encoding=UTF-8 -Dsun.stdout.encoding=UTF-8 -Dsun.stderr.encoding=UTF-8 com.example.ecommerce.EcommerceApplication

Host: 11th Gen Intel(R) Core(TM) i3-1115G4 @ 3.00GHz, 4 cores, 3G,  Windows 11 , 64 bit Build 26100 (10.0.26100.7705)
Time: Fri Jan 30 16:50:04 2026 India Standard Time elapsed time: 1.445727 seconds (0d 0h 0m 1s)

---------------  T H R E A D  ---------------

Current thread (0x0000023bcd1b33e0):  JavaThread "C2 CompilerThread0" daemon [_thread_in_native, id=20668, stack(0x000000f7d2e00000,0x000000f7d2f00000) (1024K)]


Current CompileTask:
C2:1445 1404   !   4       java.util.concurrent.ConcurrentHashMap::putVal (432 bytes)

Stack: [0x000000f7d2e00000,0x000000f7d2f00000]
Native frames: (J=compiled Java code, j=interpreted, Vv=VM code, C=native code)
V  [jvm.dll+0x7a6b59]  (no source info available)
V  [jvm.dll+0x77290d]  (no source info available)
V  [jvm.dll+0x966153]  (no source info available)
V  [jvm.dll+0x968751]  (no source info available)
V  [jvm.dll+0x968e53]  (no source info available)
V  [jvm.dll+0x2fc756]  (no source info available)
V  [jvm.dll+0x111b26]  (no source info available)
V  [jvm.dll+0x111e4e]  (no source info available)
V  [jvm.dll+0x1a0a22]  (no source info available)
V  [jvm.dll+0x3b53c2]  (no source info available)
V  [jvm.dll+0x7ac4ef]  (no source info available)
V  [jvm.dll+0x2c0ac7]  (no source info available)
V  [jvm.dll+0x2bfa8f]  (no source info available)
V  [jvm.dll+0x237b60]  (no source info available)
V  [jvm.dll+0x2cfb56]  (no source info available)
V  [jvm.dll+0x2cddd5]  (no source info available)
V  [jvm.dll+0x48e6d1]  (no source info available)
V  [jvm.dll+0x906a0d]  (no source info available)
V  [jvm.dll+0x7a5135]  (no source info available)
C  [ucrtbase.dll+0x37b0]  (no source info available)
C  [KERNEL32.DLL+0x2e8d7]  (no source info available)
C  [ntdll.dll+0x8c40c]  (no source info available)

Lock stack of current Java thread (top to bottom):


---------------  P R O C E S S  ---------------

Threads class SMR info:
_java_thread_list=0x0000023bcd68ea10, length=12, elements={
0x0000023bb214b6b0, 0x0000023bb21f4e20, 0x0000023bb21f67f0, 0x0000023bb21fb1e0,
0x0000023bb21fbda0, 0x0000023bb21fe170, 0x0000023bcd1ae390, 0x0000023bcd1b33e0,
0x0000023bcd1d3a90, 0x0000023bcd33e2e0, 0x0000023bcd7104e0, 0x0000023bcd710f30
}

Java Threads: ( => current thread )
  0x0000023bb214b6b0 JavaThread "main"                              [_thread_in_vm, id=17564, stack(0x000000f7d2000000,0x000000f7d2100000) (1024K)]
  0x0000023bb21f4e20 JavaThread "Reference Handler"          daemon [_thread_blocked, id=19740, stack(0x000000f7d2800000,0x000000f7d2900000) (1024K)]
  0x0000023bb21f67f0 JavaThread "Finalizer"                  daemon [_thread_blocked, id=21480, stack(0x000000f7d2900000,0x000000f7d2a00000) (1024K)]
  0x0000023bb21fb1e0 JavaThread "Signal Dispatcher"          daemon [_thread_blocked, id=17488, stack(0x000000f7d2a00000,0x000000f7d2b00000) (1024K)]
  0x0000023bb21fbda0 JavaThread "Attach Listener"            daemon [_thread_blocked, id=11860, stack(0x000000f7d2b00000,0x000000f7d2c00000) (1024K)]
  0x0000023bb21fe170 JavaThread "Service Thread"             daemon [_thread_blocked, id=11320, stack(0x000000f7d2c00000,0x000000f7d2d00000) (1024K)]
  0x0000023bcd1ae390 JavaThread "Monitor Deflation Thread"   daemon [_thread_blocked, id=5768, stack(0x000000f7d2d00000,0x000000f7d2e00000) (1024K)]
=>0x0000023bcd1b33e0 JavaThread "C2 CompilerThread0"         daemon [_thread_in_native, id=20668, stack(0x000000f7d2e00000,0x000000f7d2f00000) (1024K)]
  0x0000023bcd1d3a90 JavaThread "C1 CompilerThread0"         daemon [_thread_in_vm, id=21392, stack(0x000000f7d2f00000,0x000000f7d3000000) (1024K)]
  0x0000023bcd33e2e0 JavaThread "Common-Cleaner"             daemon [_thread_blocked, id=18664, stack(0x000000f7d3000000,0x000000f7d3100000) (1024K)]
  0x0000023bcd7104e0 JavaThread "Monitor Ctrl-Break"         daemon [_thread_in_native, id=20116, stack(0x000000f7d3100000,0x000000f7d3200000) (1024K)]
  0x0000023bcd710f30 JavaThread "Notification Thread"        daemon [_thread_blocked, id=18832, stack(0x000000f7d3200000,0x000000f7d3300000) (1024K)]
Total: 12

Other Threads:
  0x0000023bb21e0330 VMThread "VM Thread"                           [id=14648, stack(0x000000f7d2700000,0x000000f7d2800000) (1024K)]
  0x0000023bcd1ad250 WatcherThread "VM Periodic Task Thread"        [id=1508, stack(0x000000f7d2600000,0x000000f7d2700000) (1024K)]
  0x0000023bb2183960 WorkerThread "GC Thread#0"                     [id=17664, stack(0x000000f7d2100000,0x000000f7d2200000) (1024K)]
  0x0000023bb2190ae0 ConcurrentGCThread "G1 Main Marker"            [id=3004, stack(0x000000f7d2200000,0x000000f7d2300000) (1024K)]
  0x0000023bb2191e20 WorkerThread "G1 Conc#0"                       [id=20128, stack(0x000000f7d2300000,0x000000f7d2400000) (1024K)]
  0x0000023bb21ba420 ConcurrentGCThread "G1 Refine#0"               [id=19940, stack(0x000000f7d2400000,0x000000f7d2500000) (1024K)]
  0x0000023bb21bdd40 ConcurrentGCThread "G1 Service"                [id=2828, stack(0x000000f7d2500000,0x000000f7d2600000) (1024K)]
Total: 7

Threads with active compile tasks:
C2 CompilerThread0  1545 1404   !   4       java.util.concurrent.ConcurrentHashMap::putVal (432 bytes)
Total: 1

VM state: not at safepoint (normal execution)

VM Mutex/Monitor currently owned by a thread: None

Heap address: 0x00000000c4c00000, size: 948 MB, Compressed Oops mode: 32-bit

CDS archive(s) mapped at: [0x0000000035000000-0x0000000035dd0000-0x0000000035dd0000), size 14483456, SharedBaseAddress: 0x0000000035000000, ArchiveRelocationMode: 1.
Compressed class space mapped at: 0x0000000036000000-0x0000000076000000, reserved size: 1073741824
UseCompressedClassPointers 1, UseCompactObjectHeaders 0
Narrow klass pointer bits 32, Max shift 3
Narrow klass base: 0x0000000035000000, Narrow klass shift: 0
Encoding Range: [0x0000000035000000 - 0x0000000135000000), (4294967296 bytes)
Klass Range:    [0x0000000035010000 - 0x0000000076000000), (1090453504 bytes)
Klass ID Range:  [65536 - 1090519033) (1090453497)
Protection zone: [0x0000000035000000 - 0x0000000035010000), (65536 bytes)

GC Precious Log:
 CardTable entry size: 512
 Card Set container configuration: InlinePtr #cards 5 size 8 Array Of Cards #cards 10 size 36 Howl #buckets 4 coarsen threshold 1843 Howl Bitmap #cards 512 size 80 coarsen threshold 460 Card regions per heap region 1 cards per card region 2048
 CPUs: 4 total, 4 available
 Memory: 3790M
 Large Page Support: Disabled
 NUMA Support: Disabled
 Compressed Oops: Enabled (32-bit)
 Heap Region Size: 1M
 Heap Min Capacity: 8M
 Heap Initial Capacity: 60M
 Heap Max Capacity: 948M
 Pre-touch: Disabled
 Parallel Workers: 4
 Concurrent Workers: 1
 Concurrent Refinement Workers: 4
 Periodic GC: Disabled

Heap:
 garbage-first heap   total reserved 970752K, committed 63488K, used 26771K [0x00000000c4c00000, 0x0000000100000000)
  region size 1024K, 26 young (26624K), 0 survivors (0K)

Heap Regions: E=young(eden), S=young(survivor), O=old, HS=humongous(starts), HC=humongous(continues), CS=collection set, F=free, TAMS=top-at-mark-start, PB=parsable bottom
|   0|0x00000000c4c00000, 0x00000000c4d00000, 0x00000000c4d00000|100%|HS|  |TAMS 0x00000000c4c00000| PB 0x00000000c4c00000| Complete |  0
|   1|0x00000000c4d00000, 0x00000000c4d00000, 0x00000000c4e00000|  0%| F|  |TAMS 0x00000000c4d00000| PB 0x00000000c4d00000| Untracked |  0
|   2|0x00000000c4e00000, 0x00000000c4e00000, 0x00000000c4f00000|  0%| F|  |TAMS 0x00000000c4e00000| PB 0x00000000c4e00000| Untracked |  0
|   3|0x00000000c4f00000, 0x00000000c4f00000, 0x00000000c5000000|  0%| F|  |TAMS 0x00000000c4f00000| PB 0x00000000c4f00000| Untracked |  0
|   4|0x00000000c5000000, 0x00000000c5000000, 0x00000000c5100000|  0%| F|  |TAMS 0x00000000c5000000| PB 0x00000000c5000000| Untracked |  0
|   5|0x00000000c5100000, 0x00000000c5100000, 0x00000000c5200000|  0%| F|  |TAMS 0x00000000c5100000| PB 0x00000000c5100000| Untracked |  0
|   6|0x00000000c5200000, 0x00000000c5200000, 0x00000000c5300000|  0%| F|  |TAMS 0x00000000c5200000| PB 0x00000000c5200000| Untracked |  0
|   7|0x00000000c5300000, 0x00000000c5300000, 0x00000000c5400000|  0%| F|  |TAMS 0x00000000c5300000| PB 0x00000000c5300000| Untracked |  0
|   8|0x00000000c5400000, 0x00000000c5400000, 0x00000000c5500000|  0%| F|  |TAMS 0x00000000c5400000| PB 0x00000000c5400000| Untracked |  0
|   9|0x00000000c5500000, 0x00000000c5500000, 0x00000000c5600000|  0%| F|  |TAMS 0x00000000c5500000| PB 0x00000000c5500000| Untracked |  0
|  10|0x00000000c5600000, 0x00000000c5600000, 0x00000000c5700000|  0%| F|  |TAMS 0x00000000c5600000| PB 0x00000000c5600000| Untracked |  0
|  11|0x00000000c5700000, 0x00000000c5700000, 0x00000000c5800000|  0%| F|  |TAMS 0x00000000c5700000| PB 0x00000000c5700000| Untracked |  0
|  12|0x00000000c5800000, 0x00000000c5800000, 0x00000000c5900000|  0%| F|  |TAMS 0x00000000c5800000| PB 0x00000000c5800000| Untracked |  0
|  13|0x00000000c5900000, 0x00000000c5900000, 0x00000000c5a00000|  0%| F|  |TAMS 0x00000000c5900000| PB 0x00000000c5900000| Untracked |  0
|  14|0x00000000c5a00000, 0x00000000c5a00000, 0x00000000c5b00000|  0%| F|  |TAMS 0x00000000c5a00000| PB 0x00000000c5a00000| Untracked |  0
|  15|0x00000000c5b00000, 0x00000000c5b00000, 0x00000000c5c00000|  0%| F|  |TAMS 0x00000000c5b00000| PB 0x00000000c5b00000| Untracked |  0
|  16|0x00000000c5c00000, 0x00000000c5c00000, 0x00000000c5d00000|  0%| F|  |TAMS 0x00000000c5c00000| PB 0x00000000c5c00000| Untracked |  0
|  17|0x00000000c5d00000, 0x00000000c5d00000, 0x00000000c5e00000|  0%| F|  |TAMS 0x00000000c5d00000| PB 0x00000000c5d00000| Untracked |  0
|  18|0x00000000c5e00000, 0x00000000c5e00000, 0x00000000c5f00000|  0%| F|  |TAMS 0x00000000c5e00000| PB 0x00000000c5e00000| Untracked |  0
|  19|0x00000000c5f00000, 0x00000000c5f00000, 0x00000000c6000000|  0%| F|  |TAMS 0x00000000c5f00000| PB 0x00000000c5f00000| Untracked |  0
|  20|0x00000000c6000000, 0x00000000c6000000, 0x00000000c6100000|  0%| F|  |TAMS 0x00000000c6000000| PB 0x00000000c6000000| Untracked |  0
|  21|0x00000000c6100000, 0x00000000c6100000, 0x00000000c6200000|  0%| F|  |TAMS 0x00000000c6100000| PB 0x00000000c6100000| Untracked |  0
|  22|0x00000000c6200000, 0x00000000c6200000, 0x00000000c6300000|  0%| F|  |TAMS 0x00000000c6200000| PB 0x00000000c6200000| Untracked |  0
|  23|0x00000000c6300000, 0x00000000c6300000, 0x00000000c6400000|  0%| F|  |TAMS 0x00000000c6300000| PB 0x00000000c6300000| Untracked |  0
|  24|0x00000000c6400000, 0x00000000c6400000, 0x00000000c6500000|  0%| F|  |TAMS 0x00000000c6400000| PB 0x00000000c6400000| Untracked |  0
|  25|0x00000000c6500000, 0x00000000c6500000, 0x00000000c6600000|  0%| F|  |TAMS 0x00000000c6500000| PB 0x00000000c6500000| Untracked |  0
|  26|0x00000000c6600000, 0x00000000c6600000, 0x00000000c6700000|  0%| F|  |TAMS 0x00000000c6600000| PB 0x00000000c6600000| Untracked |  0
|  27|0x00000000c6700000, 0x00000000c6700000, 0x00000000c6800000|  0%| F|  |TAMS 0x00000000c6700000| PB 0x00000000c6700000| Untracked |  0
|  28|0x00000000c6800000, 0x00000000c6800000, 0x00000000c6900000|  0%| F|  |TAMS 0x00000000c6800000| PB 0x00000000c6800000| Untracked |  0
|  29|0x00000000c6900000, 0x00000000c6900000, 0x00000000c6a00000|  0%| F|  |TAMS 0x00000000c6900000| PB 0x00000000c6900000| Untracked |  0
|  30|0x00000000c6a00000, 0x00000000c6a00000, 0x00000000c6b00000|  0%| F|  |TAMS 0x00000000c6a00000| PB 0x00000000c6a00000| Untracked |  0
|  31|0x00000000c6b00000, 0x00000000c6b00000, 0x00000000c6c00000|  0%| F|  |TAMS 0x00000000c6b00000| PB 0x00000000c6b00000| Untracked |  0
|  32|0x00000000c6c00000, 0x00000000c6c00000, 0x00000000c6d00000|  0%| F|  |TAMS 0x00000000c6c00000| PB 0x00000000c6c00000| Untracked |  0
|  33|0x00000000c6d00000, 0x00000000c6d00000, 0x00000000c6e00000|  0%| F|  |TAMS 0x00000000c6d00000| PB 0x00000000c6d00000| Untracked |  0
|  34|0x00000000c6e00000, 0x00000000c6e80000, 0x00000000c6f00000| 50%| E|  |TAMS 0x00000000c6e00000| PB 0x00000000c6e00000| Complete |  0
|  35|0x00000000c6f00000, 0x00000000c7000000, 0x00000000c7000000|100%| E|CS|TAMS 0x00000000c6f00000| PB 0x00000000c6f00000| Complete |  0
|  36|0x00000000c7000000, 0x00000000c7100000, 0x00000000c7100000|100%| E|CS|TAMS 0x00000000c7000000| PB 0x00000000c7000000| Complete |  0
|  37|0x00000000c7100000, 0x00000000c7200000, 0x00000000c7200000|100%| E|CS|TAMS 0x00000000c7100000| PB 0x00000000c7100000| Complete |  0
|  38|0x00000000c7200000, 0x00000000c7300000, 0x00000000c7300000|100%| E|CS|TAMS 0x00000000c7200000| PB 0x00000000c7200000| Complete |  0
|  39|0x00000000c7300000, 0x00000000c7400000, 0x00000000c7400000|100%| E|CS|TAMS 0x00000000c7300000| PB 0x00000000c7300000| Complete |  0
|  40|0x00000000c7400000, 0x00000000c7500000, 0x00000000c7500000|100%| E|CS|TAMS 0x00000000c7400000| PB 0x00000000c7400000| Complete |  0
|  41|0x00000000c7500000, 0x00000000c7600000, 0x00000000c7600000|100%| E|CS|TAMS 0x00000000c7500000| PB 0x00000000c7500000| Complete |  0
|  42|0x00000000c7600000, 0x00000000c7700000, 0x00000000c7700000|100%| E|CS|TAMS 0x00000000c7600000| PB 0x00000000c7600000| Complete |  0
|  43|0x00000000c7700000, 0x00000000c7800000, 0x00000000c7800000|100%| E|CS|TAMS 0x00000000c7700000| PB 0x00000000c7700000| Complete |  0
|  44|0x00000000c7800000, 0x00000000c7900000, 0x00000000c7900000|100%| E|CS|TAMS 0x00000000c7800000| PB 0x00000000c7800000| Complete |  0
|  45|0x00000000c7900000, 0x00000000c7a00000, 0x00000000c7a00000|100%| E|CS|TAMS 0x00000000c7900000| PB 0x00000000c7900000| Complete |  0
|  46|0x00000000c7a00000, 0x00000000c7b00000, 0x00000000c7b00000|100%| E|CS|TAMS 0x00000000c7a00000| PB 0x00000000c7a00000| Complete |  0
|  47|0x00000000c7b00000, 0x00000000c7c00000, 0x00000000c7c00000|100%| E|CS|TAMS 0x00000000c7b00000| PB 0x00000000c7b00000| Complete |  0
|  48|0x00000000c7c00000, 0x00000000c7d00000, 0x00000000c7d00000|100%| E|CS|TAMS 0x00000000c7c00000| PB 0x00000000c7c00000| Complete |  0
|  49|0x00000000c7d00000, 0x00000000c7e00000, 0x00000000c7e00000|100%| E|CS|TAMS 0x00000000c7d00000| PB 0x00000000c7d00000| Complete |  0
|  50|0x00000000c7e00000, 0x00000000c7f00000, 0x00000000c7f00000|100%| E|CS|TAMS 0x00000000c7e00000| PB 0x00000000c7e00000| Complete |  0
|  51|0x00000000c7f00000, 0x00000000c8000000, 0x00000000c8000000|100%| E|CS|TAMS 0x00000000c7f00000| PB 0x00000000c7f00000| Complete |  0
|  52|0x00000000c8000000, 0x00000000c8100000, 0x00000000c8100000|100%| E|CS|TAMS 0x00000000c8000000| PB 0x00000000c8000000| Complete |  0
|  53|0x00000000c8100000, 0x00000000c8200000, 0x00000000c8200000|100%| E|CS|TAMS 0x00000000c8100000| PB 0x00000000c8100000| Complete |  0
|  54|0x00000000c8200000, 0x00000000c8300000, 0x00000000c8300000|100%| E|CS|TAMS 0x00000000c8200000| PB 0x00000000c8200000| Complete |  0
|  55|0x00000000c8300000, 0x00000000c8400000, 0x00000000c8400000|100%| E|CS|TAMS 0x00000000c8300000| PB 0x00000000c8300000| Complete |  0
|  56|0x00000000c8400000, 0x00000000c8500000, 0x00000000c8500000|100%| E|  |TAMS 0x00000000c8400000| PB 0x00000000c8400000| Complete |  0
|  57|0x00000000c8500000, 0x00000000c8600000, 0x00000000c8600000|100%| E|CS|TAMS 0x00000000c8500000| PB 0x00000000c8500000| Complete |  0
|  58|0x00000000c8600000, 0x00000000c8700000, 0x00000000c8700000|100%| E|CS|TAMS 0x00000000c8600000| PB 0x00000000c8600000| Complete |  0
|  59|0x00000000c8700000, 0x00000000c8800000, 0x00000000c8800000|100%| E|CS|TAMS 0x00000000c8700000| PB 0x00000000c8700000| Complete |  0
| 946|0x00000000ffe00000, 0x00000000fff00000, 0x00000000fff00000|100%| O|  |TAMS 0x00000000ffe00000| PB 0x00000000ffe00000| Untracked |  0
| 947|0x00000000fff00000, 0x00000000fff24ea8, 0x0000000100000000| 14%| O|  |TAMS 0x00000000fff00000| PB 0x00000000fff00000| Untracked |  0

Card table byte_map: [0x0000023bc9ba0000,0x0000023bc9d80000] _byte_map_base: 0x0000023bc957a000

Marking Bits: (CMBitMap*) 0x0000023bb21840f0
 Bits: [0x0000023bc9d80000, 0x0000023bcac50000)

Polling page: 0x0000023bb0020000

Metaspace:
Metaspace        used 6770K, committed 6976K, reserved 1114112K
 class space     used 643K, committed 768K, reserved 1048576K

Usage:
  Non-class:      5.98 MB used.
      Class:    643.33 KB used.
       Both:      6.61 MB used.

Virtual space:
  Non-class space:       64.00 MB reserved,       6.06 MB (  9%) committed,  1 nodes.
      Class space:        1.00 GB reserved,     768.00 KB ( <1%) committed,  1 nodes.
             Both:        1.06 GB reserved,       6.81 MB ( <1%) committed. 

Chunk freelists:
   Non-Class:  8.70 MB
       Class:  15.30 MB
        Both:  24.00 MB

MaxMetaspaceSize: unlimited
CompressedClassSpaceSize: 1.00 GB
Initial GC threshold: 21.00 MB
Current GC threshold: 21.00 MB
CDS: on
 - commit_granule_bytes: 65536.
 - commit_granule_words: 8192.
 - virtual_space_node_default_size: 8388608.
 - enlarge_chunks_in_place: 1.
UseCompressedClassPointers 1, UseCompactObjectHeaders 0
Narrow klass pointer bits 32, Max shift 3
Narrow klass base: 0x0000000035000000, Narrow klass shift: 0
Encoding Range: [0x0000000035000000 - 0x0000000135000000), (4294967296 bytes)
Klass Range:    [0x0000000035010000 - 0x0000000076000000), (1090453504 bytes)
Klass ID Range:  [65536 - 1090519033) (1090453497)
Protection zone: [0x0000000035000000 - 0x0000000035010000), (65536 bytes)


Internal statistics:

num_allocs_failed_limit: 0.
num_arena_births: 106.
num_arena_deaths: 0.
num_vsnodes_births: 2.
num_vsnodes_deaths: 0.
num_space_committed: 109.
num_space_uncommitted: 0.
num_chunks_returned_to_freelist: 0.
num_chunks_taken_from_freelist: 312.
num_chunk_merges: 0.
num_chunk_splits: 193.
num_chunks_enlarged: 133.
num_inconsistent_stats: 0.

CodeHeap 'non-profiled nmethods': size=120064Kb used=376Kb max_used=376Kb free=119688Kb
 bounds [0x0000023bc2480000, 0x0000023bc26f0000, 0x0000023bc99c0000]
CodeHeap 'profiled nmethods': size=120000Kb used=2203Kb max_used=2203Kb free=117796Kb
 bounds [0x0000023bba9c0000, 0x0000023bbac30000, 0x0000023bc1ef0000]
CodeHeap 'non-nmethods': size=5696Kb used=1477Kb max_used=1487Kb free=4219Kb
 bounds [0x0000023bc1ef0000, 0x0000023bc2160000, 0x0000023bc2480000]
CodeCache: size=245760Kb, used=4056Kb, max_used=4066Kb, free=241703Kb
 total_blobs=2017, nmethods=1532, adapters=388, full_count=0
Compilation: enabled, stopped_count=0, restarted_count=0

Compilation events (20 events):
Event: 1.438 Thread 0x0000023bcd1d3a90 1407       3       jdk.internal.classfile.impl.AbstractPoolEntry$Utf8EntryImpl::clone (6 bytes)
Event: 1.438 Thread 0x0000023bcd1d3a90 nmethod 1407 0x0000023bbabb7108 code [0x0000023bbabb7200, 0x0000023bbabb73b8]
Event: 1.438 Thread 0x0000023bcd1d3a90 1408       3       jdk.internal.classfile.impl.AbstractPoolEntry$Utf8EntryImpl::clone (65 bytes)
Event: 1.438 Thread 0x0000023bcd1d3a90 nmethod 1408 0x0000023bbabb7408 code [0x0000023bbabb7500, 0x0000023bbabb7a60]
Event: 1.438 Thread 0x0000023bcd1d3a90 1406       3       jdk.internal.classfile.impl.Util::fieldTypeSymbol (8 bytes)
Event: 1.438 Thread 0x0000023bcd1d3a90 nmethod 1406 0x0000023bbabb7a88 code [0x0000023bbabb7b80, 0x0000023bbabb8528]
Event: 1.438 Thread 0x0000023bcd1d3a90 1363       3       org.springframework.core.ResolvableType::forClass (9 bytes)
Event: 1.438 Thread 0x0000023bcd1d3a90 nmethod 1363 0x0000023bbabb8588 code [0x0000023bbabb8680, 0x0000023bbabb8810]
Event: 1.438 Thread 0x0000023bcd1d3a90 1364       3       org.springframework.core.ResolvableType::<init> (47 bytes)
Event: 1.439 Thread 0x0000023bcd1d3a90 nmethod 1364 0x0000023bbabb8888 code [0x0000023bbabb8980, 0x0000023bbabb8ca8]
Event: 1.439 Thread 0x0000023bcd1d3a90 1375       1       java.lang.classfile.ClassFile::latestMajorVersion (3 bytes)
Event: 1.439 Thread 0x0000023bcd1d3a90 nmethod 1375 0x0000023bc24d6e88 code [0x0000023bc24d6f80, 0x0000023bc24d7028]
Event: 1.439 Thread 0x0000023bcd1d3a90 1376       1       java.lang.classfile.ClassFile::latestMinorVersion (2 bytes)
Event: 1.439 Thread 0x0000023bcd1d3a90 nmethod 1376 0x0000023bc24d7188 code [0x0000023bc24d7280, 0x0000023bc24d7328]
Event: 1.439 Thread 0x0000023bcd1d3a90 1377       1       jdk.internal.classfile.impl.DirectClassBuilder::setFlags (6 bytes)
Event: 1.439 Thread 0x0000023bcd1d3a90 nmethod 1377 0x0000023bc24d7488 code [0x0000023bc24d7580, 0x0000023bc24d7648]
Event: 1.439 Thread 0x0000023bcd1d3a90 1374       1       java.lang.invoke.MethodHandleNatives::isPullModeBSM (2 bytes)
Event: 1.439 Thread 0x0000023bcd1d3a90 nmethod 1374 0x0000023bc24d7788 code [0x0000023bc24d7880, 0x0000023bc24d7928]
Event: 1.442 Thread 0x0000023bcd1d3a90 1411       3       jdk.internal.classfile.impl.AbstractPoolEntry$MethodRefEntryImpl::<init> (12 bytes)
Event: 1.443 Thread 0x0000023bcd1d3a90 nmethod 1411 0x0000023bbabb8d08 code [0x0000023bbabb8e00, 0x0000023bbabb8f50]

GC Heap Usage History (0 events):
No events

Metaspace Usage History (0 events):
No events

Dll operation events (8 events):
Event: 0.029 Loaded shared library C:\Users\sathwik\.jdks\openjdk-25.0.1\bin\java.dll
Event: 0.386 Loaded shared library C:\Users\sathwik\.jdks\openjdk-25.0.1\bin\zip.dll
Event: 0.391 Loaded shared library C:\Users\sathwik\.jdks\openjdk-25.0.1\bin\instrument.dll
Event: 0.399 Loaded shared library C:\Users\sathwik\.jdks\openjdk-25.0.1\bin\net.dll
Event: 0.403 Loaded shared library C:\Users\sathwik\.jdks\openjdk-25.0.1\bin\nio.dll
Event: 0.408 Loaded shared library C:\Users\sathwik\.jdks\openjdk-25.0.1\bin\zip.dll
Event: 0.628 Loaded shared library C:\Users\sathwik\.jdks\openjdk-25.0.1\bin\extnet.dll
Event: 0.664 Loaded shared library C:\Users\sathwik\.jdks\openjdk-25.0.1\bin\jimage.dll

Deoptimization events (20 events):
Event: 0.947 Thread 0x0000023bb214b6b0 Uncommon trap: trap_request=0xffffff45 fr.pc=0x0000023bc24b9ea4 relative=0x0000000000000324
Event: 0.947 Thread 0x0000023bb214b6b0 Uncommon trap: reason=unstable_if action=reinterpret pc=0x0000023bc24b9ea4 method=jdk.internal.util.ArraysSupport.mismatch([BI[BII)I @ 55 c2
Event: 0.947 Thread 0x0000023bb214b6b0 DEOPT PACKING pc=0x0000023bc24b9ea4 sp=0x000000f7d20fe7a0
Event: 0.947 Thread 0x0000023bb214b6b0 DEOPT UNPACKING pc=0x0000023bc201c882 sp=0x000000f7d20fe688 mode 2
Event: 1.033 Thread 0x0000023bb214b6b0 DEOPT PACKING pc=0x0000023bba9f61a8 sp=0x000000f7d20fe2f0
Event: 1.033 Thread 0x0000023bb214b6b0 DEOPT UNPACKING pc=0x0000023bc1f412a2 sp=0x000000f7d20fd760 mode 0
Event: 1.063 Thread 0x0000023bb214b6b0 Uncommon trap: trap_request=0xffffffde fr.pc=0x0000023bc2494da8 relative=0x00000000000004a8
Event: 1.063 Thread 0x0000023bb214b6b0 Uncommon trap: reason=class_check action=maybe_recompile pc=0x0000023bc2494da8 method=java.util.HashMap.putVal(ILjava/lang/Object;Ljava/lang/Object;ZZ)Ljava/lang/Object; @ 253 c2
Event: 1.063 Thread 0x0000023bb214b6b0 DEOPT PACKING pc=0x0000023bc2494da8 sp=0x000000f7d20fd9b0
Event: 1.063 Thread 0x0000023bb214b6b0 DEOPT UNPACKING pc=0x0000023bc201c882 sp=0x000000f7d20fd940 mode 2
Event: 1.088 Thread 0x0000023bb214b6b0 Uncommon trap: trap_request=0xffffffde fr.pc=0x0000023bc2494da8 relative=0x00000000000004a8
Event: 1.088 Thread 0x0000023bb214b6b0 Uncommon trap: reason=class_check action=maybe_recompile pc=0x0000023bc2494da8 method=java.util.HashMap.putVal(ILjava/lang/Object;Ljava/lang/Object;ZZ)Ljava/lang/Object; @ 253 c2
Event: 1.088 Thread 0x0000023bb214b6b0 DEOPT PACKING pc=0x0000023bc2494da8 sp=0x000000f7d20fd9b0
Event: 1.088 Thread 0x0000023bb214b6b0 DEOPT UNPACKING pc=0x0000023bc201c882 sp=0x000000f7d20fd940 mode 2
Event: 1.164 Thread 0x0000023bb214b6b0 DEOPT PACKING pc=0x0000023bbaa4df10 sp=0x000000f7d20fe3a0
Event: 1.164 Thread 0x0000023bb214b6b0 DEOPT UNPACKING pc=0x0000023bc1f412a2 sp=0x000000f7d20fd8a8 mode 0
Event: 1.255 Thread 0x0000023bb214b6b0 Uncommon trap: trap_request=0xffffff45 fr.pc=0x0000023bc24cc91c relative=0x000000000000089c
Event: 1.255 Thread 0x0000023bb214b6b0 Uncommon trap: reason=unstable_if action=reinterpret pc=0x0000023bc24cc91c method=java.util.HashMap.putVal(ILjava/lang/Object;Ljava/lang/Object;ZZ)Ljava/lang/Object; @ 181 c2
Event: 1.255 Thread 0x0000023bb214b6b0 DEOPT PACKING pc=0x0000023bc24cc91c sp=0x000000f7d20febe0
Event: 1.255 Thread 0x0000023bb214b6b0 DEOPT UNPACKING pc=0x0000023bc201c882 sp=0x000000f7d20feb70 mode 2

Classes loaded (20 events):
Event: 1.362 Loading class java/util/Spliterator$OfInt
Event: 1.362 Loading class java/util/Spliterator$OfPrimitive
Event: 1.362 Loading class java/util/Spliterator$OfPrimitive done
Event: 1.362 Loading class java/util/Spliterator$OfInt done
Event: 1.362 Loading class java/lang/StringLatin1$CharsSpliterator done
Event: 1.362 Loading class java/util/stream/IntPipeline$Head
Event: 1.363 Loading class java/util/stream/IntPipeline
Event: 1.364 Loading class java/util/stream/IntStream
Event: 1.364 Loading class java/util/stream/IntStream done
Event: 1.365 Loading class java/util/stream/IntPipeline done
Event: 1.365 Loading class java/util/stream/IntPipeline$Head done
Event: 1.366 Loading class java/util/stream/MatchOps$2MatchSink
Event: 1.366 Loading class java/util/stream/Sink$OfInt
Event: 1.367 Loading class java/util/stream/Sink$OfInt done
Event: 1.367 Loading class java/util/stream/MatchOps$2MatchSink done
Event: 1.402 Loading class java/beans/PropertyEditorSupport
Event: 1.404 Loading class java/beans/PropertyEditor
Event: 1.404 Loading class java/beans/PropertyEditor done
Event: 1.404 Loading class java/beans/PropertyEditorSupport done
Event: 1.443 Loading class java/lang/invoke/InnerClassLambdaMetafactory$SerializationSupport

Classes unloaded (0 events):
No events

Classes redefined (0 events):
No events

Internal exceptions (20 events):
Event: 0.587 Thread 0x0000023bb214b6b0 Exception <a 'java/lang/NoSuchMethodError'{0x00000000c8041870}: 'void java.lang.invoke.DirectMethodHandle$Holder.invokeStatic(java.lang.Object, java.lang.Object, java.lang.Object)'> (0x00000000c8041870) 
thrown [s\open\src\hotspot\share\interpreter\linkResolver.cpp, line 804]
Event: 0.594 Thread 0x0000023bb214b6b0 Exception <a 'java/lang/NoSuchMethodError'{0x00000000c8076708}: 'java.lang.Object java.lang.invoke.Invokers$Holder.invokeExact_MT(java.lang.Object, java.lang.Object, java.lang.Object, java.lang.Object, java.lang.Object)'> (0x00000000c8076708) 
thrown [s\open\src\hotspot\share\interpreter\linkResolver.cpp, line 804]
Event: 0.622 Thread 0x0000023bcd7104e0 Exception <a 'java/lang/NoSuchMethodError'{0x00000000c7f0d318}: 'java.lang.Object java.lang.invoke.DirectMethodHandle$Holder.invokeStaticInit(java.lang.Object)'> (0x00000000c7f0d318) 
thrown [s\open\src\hotspot\share\interpreter\linkResolver.cpp, line 804]
Event: 0.631 Thread 0x0000023bcd7104e0 Exception <a 'java/lang/NoSuchMethodError'{0x00000000c7f17fa8}: 'void java.lang.invoke.DirectMethodHandle$Holder.invokeStatic(java.lang.Object, java.lang.Object)'> (0x00000000c7f17fa8) 
thrown [s\open\src\hotspot\share\interpreter\linkResolver.cpp, line 804]
Event: 0.714 Thread 0x0000023bb214b6b0 Exception <a 'java/lang/NoSuchMethodError'{0x00000000c7e999d8}: 'java.lang.Object java.lang.invoke.DelegatingMethodHandle$Holder.reinvoke_L(java.lang.Object, java.lang.Object, java.lang.Object, long, java.lang.Object)'> (0x00000000c7e999d8) 
thrown [s\open\src\hotspot\share\interpreter\linkResolver.cpp, line 804]
Event: 0.718 Thread 0x0000023bb214b6b0 Exception <a 'java/lang/NoSuchMethodError'{0x00000000c7eaa030}: 'java.lang.Object java.lang.invoke.Invokers$Holder.linkToTargetMethod(java.lang.Object, long, java.lang.Object, java.lang.Object)'> (0x00000000c7eaa030) 
thrown [s\open\src\hotspot\share\interpreter\linkResolver.cpp, line 804]
Event: 0.847 Thread 0x0000023bb214b6b0 Exception <a 'java/lang/NoSuchMethodError'{0x00000000c7c41288}: 'void java.lang.invoke.DirectMethodHandle$Holder.invokeStatic(java.lang.Object, java.lang.Object, java.lang.Object, java.lang.Object)'> (0x00000000c7c41288) 
thrown [s\open\src\hotspot\share\interpreter\linkResolver.cpp, line 804]
Event: 0.900 Thread 0x0000023bb214b6b0 Exception <a 'java/lang/NoSuchMethodError'{0x00000000c7b75710}: 'int java.lang.invoke.DirectMethodHandle$Holder.invokeStaticInit(java.lang.Object, java.lang.Object)'> (0x00000000c7b75710) 
thrown [s\open\src\hotspot\share\interpreter\linkResolver.cpp, line 804]
Event: 0.919 Thread 0x0000023bb214b6b0 Exception <a 'java/lang/NoSuchMethodError'{0x00000000c7bb7a10}: 'void java.lang.invoke.DirectMethodHandle$Holder.invokeInterface(java.lang.Object, java.lang.Object, java.lang.Object, java.lang.Object)'> (0x00000000c7bb7a10) 
thrown [s\open\src\hotspot\share\interpreter\linkResolver.cpp, line 804]
Event: 0.966 Thread 0x0000023bb214b6b0 Exception <a 'java/lang/NoSuchMethodError'{0x00000000c7a8eea8}: 'void java.lang.invoke.DirectMethodHandle$Holder.invokeSpecial(java.lang.Object, java.lang.Object, java.lang.Object)'> (0x00000000c7a8eea8) 
thrown [s\open\src\hotspot\share\interpreter\linkResolver.cpp, line 804]
Event: 1.021 Thread 0x0000023bb214b6b0 Exception <a 'java/lang/NoSuchMethodError'{0x00000000c79b70d8}: 'java.lang.Object java.lang.invoke.DirectMethodHandle$Holder.invokeInterface(java.lang.Object, java.lang.Object)'> (0x00000000c79b70d8) 
thrown [s\open\src\hotspot\share\interpreter\linkResolver.cpp, line 804]
Event: 1.034 Thread 0x0000023bb214b6b0 Exception <a 'java/lang/NoSuchMethodError'{0x00000000c7808e28}: 'java.lang.Object java.lang.invoke.DirectMethodHandle$Holder.invokeSpecialIFC(java.lang.Object, java.lang.Object, java.lang.Object, java.lang.Object)'> (0x00000000c7808e28) 
thrown [s\open\src\hotspot\share\interpreter\linkResolver.cpp, line 804]
Event: 1.038 Thread 0x0000023bb214b6b0 Exception <a 'java/lang/NoSuchMethodError'{0x00000000c7828588}: 'java.lang.Object java.lang.invoke.DirectMethodHandle$Holder.invokeInterface(java.lang.Object, java.lang.Object, java.lang.Object)'> (0x00000000c7828588) 
thrown [s\open\src\hotspot\share\interpreter\linkResolver.cpp, line 804]
Event: 1.078 Thread 0x0000023bb214b6b0 Exception <a 'java/lang/NoSuchMethodError'{0x00000000c776ab30}: 'java.lang.Object java.lang.invoke.DirectMethodHandle$Holder.newInvokeSpecial(java.lang.Object, java.lang.Object, java.lang.Object, java.lang.Object, java.lang.Object)'> (0x00000000c776ab30) 
thrown [s\open\src\hotspot\share\interpreter\linkResolver.cpp, line 804]
Event: 1.086 Thread 0x0000023bb214b6b0 Exception <a 'java/lang/NoSuchMethodError'{0x00000000c77bfe30}: 'java.lang.Object java.lang.invoke.DirectMethodHandle$Holder.invokeStaticInit(java.lang.Object, java.lang.Object, java.lang.Object)'> (0x00000000c77bfe30) 
thrown [s\open\src\hotspot\share\interpreter\linkResolver.cpp, line 804]
Event: 1.114 Thread 0x0000023bb214b6b0 Exception <a 'java/lang/IncompatibleClassChangeError'{0x00000000c7650ca0}: Found class java.lang.Object, but interface was expected> (0x00000000c7650ca0) 
thrown [s\open\src\hotspot\share\interpreter\linkResolver.cpp, line 871]
Event: 1.130 Thread 0x0000023bb214b6b0 Exception <a 'sun/nio/fs/WindowsException'{0x00000000c76a0888}> (0x00000000c76a0888) 
thrown [s\open\src\hotspot\share\prims\jni.cpp, line 516]
Event: 1.427 Thread 0x0000023bb214b6b0 Exception <a 'java/lang/NoSuchMethodError'{0x00000000c72a9cc8}: 'java.lang.Object java.lang.invoke.DirectMethodHandle$Holder.newInvokeSpecial(java.lang.Object, java.lang.Object, java.lang.Object, java.lang.Object, java.lang.Object, java.lang.Object, java.lang.Object)'> (0x00000000c72a9cc8) 
thrown [s\open\src\hotspot\share\interpreter\linkResolver.cpp, line 804]
Event: 1.431 Thread 0x0000023bb214b6b0 Exception <a 'java/lang/NoSuchMethodError'{0x00000000c72ce0b0}: 'void java.lang.invoke.DirectMethodHandle$Holder.invokeStaticInit(java.lang.Object, java.lang.Object)'> (0x00000000c72ce0b0) 
thrown [s\open\src\hotspot\share\interpreter\linkResolver.cpp, line 804]
Event: 1.442 Thread 0x0000023bb214b6b0 Exception <a 'java/lang/NoSuchMethodError'{0x00000000c711eda0}: 'int java.lang.invoke.DirectMethodHandle$Holder.invokeStatic(java.lang.Object, java.lang.Object, java.lang.Object, java.lang.Object)'> (0x00000000c711eda0) 
thrown [s\open\src\hotspot\share\interpreter\linkResolver.cpp, line 804]

VM Operations (12 events):
Event: 0.368 Executing non-safepoint VM operation: HandshakeAllThreads (Deoptimize)
Event: 0.368 Executing non-safepoint VM operation: HandshakeAllThreads (Deoptimize) done
Event: 0.658 Executing non-safepoint VM operation: HandshakeAllThreads (Deoptimize)
Event: 0.658 Executing non-safepoint VM operation: HandshakeAllThreads (Deoptimize) done
Event: 0.671 Executing non-safepoint VM operation: HandshakeAllThreads (Deoptimize)
Event: 0.671 Executing non-safepoint VM operation: HandshakeAllThreads (Deoptimize) done
Event: 0.973 Executing non-safepoint VM operation: HandshakeAllThreads (Deoptimize)
Event: 0.973 Executing non-safepoint VM operation: HandshakeAllThreads (Deoptimize) done
Event: 1.132 Executing non-safepoint VM operation: HandshakeAllThreads (Deoptimize)
Event: 1.132 Executing non-safepoint VM operation: HandshakeAllThreads (Deoptimize) done
Event: 1.148 Executing non-safepoint VM operation: HandshakeAllThreads (Deoptimize)
Event: 1.148 Executing non-safepoint VM operation: HandshakeAllThreads (Deoptimize) done

Memory protections (0 events):
No events

Nmethod flushes (0 events):
No events

Events (12 events):
Event: 0.053 Thread 0x0000023bb214b6b0 Thread added: 0x0000023bb214b6b0
Event: 0.078 Thread 0x0000023bb214b6b0 Thread added: 0x0000023bb21f4e20
Event: 0.078 Thread 0x0000023bb214b6b0 Thread added: 0x0000023bb21f67f0
Event: 0.079 Thread 0x0000023bb214b6b0 Thread added: 0x0000023bb21fb1e0
Event: 0.079 Thread 0x0000023bb214b6b0 Thread added: 0x0000023bb21fbda0
Event: 0.080 Thread 0x0000023bb214b6b0 Thread added: 0x0000023bb21fe170
Event: 0.080 Thread 0x0000023bb214b6b0 Thread added: 0x0000023bcd1ae390
Event: 0.080 Thread 0x0000023bb214b6b0 Thread added: 0x0000023bcd1b33e0
Event: 0.081 Thread 0x0000023bb214b6b0 Thread added: 0x0000023bcd1d3a90
Event: 0.396 Thread 0x0000023bb214b6b0 Thread added: 0x0000023bcd33e2e0
Event: 0.599 Thread 0x0000023bb214b6b0 Thread added: 0x0000023bcd7104e0
Event: 0.600 Thread 0x0000023bb214b6b0 Thread added: 0x0000023bcd710f30


Dynamic libraries:
0x00007ff79ae10000 - 0x00007ff79ae1e000 	C:\Users\sathwik\.jdks\openjdk-25.0.1\bin\java.exe
0x00007fffcab80000 - 0x00007fffcade8000 	C:\WINDOWS\SYSTEM32\ntdll.dll
0x00007fffc9bf0000 - 0x00007fffc9cb9000 	C:\WINDOWS\System32\KERNEL32.DLL
0x00007fffc77b0000 - 0x00007fffc7ba1000 	C:\WINDOWS\System32\KERNELBASE.dll
0x00007fffc74f0000 - 0x00007fffc763b000 	C:\WINDOWS\System32\ucrtbase.dll
0x00007fffb9d40000 - 0x00007fffb9d5e000 	C:\Users\sathwik\.jdks\openjdk-25.0.1\bin\VCRUNTIME140.dll
0x00007fffb9de0000 - 0x00007fffb9df7000 	C:\Users\sathwik\.jdks\openjdk-25.0.1\bin\jli.dll
0x00007fffc8920000 - 0x00007fffc8ae6000 	C:\WINDOWS\System32\USER32.dll
0x00007fffc87c0000 - 0x00007fffc87e7000 	C:\WINDOWS\System32\win32u.dll
0x00007fffb2fa0000 - 0x00007fffb3233000 	C:\WINDOWS\WinSxS\amd64_microsoft.windows.common-controls_6595b64144ccf1df_6.0.26100.7705_none_3e06597ae3363b04\COMCTL32.dll
0x00007fffca4a0000 - 0x00007fffca4cb000 	C:\WINDOWS\System32\GDI32.dll
0x00007fffcaa90000 - 0x00007fffcab39000 	C:\WINDOWS\System32\msvcrt.dll
0x00007fffc87f0000 - 0x00007fffc891b000 	C:\WINDOWS\System32\gdi32full.dll
0x00007fffc7700000 - 0x00007fffc77a3000 	C:\WINDOWS\System32\msvcp_win.dll
0x00007fffc9410000 - 0x00007fffc9441000 	C:\WINDOWS\System32\IMM32.DLL
0x00007fffc46c0000 - 0x00007fffc46cc000 	C:\Users\sathwik\.jdks\openjdk-25.0.1\bin\vcruntime140_1.dll
0x00007fffb4810000 - 0x00007fffb489d000 	C:\Users\sathwik\.jdks\openjdk-25.0.1\bin\msvcp140.dll
0x00007fff43250000 - 0x00007fff440af000 	C:\Users\sathwik\.jdks\openjdk-25.0.1\bin\server\jvm.dll
0x00007fffc9fe0000 - 0x00007fffca094000 	C:\WINDOWS\System32\ADVAPI32.dll
0x00007fffca960000 - 0x00007fffcaa06000 	C:\WINDOWS\System32\sechost.dll
0x00007fffc9ec0000 - 0x00007fffc9fd8000 	C:\WINDOWS\System32\RPCRT4.dll
0x00007fffc9e40000 - 0x00007fffc9eb4000 	C:\WINDOWS\System32\WS2_32.dll
0x00007fffc72c0000 - 0x00007fffc731e000 	C:\WINDOWS\SYSTEM32\POWRPROF.dll
0x00007fffc1020000 - 0x00007fffc102b000 	C:\WINDOWS\SYSTEM32\VERSION.dll
0x00007fffbf720000 - 0x00007fffbf755000 	C:\WINDOWS\SYSTEM32\WINMM.dll
0x00007fffc72a0000 - 0x00007fffc72b4000 	C:\WINDOWS\SYSTEM32\UMPDC.dll
0x00007fffc6210000 - 0x00007fffc622b000 	C:\WINDOWS\SYSTEM32\kernel.appcore.dll
0x00007fffc2670000 - 0x00007fffc267a000 	C:\Users\sathwik\.jdks\openjdk-25.0.1\bin\jimage.dll
0x00007fffc5480000 - 0x00007fffc56c2000 	C:\WINDOWS\SYSTEM32\DBGHELP.DLL
0x00007fffca0a0000 - 0x00007fffca426000 	C:\WINDOWS\System32\combase.dll
0x00007fffc9980000 - 0x00007fffc9a57000 	C:\WINDOWS\System32\OLEAUT32.dll
0x00007fffaf660000 - 0x00007fffaf69b000 	C:\WINDOWS\SYSTEM32\dbgcore.DLL
0x00007fffc8710000 - 0x00007fffc87b5000 	C:\WINDOWS\System32\bcryptPrimitives.dll
0x00007fffb9da0000 - 0x00007fffb9db0000 	C:\Users\sathwik\.jdks\openjdk-25.0.1\bin\instrument.dll
0x00007fffb9bf0000 - 0x00007fffb9c0f000 	C:\Users\sathwik\.jdks\openjdk-25.0.1\bin\java.dll
0x00007fffc94e0000 - 0x00007fffc9677000 	C:\WINDOWS\System32\ole32.dll
0x00007fffc8c60000 - 0x00007fffc93b1000 	C:\WINDOWS\System32\SHELL32.dll
0x00007fffc7bb0000 - 0x00007fffc7d1a000 	C:\WINDOWS\System32\wintypes.dll
0x00007fffc7ea0000 - 0x00007fffc8702000 	C:\WINDOWS\System32\windows.storage.dll
0x00007fffc8af0000 - 0x00007fffc8be6000 	C:\WINDOWS\System32\SHCORE.dll
0x00007fffc8bf0000 - 0x00007fffc8c57000 	C:\WINDOWS\System32\shlwapi.dll
0x00007fffc7380000 - 0x00007fffc73a9000 	C:\WINDOWS\SYSTEM32\profapi.dll
0x00007fffb6f30000 - 0x00007fffb6f47000 	C:\Users\sathwik\.jdks\openjdk-25.0.1\bin\zip.dll
0x00007fffb61e0000 - 0x00007fffb61f2000 	C:\Users\sathwik\.jdks\openjdk-25.0.1\bin\net.dll
0x00007fffc6780000 - 0x00007fffc67eb000 	C:\WINDOWS\system32\mswsock.dll
0x00007fffb5740000 - 0x00007fffb5756000 	C:\Users\sathwik\.jdks\openjdk-25.0.1\bin\nio.dll
0x00007fffb61d0000 - 0x00007fffb61d9000 	C:\Users\sathwik\.jdks\openjdk-25.0.1\bin\extnet.dll

JVMTI agents:
C:\Program Files\JetBrains\IntelliJ IDEA Community Edition 2025.1.1.1\lib\idea_rt.jar path:C:\Users\sathwik\.jdks\openjdk-25.0.1\bin\instrument.dll, loaded, initialized, instrumentlib options:59657

dbghelp: loaded successfully - version: 4.0.5 - missing functions: none
symbol engine: initialized successfully - sym options: 0x614 - pdb path: .;C:\Users\sathwik\.jdks\openjdk-25.0.1\bin;C:\WINDOWS\SYSTEM32;C:\WINDOWS\WinSxS\amd64_microsoft.windows.common-controls_6595b64144ccf1df_6.0.26100.7705_none_3e06597ae3363b04;C:\Users\sathwik\.jdks\openjdk-25.0.1\bin\server

VM Arguments:
jvm_args: -javaagent:C:\Program Files\JetBrains\IntelliJ IDEA Community Edition 2025.1.1.1\lib\idea_rt.jar=59657 -Dfile.encoding=UTF-8 -Dsun.stdout.encoding=UTF-8 -Dsun.stderr.encoding=UTF-8 
java_command: com.example.ecommerce.EcommerceApplication
java_class_path (initial): C:\Users\sathwik\Downloads\ecommerce\ecommerce\target\classes;C:\Users\sathwik\.m2\repository\org\springframework\boot\spring-boot-starter-web\3.2.5\spring-boot-starter-web-3.2.5.jar;C:\Users\sathwik\.m2\repository\org\springframework\boot\spring-boot-starter\3.2.5\spring-boot-starter-3.2.5.jar;C:\Users\sathwik\.m2\repository\org\springframework\boot\spring-boot\3.2.5\spring-boot-3.2.5.jar;C:\Users\sathwik\.m2\repository\org\springframework\boot\spring-boot-autoconfigure\3.2.5\spring-boot-autoconfigure-3.2.5.jar;C:\Users\sathwik\.m2\repository\org\springframework\boot\spring-boot-starter-logging\3.2.5\spring-boot-starter-logging-3.2.5.jar;C:\Users\sathwik\.m2\repository\ch\qos\logback\logback-classic\1.4.14\logback-classic-1.4.14.jar;C:\Users\sathwik\.m2\repository\ch\qos\logback\logback-core\1.4.14\logback-core-1.4.14.jar;C:\Users\sathwik\.m2\repository\org\apache\logging\log4j\log4j-to-slf4j\2.21.1\log4j-to-slf4j-2.21.1.jar;C:\Users\sathwik\.m2\repository\org\apache\logging\log4j\log4j-api\2.21.1\log4j-api-2.21.1.jar;C:\Users\sathwik\.m2\repository\org\slf4j\jul-to-slf4j\2.0.13\jul-to-slf4j-2.0.13.jar;C:\Users\sathwik\.m2\repository\jakarta\annotation\jakarta.annotation-api\2.1.1\jakarta.annotation-api-2.1.1.jar;C:\Users\sathwik\.m2\repository\org\yaml\snakeyaml\2.2\snakeyaml-2.2.jar;C:\Users\sathwik\.m2\repository\org\springframework\boot\spring-boot-starter-json\3.2.5\spring-boot-starter-json-3.2.5.jar;C:\Users\sathwik\.m2\repository\com\fasterxml\jackson\datatype\jackson-datatype-jdk8\2.15.4\jackson-datatype-jdk8-2.15.4.jar;C:\Users\sathwik\.m2\repository\com\fasterxml\jackson\datatype\jackson-datatype-jsr310\2.15.4\jackson-datatype-jsr310-2.15.4.jar;C:\Users\sathwik\.m2\repository\com\fasterxml\jackson\module\jackson-module-parameter-names\2.15.4\jackson-module-parameter-names-2.15.4.jar;C:\Users\sathwik\.m2\repository\org\springframework\boot\spring-boot-starter-tomcat\3.2.5\spring-boot-starter-tomcat-3.2.5.jar;C:\Users\sathwik\.m2\repository\org\apache\tomcat\embed\tomcat-embed-core\10.1.20\tomcat-embed-core-10.1.20.jar;C:\Users\sathwik\.m2\repository\org\apache\tomcat\embed\tomcat-embed-websocket\10.1.20\tomcat-embed-websocket-10.1.20.jar;C:\Users\sathwik\.m2\repository\org\springframework\spring-web\6.1.6\spring-web-6.1.6.jar;C:\Users\sathwik\.m2\repository\org\springframework\spring-beans\6.1.6\spring-beans-6.1.6.jar;C:\Users\sathwik\.m2\repository\io\micrometer\micrometer-observation\1.12.5\micrometer-observation-1.12.5.jar;C:\Users\sathwik\.m2\repository\io\micrometer\micrometer-commons\1.12.5\micrometer-commons-1.12.5.jar;C:\Users\sathwik\.m2\repository\org\springframework\spring-webmvc\6.1.6\spring-webmvc-6.1.6.jar;C:\Users\sathwik\.m2\repository\org\springframework\spring-context\6.1.6\spring-context-6.1.6.jar;C:\Users\sathwik\.m2\repository\org\springframework\spring-expression\6.1.6\spring-expression-6.1.6.jar;C:\Users\sathwik\.m2\repository\org\springframework\boot\spring-boot-starter-data-jpa\3.2.5\spring-boot-starter-data-jpa-3.2.5.jar;C:\Users\sathwik\.m2\repository\org\springframework\boot\spring-boot-starter-aop\3.2.5\spring-boot-starter-aop-3.2.5.jar;C:\Users\sathwik\.m2\repository\org\aspectj\aspectjweaver\1.9.22\aspectjweaver-1.9.22.jar;C:\Users\sathwik\.m2\repository\org\springframework\boot\spring-boot-starter-jdbc\3.2.5\spring-boot-starter-jdbc-3.2.5.jar;C:\Users\sathwik\.m2\repository\com\zaxxer\HikariCP\5.0.1\HikariCP-5.0.1.jar;C:\Users\sathwik\.m2\repository\org\springframework\spring-jdbc\6.1.6\spring-jdbc-6.1.6.jar;C:\Users\sathwik\.m2\repository\org\hibernate\orm\hibernate-core\6.4.4.Final\hibernate-core-6.4.4.Final.jar;C:\Users\sathwik\.m2\repository\jakarta\persistence\jakarta.persistence-api\3.1.0\jakarta.persistence-api-3.1.0.jar;C:\Users\sathwik\.m2\repository\jakarta\transaction\jakarta.transaction-api\2.0.1\jakarta.transaction-api-2.0.1.jar;C:\Users\sathwik\.m2\repository\org\jboss\logging\jboss-logging\3.5.3.Final\jboss-logging-3.5.3.Final.jar;C:\Users\sathwik\.m2\repository\org\hibernate\common\hibernate-commons-annotations\6.0.6.Final\hibernate-commons-annotations-6.0.6.Final.jar;C:\Users\sathwik\.m2\repository\io\smallrye\jandex\3.1.2\jandex-3.1.2.jar;C:\Users\sathwik\.m2\repository\com\fasterxml\classmate\1.6.0\classmate-1.6.0.jar;C:\Users\sathwik\.m2\repository\net\bytebuddy\byte-buddy\1.14.13\byte-buddy-1.14.13.jar;C:\Users\sathwik\.m2\repository\org\glassfish\jaxb\jaxb-runtime\4.0.5\jaxb-runtime-4.0.5.jar;C:\Users\sathwik\.m2\repository\org\glassfish\jaxb\jaxb-core\4.0.5\jaxb-core-4.0.5.jar;C:\Users\sathwik\.m2\repository\org\eclipse\angus\angus-activation\2.0.2\angus-activation-2.0.2.jar;C:\Users\sathwik\.m2\repository\org\glassfish\jaxb\txw2\4.0.5\txw2-4.0.5.jar;C:\Users\sathwik\.m2\repository\com\sun\istack\istack-commons-runtime\4.1.2\istack-commons-runtime-4.1.2.jar;C:\Users\sathwik\.m2\repository\jakarta\inject\jakarta.inject-api\2.0.1\jakarta.inject-api-2.0.1.jar;C:\Users\sathwik\.m2\repository\org\antlr\antlr4-runtime\4.13.0\antlr4-runtime-4.13.0.jar;C:\Users\sathwik\.m2\repository\org\springframework\data\spring-data-jpa\3.2.5\spring-data-jpa-3.2.5.jar;C:\Users\sathwik\.m2\repository\org\springframework\data\spring-data-commons\3.2.5\spring-data-commons-3.2.5.jar;C:\Users\sathwik\.m2\repository\org\springframework\spring-orm\6.1.6\spring-orm-6.1.6.jar;C:\Users\sathwik\.m2\repository\org\springframework\spring-tx\6.1.6\spring-tx-6.1.6.jar;C:\Users\sathwik\.m2\repository\org\slf4j\slf4j-api\2.0.13\slf4j-api-2.0.13.jar;C:\Users\sathwik\.m2\repository\org\springframework\spring-aspects\6.1.6\spring-aspects-6.1.6.jar;C:\Users\sathwik\.m2\repository\org\springframework\boot\spring-boot-starter-security\3.2.5\spring-boot-starter-security-3.2.5.jar;C:\Users\sathwik\.m2\repository\org\springframework\spring-aop\6.1.6\spring-aop-6.1.6.jar;C:\Users\sathwik\.m2\repository\org\springframework\security\spring-security-config\6.2.4\spring-security-config-6.2.4.jar;C:\Users\sathwik\.m2\repository\org\springframework\security\spring-security-core\6.2.4\spring-security-core-6.2.4.jar;C:\Users\sathwik\.m2\repository\org\springframework\security\spring-security-crypto\6.2.4\spring-security-crypto-6.2.4.jar;C:\Users\sathwik\.m2\repository\org\springframework\security\spring-security-web\6.2.4\spring-security-web-6.2.4.jar;C:\Users\sathwik\.m2\repository\com\mysql\mysql-connector-j\8.3.0\mysql-connector-j-8.3.0.jar;C:\Users\sathwik\.m2\repository\io\jsonwebtoken\jjwt-api\0.11.5\jjwt-api-0.11.5.jar;C:\Users\sathwik\.m2\repository\io\jsonwebtoken\jjwt-impl\0.11.5\jjwt-impl-0.11.5.jar;C:\Users\sathwik\.m2\repository\io\jsonwebtoken\jjwt-jackson\0.11.5\jjwt-jackson-0.11.5.jar;C:\Users\sathwik\.m2\repository\com\fasterxml\jackson\core\jackson-databind\2.15.4\jackson-databind-2.15.4.jar;C:\Users\sathwik\.m2\repository\com\fasterxml\jackson\core\jackson-annotations\2.15.4\jackson-annotations-2.15.4.jar;C:\Users\sathwik\.m2\repository\com\fasterxml\jackson\core\jackson-core\2.15.4\jackson-core-2.15.4.jar;C:\Users\sathwik\.m2\repository\org\projectlombok\lombok\1.18.32\lombok-1.18.32.jar;C:\Users\sathwik\.m2\repository\org\springframework\boot\spring-boot-starter-validation\3.2.5\spring-boot-starter-validation-3.2.5.jar;C:\Users\sathwik\.m2\repository\org\apache\tomcat\embed\tomcat-embed-el\10.1.20\tomcat-embed-el-10.1.20.jar;C:\Users\sathwik\.m2\repository\org\hibernate\validator\hibernate-validator\8.0.1.Final\hibernate-validator-8.0.1.Final.jar;C:\Users\sathwik\.m2\repository\jakarta\validation\jakarta.validation-api\3.0.2\jakarta.validation-api-3.0.2.jar;C:\Users\sathwik\.m2\repository\jakarta\xml\bind\jakarta.xml.bind-api\4.0.2\jakarta.xml.bind-api-4.0.2.jar;C:\Users\sathwik\.m2\repository\jakarta\activation\jakarta.activation-api\2.1.3\jakarta.activation-api-2.1.3.jar;C:\Users\sathwik\.m2\repository\org\springframework\spring-core\6.1.6\spring-core-6.1.6.jar;C:\Users\sathwik\.m2\repository\org\springframework\spring-jcl\6.1.6\spring-jcl-6.1.6.jar
Launcher Type: SUN_STANDARD

[Global flags]
     intx CICompilerCount                          = 3                                         {product} {ergonomic}
     uint ConcGCThreads                            = 1                                         {product} {ergonomic}
     uint G1ConcRefinementThreads                  = 4                                         {product} {ergonomic}
   size_t G1HeapRegionSize                         = 1048576                                   {product} {ergonomic}
   size_t InitialHeapSize                          = 62914560                                  {product} {ergonomic}
   size_t MarkStackSize                            = 4194304                                   {product} {ergonomic}
   size_t MarkStackSizeMax                         = 536870912                                 {product} {ergonomic}
   size_t MaxHeapSize                              = 994050048                                 {product} {ergonomic}
   size_t MaxNewSize                               = 595591168                                 {product} {ergonomic}
   size_t MinHeapDeltaBytes                        = 1048576                                   {product} {ergonomic}
   size_t MinHeapSize                              = 8388608                                   {product} {ergonomic}
    uintx NonNMethodCodeHeapSize                   = 5832704                                {pd product} {ergonomic}
    uintx NonProfiledCodeHeapSize                  = 122945536                              {pd product} {ergonomic}
    uintx ProfiledCodeHeapSize                     = 122880000                              {pd product} {ergonomic}
    uintx ReservedCodeCacheSize                    = 251658240                              {pd product} {ergonomic}
     bool SegmentedCodeCache                       = true                                      {product} {ergonomic}
   size_t SoftMaxHeapSize                          = 994050048                              {manageable} {ergonomic}
     bool UseCompressedOops                        = true                           {product lp64_product} {ergonomic}
     bool UseG1GC                                  = true                                      {product} {ergonomic}
     bool UseLargePagesIndividualAllocation        = false                                  {pd product} {ergonomic}

Logging:
Log output configuration:
 #0: stdout all=warning uptime,level,tags foldmultilines=false
 #1: stderr all=off uptime,level,tags foldmultilines=false

Release file:
IMPLEMENTOR="Oracle Corporation" 
JAVA_RUNTIME_VERSION="25.0.1+8-27" 
JAVA_VERSION="25.0.1" 
JAVA_VERSION_DATE="2025-10-21" 
LIBC="default" 
MODULES="java.base java.compiler java.datatransfer java.xml java.prefs java.desktop java.instrument java.logging java.management java.security.sasl java.naming java.rmi java.management.rmi java.net.http java.scripting java.security.jgss java.transaction.xa java.sql java.sql.rowset java.xml.crypto java.se java.smartcardio jdk.accessibility jdk.internal.jvmstat jdk.attach jdk.charsets jdk.internal.opt jdk.zipfs jdk.compiler jdk.crypto.cryptoki jdk.crypto.ec jdk.crypto.mscapi jdk.dynalink jdk.internal.ed jdk.editpad jdk.internal.vm.ci jdk.graal.compiler jdk.graal.compiler.management jdk.hotspot.agent jdk.httpserver jdk.incubator.vector jdk.internal.le jdk.internal.md jdk.jartool jdk.javadoc jdk.jcmd jdk.management jdk.management.agent jdk.jconsole jdk.jdeps jdk.jdwp.agent jdk.jdi jdk.jfr jdk.jlink jdk.jpackage jdk.jshell jdk.jsobject jdk.jstatd jdk.localedata jdk.management.jfr jdk.naming.dns jdk.naming.rmi jdk.net jdk.nio.mapmode jdk.sctp jdk.security.auth jdk.security.jgss jdk.unsupported jdk.unsupported.desktop jdk.xml.dom" 
OS_ARCH="x86_64" 
OS_NAME="Windows" 
SOURCE=".:git:78770bfaefd2" 

Environment Variables:
JAVA_HOME=C:\Users\sathwik\AppData\Local\Programs\Eclipse Adoptium\jdk-17.0.5.8-hotspot\
CLASSPATH=C:\mysql-connector-j-9.4.0.jar
PATH=C:\Program Files\Eclipse Adoptium\jdk-17.0.17.10-hotspot\bin;C:\Program Files\Common Files\Oracle\Java\javapath;C:\Users\sathwik\OneDrive\Documents\javalabcs131;C:\WINDOWS\system32;C:\WINDOWS;C:\WINDOWS\System32\Wbem;C:\WINDOWS\System32\WindowsPowerShell\v1.0\;C:\WINDOWS\System32\OpenSSH\;C:\Program Files\Java\jdk-19\bin;C:\Program Files\Git\cmd;C:\Program Files\Java\jdk-24\bin\;C:\Program Files (x86)\Microsoft SQL Server\160\Tools\Binn\;C:\Program Files\Microsoft SQL Server\160\Tools\Binn\;C:\Program Files\Microsoft SQL Server\Client SDK\ODBC\170\Tools\Binn\;C:\Program Files\Microsoft SQL Server\160\DTS\Binn\;C:\Program Files (x86)\Microsoft SQL Server\160\DTS\Binn\;C:\Program Files\nodejs\;C:\Users\sathwik\Downloads\apache-maven-3.9.11-bin.zip\bin;C:\Program Files\MySQL\MySQL Shell 8.4\bin\;C:\Program Files\MySQL\MySQL Shell 8.4\bin\;C:\Users\sathwik\OneDrive\Documents\javalabcs131;C:\Users\sathwik\AppData\Local\Microsoft\WindowsApps;C:\Users\sathwik\AppData\Local\Programs\Microsoft VS Code\bin;C:\Users\sathwik\AppData\Roaming\npm;C:\Program Files\apache-maven-3.9.11\bin;C:\Program Files\apache-maven-3.9.11\bin;C:\Users\sathwik\AppData\Local\Programs\Antigravity\bin
USERNAME=sathwik
OS=Windows_NT
PROCESSOR_IDENTIFIER=Intel64 Family 6 Model 140 Stepping 1, GenuineIntel
TMP=C:\Users\sathwik\AppData\Local\Temp
TEMP=C:\Users\sathwik\AppData\Local\Temp




Compilation memory statistics disabled.

Periodic native trim disabled

---------------  S Y S T E M  ---------------

OS:
 Windows 11 , 64 bit Build 26100 (10.0.26100.7705)
OS uptime: 0 days 1:58 hours

CPU: total 4 (initial active 4) (2 cores per cpu, 2 threads per core) family 6 model 140 stepping 1 microcode 0x86, cx8, cmov, fxsr, ht, mmx, 3dnowpref, sse, sse2, sse3, ssse3, sse4.1, sse4.2, popcnt, lzcnt, tsc, tscinvbit, avx, avx2, aes, erms, clmul, bmi1, bmi2, adx, avx512f, avx512dq, avx512cd, avx512bw, avx512vl, sha, fma, vzeroupper, avx512_vpopcntdq, avx512_vpclmulqdq, avx512_vaes, avx512_vnni, clflush, clflushopt, clwb, avx512_vbmi2, avx512_vbmi, rdtscp, rdpid, fsrm, gfni, avx512_bitalg, f16c, pku, cet_ibt, cet_ss, avx512_ifma
Processor Information for the first 4 processors :
  Max Mhz: 2995, Current Mhz: 2995, Mhz Limit: 2995

Memory: 4k page, system-wide physical 3790M (133M free)
TotalPageFile size 15566M (AvailPageFile size 54M)
current process WorkingSet (physical memory assigned to process): 87M, peak: 87M
current process commit charge ("private bytes"): 153M, peak: 153M

vm_info: OpenJDK 64-Bit Server VM (25.0.1+8-27) for windows-amd64 JRE (25.0.1+8-27), built on 2025-09-25T16:41:16Z with unknown MS VC++:1943

END.
