#
# There is insufficient memory for the Java Runtime Environment to continue.
# Native memory allocation (malloc) failed to allocate 1261368 bytes. Error detail: Chunk::new
# Possible reasons:
#   The system is out of physical RAM or swap space
#   This process is running with CompressedOops enabled, and the Java Heap may be blocking the growth of the native heap
# Possible solutions:
#   Reduce memory load on the system
#   Increase physical memory or swap space
#   Check if swap backing store is full
#   Decrease Java heap size (-Xmx/-Xms)
#   Decrease number of Java threads
#   Decrease Java thread stack sizes (-Xss)
#   Set larger code cache with -XX:ReservedCodeCacheSize=
#   JVM is running with Unscaled Compressed Oops mode in which the Java heap is
#     placed in the first 4GB address space. The Java Heap base address is the
#     maximum limit for the native heap growth. Please use -XX:HeapBaseMinAddress
#     to set the Java Heap base and to place the Java Heap above 4GB virtual address.
# This output file may be truncated or incomplete.
#
#  Out of Memory Error (arena.cpp:186), pid=18756, tid=15108
#
# JRE version: OpenJDK Runtime Environment (25.0.1+8) (build 25.0.1+8-27)
# Java VM: OpenJDK 64-Bit Server VM (25.0.1+8-27, mixed mode, sharing, tiered, compressed oops, compressed class ptrs, g1 gc, windows-amd64)
# No core dump will be written. Minidumps are not enabled by default on client versions of Windows
#

---------------  S U M M A R Y ------------

Command Line: -javaagent:C:\Program Files\JetBrains\IntelliJ IDEA Community Edition 2025.1.1.1\lib\idea_rt.jar=64445 -Dfile.encoding=UTF-8 -Dsun.stdout.encoding=UTF-8 -Dsun.stderr.encoding=UTF-8 com.example.ecommerce.EcommerceApplication

Host: 11th Gen Intel(R) Core(TM) i3-1115G4 @ 3.00GHz, 4 cores, 3G,  Windows 11 , 64 bit Build 26100 (10.0.26100.7705)
Time: Sun Feb  1 18:05:25 2026 India Standard Time elapsed time: 28.771153 seconds (0d 0h 0m 28s)

---------------  T H R E A D  ---------------

Current thread (0x0000023ae389cf40):  JavaThread "C2 CompilerThread0" daemon [_thread_in_native, id=15108, stack(0x000000e0e1900000,0x000000e0e1a00000) (1024K)]


Current CompileTask:
C2:28772 6746   !   4       org.springframework.util.ReflectionUtils::doWithMethods (186 bytes)

Stack: [0x000000e0e1900000,0x000000e0e1a00000]
Native frames: (J=compiled Java code, j=interpreted, Vv=VM code, C=native code)
V  [jvm.dll+0x7a6b59]  (no source info available)
V  [jvm.dll+0x77290d]  (no source info available)
V  [jvm.dll+0x966153]  (no source info available)
V  [jvm.dll+0x968751]  (no source info available)
V  [jvm.dll+0x968e53]  (no source info available)
V  [jvm.dll+0x2fc756]  (no source info available)
V  [jvm.dll+0x111b26]  (no source info available)
V  [jvm.dll+0x111e4e]  (no source info available)
V  [jvm.dll+0x45242d]  (no source info available)
V  [jvm.dll+0x254b48]  (no source info available)
V  [jvm.dll+0x2c093c]  (no source info available)
V  [jvm.dll+0x2bfa8f]  (no source info available)
V  [jvm.dll+0x237b60]  (no source info available)
V  [jvm.dll+0x2cfb56]  (no source info available)
V  [jvm.dll+0x2cddd5]  (no source info available)
V  [jvm.dll+0x48e6d1]  (no source info available)
V  [jvm.dll+0x906a0d]  (no source info available)
V  [jvm.dll+0x7a5135]  (no source info available)
C  [ucrtbase.dll+0x37b0]  (no source info available)
C  [KERNEL32.DLL+0x2e8d7]  (no source info available)
C  [ntdll.dll+0x8c40c]  (no source info available)

Lock stack of current Java thread (top to bottom):


---------------  P R O C E S S  ---------------

Threads class SMR info:
_java_thread_list=0x0000023afe90af20, length=14, elements={
0x0000023ae130c510, 0x0000023ae388f1b0, 0x0000023ae3890d00, 0x0000023ae3895c60,
0x0000023ae3896820, 0x0000023ae3898600, 0x0000023ae3899a90, 0x0000023ae389cf40,
0x0000023ae389e6c0, 0x0000023afea356f0, 0x0000023afedc2cf0, 0x0000023afedc34b0,
0x0000023a85cd9140, 0x0000023a84170cf0
}

Java Threads: ( => current thread )
  0x0000023ae130c510 JavaThread "main"                              [_thread_blocked, id=19924, stack(0x000000e0e0b00000,0x000000e0e0c00000) (1024K)]
  0x0000023ae388f1b0 JavaThread "Reference Handler"          daemon [_thread_blocked, id=20404, stack(0x000000e0e1300000,0x000000e0e1400000) (1024K)]
  0x0000023ae3890d00 JavaThread "Finalizer"                  daemon [_thread_blocked, id=14476, stack(0x000000e0e1400000,0x000000e0e1500000) (1024K)]
  0x0000023ae3895c60 JavaThread "Signal Dispatcher"          daemon [_thread_blocked, id=19912, stack(0x000000e0e1500000,0x000000e0e1600000) (1024K)]
  0x0000023ae3896820 JavaThread "Attach Listener"            daemon [_thread_blocked, id=7496, stack(0x000000e0e1600000,0x000000e0e1700000) (1024K)]
  0x0000023ae3898600 JavaThread "Service Thread"             daemon [_thread_blocked, id=17228, stack(0x000000e0e1700000,0x000000e0e1800000) (1024K)]
  0x0000023ae3899a90 JavaThread "Monitor Deflation Thread"   daemon [_thread_blocked, id=13708, stack(0x000000e0e1800000,0x000000e0e1900000) (1024K)]
=>0x0000023ae389cf40 JavaThread "C2 CompilerThread0"         daemon [_thread_in_native, id=15108, stack(0x000000e0e1900000,0x000000e0e1a00000) (1024K)]
  0x0000023ae389e6c0 JavaThread "C1 CompilerThread0"         daemon [_thread_blocked, id=18504, stack(0x000000e0e1a00000,0x000000e0e1b00000) (1024K)]
  0x0000023afea356f0 JavaThread "Common-Cleaner"             daemon [_thread_blocked, id=20428, stack(0x000000e0e1b00000,0x000000e0e1c00000) (1024K)]
  0x0000023afedc2cf0 JavaThread "Monitor Ctrl-Break"         daemon [_thread_in_native, id=2688, stack(0x000000e0e1c00000,0x000000e0e1d00000) (1024K)]
  0x0000023afedc34b0 JavaThread "Notification Thread"        daemon [_thread_blocked, id=600, stack(0x000000e0e1d00000,0x000000e0e1e00000) (1024K)]
  0x0000023a85cd9140 JavaThread "mysql-cj-abandoned-connection-cleanup" daemon [_thread_blocked, id=9504, stack(0x000000e0e2000000,0x000000e0e2100000) (1024K)]
  0x0000023a84170cf0 JavaThread "HikariPool-1 housekeeper"   daemon [_thread_blocked, id=13936, stack(0x000000e0e2300000,0x000000e0e2400000) (1024K)]
Total: 14

Other Threads:
  0x0000023ae387a930 VMThread "VM Thread"                           [id=7908, stack(0x000000e0e1200000,0x000000e0e1300000) (1024K)]
  0x0000023ae386bf90 WatcherThread "VM Periodic Task Thread"        [id=15408, stack(0x000000e0e1100000,0x000000e0e1200000) (1024K)]
  0x0000023ae3821040 WorkerThread "GC Thread#0"                     [id=8656, stack(0x000000e0e0c00000,0x000000e0e0d00000) (1024K)]
  0x0000023aff082be0 WorkerThread "GC Thread#1"                     [id=17632, stack(0x000000e0e1e00000,0x000000e0e1f00000) (1024K)]
  0x0000023aff07fc70 WorkerThread "GC Thread#2"                     [id=17624, stack(0x000000e0e1f00000,0x000000e0e2000000) (1024K)]
  0x0000023aff080960 WorkerThread "GC Thread#3"                     [id=18220, stack(0x000000e0e2100000,0x000000e0e2200000) (1024K)]
  0x0000023ae382e1c0 ConcurrentGCThread "G1 Main Marker"            [id=19248, stack(0x000000e0e0d00000,0x000000e0e0e00000) (1024K)]
  0x0000023ae382f500 WorkerThread "G1 Conc#0"                       [id=18360, stack(0x000000e0e0e00000,0x000000e0e0f00000) (1024K)]
  0x0000023ae3859f80 ConcurrentGCThread "G1 Refine#0"               [id=11388, stack(0x000000e0e0f00000,0x000000e0e1000000) (1024K)]
  0x0000023ae385ab90 ConcurrentGCThread "G1 Service"                [id=16020, stack(0x000000e0e1000000,0x000000e0e1100000) (1024K)]
Total: 10

Threads with active compile tasks:
C2 CompilerThread0  29691 6746   !   4       org.springframework.util.ReflectionUtils::doWithMethods (186 bytes)
Total: 1

VM state: at safepoint (normal execution)

VM Mutex/Monitor currently owned by a thread:  ([mutex/lock_event])
[0x00007ffa512794e8] Threads_lock - owner thread: 0x0000023ae387a930
[0x00007ffa51279668] Heap_lock - owner thread: 0x0000023ae130c510

Heap address: 0x00000000c4c00000, size: 948 MB, Compressed Oops mode: 32-bit

CDS archive(s) mapped at: [0x0000000007000000-0x0000000007dd0000-0x0000000007dd0000), size 14483456, SharedBaseAddress: 0x0000000007000000, ArchiveRelocationMode: 1.
Compressed class space mapped at: 0x0000000008000000-0x0000000048000000, reserved size: 1073741824
UseCompressedClassPointers 1, UseCompactObjectHeaders 0
Narrow klass pointer bits 32, Max shift 3
Narrow klass base: 0x0000000007000000, Narrow klass shift: 0
Encoding Range: [0x0000000007000000 - 0x0000000107000000), (4294967296 bytes)
Klass Range:    [0x0000000007010000 - 0x0000000048000000), (1090453504 bytes)
Klass ID Range:  [65536 - 1090519033) (1090453497)
Protection zone: [0x0000000007000000 - 0x0000000007010000), (65536 bytes)

GC Precious Log:
 CardTable entry size: 512
 Card Set container configuration: InlinePtr #cards 5 size 8 Array Of Cards #cards 10 size 36 Howl #buckets 4 coarsen threshold 1843 Howl Bitmap #cards 512 size 80 coarsen threshold 460 Card regions per heap region 1 cards per card region 2048
 CPUs: 4 total, 4 available
 Memory: 3790M
 Large Page Support: Disabled
 NUMA Support: Disabled
 Compressed Oops: Enabled (32-bit)
 Heap Region Size: 1M
 Heap Min Capacity: 8M
 Heap Initial Capacity: 60M
 Heap Max Capacity: 948M
 Pre-touch: Disabled
 Parallel Workers: 4
 Concurrent Workers: 1
 Concurrent Refinement Workers: 4
 Periodic GC: Disabled

Heap:
 garbage-first heap   total reserved 970752K, committed 55296K, used 27307K [0x00000000c4c00000, 0x0000000100000000)
  region size 1024K, 3 young (3072K), 3 survivors (3072K)

Heap Regions: E=young(eden), S=young(survivor), O=old, HS=humongous(starts), HC=humongous(continues), CS=collection set, F=free, TAMS=top-at-mark-start, PB=parsable bottom
|   0|0x00000000c4c00000, 0x00000000c4d00000, 0x00000000c4d00000|100%|HS|  |TAMS 0x00000000c4c00000| PB 0x00000000c4c00000| Complete |  0
|   1|0x00000000c4d00000, 0x00000000c4e00000, 0x00000000c4e00000|100%| O|  |TAMS 0x00000000c4d00000| PB 0x00000000c4d00000| Untracked |  0
|   2|0x00000000c4e00000, 0x00000000c4f00000, 0x00000000c4f00000|100%| O|  |TAMS 0x00000000c4e00000| PB 0x00000000c4e00000| Untracked |  0
|   3|0x00000000c4f00000, 0x00000000c5000000, 0x00000000c5000000|100%| O|  |TAMS 0x00000000c4f00000| PB 0x00000000c4f00000| Untracked |  0
|   4|0x00000000c5000000, 0x00000000c5100000, 0x00000000c5100000|100%| O|  |TAMS 0x00000000c5000000| PB 0x00000000c5000000| Untracked |  0
|   5|0x00000000c5100000, 0x00000000c5200000, 0x00000000c5200000|100%| O|  |TAMS 0x00000000c5100000| PB 0x00000000c5100000| Untracked |  0
|   6|0x00000000c5200000, 0x00000000c5300000, 0x00000000c5300000|100%| O|  |TAMS 0x00000000c5200000| PB 0x00000000c5200000| Untracked |  0
|   7|0x00000000c5300000, 0x00000000c5400000, 0x00000000c5400000|100%| O|  |TAMS 0x00000000c5300000| PB 0x00000000c5300000| Untracked |  0
|   8|0x00000000c5400000, 0x00000000c5500000, 0x00000000c5500000|100%| O|  |TAMS 0x00000000c5400000| PB 0x00000000c5400000| Untracked |  0
|   9|0x00000000c5500000, 0x00000000c5600000, 0x00000000c5600000|100%| O|  |TAMS 0x00000000c5500000| PB 0x00000000c5500000| Untracked |  0
|  10|0x00000000c5600000, 0x00000000c5700000, 0x00000000c5700000|100%| O|  |TAMS 0x00000000c5600000| PB 0x00000000c5600000| Untracked |  0
|  11|0x00000000c5700000, 0x00000000c57cd248, 0x00000000c5800000| 80%| O|  |TAMS 0x00000000c5700000| PB 0x00000000c5700000| Untracked |  0
|  12|0x00000000c5800000, 0x00000000c5900000, 0x00000000c5900000|100%| O|  |TAMS 0x00000000c5800000| PB 0x00000000c5800000| Untracked |  0
|  13|0x00000000c5900000, 0x00000000c5a00000, 0x00000000c5a00000|100%| O|  |TAMS 0x00000000c5900000| PB 0x00000000c5900000| Untracked |  0
|  14|0x00000000c5a00000, 0x00000000c5b00000, 0x00000000c5b00000|100%| O|  |TAMS 0x00000000c5a00000| PB 0x00000000c5a00000| Untracked |  0
|  15|0x00000000c5b00000, 0x00000000c5c00000, 0x00000000c5c00000|100%| O|Cm|TAMS 0x00000000c5b00000| PB 0x00000000c5b00000| Complete |  0
|  16|0x00000000c5c00000, 0x00000000c5d00000, 0x00000000c5d00000|100%| O|  |TAMS 0x00000000c5c00000| PB 0x00000000c5c00000| Untracked |  0
|  17|0x00000000c5d00000, 0x00000000c5e00000, 0x00000000c5e00000|100%| O|  |TAMS 0x00000000c5d00000| PB 0x00000000c5d00000| Untracked |  0
|  18|0x00000000c5e00000, 0x00000000c5f00000, 0x00000000c5f00000|100%| O|  |TAMS 0x00000000c5e00000| PB 0x00000000c5e00000| Untracked |  0
|  19|0x00000000c5f00000, 0x00000000c6000000, 0x00000000c6000000|100%| O|  |TAMS 0x00000000c5f00000| PB 0x00000000c5f00000| Untracked |  0
|  20|0x00000000c6000000, 0x00000000c6100000, 0x00000000c6100000|100%| O|  |TAMS 0x00000000c6000000| PB 0x00000000c6000000| Untracked |  0
|  21|0x00000000c6100000, 0x00000000c6200000, 0x00000000c6200000|100%| O|  |TAMS 0x00000000c6100000| PB 0x00000000c6100000| Untracked |  0
|  22|0x00000000c6200000, 0x00000000c6200000, 0x00000000c6300000|  0%| F|  |TAMS 0x00000000c6200000| PB 0x00000000c6200000| Untracked |  0
|  23|0x00000000c6300000, 0x00000000c63ddc20, 0x00000000c6400000| 86%| S|CS|TAMS 0x00000000c6300000| PB 0x00000000c6300000| Complete |  0
|  24|0x00000000c6400000, 0x00000000c6500000, 0x00000000c6500000|100%| S|CS|TAMS 0x00000000c6400000| PB 0x00000000c6400000| Complete |  0
|  25|0x00000000c6500000, 0x00000000c6600000, 0x00000000c6600000|100%| S|CS|TAMS 0x00000000c6500000| PB 0x00000000c6500000| Complete |  0
|  26|0x00000000c6600000, 0x00000000c6700000, 0x00000000c6700000|100%| O|  |TAMS 0x00000000c6600000| PB 0x00000000c6600000| Untracked |  0
|  27|0x00000000c6700000, 0x00000000c6700000, 0x00000000c6800000|  0%| F|  |TAMS 0x00000000c6700000| PB 0x00000000c6700000| Untracked |  0
|  28|0x00000000c6800000, 0x00000000c6800000, 0x00000000c6900000|  0%| F|  |TAMS 0x00000000c6800000| PB 0x00000000c6800000| Untracked |  0
|  29|0x00000000c6900000, 0x00000000c6900000, 0x00000000c6a00000|  0%| F|  |TAMS 0x00000000c6900000| PB 0x00000000c6900000| Untracked |  0
|  30|0x00000000c6a00000, 0x00000000c6a00000, 0x00000000c6b00000|  0%| F|  |TAMS 0x00000000c6a00000| PB 0x00000000c6a00000| Untracked |  0
|  31|0x00000000c6b00000, 0x00000000c6b00000, 0x00000000c6c00000|  0%| F|  |TAMS 0x00000000c6b00000| PB 0x00000000c6b00000| Untracked |  0
|  32|0x00000000c6c00000, 0x00000000c6c00000, 0x00000000c6d00000|  0%| F|  |TAMS 0x00000000c6c00000| PB 0x00000000c6c00000| Untracked |  0
|  33|0x00000000c6d00000, 0x00000000c6d00000, 0x00000000c6e00000|  0%| F|  |TAMS 0x00000000c6d00000| PB 0x00000000c6d00000| Untracked |  0
|  34|0x00000000c6e00000, 0x00000000c6e00000, 0x00000000c6f00000|  0%| F|  |TAMS 0x00000000c6e00000| PB 0x00000000c6e00000| Untracked |  0
|  35|0x00000000c6f00000, 0x00000000c6f00000, 0x00000000c7000000|  0%| F|  |TAMS 0x00000000c6f00000| PB 0x00000000c6f00000| Untracked |  0
|  36|0x00000000c7000000, 0x00000000c7000000, 0x00000000c7100000|  0%| F|  |TAMS 0x00000000c7000000| PB 0x00000000c7000000| Untracked |  0
|  37|0x00000000c7100000, 0x00000000c7100000, 0x00000000c7200000|  0%| F|  |TAMS 0x00000000c7100000| PB 0x00000000c7100000| Untracked |  0
|  38|0x00000000c7200000, 0x00000000c7200000, 0x00000000c7300000|  0%| F|  |TAMS 0x00000000c7200000| PB 0x00000000c7200000| Untracked |  0
|  39|0x00000000c7300000, 0x00000000c7300000, 0x00000000c7400000|  0%| F|  |TAMS 0x00000000c7300000| PB 0x00000000c7300000| Untracked |  0
|  40|0x00000000c7400000, 0x00000000c7400000, 0x00000000c7500000|  0%| F|  |TAMS 0x00000000c7400000| PB 0x00000000c7400000| Untracked |  0
|  41|0x00000000c7500000, 0x00000000c7500000, 0x00000000c7600000|  0%| F|  |TAMS 0x00000000c7500000| PB 0x00000000c7500000| Untracked |  0
|  42|0x00000000c7600000, 0x00000000c7600000, 0x00000000c7700000|  0%| F|  |TAMS 0x00000000c7600000| PB 0x00000000c7600000| Untracked |  0
|  43|0x00000000c7700000, 0x00000000c7700000, 0x00000000c7800000|  0%| F|  |TAMS 0x00000000c7700000| PB 0x00000000c7700000| Untracked |  0
|  44|0x00000000c7800000, 0x00000000c7800000, 0x00000000c7900000|  0%| F|  |TAMS 0x00000000c7800000| PB 0x00000000c7800000| Untracked |  0
|  45|0x00000000c7900000, 0x00000000c7900000, 0x00000000c7a00000|  0%| F|  |TAMS 0x00000000c7900000| PB 0x00000000c7900000| Untracked |  0
|  46|0x00000000c7a00000, 0x00000000c7a00000, 0x00000000c7b00000|  0%| F|  |TAMS 0x00000000c7a00000| PB 0x00000000c7a00000| Untracked |  0
|  47|0x00000000c7b00000, 0x00000000c7b00000, 0x00000000c7c00000|  0%| F|  |TAMS 0x00000000c7b00000| PB 0x00000000c7b00000| Untracked |  0
|  48|0x00000000c7c00000, 0x00000000c7c00000, 0x00000000c7d00000|  0%| F|  |TAMS 0x00000000c7c00000| PB 0x00000000c7c00000| Untracked |  0
|  49|0x00000000c7d00000, 0x00000000c7d00000, 0x00000000c7e00000|  0%| F|  |TAMS 0x00000000c7d00000| PB 0x00000000c7d00000| Untracked |  0
|  50|0x00000000c7e00000, 0x00000000c7e00000, 0x00000000c7f00000|  0%| F|  |TAMS 0x00000000c7e00000| PB 0x00000000c7e00000| Untracked |  0
|  59|0x00000000c8700000, 0x00000000c8700000, 0x00000000c8800000|  0%| F|  |TAMS 0x00000000c8700000| PB 0x00000000c8700000| Untracked |  0
| 946|0x00000000ffe00000, 0x00000000fff00000, 0x00000000fff00000|100%| O|  |TAMS 0x00000000ffe00000| PB 0x00000000ffe00000| Untracked |  0
| 947|0x00000000fff00000, 0x00000000fff00000, 0x0000000100000000|  0%| F|  |TAMS 0x00000000fff00000| PB 0x00000000fff00000| Untracked |  0

Card table byte_map: [0x0000023afb240000,0x0000023afb420000] _byte_map_base: 0x0000023afac1a000

Marking Bits: (CMBitMap*) 0x0000023ae38217d0
 Bits: [0x0000023afb420000, 0x0000023afc2f0000)

Polling page: 0x0000023ae15a0000

Metaspace:
Metaspace        used 63487K, committed 63936K, reserved 1114112K
 class space     used 6610K, committed 6784K, reserved 1048576K

Usage:
  Non-class:     55.54 MB used.
      Class:      6.46 MB used.
       Both:     62.00 MB used.

Virtual space:
  Non-class space:       64.00 MB reserved,      55.81 MB ( 87%) committed,  1 nodes.
      Class space:        1.00 GB reserved,       6.62 MB ( <1%) committed,  1 nodes.
             Both:        1.06 GB reserved,      62.44 MB (  6%) committed. 

Chunk freelists:
   Non-Class:  7.94 MB
       Class:  9.39 MB
        Both:  17.33 MB

MaxMetaspaceSize: unlimited
CompressedClassSpaceSize: 1.00 GB
Initial GC threshold: 21.00 MB
Current GC threshold: 98.38 MB
CDS: on
 - commit_granule_bytes: 65536.
 - commit_granule_words: 8192.
 - virtual_space_node_default_size: 8388608.
 - enlarge_chunks_in_place: 1.
UseCompressedClassPointers 1, UseCompactObjectHeaders 0
Narrow klass pointer bits 32, Max shift 3
Narrow klass base: 0x0000000007000000, Narrow klass shift: 0
Encoding Range: [0x0000000007000000 - 0x0000000107000000), (4294967296 bytes)
Klass Range:    [0x0000000007010000 - 0x0000000048000000), (1090453504 bytes)
Klass ID Range:  [65536 - 1090519033) (1090453497)
Protection zone: [0x0000000007000000 - 0x0000000007010000), (65536 bytes)


Internal statistics:

num_allocs_failed_limit: 9.
num_arena_births: 566.
num_arena_deaths: 0.
num_vsnodes_births: 2.
num_vsnodes_deaths: 0.
num_space_committed: 999.
num_space_uncommitted: 0.
num_chunks_returned_to_freelist: 9.
num_chunks_taken_from_freelist: 2606.
num_chunk_merges: 9.
num_chunk_splits: 1993.
num_chunks_enlarged: 1688.
num_inconsistent_stats: 0.

CodeHeap 'non-profiled nmethods': size=120064Kb used=2530Kb max_used=2677Kb free=117533Kb
 bounds [0x0000023af3b20000, 0x0000023af3dc0000, 0x0000023afb060000]
CodeHeap 'profiled nmethods': size=120000Kb used=9244Kb max_used=9686Kb free=110755Kb
 bounds [0x0000023aec060000, 0x0000023aec9e0000, 0x0000023af3590000]
CodeHeap 'non-nmethods': size=5696Kb used=1824Kb max_used=1894Kb free=3871Kb
 bounds [0x0000023af3590000, 0x0000023af3800000, 0x0000023af3b20000]
CodeCache: size=245760Kb, used=13598Kb, max_used=14257Kb, free=232159Kb
 total_blobs=6822, nmethods=6064, adapters=661, full_count=0
Compilation: enabled, stopped_count=0, restarted_count=0

Compilation events (20 events):
Event: 27.350 Thread 0x0000023ae389e6c0 6760   !   3       jdk.proxy2.$Proxy12::annotation (28 bytes)
Event: 27.350 Thread 0x0000023ae389e6c0 nmethod 6760 0x0000023aec7e6308 code [0x0000023aec7e6400, 0x0000023aec7e67d0]
Event: 27.368 Thread 0x0000023ae389e6c0 6761   !   3       jdk.proxy2.$Proxy21::annotationType (28 bytes)
Event: 27.368 Thread 0x0000023ae389e6c0 nmethod 6761 0x0000023aec179a08 code [0x0000023aec179b00, 0x0000023aec179ed0]
Event: 27.370 Thread 0x0000023ae389e6c0 6762       3       org.springframework.aop.support.ClassFilters$UnionClassFilter::matches (44 bytes)
Event: 27.370 Thread 0x0000023ae389e6c0 nmethod 6762 0x0000023aec327d88 code [0x0000023aec327e80, 0x0000023aec328178]
Event: 27.371 Thread 0x0000023ae389e6c0 6763       3       org.springframework.transaction.interceptor.AbstractFallbackTransactionAttributeSource::computeTransactionAttribute (112 bytes)
Event: 27.372 Thread 0x0000023ae389e6c0 nmethod 6763 0x0000023aec4d8488 code [0x0000023aec4d8580, 0x0000023aec4da5d0]
Event: 27.381 Thread 0x0000023ae389e6c0 6765       3       org.springframework.aop.framework.autoproxy.AutoProxyUtils::isOriginalInstance (55 bytes)
Event: 27.382 Thread 0x0000023ae389e6c0 nmethod 6765 0x0000023aec392408 code [0x0000023aec392500, 0x0000023aec393880]
Event: 27.438 Thread 0x0000023ae389e6c0 6766       1       com.fasterxml.jackson.databind.type.ClassKey::hashCode (5 bytes)
Event: 27.438 Thread 0x0000023ae389e6c0 nmethod 6766 0x0000023af3ca0188 code [0x0000023af3ca0280, 0x0000023af3ca0348]
Event: 27.438 Thread 0x0000023ae389e6c0 6767       3       com.fasterxml.jackson.databind.module.SimpleModule::_checkNotNull (26 bytes)
Event: 27.439 Thread 0x0000023ae389e6c0 nmethod 6767 0x0000023aec11f688 code [0x0000023aec11f780, 0x0000023aec1203f0]
Event: 27.457 Thread 0x0000023ae389e6c0 6768   !   3       org.springframework.util.ConcurrentReferenceHashMap$Segment::restructure (411 bytes)
Event: 27.460 Thread 0x0000023ae389e6c0 nmethod 6768 0x0000023aec200888 code [0x0000023aec200980, 0x0000023aec203468]
Event: 27.581 Thread 0x0000023ae389e6c0 6769       1       java.util.concurrent.locks.AbstractQueuedLongSynchronizer::getState (5 bytes)
Event: 27.581 Thread 0x0000023ae389e6c0 nmethod 6769 0x0000023af3c9fe88 code [0x0000023af3c9ff80, 0x0000023af3ca0050]
Event: 27.589 Thread 0x0000023ae389e6c0 6770       3       java.lang.Package::getName (5 bytes)
Event: 27.589 Thread 0x0000023ae389e6c0 nmethod 6770 0x0000023aec32b608 code [0x0000023aec32b700, 0x0000023aec32b8a0]

GC Heap Usage History (20 events):
Event: 10.625 {heap Before GC invocations=2 (full 0):
 garbage-first heap   total reserved 970752K, committed 63488K, used 36012K [0x00000000c4c00000, 0x0000000100000000)
  region size 1024K, 28 young (28672K), 2 survivors (2048K)
}
Event: 10.640 {heap After GC invocations=3 (full 0):
 garbage-first heap   total reserved 970752K, committed 63488K, used 13729K [0x00000000c4c00000, 0x0000000100000000)
  region size 1024K, 4 young (4096K), 4 survivors (4096K)
}
Event: 11.395 {heap Before GC invocations=3 (full 0):
 garbage-first heap   total reserved 970752K, committed 63488K, used 23969K [0x00000000c4c00000, 0x0000000100000000)
  region size 1024K, 16 young (16384K), 4 survivors (4096K)
}
Event: 11.408 {heap After GC invocations=4 (full 0):
 garbage-first heap   total reserved 970752K, committed 63488K, used 14827K [0x00000000c4c00000, 0x0000000100000000)
  region size 1024K, 2 young (2048K), 2 survivors (2048K)
}
Event: 13.859 {heap Before GC invocations=5 (full 0):
 garbage-first heap   total reserved 970752K, committed 55296K, used 44523K [0x00000000c4c00000, 0x0000000100000000)
  region size 1024K, 31 young (31744K), 2 survivors (2048K)
}
Event: 13.872 {heap After GC invocations=6 (full 0):
 garbage-first heap   total reserved 970752K, committed 55296K, used 17198K [0x00000000c4c00000, 0x0000000100000000)
  region size 1024K, 4 young (4096K), 4 survivors (4096K)
}
Event: 15.856 {heap Before GC invocations=6 (full 0):
 garbage-first heap   total reserved 970752K, committed 55296K, used 41774K [0x00000000c4c00000, 0x0000000100000000)
  region size 1024K, 28 young (28672K), 4 survivors (4096K)
}
Event: 15.885 {heap After GC invocations=7 (full 0):
 garbage-first heap   total reserved 970752K, committed 55296K, used 19176K [0x00000000c4c00000, 0x0000000100000000)
  region size 1024K, 2 young (2048K), 2 survivors (2048K)
}
Event: 17.227 {heap Before GC invocations=7 (full 0):
 garbage-first heap   total reserved 970752K, committed 55296K, used 42728K [0x00000000c4c00000, 0x0000000100000000)
  region size 1024K, 26 young (26624K), 2 survivors (2048K)
}
Event: 17.236 {heap After GC invocations=8 (full 0):
 garbage-first heap   total reserved 970752K, committed 55296K, used 20879K [0x00000000c4c00000, 0x0000000100000000)
  region size 1024K, 4 young (4096K), 4 survivors (4096K)
}
Event: 17.364 {heap Before GC invocations=8 (full 0):
 garbage-first heap   total reserved 970752K, committed 55296K, used 21903K [0x00000000c4c00000, 0x0000000100000000)
  region size 1024K, 6 young (6144K), 4 survivors (4096K)
}
Event: 17.379 {heap After GC invocations=9 (full 0):
 garbage-first heap   total reserved 970752K, committed 55296K, used 20784K [0x00000000c4c00000, 0x0000000100000000)
  region size 1024K, 2 young (2048K), 2 survivors (2048K)
}
Event: 21.049 {heap Before GC invocations=10 (full 0):
 garbage-first heap   total reserved 970752K, committed 55296K, used 45360K [0x00000000c4c00000, 0x0000000100000000)
  region size 1024K, 27 young (27648K), 2 survivors (2048K)
}
Event: 21.092 {heap After GC invocations=11 (full 0):
 garbage-first heap   total reserved 970752K, committed 55296K, used 23715K [0x00000000c4c00000, 0x0000000100000000)
  region size 1024K, 4 young (4096K), 4 survivors (4096K)
}
Event: 23.569 {heap Before GC invocations=11 (full 0):
 garbage-first heap   total reserved 970752K, committed 55296K, used 45219K [0x00000000c4c00000, 0x0000000100000000)
  region size 1024K, 26 young (26624K), 4 survivors (4096K)
}
Event: 23.604 {heap After GC invocations=12 (full 0):
 garbage-first heap   total reserved 970752K, committed 55296K, used 24674K [0x00000000c4c00000, 0x0000000100000000)
  region size 1024K, 2 young (2048K), 2 survivors (2048K)
}
Event: 25.146 {heap Before GC invocations=12 (full 0):
 garbage-first heap   total reserved 970752K, committed 55296K, used 46178K [0x00000000c4c00000, 0x0000000100000000)
  region size 1024K, 24 young (24576K), 2 survivors (2048K)
}
Event: 25.152 {heap After GC invocations=13 (full 0):
 garbage-first heap   total reserved 970752K, committed 55296K, used 25335K [0x00000000c4c00000, 0x0000000100000000)
  region size 1024K, 2 young (2048K), 2 survivors (2048K)
}
Event: 25.946 {heap Before GC invocations=13 (full 0):
 garbage-first heap   total reserved 970752K, committed 55296K, used 32503K [0x00000000c4c00000, 0x0000000100000000)
  region size 1024K, 10 young (10240K), 2 survivors (2048K)
}
Event: 25.954 {heap After GC invocations=14 (full 0):
 garbage-first heap   total reserved 970752K, committed 55296K, used 26078K [0x00000000c4c00000, 0x0000000100000000)
  region size 1024K, 3 young (3072K), 3 survivors (3072K)
}

Metaspace Usage History (20 events):
Event: 10.625 {metaspace Before GC invocations=2 (full 0):
 Metaspace       used 20220K, committed 20480K, reserved 1114112K
  class space    used 1994K, committed 2112K, reserved 1048576K
}
Event: 10.640 {metaspace After GC invocations=3 (full 0):
 Metaspace       used 20220K, committed 20480K, reserved 1114112K
  class space    used 1994K, committed 2112K, reserved 1048576K
}
Event: 11.395 {metaspace Before GC invocations=3 (full 0):
 Metaspace       used 21300K, committed 21504K, reserved 1114112K
  class space    used 2086K, committed 2176K, reserved 1048576K
}
Event: 11.408 {metaspace After GC invocations=4 (full 0):
 Metaspace       used 21300K, committed 21504K, reserved 1114112K
  class space    used 2086K, committed 2176K, reserved 1048576K
}
Event: 13.859 {metaspace Before GC invocations=5 (full 0):
 Metaspace       used 26198K, committed 26496K, reserved 1114112K
  class space    used 2639K, committed 2752K, reserved 1048576K
}
Event: 13.872 {metaspace After GC invocations=6 (full 0):
 Metaspace       used 26198K, committed 26496K, reserved 1114112K
  class space    used 2639K, committed 2752K, reserved 1048576K
}
Event: 15.856 {metaspace Before GC invocations=6 (full 0):
 Metaspace       used 30537K, committed 30912K, reserved 1114112K
  class space    used 3132K, committed 3328K, reserved 1048576K
}
Event: 15.885 {metaspace After GC invocations=7 (full 0):
 Metaspace       used 30537K, committed 30912K, reserved 1114112K
  class space    used 3132K, committed 3328K, reserved 1048576K
}
Event: 17.227 {metaspace Before GC invocations=7 (full 0):
 Metaspace       used 35198K, committed 35584K, reserved 1114112K
  class space    used 3611K, committed 3776K, reserved 1048576K
}
Event: 17.236 {metaspace After GC invocations=8 (full 0):
 Metaspace       used 35198K, committed 35584K, reserved 1114112K
  class space    used 3611K, committed 3776K, reserved 1048576K
}
Event: 17.364 {metaspace Before GC invocations=8 (full 0):
 Metaspace       used 35763K, committed 36096K, reserved 1114112K
  class space    used 3667K, committed 3840K, reserved 1048576K
}
Event: 17.379 {metaspace After GC invocations=9 (full 0):
 Metaspace       used 35763K, committed 36096K, reserved 1114112K
  class space    used 3667K, committed 3840K, reserved 1048576K
}
Event: 21.049 {metaspace Before GC invocations=10 (full 0):
 Metaspace       used 46007K, committed 46400K, reserved 1114112K
  class space    used 4708K, committed 4864K, reserved 1048576K
}
Event: 21.092 {metaspace After GC invocations=11 (full 0):
 Metaspace       used 46007K, committed 46400K, reserved 1114112K
  class space    used 4708K, committed 4864K, reserved 1048576K
}
Event: 23.569 {metaspace Before GC invocations=11 (full 0):
 Metaspace       used 52302K, committed 52736K, reserved 1114112K
  class space    used 5330K, committed 5504K, reserved 1048576K
}
Event: 23.604 {metaspace After GC invocations=12 (full 0):
 Metaspace       used 52302K, committed 52736K, reserved 1114112K
  class space    used 5330K, committed 5504K, reserved 1048576K
}
Event: 25.146 {metaspace Before GC invocations=12 (full 0):
 Metaspace       used 57966K, committed 58368K, reserved 1114112K
  class space    used 5973K, committed 6144K, reserved 1048576K
}
Event: 25.152 {metaspace After GC invocations=13 (full 0):
 Metaspace       used 57966K, committed 58368K, reserved 1114112K
  class space    used 5973K, committed 6144K, reserved 1048576K
}
Event: 25.946 {metaspace Before GC invocations=13 (full 0):
 Metaspace       used 59846K, committed 60288K, reserved 1114112K
  class space    used 6203K, committed 6400K, reserved 1048576K
}
Event: 25.955 {metaspace After GC invocations=14 (full 0):
 Metaspace       used 59846K, committed 60288K, reserved 1114112K
  class space    used 6203K, committed 6400K, reserved 1048576K
}

Dll operation events (12 events):
Event: 0.046 Loaded shared library C:\Users\sathwik\.jdks\openjdk-25.0.1\bin\java.dll
Event: 0.878 Loaded shared library C:\Users\sathwik\.jdks\openjdk-25.0.1\bin\zip.dll
Event: 0.898 Loaded shared library C:\Users\sathwik\.jdks\openjdk-25.0.1\bin\instrument.dll
Event: 0.913 Loaded shared library C:\Users\sathwik\.jdks\openjdk-25.0.1\bin\net.dll
Event: 0.921 Loaded shared library C:\Users\sathwik\.jdks\openjdk-25.0.1\bin\nio.dll
Event: 0.930 Loaded shared library C:\Users\sathwik\.jdks\openjdk-25.0.1\bin\zip.dll
Event: 1.622 Loaded shared library C:\Users\sathwik\.jdks\openjdk-25.0.1\bin\extnet.dll
Event: 1.725 Loaded shared library C:\Users\sathwik\.jdks\openjdk-25.0.1\bin\jimage.dll
Event: 9.999 Loaded shared library C:\Users\sathwik\.jdks\openjdk-25.0.1\bin\sunmscapi.dll
Event: 15.581 Loaded shared library C:\Users\sathwik\.jdks\openjdk-25.0.1\bin\management.dll
Event: 15.592 Loaded shared library C:\Users\sathwik\.jdks\openjdk-25.0.1\bin\management_ext.dll
Event: 17.159 Loaded shared library C:\Users\sathwik\.jdks\openjdk-25.0.1\bin\verify.dll

Deoptimization events (20 events):
Event: 26.548 Thread 0x0000023ae130c510 Uncommon trap: trap_request=0xffffffde fr.pc=0x0000023af3c9b194 relative=0x0000000000000714
Event: 26.548 Thread 0x0000023ae130c510 Uncommon trap: reason=class_check action=maybe_recompile pc=0x0000023af3c9b194 method=org.springframework.util.ConcurrentReferenceHashMap$Segment.findInChain(Lorg/springframework/util/ConcurrentReferenceHashMap$Reference;Ljava/lang/Object;I)Lorg/springfra
Event: 26.548 Thread 0x0000023ae130c510 DEOPT PACKING pc=0x0000023af3c9b194 sp=0x000000e0e0bfb900
Event: 26.548 Thread 0x0000023ae130c510 DEOPT UNPACKING pc=0x0000023af36b9302 sp=0x000000e0e0bfb6e0 mode 2
Event: 26.549 Thread 0x0000023ae130c510 Uncommon trap: trap_request=0xffffffde fr.pc=0x0000023af3c97f00 relative=0x0000000000000600
Event: 26.549 Thread 0x0000023ae130c510 Uncommon trap: reason=class_check action=maybe_recompile pc=0x0000023af3c97f00 method=org.springframework.util.ConcurrentReferenceHashMap$Segment.findInChain(Lorg/springframework/util/ConcurrentReferenceHashMap$Reference;Ljava/lang/Object;I)Lorg/springfra
Event: 26.549 Thread 0x0000023ae130c510 DEOPT PACKING pc=0x0000023af3c97f00 sp=0x000000e0e0bfb890
Event: 26.549 Thread 0x0000023ae130c510 DEOPT UNPACKING pc=0x0000023af36b9302 sp=0x000000e0e0bfb6d8 mode 2
Event: 26.549 Thread 0x0000023ae130c510 Uncommon trap: trap_request=0xffffffde fr.pc=0x0000023af3c98964 relative=0x00000000000005e4
Event: 26.549 Thread 0x0000023ae130c510 Uncommon trap: reason=class_check action=maybe_recompile pc=0x0000023af3c98964 method=org.springframework.util.ConcurrentReferenceHashMap$Segment.findInChain(Lorg/springframework/util/ConcurrentReferenceHashMap$Reference;Ljava/lang/Object;I)Lorg/springfra
Event: 26.549 Thread 0x0000023ae130c510 DEOPT PACKING pc=0x0000023af3c98964 sp=0x000000e0e0bfb810
Event: 26.549 Thread 0x0000023ae130c510 DEOPT UNPACKING pc=0x0000023af36b9302 sp=0x000000e0e0bfb6d8 mode 2
Event: 26.811 Thread 0x0000023ae130c510 Uncommon trap: trap_request=0xffffff6e fr.pc=0x0000023af3d28274 relative=0x0000000000000374
Event: 26.811 Thread 0x0000023ae130c510 Uncommon trap: reason=predicate action=maybe_recompile pc=0x0000023af3d28274 method=java.util.Arrays$ArrayList.indexOf(Ljava/lang/Object;)I @ 39 c2
Event: 26.811 Thread 0x0000023ae130c510 DEOPT PACKING pc=0x0000023af3d28274 sp=0x000000e0e0bfb930
Event: 26.811 Thread 0x0000023ae130c510 DEOPT UNPACKING pc=0x0000023af36b9302 sp=0x000000e0e0bfb8a8 mode 2
Event: 27.459 Thread 0x0000023ae130c510 Uncommon trap: trap_request=0xffffff45 fr.pc=0x0000023af3bb52cc relative=0x0000000000000c4c
Event: 27.459 Thread 0x0000023ae130c510 Uncommon trap: reason=unstable_if action=reinterpret pc=0x0000023af3bb52cc method=java.util.concurrent.ConcurrentHashMap.transfer([Ljava/util/concurrent/ConcurrentHashMap$Node;[Ljava/util/concurrent/ConcurrentHashMap$Node;)V @ 352 c2
Event: 27.459 Thread 0x0000023ae130c510 DEOPT PACKING pc=0x0000023af3bb52cc sp=0x000000e0e0bfd2a0
Event: 27.459 Thread 0x0000023ae130c510 DEOPT UNPACKING pc=0x0000023af36b9302 sp=0x000000e0e0bfd1f8 mode 2

Classes loaded (20 events):
Event: 26.633 Loading class java/lang/Package$1PackageInfoProxy
Event: 26.633 Loading class java/lang/Package$1PackageInfoProxy done
Event: 26.670 Loading class java/util/stream/ReduceOps$5
Event: 26.670 Loading class java/util/stream/ReduceOps$5 done
Event: 26.670 Loading class java/util/stream/ReduceOps$CountingSink$OfRef
Event: 26.670 Loading class java/util/stream/ReduceOps$CountingSink
Event: 26.670 Loading class java/util/stream/ReduceOps$CountingSink done
Event: 26.670 Loading class java/util/stream/ReduceOps$CountingSink$OfRef done
Event: 26.944 Loading class java/lang/invoke/WrongMethodTypeException
Event: 26.949 Loading class java/lang/invoke/WrongMethodTypeException done
Event: 27.000 Loading class java/lang/Character$UnicodeBlock
Event: 27.006 Loading class java/lang/Character$Subset
Event: 27.011 Loading class java/lang/Character$Subset done
Event: 27.011 Loading class java/lang/Character$UnicodeBlock done
Event: 27.159 Loading class java/util/regex/Pattern$Bound
Event: 27.161 Loading class java/util/regex/Pattern$Bound done
Event: 27.163 Loading class java/util/regex/Pattern$Behind
Event: 27.168 Loading class java/util/regex/Pattern$Behind done
Event: 27.518 Loading class java/util/stream/SortedOps$SizedRefSortingSink
Event: 27.519 Loading class java/util/stream/SortedOps$SizedRefSortingSink done

Classes unloaded (0 events):
No events

Classes redefined (0 events):
No events

Internal exceptions (20 events):
Event: 25.071 Thread 0x0000023ae130c510 Exception <a 'java/lang/NoSuchMethodError'{0x00000000c6dc0538}: 'java.lang.Object java.lang.invoke.DirectMethodHandle$Holder.newInvokeSpecial(java.lang.Object, java.lang.Object, int)'> (0x00000000c6dc0538) 
thrown [s\open\src\hotspot\share\interpreter\linkResolver.cpp, line 804]
Event: 25.122 Thread 0x0000023ae130c510 Exception <a 'java/lang/NoSuchMethodError'{0x00000000c6cf5848}: 'int java.lang.invoke.DirectMethodHandle$Holder.invokeStatic(java.lang.Object, int, java.lang.Object)'> (0x00000000c6cf5848) 
thrown [s\open\src\hotspot\share\interpreter\linkResolver.cpp, line 804]
Event: 25.126 Thread 0x0000023ae130c510 Exception <a 'java/lang/NoSuchMethodError'{0x00000000c6b24028}: 'java.lang.Object java.lang.invoke.DirectMethodHandle$Holder.newInvokeSpecial(java.lang.Object, java.lang.Object, java.lang.Object, java.lang.Object, java.lang.Object, int, java.lang.Object)'> (0x00000000c6b24028) 
thrown [s\open\src\hotspot\share\interpreter\linkResolver.cpp, line 804]
Event: 25.132 Thread 0x0000023ae130c510 Exception <a 'java/lang/NoSuchMethodError'{0x00000000c6b743e8}: 'java.lang.Object java.lang.invoke.DirectMethodHandle$Holder.newInvokeSpecial(java.lang.Object, java.lang.Object, java.lang.Object, java.lang.Object, java.lang.Object, java.lang.Object, java.lang.Object, java.lang.Object, java.lang.Object, java.lang.Object, java.lang.Object, java.lang.Object)'> (0x00000000c6b743e8) 
thrown [s\open\src\hotspot\share\interpreter\linkResolver.cpp, line 804]
Event: 25.133 Thread 0x0000023ae130c510 Exception <a 'java/lang/NoSuchMethodError'{0x00000000c6b7ea90}: 'java.lang.Object java.lang.invoke.Invokers$Holder.linkToTargetMethod(java.lang.Object, java.lang.Object, java.lang.Object, java.lang.Object, java.lang.Object, java.lang.Object, java.lang.Object, java.lang.Object, java.lang.Object, java.lang.Object, java.lang.Object, java.lang.Object)'> (0x00000000c6b7ea90) 
thrown [s\open\src\hotspot\share\interpreter\linkResolver.cpp, line 804]
Event: 25.268 Thread 0x0000023ae130c510 Exception <a 'java/lang/NoSuchMethodError'{0x00000000c7e43050}: 'java.lang.Object java.lang.invoke.DirectMethodHandle$Holder.newInvokeSpecial(java.lang.Object, java.lang.Object, java.lang.Object, java.lang.Object, java.lang.Object, java.lang.Object, java.lang.Object, int)'> (0x00000000c7e43050) 
thrown [s\open\src\hotspot\share\interpreter\linkResolver.cpp, line 804]
Event: 25.268 Thread 0x0000023ae130c510 Exception <a 'java/lang/NoSuchMethodError'{0x00000000c7e4cf70}: 'java.lang.Object java.lang.invoke.DirectMethodHandle$Holder.invokeSpecial(java.lang.Object, java.lang.Object, java.lang.Object, java.lang.Object, java.lang.Object, java.lang.Object, java.lang.Object, java.lang.Object, int)'> (0x00000000c7e4cf70) 
thrown [s\open\src\hotspot\share\interpreter\linkResolver.cpp, line 804]
Event: 25.268 Thread 0x0000023ae130c510 Exception <a 'java/lang/NoSuchMethodError'{0x00000000c7e56328}: 'java.lang.Object java.lang.invoke.Invokers$Holder.linkToTargetMethod(java.lang.Object, java.lang.Object, java.lang.Object, java.lang.Object, java.lang.Object, java.lang.Object, int, java.lang.Object)'> (0x00000000c7e56328) 
thrown [s\open\src\hotspot\share\interpreter\linkResolver.cpp, line 804]
Event: 25.301 Thread 0x0000023ae130c510 Exception <a 'java/lang/NoSuchMethodError'{0x00000000c7d43498}: 'java.lang.Object java.lang.invoke.DirectMethodHandle$Holder.newInvokeSpecial(java.lang.Object, java.lang.Object, int, java.lang.Object, int, java.lang.Object, java.lang.Object)'> (0x00000000c7d43498) 
thrown [s\open\src\hotspot\share\interpreter\linkResolver.cpp, line 804]
Event: 25.309 Thread 0x0000023ae130c510 Exception <a 'java/lang/NoSuchMethodError'{0x00000000c7d962f8}: 'void java.lang.invoke.DirectMethodHandle$Holder.invokeInterface(java.lang.Object, java.lang.Object)'> (0x00000000c7d962f8) 
thrown [s\open\src\hotspot\share\interpreter\linkResolver.cpp, line 804]
Event: 25.963 Thread 0x0000023ae130c510 Exception <a 'java/lang/NoSuchMethodError'{0x00000000fff02790}: 'java.lang.Object java.lang.invoke.DirectMethodHandle$Holder.invokeSpecial(java.lang.Object, java.lang.Object, int, java.lang.Object, int)'> (0x00000000fff02790) 
thrown [s\open\src\hotspot\share\interpreter\linkResolver.cpp, line 804]
Event: 25.964 Thread 0x0000023ae130c510 Exception <a 'java/lang/NoSuchMethodError'{0x00000000fff0ba98}: 'java.lang.Object java.lang.invoke.DirectMethodHandle$Holder.invokeSpecial(java.lang.Object, java.lang.Object, java.lang.Object, int, java.lang.Object, int)'> (0x00000000fff0ba98) 
thrown [s\open\src\hotspot\share\interpreter\linkResolver.cpp, line 804]
Event: 25.965 Thread 0x0000023ae130c510 Exception <a 'java/lang/NoSuchMethodError'{0x00000000fff147c8}: 'java.lang.Object java.lang.invoke.DelegatingMethodHandle$Holder.reinvoke_L(java.lang.Object, java.lang.Object, int, java.lang.Object, int)'> (0x00000000fff147c8) 
thrown [s\open\src\hotspot\share\interpreter\linkResolver.cpp, line 804]
Event: 26.197 Thread 0x0000023ae130c510 Exception <a 'java/lang/IncompatibleClassChangeError'{0x00000000c7dfc358}: Found class java.lang.Object, but interface was expected> (0x00000000c7dfc358) 
thrown [s\open\src\hotspot\share\interpreter\linkResolver.cpp, line 871]
Event: 26.206 Thread 0x0000023ae130c510 Implicit null exception at 0x0000023af3d4a079 to 0x0000023af3d4b6c0
Event: 26.230 Thread 0x0000023ae130c510 Exception <a 'java/lang/IncompatibleClassChangeError'{0x00000000c7c86040}: Found class java.lang.Object, but interface was expected> (0x00000000c7c86040) 
thrown [s\open\src\hotspot\share\interpreter\linkResolver.cpp, line 871]
Event: 26.319 Thread 0x0000023ae130c510 Exception <a 'java/lang/IncompatibleClassChangeError'{0x00000000c7a12808}: Found class java.lang.Object, but interface was expected> (0x00000000c7a12808) 
thrown [s\open\src\hotspot\share\interpreter\linkResolver.cpp, line 871]
Event: 26.620 Thread 0x0000023ae130c510 Exception <a 'java/lang/IncompatibleClassChangeError'{0x00000000c6f4b068}: Found class java.lang.Object, but interface was expected> (0x00000000c6f4b068) 
thrown [s\open\src\hotspot\share\interpreter\linkResolver.cpp, line 871]
Event: 27.040 Thread 0x0000023ae130c510 Exception <a 'java/lang/IncompatibleClassChangeError'{0x00000000c6cd00c0}: Found class java.lang.Object, but interface was expected> (0x00000000c6cd00c0) 
thrown [s\open\src\hotspot\share\interpreter\linkResolver.cpp, line 871]
Event: 27.273 Thread 0x0000023ae130c510 Exception <a 'java/lang/NoSuchMethodError'{0x00000000c6a4a950}: 'java.lang.Object java.lang.invoke.DirectMethodHandle$Holder.invokeStatic(java.lang.Object, int, java.lang.Object)'> (0x00000000c6a4a950) 
thrown [s\open\src\hotspot\share\interpreter\linkResolver.cpp, line 804]

VM Operations (20 events):
Event: 25.281 Executing non-safepoint VM operation: HandshakeAllThreads (Deoptimize)
Event: 25.281 Executing non-safepoint VM operation: HandshakeAllThreads (Deoptimize) done
Event: 25.831 Executing non-safepoint VM operation: HandshakeAllThreads (Deoptimize)
Event: 25.831 Executing non-safepoint VM operation: HandshakeAllThreads (Deoptimize) done
Event: 25.946 Executing safepoint VM operation: CollectForMetadataAllocation (Metadata GC Threshold)
Event: 25.955 Executing safepoint VM operation: CollectForMetadataAllocation (Metadata GC Threshold) done
Event: 26.024 Executing safepoint VM operation: G1PauseRemark
Event: 26.045 Executing safepoint VM operation: G1PauseRemark done
Event: 26.065 Executing safepoint VM operation: G1PauseCleanup
Event: 26.069 Executing safepoint VM operation: G1PauseCleanup done
Event: 26.538 Executing non-safepoint VM operation: HandshakeAllThreads (Deoptimize)
Event: 26.538 Executing non-safepoint VM operation: HandshakeAllThreads (Deoptimize) done
Event: 26.644 Executing non-safepoint VM operation: HandshakeAllThreads (Deoptimize)
Event: 26.644 Executing non-safepoint VM operation: HandshakeAllThreads (Deoptimize) done
Event: 26.645 Executing non-safepoint VM operation: HandshakeAllThreads (Deoptimize)
Event: 26.645 Executing non-safepoint VM operation: HandshakeAllThreads (Deoptimize) done
Event: 27.491 Executing non-safepoint VM operation: HandshakeAllThreads (Deoptimize)
Event: 27.491 Executing non-safepoint VM operation: HandshakeAllThreads (Deoptimize) done
Event: 27.493 Executing non-safepoint VM operation: HandshakeAllThreads (Deoptimize)
Event: 27.493 Executing non-safepoint VM operation: HandshakeAllThreads (Deoptimize) done

Memory protections (0 events):
No events

Nmethod flushes (20 events):
Event: 26.042 Thread 0x0000023ae387a930 flushing  nmethod 0x0000023aec5d4608
Event: 26.042 Thread 0x0000023ae387a930 flushing  nmethod 0x0000023aec5f8408
Event: 26.042 Thread 0x0000023ae387a930 flushing  nmethod 0x0000023aec642f08
Event: 26.042 Thread 0x0000023ae387a930 flushing  nmethod 0x0000023aec67d388
Event: 26.042 Thread 0x0000023ae387a930 flushing  nmethod 0x0000023aec694208
Event: 26.042 Thread 0x0000023ae387a930 flushing  nmethod 0x0000023aec694788
Event: 26.042 Thread 0x0000023ae387a930 flushing  nmethod 0x0000023aec694a88
Event: 26.042 Thread 0x0000023ae387a930 flushing  nmethod 0x0000023aec696008
Event: 26.042 Thread 0x0000023ae387a930 flushing  nmethod 0x0000023aec6ac108
Event: 26.042 Thread 0x0000023ae387a930 flushing  nmethod 0x0000023aec6e5e88
Event: 26.042 Thread 0x0000023ae387a930 flushing  nmethod 0x0000023aec78b908
Event: 26.042 Thread 0x0000023ae387a930 flushing  nmethod 0x0000023aec79eb88
Event: 26.042 Thread 0x0000023ae387a930 flushing  nmethod 0x0000023aec79ee88
Event: 26.042 Thread 0x0000023ae387a930 flushing  nmethod 0x0000023aec7ad008
Event: 26.042 Thread 0x0000023ae387a930 flushing  nmethod 0x0000023aec7e1c08
Event: 26.042 Thread 0x0000023ae387a930 flushing  nmethod 0x0000023aec7e4f88
Event: 26.042 Thread 0x0000023ae387a930 flushing  nmethod 0x0000023aec7e6308
Event: 26.042 Thread 0x0000023ae387a930 flushing  nmethod 0x0000023aec7ffe88
Event: 26.042 Thread 0x0000023ae387a930 flushing  nmethod 0x0000023aec800188
Event: 26.042 Thread 0x0000023ae387a930 flushing  nmethod 0x0000023aec802788

Events (20 events):
Event: 0.094 Thread 0x0000023ae130c510 Thread added: 0x0000023ae130c510
Event: 0.121 Thread 0x0000023ae130c510 Thread added: 0x0000023ae388f1b0
Event: 0.121 Thread 0x0000023ae130c510 Thread added: 0x0000023ae3890d00
Event: 0.122 Thread 0x0000023ae130c510 Thread added: 0x0000023ae3895c60
Event: 0.122 Thread 0x0000023ae130c510 Thread added: 0x0000023ae3896820
Event: 0.122 Thread 0x0000023ae130c510 Thread added: 0x0000023ae3898600
Event: 0.122 Thread 0x0000023ae130c510 Thread added: 0x0000023ae3899a90
Event: 0.122 Thread 0x0000023ae130c510 Thread added: 0x0000023ae389cf40
Event: 0.123 Thread 0x0000023ae130c510 Thread added: 0x0000023ae389e6c0
Event: 0.907 Thread 0x0000023ae130c510 Thread added: 0x0000023afea356f0
Event: 1.484 Thread 0x0000023ae130c510 Thread added: 0x0000023afedc2cf0
Event: 1.484 Thread 0x0000023ae130c510 Thread added: 0x0000023afedc34b0
Event: 4.190 Thread 0x0000023ae130c510 Thread added: 0x0000023a84196370
Event: 10.014 Thread 0x0000023a84196370 Thread exited: 0x0000023a84196370
Event: 10.277 Thread 0x0000023ae130c510 Thread added: 0x0000023a850dcce0
Event: 10.368 Thread 0x0000023a850dcce0 Thread exited: 0x0000023a850dcce0
Event: 16.011 Thread 0x0000023ae130c510 Thread added: 0x0000023a85cd9140
Event: 19.687 Thread 0x0000023ae130c510 Thread added: 0x0000023a84170cf0
Event: 19.800 Thread 0x0000023a84170cf0 Thread added: 0x0000023a84171c90
Event: 26.134 Thread 0x0000023a84171c90 Thread exited: 0x0000023a84171c90


Dynamic libraries:
0x00007ff68ac20000 - 0x00007ff68ac2e000 	C:\Users\sathwik\.jdks\openjdk-25.0.1\bin\java.exe
0x00007ffabc040000 - 0x00007ffabc2a8000 	C:\WINDOWS\SYSTEM32\ntdll.dll
0x00007ffabb550000 - 0x00007ffabb619000 	C:\WINDOWS\System32\KERNEL32.DLL
0x00007ffab94c0000 - 0x00007ffab98b1000 	C:\WINDOWS\System32\KERNELBASE.dll
0x00007ffab9c90000 - 0x00007ffab9ddb000 	C:\WINDOWS\System32\ucrtbase.dll
0x00007ffaa9aa0000 - 0x00007ffaa9abe000 	C:\Users\sathwik\.jdks\openjdk-25.0.1\bin\VCRUNTIME140.dll
0x00007ffaa9ac0000 - 0x00007ffaa9ad7000 	C:\Users\sathwik\.jdks\openjdk-25.0.1\bin\jli.dll
0x00007ffabadb0000 - 0x00007ffabaf76000 	C:\WINDOWS\System32\USER32.dll
0x00007ffab9a30000 - 0x00007ffab9a57000 	C:\WINDOWS\System32\win32u.dll
0x00007ffab9de0000 - 0x00007ffab9e0b000 	C:\WINDOWS\System32\GDI32.dll
0x00007ffab89b0000 - 0x00007ffab8adb000 	C:\WINDOWS\System32\gdi32full.dll
0x00007ffab9a60000 - 0x00007ffab9b03000 	C:\WINDOWS\System32\msvcp_win.dll
0x00007ffaa41a0000 - 0x00007ffaa4433000 	C:\WINDOWS\WinSxS\amd64_microsoft.windows.common-controls_6595b64144ccf1df_6.0.26100.7705_none_3e06597ae3363b04\COMCTL32.dll
0x00007ffabbdb0000 - 0x00007ffabbe59000 	C:\WINDOWS\System32\msvcrt.dll
0x00007ffabbfc0000 - 0x00007ffabbff1000 	C:\WINDOWS\System32\IMM32.DLL
0x00007ffab5c70000 - 0x00007ffab5c7c000 	C:\Users\sathwik\.jdks\openjdk-25.0.1\bin\vcruntime140_1.dll
0x00007ffa96db0000 - 0x00007ffa96e3d000 	C:\Users\sathwik\.jdks\openjdk-25.0.1\bin\msvcp140.dll
0x00007ffa50500000 - 0x00007ffa5135f000 	C:\Users\sathwik\.jdks\openjdk-25.0.1\bin\server\jvm.dll
0x00007ffaba480000 - 0x00007ffaba534000 	C:\WINDOWS\System32\ADVAPI32.dll
0x00007ffabb410000 - 0x00007ffabb4b6000 	C:\WINDOWS\System32\sechost.dll
0x00007ffabac90000 - 0x00007ffabada8000 	C:\WINDOWS\System32\RPCRT4.dll
0x00007ffaba330000 - 0x00007ffaba3a4000 	C:\WINDOWS\System32\WS2_32.dll
0x00007ffab0e80000 - 0x00007ffab0eb5000 	C:\WINDOWS\SYSTEM32\WINMM.dll
0x00007ffab8780000 - 0x00007ffab87de000 	C:\WINDOWS\SYSTEM32\POWRPROF.dll
0x00007ffaaa670000 - 0x00007ffaaa67b000 	C:\WINDOWS\SYSTEM32\VERSION.dll
0x00007ffab8760000 - 0x00007ffab8774000 	C:\WINDOWS\SYSTEM32\UMPDC.dll
0x00007ffab76d0000 - 0x00007ffab76eb000 	C:\WINDOWS\SYSTEM32\kernel.appcore.dll
0x00007ffaa9a80000 - 0x00007ffaa9a8a000 	C:\Users\sathwik\.jdks\openjdk-25.0.1\bin\jimage.dll
0x00007ffab67a0000 - 0x00007ffab69e2000 	C:\WINDOWS\SYSTEM32\DBGHELP.DLL
0x00007ffaba560000 - 0x00007ffaba8e6000 	C:\WINDOWS\System32\combase.dll
0x00007ffabaaf0000 - 0x00007ffababc7000 	C:\WINDOWS\System32\OLEAUT32.dll
0x00007ffa9a230000 - 0x00007ffa9a26b000 	C:\WINDOWS\SYSTEM32\dbgcore.DLL
0x00007ffab98c0000 - 0x00007ffab9965000 	C:\WINDOWS\System32\bcryptPrimitives.dll
0x00007ffaa3eb0000 - 0x00007ffaa3ec0000 	C:\Users\sathwik\.jdks\openjdk-25.0.1\bin\instrument.dll
0x00007ffaa9a60000 - 0x00007ffaa9a7f000 	C:\Users\sathwik\.jdks\openjdk-25.0.1\bin\java.dll
0x00007ffab9e10000 - 0x00007ffab9fa7000 	C:\WINDOWS\System32\ole32.dll
0x00007ffabb650000 - 0x00007ffabbda1000 	C:\WINDOWS\System32\SHELL32.dll
0x00007ffab8ae0000 - 0x00007ffab8c4a000 	C:\WINDOWS\System32\wintypes.dll
0x00007ffab8c50000 - 0x00007ffab94b2000 	C:\WINDOWS\System32\windows.storage.dll
0x00007ffabbec0000 - 0x00007ffabbfb6000 	C:\WINDOWS\System32\SHCORE.dll
0x00007ffaba410000 - 0x00007ffaba477000 	C:\WINDOWS\System32\shlwapi.dll
0x00007ffab8840000 - 0x00007ffab8869000 	C:\WINDOWS\SYSTEM32\profapi.dll
0x00007ffa9f4d0000 - 0x00007ffa9f4e7000 	C:\Users\sathwik\.jdks\openjdk-25.0.1\bin\zip.dll
0x00007ffaa3ec0000 - 0x00007ffaa3ed2000 	C:\Users\sathwik\.jdks\openjdk-25.0.1\bin\net.dll
0x00007ffab7c40000 - 0x00007ffab7cab000 	C:\WINDOWS\system32\mswsock.dll
0x00007ffaa2510000 - 0x00007ffaa2526000 	C:\Users\sathwik\.jdks\openjdk-25.0.1\bin\nio.dll
0x00007ffa9f4c0000 - 0x00007ffa9f4c9000 	C:\Users\sathwik\.jdks\openjdk-25.0.1\bin\extnet.dll
0x00007ffa9f4b0000 - 0x00007ffa9f4be000 	C:\Users\sathwik\.jdks\openjdk-25.0.1\bin\sunmscapi.dll
0x00007ffab9b10000 - 0x00007ffab9c87000 	C:\WINDOWS\System32\CRYPT32.dll
0x00007ffab8120000 - 0x00007ffab8150000 	C:\WINDOWS\SYSTEM32\ncrypt.dll
0x00007ffab80d0000 - 0x00007ffab810f000 	C:\WINDOWS\SYSTEM32\NTASN1.dll
0x00007ffab7f00000 - 0x00007ffab7f1b000 	C:\WINDOWS\SYSTEM32\CRYPTSP.dll
0x00007ffab7630000 - 0x00007ffab7669000 	C:\WINDOWS\system32\rsaenh.dll
0x00007ffab7cf0000 - 0x00007ffab7d1b000 	C:\WINDOWS\SYSTEM32\USERENV.dll
0x00007ffab8810000 - 0x00007ffab883a000 	C:\WINDOWS\SYSTEM32\bcrypt.dll
0x00007ffab7f20000 - 0x00007ffab7f2c000 	C:\WINDOWS\SYSTEM32\CRYPTBASE.dll
0x00007ffab7090000 - 0x00007ffab70c4000 	C:\WINDOWS\SYSTEM32\IPHLPAPI.DLL
0x00007ffaba310000 - 0x00007ffaba31a000 	C:\WINDOWS\System32\NSI.dll
0x00007ffa9f3b0000 - 0x00007ffa9f3ba000 	C:\Users\sathwik\.jdks\openjdk-25.0.1\bin\management.dll
0x00007ffa9f360000 - 0x00007ffa9f36c000 	C:\Users\sathwik\.jdks\openjdk-25.0.1\bin\management_ext.dll
0x00007ffaba400000 - 0x00007ffaba408000 	C:\WINDOWS\System32\PSAPI.DLL
0x00007ffa9de60000 - 0x00007ffa9de70000 	C:\Users\sathwik\.jdks\openjdk-25.0.1\bin\verify.dll
0x00007ffab70d0000 - 0x00007ffab71fc000 	C:\WINDOWS\SYSTEM32\DNSAPI.dll
0x00007ffaaa640000 - 0x00007ffaaa64b000 	C:\Windows\System32\rasadhlp.dll
0x00007ffab3350000 - 0x00007ffab33d6000 	C:\WINDOWS\System32\fwpuclnt.dll

JVMTI agents:
C:\Program Files\JetBrains\IntelliJ IDEA Community Edition 2025.1.1.1\lib\idea_rt.jar path:C:\Users\sathwik\.jdks\openjdk-25.0.1\bin\instrument.dll, loaded, initialized, instrumentlib options:64445

dbghelp: loaded successfully - version: 4.0.5 - missing functions: none
symbol engine: initialized successfully - sym options: 0x614 - pdb path: .;C:\Users\sathwik\.jdks\openjdk-25.0.1\bin;C:\WINDOWS\SYSTEM32;C:\WINDOWS\WinSxS\amd64_microsoft.windows.common-controls_6595b64144ccf1df_6.0.26100.7705_none_3e06597ae3363b04;C:\Users\sathwik\.jdks\openjdk-25.0.1\bin\server

VM Arguments:
jvm_args: -javaagent:C:\Program Files\JetBrains\IntelliJ IDEA Community Edition 2025.1.1.1\lib\idea_rt.jar=64445 -Dfile.encoding=UTF-8 -Dsun.stdout.encoding=UTF-8 -Dsun.stderr.encoding=UTF-8 
java_command: com.example.ecommerce.EcommerceApplication
java_class_path (initial): C:\Users\sathwik\Downloads\ecommerce\ecommerce\target\classes;C:\Users\sathwik\.m2\repository\org\springframework\boot\spring-boot-starter-web\3.2.5\spring-boot-starter-web-3.2.5.jar;C:\Users\sathwik\.m2\repository\org\springframework\boot\spring-boot-starter\3.2.5\spring-boot-starter-3.2.5.jar;C:\Users\sathwik\.m2\repository\org\springframework\boot\spring-boot\3.2.5\spring-boot-3.2.5.jar;C:\Users\sathwik\.m2\repository\org\springframework\boot\spring-boot-autoconfigure\3.2.5\spring-boot-autoconfigure-3.2.5.jar;C:\Users\sathwik\.m2\repository\org\springframework\boot\spring-boot-starter-logging\3.2.5\spring-boot-starter-logging-3.2.5.jar;C:\Users\sathwik\.m2\repository\ch\qos\logback\logback-classic\1.4.14\logback-classic-1.4.14.jar;C:\Users\sathwik\.m2\repository\ch\qos\logback\logback-core\1.4.14\logback-core-1.4.14.jar;C:\Users\sathwik\.m2\repository\org\apache\logging\log4j\log4j-to-slf4j\2.21.1\log4j-to-slf4j-2.21.1.jar;C:\Users\sathwik\.m2\repository\org\apache\logging\log4j\log4j-api\2.21.1\log4j-api-2.21.1.jar;C:\Users\sathwik\.m2\repository\org\slf4j\jul-to-slf4j\2.0.13\jul-to-slf4j-2.0.13.jar;C:\Users\sathwik\.m2\repository\jakarta\annotation\jakarta.annotation-api\2.1.1\jakarta.annotation-api-2.1.1.jar;C:\Users\sathwik\.m2\repository\org\yaml\snakeyaml\2.2\snakeyaml-2.2.jar;C:\Users\sathwik\.m2\repository\org\springframework\boot\spring-boot-starter-json\3.2.5\spring-boot-starter-json-3.2.5.jar;C:\Users\sathwik\.m2\repository\com\fasterxml\jackson\datatype\jackson-datatype-jdk8\2.15.4\jackson-datatype-jdk8-2.15.4.jar;C:\Users\sathwik\.m2\repository\com\fasterxml\jackson\datatype\jackson-datatype-jsr310\2.15.4\jackson-datatype-jsr310-2.15.4.jar;C:\Users\sathwik\.m2\repository\com\fasterxml\jackson\module\jackson-module-parameter-names\2.15.4\jackson-module-parameter-names-2.15.4.jar;C:\Users\sathwik\.m2\repository\org\springframework\boot\spring-boot-starter-tomcat\3.2.5\spring-boot-starter-tomcat-3.2.5.jar;C:\Users\sathwik\.m2\repository\org\apache\tomcat\embed\tomcat-embed-core\10.1.20\tomcat-embed-core-10.1.20.jar;C:\Users\sathwik\.m2\repository\org\apache\tomcat\embed\tomcat-embed-websocket\10.1.20\tomcat-embed-websocket-10.1.20.jar;C:\Users\sathwik\.m2\repository\org\springframework\spring-web\6.1.6\spring-web-6.1.6.jar;C:\Users\sathwik\.m2\repository\org\springframework\spring-beans\6.1.6\spring-beans-6.1.6.jar;C:\Users\sathwik\.m2\repository\io\micrometer\micrometer-observation\1.12.5\micrometer-observation-1.12.5.jar;C:\Users\sathwik\.m2\repository\io\micrometer\micrometer-commons\1.12.5\micrometer-commons-1.12.5.jar;C:\Users\sathwik\.m2\repository\org\springframework\spring-webmvc\6.1.6\spring-webmvc-6.1.6.jar;C:\Users\sathwik\.m2\repository\org\springframework\spring-context\6.1.6\spring-context-6.1.6.jar;C:\Users\sathwik\.m2\repository\org\springframework\spring-expression\6.1.6\spring-expression-6.1.6.jar;C:\Users\sathwik\.m2\repository\org\springframework\boot\spring-boot-starter-data-jpa\3.2.5\spring-boot-starter-data-jpa-3.2.5.jar;C:\Users\sathwik\.m2\repository\org\springframework\boot\spring-boot-starter-aop\3.2.5\spring-boot-starter-aop-3.2.5.jar;C:\Users\sathwik\.m2\repository\org\aspectj\aspectjweaver\1.9.22\aspectjweaver-1.9.22.jar;C:\Users\sathwik\.m2\repository\org\springframework\boot\spring-boot-starter-jdbc\3.2.5\spring-boot-starter-jdbc-3.2.5.jar;C:\Users\sathwik\.m2\repository\com\zaxxer\HikariCP\5.0.1\HikariCP-5.0.1.jar;C:\Users\sathwik\.m2\repository\org\springframework\spring-jdbc\6.1.6\spring-jdbc-6.1.6.jar;C:\Users\sathwik\.m2\repository\org\hibernate\orm\hibernate-core\6.4.4.Final\hibernate-core-6.4.4.Final.jar;C:\Users\sathwik\.m2\repository\jakarta\persistence\jakarta.persistence-api\3.1.0\jakarta.persistence-api-3.1.0.jar;C:\Users\sathwik\.m2\repository\jakarta\transaction\jakarta.transaction-api\2.0.1\jakarta.transaction-api-2.0.1.jar;C:\Users\sathwik\.m2\repository\org\jboss\logging\jboss-logging\3.5.3.Final\jboss-logging-3.5.3.Final.jar;C:\Users\sathwik\.m2\repository\org\hibernate\common\hibernate-commons-annotations\6.0.6.Final\hibernate-commons-annotations-6.0.6.Final.jar;C:\Users\sathwik\.m2\repository\io\smallrye\jandex\3.1.2\jandex-3.1.2.jar;C:\Users\sathwik\.m2\repository\com\fasterxml\classmate\1.6.0\classmate-1.6.0.jar;C:\Users\sathwik\.m2\repository\net\bytebuddy\byte-buddy\1.14.13\byte-buddy-1.14.13.jar;C:\Users\sathwik\.m2\repository\org\glassfish\jaxb\jaxb-runtime\4.0.5\jaxb-runtime-4.0.5.jar;C:\Users\sathwik\.m2\repository\org\glassfish\jaxb\jaxb-core\4.0.5\jaxb-core-4.0.5.jar;C:\Users\sathwik\.m2\repository\org\eclipse\angus\angus-activation\2.0.2\angus-activation-2.0.2.jar;C:\Users\sathwik\.m2\repository\org\glassfish\jaxb\txw2\4.0.5\txw2-4.0.5.jar;C:\Users\sathwik\.m2\repository\com\sun\istack\istack-commons-runtime\4.1.2\istack-commons-runtime-4.1.2.jar;C:\Users\sathwik\.m2\repository\jakarta\inject\jakarta.inject-api\2.0.1\jakarta.inject-api-2.0.1.jar;C:\Users\sathwik\.m2\repository\org\antlr\antlr4-runtime\4.13.0\antlr4-runtime-4.13.0.jar;C:\Users\sathwik\.m2\repository\org\springframework\data\spring-data-jpa\3.2.5\spring-data-jpa-3.2.5.jar;C:\Users\sathwik\.m2\repository\org\springframework\data\spring-data-commons\3.2.5\spring-data-commons-3.2.5.jar;C:\Users\sathwik\.m2\repository\org\springframework\spring-orm\6.1.6\spring-orm-6.1.6.jar;C:\Users\sathwik\.m2\repository\org\springframework\spring-tx\6.1.6\spring-tx-6.1.6.jar;C:\Users\sathwik\.m2\repository\org\slf4j\slf4j-api\2.0.13\slf4j-api-2.0.13.jar;C:\Users\sathwik\.m2\repository\org\springframework\spring-aspects\6.1.6\spring-aspects-6.1.6.jar;C:\Users\sathwik\.m2\repository\org\springframework\boot\spring-boot-starter-security\3.2.5\spring-boot-starter-security-3.2.5.jar;C:\Users\sathwik\.m2\repository\org\springframework\spring-aop\6.1.6\spring-aop-6.1.6.jar;C:\Users\sathwik\.m2\repository\org\springframework\security\spring-security-config\6.2.4\spring-security-config-6.2.4.jar;C:\Users\sathwik\.m2\repository\org\springframework\security\spring-security-core\6.2.4\spring-security-core-6.2.4.jar;C:\Users\sathwik\.m2\repository\org\springframework\security\spring-security-crypto\6.2.4\spring-security-crypto-6.2.4.jar;C:\Users\sathwik\.m2\repository\org\springframework\security\spring-security-web\6.2.4\spring-security-web-6.2.4.jar;C:\Users\sathwik\.m2\repository\com\mysql\mysql-connector-j\8.3.0\mysql-connector-j-8.3.0.jar;C:\Users\sathwik\.m2\repository\io\jsonwebtoken\jjwt-api\0.11.5\jjwt-api-0.11.5.jar;C:\Users\sathwik\.m2\repository\io\jsonwebtoken\jjwt-impl\0.11.5\jjwt-impl-0.11.5.jar;C:\Users\sathwik\.m2\repository\io\jsonwebtoken\jjwt-jackson\0.11.5\jjwt-jackson-0.11.5.jar;C:\Users\sathwik\.m2\repository\com\fasterxml\jackson\core\jackson-databind\2.15.4\jackson-databind-2.15.4.jar;C:\Users\sathwik\.m2\repository\com\fasterxml\jackson\core\jackson-annotations\2.15.4\jackson-annotations-2.15.4.jar;C:\Users\sathwik\.m2\repository\com\fasterxml\jackson\core\jackson-core\2.15.4\jackson-core-2.15.4.jar;C:\Users\sathwik\.m2\repository\org\projectlombok\lombok\1.18.32\lombok-1.18.32.jar;C:\Users\sathwik\.m2\repository\org\springframework\boot\spring-boot-starter-validation\3.2.5\spring-boot-starter-validation-3.2.5.jar;C:\Users\sathwik\.m2\repository\org\apache\tomcat\embed\tomcat-embed-el\10.1.20\tomcat-embed-el-10.1.20.jar;C:\Users\sathwik\.m2\repository\org\hibernate\validator\hibernate-validator\8.0.1.Final\hibernate-validator-8.0.1.Final.jar;C:\Users\sathwik\.m2\repository\jakarta\validation\jakarta.validation-api\3.0.2\jakarta.validation-api-3.0.2.jar;C:\Users\sathwik\.m2\repository\jakarta\xml\bind\jakarta.xml.bind-api\4.0.2\jakarta.xml.bind-api-4.0.2.jar;C:\Users\sathwik\.m2\repository\jakarta\activation\jakarta.activation-api\2.1.3\jakarta.activation-api-2.1.3.jar;C:\Users\sathwik\.m2\repository\org\springframework\spring-core\6.1.6\spring-core-6.1.6.jar;C:\Users\sathwik\.m2\repository\org\springframework\spring-jcl\6.1.6\spring-jcl-6.1.6.jar
Launcher Type: SUN_STANDARD

[Global flags]
     intx CICompilerCount                          = 3                                         {product} {ergonomic}
     uint ConcGCThreads                            = 1                                         {product} {ergonomic}
     uint G1ConcRefinementThreads                  = 4                                         {product} {ergonomic}
   size_t G1HeapRegionSize                         = 1048576                                   {product} {ergonomic}
   size_t InitialHeapSize                          = 62914560                                  {product} {ergonomic}
   size_t MarkStackSize                            = 4194304                                   {product} {ergonomic}
   size_t MarkStackSizeMax                         = 536870912                                 {product} {ergonomic}
   size_t MaxHeapSize                              = 994050048                                 {product} {ergonomic}
   size_t MaxNewSize                               = 595591168                                 {product} {ergonomic}
   size_t MinHeapDeltaBytes                        = 1048576                                   {product} {ergonomic}
   size_t MinHeapSize                              = 8388608                                   {product} {ergonomic}
    uintx NonNMethodCodeHeapSize                   = 5832704                                {pd product} {ergonomic}
    uintx NonProfiledCodeHeapSize                  = 122945536                              {pd product} {ergonomic}
    uintx ProfiledCodeHeapSize                     = 122880000                              {pd product} {ergonomic}
    uintx ReservedCodeCacheSize                    = 251658240                              {pd product} {ergonomic}
     bool SegmentedCodeCache                       = true                                      {product} {ergonomic}
   size_t SoftMaxHeapSize                          = 994050048                              {manageable} {ergonomic}
     bool UseCompressedOops                        = true                           {product lp64_product} {ergonomic}
     bool UseG1GC                                  = true                                      {product} {ergonomic}
     bool UseLargePagesIndividualAllocation        = false                                  {pd product} {ergonomic}

Logging:
Log output configuration:
 #0: stdout all=warning uptime,level,tags foldmultilines=false
 #1: stderr all=off uptime,level,tags foldmultilines=false

Release file:
IMPLEMENTOR="Oracle Corporation" 
JAVA_RUNTIME_VERSION="25.0.1+8-27" 
JAVA_VERSION="25.0.1" 
JAVA_VERSION_DATE="2025-10-21" 
LIBC="default" 
MODULES="java.base java.compiler java.datatransfer java.xml java.prefs java.desktop java.instrument java.logging java.management java.security.sasl java.naming java.rmi java.management.rmi java.net.http java.scripting java.security.jgss java.transaction.xa java.sql java.sql.rowset java.xml.crypto java.se java.smartcardio jdk.accessibility jdk.internal.jvmstat jdk.attach jdk.charsets jdk.internal.opt jdk.zipfs jdk.compiler jdk.crypto.cryptoki jdk.crypto.ec jdk.crypto.mscapi jdk.dynalink jdk.internal.ed jdk.editpad jdk.internal.vm.ci jdk.graal.compiler jdk.graal.compiler.management jdk.hotspot.agent jdk.httpserver jdk.incubator.vector jdk.internal.le jdk.internal.md jdk.jartool jdk.javadoc jdk.jcmd jdk.management jdk.management.agent jdk.jconsole jdk.jdeps jdk.jdwp.agent jdk.jdi jdk.jfr jdk.jlink jdk.jpackage jdk.jshell jdk.jsobject jdk.jstatd jdk.localedata jdk.management.jfr jdk.naming.dns jdk.naming.rmi jdk.net jdk.nio.mapmode jdk.sctp jdk.security.auth jdk.security.jgss jdk.unsupported jdk.unsupported.desktop jdk.xml.dom" 
OS_ARCH="x86_64" 
OS_NAME="Windows" 
SOURCE=".:git:78770bfaefd2" 

Environment Variables:
JAVA_HOME=C:\Users\sathwik\AppData\Local\Programs\Eclipse Adoptium\jdk-17.0.5.8-hotspot\
CLASSPATH=C:\mysql-connector-j-9.4.0.jar
PATH=C:\Program Files\Eclipse Adoptium\jdk-17.0.17.10-hotspot\bin;C:\Program Files\Common Files\Oracle\Java\javapath;C:\Users\sathwik\OneDrive\Documents\javalabcs131;C:\WINDOWS\system32;C:\WINDOWS;C:\WINDOWS\System32\Wbem;C:\WINDOWS\System32\WindowsPowerShell\v1.0\;C:\WINDOWS\System32\OpenSSH\;C:\Program Files\Java\jdk-19\bin;C:\Program Files\Git\cmd;C:\Program Files\Java\jdk-24\bin\;C:\Program Files (x86)\Microsoft SQL Server\160\Tools\Binn\;C:\Program Files\Microsoft SQL Server\160\Tools\Binn\;C:\Program Files\Microsoft SQL Server\Client SDK\ODBC\170\Tools\Binn\;C:\Program Files\Microsoft SQL Server\160\DTS\Binn\;C:\Program Files (x86)\Microsoft SQL Server\160\DTS\Binn\;C:\Program Files\nodejs\;C:\Users\sathwik\Downloads\apache-maven-3.9.11-bin.zip\bin;C:\Program Files\MySQL\MySQL Shell 8.4\bin\;C:\Program Files\MySQL\MySQL Shell 8.4\bin\;C:\Users\sathwik\OneDrive\Documents\javalabcs131;C:\Users\sathwik\AppData\Local\Microsoft\WindowsApps;C:\Users\sathwik\AppData\Local\Programs\Microsoft VS Code\bin;C:\Users\sathwik\AppData\Roaming\npm;C:\Program Files\apache-maven-3.9.11\bin;C:\Program Files\apache-maven-3.9.11\bin;C:\Users\sathwik\AppData\Local\Programs\Antigravity\bin
USERNAME=sathwik
OS=Windows_NT
PROCESSOR_IDENTIFIER=Intel64 Family 6 Model 140 Stepping 1, GenuineIntel
TMP=C:\Users\sathwik\AppData\Local\Temp
TEMP=C:\Users\sathwik\AppData\Local\Temp




Compilation memory statistics disabled.

Periodic native trim disabled

---------------  S Y S T E M  ---------------

OS:
 Windows 11 , 64 bit Build 26100 (10.0.26100.7705)
OS uptime: 0 days 3:06 hours

CPU: total 4 (initial active 4) (2 cores per cpu, 2 threads per core) family 6 model 140 stepping 1 microcode 0x86, cx8, cmov, fxsr, ht, mmx, 3dnowpref, sse, sse2, sse3, ssse3, sse4.1, sse4.2, popcnt, lzcnt, tsc, tscinvbit, avx, avx2, aes, erms, clmul, bmi1, bmi2, adx, avx512f, avx512dq, avx512cd, avx512bw, avx512vl, sha, fma, vzeroupper, avx512_vpopcntdq, avx512_vpclmulqdq, avx512_vaes, avx512_vnni, clflush, clflushopt, clwb, avx512_vbmi2, avx512_vbmi, rdtscp, rdpid, fsrm, gfni, avx512_bitalg, f16c, pku, cet_ibt, cet_ss, avx512_ifma
Processor Information for the first 4 processors :
  Max Mhz: 2995, Current Mhz: 2995, Mhz Limit: 2995

Memory: 4k page, system-wide physical 3790M (395M free)
TotalPageFile size 15566M (AvailPageFile size 5M)
current process WorkingSet (physical memory assigned to process): 136M, peak: 157M
current process commit charge ("private bytes"): 251M, peak: 259M

vm_info: OpenJDK 64-Bit Server VM (25.0.1+8-27) for windows-amd64 JRE (25.0.1+8-27), built on 2025-09-25T16:41:16Z with unknown MS VC++:1943

END.
