#
# There is insufficient memory for the Java Runtime Environment to continue.
# Native memory allocation (malloc) failed to allocate 5591896 bytes. Error detail: Chunk::new
# Possible reasons:
#   The system is out of physical RAM or swap space
#   This process is running with CompressedOops enabled, and the Java Heap may be blocking the growth of the native heap
# Possible solutions:
#   Reduce memory load on the system
#   Increase physical memory or swap space
#   Check if swap backing store is full
#   Decrease Java heap size (-Xmx/-Xms)
#   Decrease number of Java threads
#   Decrease Java thread stack sizes (-Xss)
#   Set larger code cache with -XX:ReservedCodeCacheSize=
#   JVM is running with Unscaled Compressed Oops mode in which the Java heap is
#     placed in the first 4GB address space. The Java Heap base address is the
#     maximum limit for the native heap growth. Please use -XX:HeapBaseMinAddress
#     to set the Java Heap base and to place the Java Heap above 4GB virtual address.
# This output file may be truncated or incomplete.
#
#  Out of Memory Error (arena.cpp:186), pid=20408, tid=13064
#
# JRE version: OpenJDK Runtime Environment (25.0.1+8) (build 25.0.1+8-27)
# Java VM: OpenJDK 64-Bit Server VM (25.0.1+8-27, mixed mode, sharing, tiered, compressed oops, compressed class ptrs, g1 gc, windows-amd64)
# No core dump will be written. Minidumps are not enabled by default on client versions of Windows
#

---------------  S U M M A R Y ------------

Command Line: -javaagent:C:\Program Files\JetBrains\IntelliJ IDEA Community Edition 2025.1.1.1\lib\idea_rt.jar=62710 -Dfile.encoding=UTF-8 -Dsun.stdout.encoding=UTF-8 -Dsun.stderr.encoding=UTF-8 com.example.ecommerce.EcommerceApplication

Host: 11th Gen Intel(R) Core(TM) i3-1115G4 @ 3.00GHz, 4 cores, 3G,  Windows 11 , 64 bit Build 26100 (10.0.26100.7705)
Time: Mon Feb  2 17:21:06 2026 India Standard Time elapsed time: 12.504998 seconds (0d 0h 0m 12s)

---------------  T H R E A D  ---------------

Current thread (0x000001f39954b6d0):  JavaThread "C2 CompilerThread0" daemon [_thread_in_native, id=13064, stack(0x000000f01c000000,0x000000f01c100000) (1024K)]


Current CompileTask:
C2:12505 6594       4       org.springframework.core.BridgeMethodResolver::resolveBridgeMethod (165 bytes)

Stack: [0x000000f01c000000,0x000000f01c100000]
Native frames: (J=compiled Java code, j=interpreted, Vv=VM code, C=native code)
V  [jvm.dll+0x7a6b59]  (no source info available)
V  [jvm.dll+0x77290d]  (no source info available)
V  [jvm.dll+0x966153]  (no source info available)
V  [jvm.dll+0x968751]  (no source info available)
V  [jvm.dll+0x968e53]  (no source info available)
V  [jvm.dll+0x2fc756]  (no source info available)
V  [jvm.dll+0x111b26]  (no source info available)
V  [jvm.dll+0x111e4e]  (no source info available)
V  [jvm.dll+0x1a0a22]  (no source info available)
V  [jvm.dll+0x3b53c2]  (no source info available)
V  [jvm.dll+0x7ac4ef]  (no source info available)
V  [jvm.dll+0x2c0ac7]  (no source info available)
V  [jvm.dll+0x2bfa8f]  (no source info available)
V  [jvm.dll+0x237b60]  (no source info available)
V  [jvm.dll+0x2cfb56]  (no source info available)
V  [jvm.dll+0x2cddd5]  (no source info available)
V  [jvm.dll+0x48e6d1]  (no source info available)
V  [jvm.dll+0x906a0d]  (no source info available)
V  [jvm.dll+0x7a5135]  (no source info available)
C  [ucrtbase.dll+0x37b0]  (no source info available)
C  [KERNEL32.DLL+0x2e8d7]  (no source info available)
C  [ntdll.dll+0x8c40c]  (no source info available)

Lock stack of current Java thread (top to bottom):


---------------  P R O C E S S  ---------------

Threads class SMR info:
_java_thread_list=0x000001f3baebea00, length=15, elements={
0x000001f39949e510, 0x000001f39953f340, 0x000001f399540bd0, 0x000001f399544470,
0x000001f399547050, 0x000001f399547c10, 0x000001f3995487d0, 0x000001f39954b6d0,
0x000001f3b451f140, 0x000001f3b464d770, 0x000001f3b908d1d0, 0x000001f3b908d990,
0x000001f3ba8b69e0, 0x000001f3b9c3aca0, 0x000001f3b9c3bc40
}

Java Threads: ( => current thread )
  0x000001f39949e510 JavaThread "main"                              [_thread_in_Java, id=1424, stack(0x000000f01b200000,0x000000f01b300000) (1024K)]
  0x000001f39953f340 JavaThread "Reference Handler"          daemon [_thread_blocked, id=16184, stack(0x000000f01ba00000,0x000000f01bb00000) (1024K)]
  0x000001f399540bd0 JavaThread "Finalizer"                  daemon [_thread_blocked, id=1240, stack(0x000000f01bb00000,0x000000f01bc00000) (1024K)]
  0x000001f399544470 JavaThread "Signal Dispatcher"          daemon [_thread_blocked, id=14260, stack(0x000000f01bc00000,0x000000f01bd00000) (1024K)]
  0x000001f399547050 JavaThread "Attach Listener"            daemon [_thread_blocked, id=19180, stack(0x000000f01bd00000,0x000000f01be00000) (1024K)]
  0x000001f399547c10 JavaThread "Service Thread"             daemon [_thread_blocked, id=8700, stack(0x000000f01be00000,0x000000f01bf00000) (1024K)]
  0x000001f3995487d0 JavaThread "Monitor Deflation Thread"   daemon [_thread_blocked, id=18332, stack(0x000000f01bf00000,0x000000f01c000000) (1024K)]
=>0x000001f39954b6d0 JavaThread "C2 CompilerThread0"         daemon [_thread_in_native, id=13064, stack(0x000000f01c000000,0x000000f01c100000) (1024K)]
  0x000001f3b451f140 JavaThread "C1 CompilerThread0"         daemon [_thread_in_vm, id=15836, stack(0x000000f01c100000,0x000000f01c200000) (1024K)]
  0x000001f3b464d770 JavaThread "Common-Cleaner"             daemon [_thread_blocked, id=3964, stack(0x000000f01c200000,0x000000f01c300000) (1024K)]
  0x000001f3b908d1d0 JavaThread "Monitor Ctrl-Break"         daemon [_thread_in_native, id=17720, stack(0x000000f01c300000,0x000000f01c400000) (1024K)]
  0x000001f3b908d990 JavaThread "Notification Thread"        daemon [_thread_blocked, id=10156, stack(0x000000f01c400000,0x000000f01c500000) (1024K)]
  0x000001f3ba8b69e0 JavaThread "mysql-cj-abandoned-connection-cleanup" daemon [_thread_blocked, id=9020, stack(0x000000f01c700000,0x000000f01c800000) (1024K)]
  0x000001f3b9c3aca0 JavaThread "HikariPool-1 housekeeper"   daemon [_thread_blocked, id=16356, stack(0x000000f01ca00000,0x000000f01cb00000) (1024K)]
  0x000001f3b9c3bc40 JavaThread "HikariPool-1 connection adder" daemon [_thread_blocked, id=20212, stack(0x000000f01cb00000,0x000000f01cc00000) (1024K)]
Total: 15

Other Threads:
  0x000001f39952b0a0 VMThread "VM Thread"                           [id=10264, stack(0x000000f01b900000,0x000000f01ba00000) (1024K)]
  0x000001f3b44fda20 WatcherThread "VM Periodic Task Thread"        [id=14772, stack(0x000000f01b800000,0x000000f01b900000) (1024K)]
  0x000001f3994d67c0 WorkerThread "GC Thread#0"                     [id=16164, stack(0x000000f01b300000,0x000000f01b400000) (1024K)]
  0x000001f3b971fee0 WorkerThread "GC Thread#1"                     [id=836, stack(0x000000f01c500000,0x000000f01c600000) (1024K)]
  0x000001f3b9722160 WorkerThread "GC Thread#2"                     [id=3412, stack(0x000000f01c600000,0x000000f01c700000) (1024K)]
  0x000001f3b9721020 WorkerThread "GC Thread#3"                     [id=20136, stack(0x000000f01c800000,0x000000f01c900000) (1024K)]
  0x000001f3994def00 ConcurrentGCThread "G1 Main Marker"            [id=19204, stack(0x000000f01b400000,0x000000f01b500000) (1024K)]
  0x000001f3994dfaa0 WorkerThread "G1 Conc#0"                       [id=4824, stack(0x000000f01b500000,0x000000f01b600000) (1024K)]
  0x000001f3995041a0 ConcurrentGCThread "G1 Refine#0"               [id=8600, stack(0x000000f01b600000,0x000000f01b700000) (1024K)]
  0x000001f399505c00 ConcurrentGCThread "G1 Service"                [id=17460, stack(0x000000f01b700000,0x000000f01b800000) (1024K)]
Total: 10

Threads with active compile tasks:
C2 CompilerThread0  12664 6594       4       org.springframework.core.BridgeMethodResolver::resolveBridgeMethod (165 bytes)
Total: 1

VM state: not at safepoint (normal execution)

VM Mutex/Monitor currently owned by a thread: None

Heap address: 0x00000000c4c00000, size: 948 MB, Compressed Oops mode: 32-bit

CDS archive(s) mapped at: [0x000000000a000000-0x000000000add0000-0x000000000add0000), size 14483456, SharedBaseAddress: 0x000000000a000000, ArchiveRelocationMode: 1.
Compressed class space mapped at: 0x000000000b000000-0x000000004b000000, reserved size: 1073741824
UseCompressedClassPointers 1, UseCompactObjectHeaders 0
Narrow klass pointer bits 32, Max shift 3
Narrow klass base: 0x000000000a000000, Narrow klass shift: 0
Encoding Range: [0x000000000a000000 - 0x000000010a000000), (4294967296 bytes)
Klass Range:    [0x000000000a010000 - 0x000000004b000000), (1090453504 bytes)
Klass ID Range:  [65536 - 1090519033) (1090453497)
Protection zone: [0x000000000a000000 - 0x000000000a010000), (65536 bytes)

GC Precious Log:
 CardTable entry size: 512
 Card Set container configuration: InlinePtr #cards 5 size 8 Array Of Cards #cards 10 size 36 Howl #buckets 4 coarsen threshold 1843 Howl Bitmap #cards 512 size 80 coarsen threshold 460 Card regions per heap region 1 cards per card region 2048
 CPUs: 4 total, 4 available
 Memory: 3790M
 Large Page Support: Disabled
 NUMA Support: Disabled
 Compressed Oops: Enabled (32-bit)
 Heap Region Size: 1M
 Heap Min Capacity: 8M
 Heap Initial Capacity: 60M
 Heap Max Capacity: 948M
 Pre-touch: Disabled
 Parallel Workers: 4
 Concurrent Workers: 1
 Concurrent Refinement Workers: 4
 Periodic GC: Disabled

Heap:
 garbage-first heap   total reserved 970752K, committed 58368K, used 35377K [0x00000000c4c00000, 0x0000000100000000)
  region size 1024K, 12 young (12288K), 2 survivors (2048K)

Heap Regions: E=young(eden), S=young(survivor), O=old, HS=humongous(starts), HC=humongous(continues), CS=collection set, F=free, TAMS=top-at-mark-start, PB=parsable bottom
|   0|0x00000000c4c00000, 0x00000000c4d00000, 0x00000000c4d00000|100%|HS|  |TAMS 0x00000000c4c00000| PB 0x00000000c4c00000| Complete |  0
|   1|0x00000000c4d00000, 0x00000000c4e00000, 0x00000000c4e00000|100%| O|  |TAMS 0x00000000c4d00000| PB 0x00000000c4d00000| Untracked |  0
|   2|0x00000000c4e00000, 0x00000000c4f00000, 0x00000000c4f00000|100%| O|  |TAMS 0x00000000c4e00000| PB 0x00000000c4e00000| Untracked |  0
|   3|0x00000000c4f00000, 0x00000000c5000000, 0x00000000c5000000|100%| O|  |TAMS 0x00000000c4f00000| PB 0x00000000c4f00000| Untracked |  0
|   4|0x00000000c5000000, 0x00000000c5100000, 0x00000000c5100000|100%| O|  |TAMS 0x00000000c5000000| PB 0x00000000c5000000| Untracked |  0
|   5|0x00000000c5100000, 0x00000000c5200000, 0x00000000c5200000|100%| O|  |TAMS 0x00000000c5100000| PB 0x00000000c5100000| Untracked |  0
|   6|0x00000000c5200000, 0x00000000c5300000, 0x00000000c5300000|100%| O|  |TAMS 0x00000000c5200000| PB 0x00000000c5200000| Untracked |  0
|   7|0x00000000c5300000, 0x00000000c5400000, 0x00000000c5400000|100%| O|  |TAMS 0x00000000c5300000| PB 0x00000000c5300000| Untracked |  0
|   8|0x00000000c5400000, 0x00000000c5500000, 0x00000000c5500000|100%| O|  |TAMS 0x00000000c5400000| PB 0x00000000c5400000| Untracked |  0
|   9|0x00000000c5500000, 0x00000000c5600000, 0x00000000c5600000|100%| O|  |TAMS 0x00000000c5500000| PB 0x00000000c5500000| Untracked |  0
|  10|0x00000000c5600000, 0x00000000c5700000, 0x00000000c5700000|100%| O|  |TAMS 0x00000000c5600000| PB 0x00000000c5600000| Untracked |  0
|  11|0x00000000c5700000, 0x00000000c5800000, 0x00000000c5800000|100%| O|  |TAMS 0x00000000c5700000| PB 0x00000000c5700000| Untracked |  0
|  12|0x00000000c5800000, 0x00000000c58f4dd8, 0x00000000c5900000| 95%| O|  |TAMS 0x00000000c5800000| PB 0x00000000c5800000| Untracked |  0
|  13|0x00000000c5900000, 0x00000000c5a00000, 0x00000000c5a00000|100%| O|  |TAMS 0x00000000c5900000| PB 0x00000000c5900000| Untracked |  0
|  14|0x00000000c5a00000, 0x00000000c5b00000, 0x00000000c5b00000|100%| O|  |TAMS 0x00000000c5a00000| PB 0x00000000c5a00000| Untracked |  0
|  15|0x00000000c5b00000, 0x00000000c5c00000, 0x00000000c5c00000|100%| O|  |TAMS 0x00000000c5b00000| PB 0x00000000c5b00000| Untracked |  0
|  16|0x00000000c5c00000, 0x00000000c5d00000, 0x00000000c5d00000|100%| O|Cm|TAMS 0x00000000c5c00000| PB 0x00000000c5c00000| Complete |  0
|  17|0x00000000c5d00000, 0x00000000c5e00000, 0x00000000c5e00000|100%| O|  |TAMS 0x00000000c5d00000| PB 0x00000000c5d00000| Untracked |  0
|  18|0x00000000c5e00000, 0x00000000c5f00000, 0x00000000c5f00000|100%| O|  |TAMS 0x00000000c5e00000| PB 0x00000000c5e00000| Untracked |  0
|  19|0x00000000c5f00000, 0x00000000c6000000, 0x00000000c6000000|100%| O|  |TAMS 0x00000000c5f00000| PB 0x00000000c5f00000| Untracked |  0
|  20|0x00000000c6000000, 0x00000000c6100000, 0x00000000c6100000|100%| O|  |TAMS 0x00000000c6000000| PB 0x00000000c6000000| Untracked |  0
|  21|0x00000000c6100000, 0x00000000c6200000, 0x00000000c6200000|100%| O|  |TAMS 0x00000000c6100000| PB 0x00000000c6100000| Untracked |  0
|  22|0x00000000c6200000, 0x00000000c6300000, 0x00000000c6300000|100%| O|  |TAMS 0x00000000c6200000| PB 0x00000000c6200000| Untracked |  0
|  23|0x00000000c6300000, 0x00000000c6400000, 0x00000000c6400000|100%| O|  |TAMS 0x00000000c6300000| PB 0x00000000c6300000| Untracked |  0
|  24|0x00000000c6400000, 0x00000000c6400000, 0x00000000c6500000|  0%| F|  |TAMS 0x00000000c6400000| PB 0x00000000c6400000| Untracked |  0
|  25|0x00000000c6500000, 0x00000000c6500000, 0x00000000c6600000|  0%| F|  |TAMS 0x00000000c6500000| PB 0x00000000c6500000| Untracked |  0
|  26|0x00000000c6600000, 0x00000000c6600000, 0x00000000c6700000|  0%| F|  |TAMS 0x00000000c6600000| PB 0x00000000c6600000| Untracked |  0
|  27|0x00000000c6700000, 0x00000000c6700000, 0x00000000c6800000|  0%| F|  |TAMS 0x00000000c6700000| PB 0x00000000c6700000| Untracked |  0
|  28|0x00000000c6800000, 0x00000000c6800000, 0x00000000c6900000|  0%| F|  |TAMS 0x00000000c6800000| PB 0x00000000c6800000| Untracked |  0
|  29|0x00000000c6900000, 0x00000000c6900000, 0x00000000c6a00000|  0%| F|  |TAMS 0x00000000c6900000| PB 0x00000000c6900000| Untracked |  0
|  30|0x00000000c6a00000, 0x00000000c6a00000, 0x00000000c6b00000|  0%| F|  |TAMS 0x00000000c6a00000| PB 0x00000000c6a00000| Untracked |  0
|  31|0x00000000c6b00000, 0x00000000c6b00000, 0x00000000c6c00000|  0%| F|  |TAMS 0x00000000c6b00000| PB 0x00000000c6b00000| Untracked |  0
|  32|0x00000000c6c00000, 0x00000000c6c00000, 0x00000000c6d00000|  0%| F|  |TAMS 0x00000000c6c00000| PB 0x00000000c6c00000| Untracked |  0
|  33|0x00000000c6d00000, 0x00000000c6d00000, 0x00000000c6e00000|  0%| F|  |TAMS 0x00000000c6d00000| PB 0x00000000c6d00000| Untracked |  0
|  34|0x00000000c6e00000, 0x00000000c6e00000, 0x00000000c6f00000|  0%| F|  |TAMS 0x00000000c6e00000| PB 0x00000000c6e00000| Untracked |  0
|  35|0x00000000c6f00000, 0x00000000c6f00000, 0x00000000c7000000|  0%| F|  |TAMS 0x00000000c6f00000| PB 0x00000000c6f00000| Untracked |  0
|  36|0x00000000c7000000, 0x00000000c7000000, 0x00000000c7100000|  0%| F|  |TAMS 0x00000000c7000000| PB 0x00000000c7000000| Untracked |  0
|  37|0x00000000c7100000, 0x00000000c7100000, 0x00000000c7200000|  0%| F|  |TAMS 0x00000000c7100000| PB 0x00000000c7100000| Untracked |  0
|  38|0x00000000c7200000, 0x00000000c7200000, 0x00000000c7300000|  0%| F|  |TAMS 0x00000000c7200000| PB 0x00000000c7200000| Untracked |  0
|  39|0x00000000c7300000, 0x00000000c7300000, 0x00000000c7400000|  0%| F|  |TAMS 0x00000000c7300000| PB 0x00000000c7300000| Untracked |  0
|  40|0x00000000c7400000, 0x00000000c7400000, 0x00000000c7500000|  0%| F|  |TAMS 0x00000000c7400000| PB 0x00000000c7400000| Untracked |  0
|  41|0x00000000c7500000, 0x00000000c7500000, 0x00000000c7600000|  0%| F|  |TAMS 0x00000000c7500000| PB 0x00000000c7500000| Untracked |  0
|  42|0x00000000c7600000, 0x00000000c7600000, 0x00000000c7700000|  0%| F|  |TAMS 0x00000000c7600000| PB 0x00000000c7600000| Untracked |  0
|  43|0x00000000c7700000, 0x00000000c7700000, 0x00000000c7800000|  0%| F|  |TAMS 0x00000000c7700000| PB 0x00000000c7700000| Untracked |  0
|  44|0x00000000c7800000, 0x00000000c78f6b78, 0x00000000c7900000| 96%| E|  |TAMS 0x00000000c7800000| PB 0x00000000c7800000| Complete |  0
|  45|0x00000000c7900000, 0x00000000c7a00000, 0x00000000c7a00000|100%| E|CS|TAMS 0x00000000c7900000| PB 0x00000000c7900000| Complete |  0
|  46|0x00000000c7a00000, 0x00000000c7a97860, 0x00000000c7b00000| 59%| S|CS|TAMS 0x00000000c7a00000| PB 0x00000000c7a00000| Complete |  0
|  47|0x00000000c7b00000, 0x00000000c7c00000, 0x00000000c7c00000|100%| S|CS|TAMS 0x00000000c7b00000| PB 0x00000000c7b00000| Complete |  0
|  48|0x00000000c7c00000, 0x00000000c7d00000, 0x00000000c7d00000|100%| E|CS|TAMS 0x00000000c7c00000| PB 0x00000000c7c00000| Complete |  0
|  49|0x00000000c7d00000, 0x00000000c7e00000, 0x00000000c7e00000|100%| E|  |TAMS 0x00000000c7d00000| PB 0x00000000c7d00000| Complete |  0
|  50|0x00000000c7e00000, 0x00000000c7f00000, 0x00000000c7f00000|100%| E|CS|TAMS 0x00000000c7e00000| PB 0x00000000c7e00000| Complete |  0
|  51|0x00000000c7f00000, 0x00000000c8000000, 0x00000000c8000000|100%| E|CS|TAMS 0x00000000c7f00000| PB 0x00000000c7f00000| Complete |  0
|  52|0x00000000c8000000, 0x00000000c8100000, 0x00000000c8100000|100%| E|CS|TAMS 0x00000000c8000000| PB 0x00000000c8000000| Complete |  0
|  53|0x00000000c8100000, 0x00000000c8200000, 0x00000000c8200000|100%| E|CS|TAMS 0x00000000c8100000| PB 0x00000000c8100000| Complete |  0
|  59|0x00000000c8700000, 0x00000000c8800000, 0x00000000c8800000|100%| E|CS|TAMS 0x00000000c8700000| PB 0x00000000c8700000| Complete |  0
| 946|0x00000000ffe00000, 0x00000000fff00000, 0x00000000fff00000|100%| O|  |TAMS 0x00000000ffe00000| PB 0x00000000ffe00000| Untracked |  0
| 947|0x00000000fff00000, 0x0000000100000000, 0x0000000100000000|100%| E|CS|TAMS 0x00000000fff00000| PB 0x00000000fff00000| Complete |  0

Card table byte_map: [0x000001f3b0ef0000,0x000001f3b10d0000] _byte_map_base: 0x000001f3b08ca000

Marking Bits: (CMBitMap*) 0x000001f3994d6f50
 Bits: [0x000001f3b10d0000, 0x000001f3b1fa0000)

Polling page: 0x000001f3977d0000

Metaspace:
Metaspace        used 61945K, committed 62400K, reserved 1114112K
 class space     used 6417K, committed 6592K, reserved 1048576K

Usage:
  Non-class:     54.23 MB used.
      Class:      6.27 MB used.
       Both:     60.50 MB used.

Virtual space:
  Non-class space:       64.00 MB reserved,      54.50 MB ( 85%) committed,  1 nodes.
      Class space:        1.00 GB reserved,       6.44 MB ( <1%) committed,  1 nodes.
             Both:        1.06 GB reserved,      60.94 MB (  6%) committed. 

Chunk freelists:
   Non-Class:  9.14 MB
       Class:  9.56 MB
        Both:  18.70 MB

MaxMetaspaceSize: unlimited
CompressedClassSpaceSize: 1.00 GB
Initial GC threshold: 21.00 MB
Current GC threshold: 99.69 MB
CDS: on
 - commit_granule_bytes: 65536.
 - commit_granule_words: 8192.
 - virtual_space_node_default_size: 8388608.
 - enlarge_chunks_in_place: 1.
UseCompressedClassPointers 1, UseCompactObjectHeaders 0
Narrow klass pointer bits 32, Max shift 3
Narrow klass base: 0x000000000a000000, Narrow klass shift: 0
Encoding Range: [0x000000000a000000 - 0x000000010a000000), (4294967296 bytes)
Klass Range:    [0x000000000a010000 - 0x000000004b000000), (1090453504 bytes)
Klass ID Range:  [65536 - 1090519033) (1090453497)
Protection zone: [0x000000000a000000 - 0x000000000a010000), (65536 bytes)


Internal statistics:

num_allocs_failed_limit: 9.
num_arena_births: 552.
num_arena_deaths: 0.
num_vsnodes_births: 2.
num_vsnodes_deaths: 0.
num_space_committed: 975.
num_space_uncommitted: 0.
num_chunks_returned_to_freelist: 9.
num_chunks_taken_from_freelist: 2575.
num_chunk_merges: 9.
num_chunk_splits: 1935.
num_chunks_enlarged: 1626.
num_inconsistent_stats: 0.

CodeHeap 'non-profiled nmethods': size=120064Kb used=2271Kb max_used=2456Kb free=117792Kb
 bounds [0x000001f3a97d0000, 0x000001f3a9a40000, 0x000001f3b0d10000]
CodeHeap 'profiled nmethods': size=120000Kb used=9251Kb max_used=9941Kb free=110748Kb
 bounds [0x000001f3a1d10000, 0x000001f3a26d0000, 0x000001f3a9240000]
CodeHeap 'non-nmethods': size=5696Kb used=1831Kb max_used=1921Kb free=3864Kb
 bounds [0x000001f3a9240000, 0x000001f3a94b0000, 0x000001f3a97d0000]
CodeCache: size=245760Kb, used=13353Kb, max_used=14318Kb, free=232404Kb
 total_blobs=6774, nmethods=6018, adapters=658, full_count=0
Compilation: enabled, stopped_count=0, restarted_count=0

Compilation events (20 events):
Event: 12.186 Thread 0x000001f3b451f140 6621       2       java.lang.Class::methodToString (78 bytes)
Event: 12.187 Thread 0x000001f3b451f140 nmethod 6621 0x000001f3a26c1d08 code [0x000001f3a26c1e00, 0x000001f3a26c2340]
Event: 12.215 Thread 0x000001f3b451f140 6623       2       java.lang.PublicMethods$MethodList::merge (25 bytes)
Event: 12.216 Thread 0x000001f3b451f140 nmethod 6623 0x000001f3a26c2388 code [0x000001f3a26c2480, 0x000001f3a26c25f8]
Event: 12.234 Thread 0x000001f3b451f140 6624       2       sun.reflect.generics.reflectiveObjects.WildcardTypeImpl::getLowerBounds (36 bytes)
Event: 12.234 Thread 0x000001f3b451f140 nmethod 6624 0x000001f3a26c2688 code [0x000001f3a26c2780, 0x000001f3a26c2a48]
Event: 12.234 Thread 0x000001f3b451f140 6625       2       sun.reflect.generics.reflectiveObjects.WildcardTypeImpl::getUpperBounds (36 bytes)
Event: 12.234 Thread 0x000001f3b451f140 nmethod 6625 0x000001f3a26c2a88 code [0x000001f3a26c2b80, 0x000001f3a26c2e48]
Event: 12.234 Thread 0x000001f3b451f140 6626       2       sun.reflect.generics.reflectiveObjects.WildcardTypeImpl::hashCode (20 bytes)
Event: 12.235 Thread 0x000001f3b451f140 nmethod 6626 0x000001f3a26c2e88 code [0x000001f3a26c2f80, 0x000001f3a26c3180]
Event: 12.235 Thread 0x000001f3b451f140 6628       2       org.springframework.core.SerializableTypeWrapper$TypeProxyInvocationHandler::invoke (364 bytes)
Event: 12.236 Thread 0x000001f3b451f140 nmethod 6628 0x000001f3a26c3188 code [0x000001f3a26c3280, 0x000001f3a26c44b0]
Event: 12.236 Thread 0x000001f3b451f140 6627       2       sun.reflect.generics.parser.SignatureParser::parseIdentifier (13 bytes)
Event: 12.237 Thread 0x000001f3b451f140 nmethod 6627 0x000001f3a26c4508 code [0x000001f3a26c4600, 0x000001f3a26c4768]
Event: 12.238 Thread 0x000001f3b451f140 6629       2       org.springframework.util.ReflectionUtils::makeAccessible (36 bytes)
Event: 12.238 Thread 0x000001f3b451f140 nmethod 6629 0x000001f3a26c4808 code [0x000001f3a26c4900, 0x000001f3a26c4aa8]
Event: 12.262 Thread 0x000001f3b451f140 6630       2       org.springframework.core.convert.support.GenericConversionService$ConverterAdapter::<init> (41 bytes)
Event: 12.263 Thread 0x000001f3b451f140 nmethod 6630 0x000001f3a26c4b08 code [0x000001f3a26c4c00, 0x000001f3a26c5170]
Event: 12.263 Thread 0x000001f3b451f140 6631       2       org.springframework.core.convert.support.GenericConversionService$ConverterAdapter::getConvertibleTypes (8 bytes)
Event: 12.263 Thread 0x000001f3b451f140 nmethod 6631 0x000001f3a26c5208 code [0x000001f3a26c5300, 0x000001f3a26c54b0]

GC Heap Usage History (20 events):
Event: 4.208 {heap Before GC invocations=2 (full 0):
 garbage-first heap   total reserved 970752K, committed 63488K, used 35863K [0x00000000c4c00000, 0x0000000100000000)
  region size 1024K, 28 young (28672K), 2 survivors (2048K)
}
Event: 4.215 {heap After GC invocations=3 (full 0):
 garbage-first heap   total reserved 970752K, committed 63488K, used 13703K [0x00000000c4c00000, 0x0000000100000000)
  region size 1024K, 4 young (4096K), 4 survivors (4096K)
}
Event: 4.605 {heap Before GC invocations=3 (full 0):
 garbage-first heap   total reserved 970752K, committed 63488K, used 25991K [0x00000000c4c00000, 0x0000000100000000)
  region size 1024K, 18 young (18432K), 4 survivors (4096K)
}
Event: 4.616 {heap After GC invocations=4 (full 0):
 garbage-first heap   total reserved 970752K, committed 63488K, used 15024K [0x00000000c4c00000, 0x0000000100000000)
  region size 1024K, 2 young (2048K), 2 survivors (2048K)
}
Event: 5.915 {heap Before GC invocations=5 (full 0):
 garbage-first heap   total reserved 970752K, committed 58368K, used 43696K [0x00000000c4c00000, 0x0000000100000000)
  region size 1024K, 30 young (30720K), 2 survivors (2048K)
}
Event: 5.927 {heap After GC invocations=6 (full 0):
 garbage-first heap   total reserved 970752K, committed 58368K, used 17748K [0x00000000c4c00000, 0x0000000100000000)
  region size 1024K, 4 young (4096K), 4 survivors (4096K)
}
Event: 7.289 {heap Before GC invocations=6 (full 0):
 garbage-first heap   total reserved 970752K, committed 58368K, used 43348K [0x00000000c4c00000, 0x0000000100000000)
  region size 1024K, 29 young (29696K), 4 survivors (4096K)
}
Event: 7.305 {heap After GC invocations=7 (full 0):
 garbage-first heap   total reserved 970752K, committed 58368K, used 19964K [0x00000000c4c00000, 0x0000000100000000)
  region size 1024K, 3 young (3072K), 3 survivors (3072K)
}
Event: 8.750 {heap Before GC invocations=7 (full 0):
 garbage-first heap   total reserved 970752K, committed 58368K, used 44540K [0x00000000c4c00000, 0x0000000100000000)
  region size 1024K, 28 young (28672K), 3 survivors (3072K)
}
Event: 8.757 {heap After GC invocations=8 (full 0):
 garbage-first heap   total reserved 970752K, committed 58368K, used 21438K [0x00000000c4c00000, 0x0000000100000000)
  region size 1024K, 2 young (2048K), 2 survivors (2048K)
}
Event: 8.790 {heap Before GC invocations=8 (full 0):
 garbage-first heap   total reserved 970752K, committed 58368K, used 21438K [0x00000000c4c00000, 0x0000000100000000)
  region size 1024K, 3 young (3072K), 2 survivors (2048K)
}
Event: 8.794 {heap After GC invocations=9 (full 0):
 garbage-first heap   total reserved 970752K, committed 58368K, used 21453K [0x00000000c4c00000, 0x0000000100000000)
  region size 1024K, 2 young (2048K), 2 survivors (2048K)
}
Event: 10.297 {heap Before GC invocations=10 (full 0):
 garbage-first heap   total reserved 970752K, committed 58368K, used 47053K [0x00000000c4c00000, 0x0000000100000000)
  region size 1024K, 28 young (28672K), 2 survivors (2048K)
}
Event: 10.306 {heap After GC invocations=11 (full 0):
 garbage-first heap   total reserved 970752K, committed 58368K, used 24379K [0x00000000c4c00000, 0x0000000100000000)
  region size 1024K, 4 young (4096K), 4 survivors (4096K)
}
Event: 11.130 {heap Before GC invocations=11 (full 0):
 garbage-first heap   total reserved 970752K, committed 58368K, used 47931K [0x00000000c4c00000, 0x0000000100000000)
  region size 1024K, 28 young (28672K), 4 survivors (4096K)
}
Event: 11.141 {heap After GC invocations=12 (full 0):
 garbage-first heap   total reserved 970752K, committed 58368K, used 25963K [0x00000000c4c00000, 0x0000000100000000)
  region size 1024K, 2 young (2048K), 2 survivors (2048K)
}
Event: 11.924 {heap Before GC invocations=12 (full 0):
 garbage-first heap   total reserved 970752K, committed 58368K, used 49515K [0x00000000c4c00000, 0x0000000100000000)
  region size 1024K, 26 young (26624K), 2 survivors (2048K)
}
Event: 11.930 {heap After GC invocations=13 (full 0):
 garbage-first heap   total reserved 970752K, committed 58368K, used 26669K [0x00000000c4c00000, 0x0000000100000000)
  region size 1024K, 3 young (3072K), 3 survivors (3072K)
}
Event: 12.220 {heap Before GC invocations=13 (full 0):
 garbage-first heap   total reserved 970752K, committed 58368K, used 33837K [0x00000000c4c00000, 0x0000000100000000)
  region size 1024K, 11 young (11264K), 3 survivors (3072K)
}
Event: 12.227 {heap After GC invocations=14 (full 0):
 garbage-first heap   total reserved 970752K, committed 58368K, used 27185K [0x00000000c4c00000, 0x0000000100000000)
  region size 1024K, 2 young (2048K), 2 survivors (2048K)
}

Metaspace Usage History (20 events):
Event: 4.208 {metaspace Before GC invocations=2 (full 0):
 Metaspace       used 20101K, committed 20352K, reserved 1114112K
  class space    used 1976K, committed 2112K, reserved 1048576K
}
Event: 4.215 {metaspace After GC invocations=3 (full 0):
 Metaspace       used 20101K, committed 20352K, reserved 1114112K
  class space    used 1976K, committed 2112K, reserved 1048576K
}
Event: 4.605 {metaspace Before GC invocations=3 (full 0):
 Metaspace       used 21326K, committed 21504K, reserved 1114112K
  class space    used 2082K, committed 2176K, reserved 1048576K
}
Event: 4.616 {metaspace After GC invocations=4 (full 0):
 Metaspace       used 21326K, committed 21504K, reserved 1114112K
  class space    used 2082K, committed 2176K, reserved 1048576K
}
Event: 5.915 {metaspace Before GC invocations=5 (full 0):
 Metaspace       used 26018K, committed 26304K, reserved 1114112K
  class space    used 2610K, committed 2752K, reserved 1048576K
}
Event: 5.927 {metaspace After GC invocations=6 (full 0):
 Metaspace       used 26018K, committed 26304K, reserved 1114112K
  class space    used 2610K, committed 2752K, reserved 1048576K
}
Event: 7.289 {metaspace Before GC invocations=6 (full 0):
 Metaspace       used 30558K, committed 30912K, reserved 1114112K
  class space    used 3130K, committed 3328K, reserved 1048576K
}
Event: 7.305 {metaspace After GC invocations=7 (full 0):
 Metaspace       used 30558K, committed 30912K, reserved 1114112K
  class space    used 3130K, committed 3328K, reserved 1048576K
}
Event: 8.750 {metaspace Before GC invocations=7 (full 0):
 Metaspace       used 35708K, committed 36096K, reserved 1114112K
  class space    used 3657K, committed 3840K, reserved 1048576K
}
Event: 8.757 {metaspace After GC invocations=8 (full 0):
 Metaspace       used 35708K, committed 36096K, reserved 1114112K
  class space    used 3657K, committed 3840K, reserved 1048576K
}
Event: 8.790 {metaspace Before GC invocations=8 (full 0):
 Metaspace       used 35956K, committed 36288K, reserved 1114112K
  class space    used 3694K, committed 3840K, reserved 1048576K
}
Event: 8.794 {metaspace After GC invocations=9 (full 0):
 Metaspace       used 35956K, committed 36288K, reserved 1114112K
  class space    used 3694K, committed 3840K, reserved 1048576K
}
Event: 10.297 {metaspace Before GC invocations=10 (full 0):
 Metaspace       used 46574K, committed 47040K, reserved 1114112K
  class space    used 4749K, committed 4928K, reserved 1048576K
}
Event: 10.306 {metaspace After GC invocations=11 (full 0):
 Metaspace       used 46574K, committed 47040K, reserved 1114112K
  class space    used 4749K, committed 4928K, reserved 1048576K
}
Event: 11.130 {metaspace Before GC invocations=11 (full 0):
 Metaspace       used 53929K, committed 54336K, reserved 1114112K
  class space    used 5455K, committed 5632K, reserved 1048576K
}
Event: 11.141 {metaspace After GC invocations=12 (full 0):
 Metaspace       used 53929K, committed 54336K, reserved 1114112K
  class space    used 5455K, committed 5632K, reserved 1048576K
}
Event: 11.924 {metaspace Before GC invocations=12 (full 0):
 Metaspace       used 59364K, committed 59776K, reserved 1114112K
  class space    used 6142K, committed 6336K, reserved 1048576K
}
Event: 11.930 {metaspace After GC invocations=13 (full 0):
 Metaspace       used 59364K, committed 59776K, reserved 1114112K
  class space    used 6142K, committed 6336K, reserved 1048576K
}
Event: 12.220 {metaspace Before GC invocations=13 (full 0):
 Metaspace       used 60608K, committed 61056K, reserved 1114112K
  class space    used 6230K, committed 6464K, reserved 1048576K
}
Event: 12.227 {metaspace After GC invocations=14 (full 0):
 Metaspace       used 60608K, committed 61056K, reserved 1114112K
  class space    used 6230K, committed 6464K, reserved 1048576K
}

Dll operation events (12 events):
Event: 0.045 Loaded shared library C:\Users\sathwik\.jdks\openjdk-25.0.1\bin\java.dll
Event: 0.389 Loaded shared library C:\Users\sathwik\.jdks\openjdk-25.0.1\bin\zip.dll
Event: 0.395 Loaded shared library C:\Users\sathwik\.jdks\openjdk-25.0.1\bin\instrument.dll
Event: 0.403 Loaded shared library C:\Users\sathwik\.jdks\openjdk-25.0.1\bin\net.dll
Event: 0.406 Loaded shared library C:\Users\sathwik\.jdks\openjdk-25.0.1\bin\nio.dll
Event: 0.411 Loaded shared library C:\Users\sathwik\.jdks\openjdk-25.0.1\bin\zip.dll
Event: 0.761 Loaded shared library C:\Users\sathwik\.jdks\openjdk-25.0.1\bin\extnet.dll
Event: 0.813 Loaded shared library C:\Users\sathwik\.jdks\openjdk-25.0.1\bin\jimage.dll
Event: 4.141 Loaded shared library C:\Users\sathwik\.jdks\openjdk-25.0.1\bin\sunmscapi.dll
Event: 7.151 Loaded shared library C:\Users\sathwik\.jdks\openjdk-25.0.1\bin\management.dll
Event: 7.155 Loaded shared library C:\Users\sathwik\.jdks\openjdk-25.0.1\bin\management_ext.dll
Event: 8.630 Loaded shared library C:\Users\sathwik\.jdks\openjdk-25.0.1\bin\verify.dll

Deoptimization events (20 events):
Event: 12.161 Thread 0x000001f39949e510 Uncommon trap: trap_request=0xffffff45 fr.pc=0x000001f3a988b9d0 relative=0x0000000000000730
Event: 12.161 Thread 0x000001f39949e510 Uncommon trap: reason=unstable_if action=reinterpret pc=0x000001f3a988b9d0 method=jdk.internal.classfile.impl.SplitConstantPool.internalAdd(Ljava/lang/classfile/constantpool/PoolEntry;I)Ljava/lang/classfile/constantpool/PoolEntry; @ 18 c2
Event: 12.161 Thread 0x000001f39949e510 DEOPT PACKING pc=0x000001f3a988b9d0 sp=0x000000f01b2fa4a0
Event: 12.161 Thread 0x000001f39949e510 DEOPT UNPACKING pc=0x000001f3a92d7002 sp=0x000000f01b2fa438 mode 2
Event: 12.161 Thread 0x000001f39949e510 Uncommon trap: trap_request=0xffffff45 fr.pc=0x000001f3a99c8384 relative=0x0000000000003f04
Event: 12.161 Thread 0x000001f39949e510 Uncommon trap: reason=unstable_if action=reinterpret pc=0x000001f3a99c8384 method=jdk.internal.classfile.impl.StackCounter.<init>(Ljdk/internal/classfile/impl/LabelContext;Ljava/lang/classfile/attribute/StackMapTableAttribute;Ljava/lang/constant/ClassDesc
Event: 12.161 Thread 0x000001f39949e510 DEOPT PACKING pc=0x000001f3a99c8384 sp=0x000000f01b2fa6d0
Event: 12.161 Thread 0x000001f39949e510 DEOPT UNPACKING pc=0x000001f3a92d7002 sp=0x000000f01b2fa628 mode 2
Event: 12.180 Thread 0x000001f39949e510 Uncommon trap: trap_request=0xffffff45 fr.pc=0x000001f3a99f2e0c relative=0x0000000000000c0c
Event: 12.180 Thread 0x000001f39949e510 Uncommon trap: reason=unstable_if action=reinterpret pc=0x000001f3a99f2e0c method=java.util.concurrent.ConcurrentHashMap.putVal(Ljava/lang/Object;Ljava/lang/Object;Z)Ljava/lang/Object; @ 401 c2
Event: 12.180 Thread 0x000001f39949e510 DEOPT PACKING pc=0x000001f3a99f2e0c sp=0x000000f01b2fb4f0
Event: 12.180 Thread 0x000001f39949e510 DEOPT UNPACKING pc=0x000001f3a92d7002 sp=0x000000f01b2fb460 mode 2
Event: 12.182 Thread 0x000001f39949e510 Uncommon trap: trap_request=0xffffff45 fr.pc=0x000001f3a980cf38 relative=0x0000000000000238
Event: 12.182 Thread 0x000001f39949e510 Uncommon trap: reason=unstable_if action=reinterpret pc=0x000001f3a980cf38 method=java.util.concurrent.ConcurrentHashMap.get(Ljava/lang/Object;)Ljava/lang/Object; @ 86 c2
Event: 12.182 Thread 0x000001f39949e510 DEOPT PACKING pc=0x000001f3a980cf38 sp=0x000000f01b2fb570
Event: 12.182 Thread 0x000001f39949e510 DEOPT UNPACKING pc=0x000001f3a92d7002 sp=0x000000f01b2fb4d8 mode 2
Event: 12.184 Thread 0x000001f39949e510 Uncommon trap: trap_request=0xfffffff4 fr.pc=0x000001f3a99bb8e8 relative=0x00000000000019e8
Event: 12.184 Thread 0x000001f39949e510 Uncommon trap: reason=null_check action=make_not_entrant pc=0x000001f3a99bb8e8 method=java.lang.Class.getMethodsRecursive(Ljava/lang/String;[Ljava/lang/Class;ZZ)Ljava/lang/PublicMethods$MethodList; @ 27 c2
Event: 12.184 Thread 0x000001f39949e510 DEOPT PACKING pc=0x000001f3a99bb8e8 sp=0x000000f01b2fba10
Event: 12.184 Thread 0x000001f39949e510 DEOPT UNPACKING pc=0x000001f3a92d7002 sp=0x000000f01b2fb9d0 mode 2

Classes loaded (20 events):
Event: 10.595 Loading class java/util/concurrent/CompletableFuture$AltResult
Event: 10.595 Loading class java/util/concurrent/CompletableFuture$AltResult done
Event: 10.595 Loading class java/util/concurrent/CompletableFuture$Completion
Event: 10.595 Loading class java/util/concurrent/CompletableFuture$AsynchronousCompletionTask
Event: 10.595 Loading class java/util/concurrent/CompletableFuture$AsynchronousCompletionTask done
Event: 10.595 Loading class java/util/concurrent/CompletableFuture$Completion done
Event: 10.758 Loading class java/util/concurrent/CancellationException
Event: 10.758 Loading class java/util/concurrent/CancellationException done
Event: 11.144 Loading class java/util/ArrayList$ListItr
Event: 11.144 Loading class java/util/ArrayList$ListItr done
Event: 11.339 Loading class java/util/AbstractList$SubList
Event: 11.340 Loading class java/util/AbstractList$SubList done
Event: 11.417 Loading class java/lang/reflect/ReflectPermission
Event: 11.417 Loading class java/lang/reflect/ReflectPermission done
Event: 12.128 Loading class javax/naming/Reference
Event: 12.128 Loading class javax/naming/Reference done
Event: 12.180 Loading class java/util/concurrent/ConcurrentHashMap$TreeNode
Event: 12.180 Loading class java/util/concurrent/ConcurrentHashMap$TreeNode done
Event: 12.180 Loading class java/util/concurrent/ConcurrentHashMap$TreeBin
Event: 12.181 Loading class java/util/concurrent/ConcurrentHashMap$TreeBin done

Classes unloaded (0 events):
No events

Classes redefined (0 events):
No events

Internal exceptions (20 events):
Event: 11.660 Thread 0x000001f39949e510 Exception <a 'java/lang/NoSuchMethodError'{0x00000000c74758a8}: 'java.lang.Object java.lang.invoke.DirectMethodHandle$Holder.newInvokeSpecial(java.lang.Object, java.lang.Object, int, java.lang.Object)'> (0x00000000c74758a8) 
thrown [s\open\src\hotspot\share\interpreter\linkResolver.cpp, line 804]
Event: 11.660 Thread 0x000001f39949e510 Exception <a 'java/lang/NoSuchMethodError'{0x00000000c747e930}: 'java.lang.Object java.lang.invoke.Invokers$Holder.linkToTargetMethod(java.lang.Object, int, java.lang.Object, java.lang.Object)'> (0x00000000c747e930) 
thrown [s\open\src\hotspot\share\interpreter\linkResolver.cpp, line 804]
Event: 11.682 Thread 0x000001f39949e510 Exception <a 'java/lang/NoSuchMethodError'{0x00000000c74cb500}: 'void java.lang.invoke.DirectMethodHandle$Holder.invokeSpecial(java.lang.Object, java.lang.Object, java.lang.Object, java.lang.Object, java.lang.Object, java.lang.Object, java.lang.Object, java.lang.Object)'> (0x00000000c74cb500) 
thrown [s\open\src\hotspot\share\interpreter\linkResolver.cpp, line 804]
Event: 11.691 Thread 0x000001f39949e510 Exception <a 'java/lang/NoSuchMethodError'{0x00000000c7320470}: 'java.lang.Object java.lang.invoke.DirectMethodHandle$Holder.newInvokeSpecial(java.lang.Object, java.lang.Object, int)'> (0x00000000c7320470) 
thrown [s\open\src\hotspot\share\interpreter\linkResolver.cpp, line 804]
Event: 11.730 Thread 0x000001f39949e510 Exception <a 'java/lang/NoSuchMethodError'{0x00000000c725a9d0}: 'int java.lang.invoke.DirectMethodHandle$Holder.invokeStatic(java.lang.Object, int, java.lang.Object)'> (0x00000000c725a9d0) 
thrown [s\open\src\hotspot\share\interpreter\linkResolver.cpp, line 804]
Event: 11.733 Thread 0x000001f39949e510 Exception <a 'java/lang/NoSuchMethodError'{0x00000000c72899d0}: 'java.lang.Object java.lang.invoke.DirectMethodHandle$Holder.newInvokeSpecial(java.lang.Object, java.lang.Object, java.lang.Object, java.lang.Object, java.lang.Object, int, java.lang.Object)'> (0x00000000c72899d0) 
thrown [s\open\src\hotspot\share\interpreter\linkResolver.cpp, line 804]
Event: 11.739 Thread 0x000001f39949e510 Exception <a 'java/lang/NoSuchMethodError'{0x00000000c72da648}: 'java.lang.Object java.lang.invoke.DirectMethodHandle$Holder.newInvokeSpecial(java.lang.Object, java.lang.Object, java.lang.Object, java.lang.Object, java.lang.Object, java.lang.Object, java.lang.Object, java.lang.Object, java.lang.Object, java.lang.Object, java.lang.Object, java.lang.Object)'> (0x00000000c72da648) 
thrown [s\open\src\hotspot\share\interpreter\linkResolver.cpp, line 804]
Event: 11.739 Thread 0x000001f39949e510 Exception <a 'java/lang/NoSuchMethodError'{0x00000000c72e4c50}: 'java.lang.Object java.lang.invoke.Invokers$Holder.linkToTargetMethod(java.lang.Object, java.lang.Object, java.lang.Object, java.lang.Object, java.lang.Object, java.lang.Object, java.lang.Object, java.lang.Object, java.lang.Object, java.lang.Object, java.lang.Object, java.lang.Object)'> (0x00000000c72e4c50) 
thrown [s\open\src\hotspot\share\interpreter\linkResolver.cpp, line 804]
Event: 11.813 Thread 0x000001f39949e510 Exception <a 'java/lang/NoSuchMethodError'{0x00000000c6fb6220}: 'java.lang.Object java.lang.invoke.DirectMethodHandle$Holder.newInvokeSpecial(java.lang.Object, java.lang.Object, java.lang.Object, java.lang.Object, java.lang.Object, java.lang.Object, java.lang.Object, int)'> (0x00000000c6fb6220) 
thrown [s\open\src\hotspot\share\interpreter\linkResolver.cpp, line 804]
Event: 11.814 Thread 0x000001f39949e510 Exception <a 'java/lang/NoSuchMethodError'{0x00000000c6fc00a0}: 'java.lang.Object java.lang.invoke.DirectMethodHandle$Holder.invokeSpecial(java.lang.Object, java.lang.Object, java.lang.Object, java.lang.Object, java.lang.Object, java.lang.Object, java.lang.Object, java.lang.Object, int)'> (0x00000000c6fc00a0) 
thrown [s\open\src\hotspot\share\interpreter\linkResolver.cpp, line 804]
Event: 11.814 Thread 0x000001f39949e510 Exception <a 'java/lang/NoSuchMethodError'{0x00000000c6fc9448}: 'java.lang.Object java.lang.invoke.Invokers$Holder.linkToTargetMethod(java.lang.Object, java.lang.Object, java.lang.Object, java.lang.Object, java.lang.Object, java.lang.Object, int, java.lang.Object)'> (0x00000000c6fc9448) 
thrown [s\open\src\hotspot\share\interpreter\linkResolver.cpp, line 804]
Event: 11.859 Thread 0x000001f39949e510 Exception <a 'java/lang/NoSuchMethodError'{0x00000000c6eba1d0}: 'java.lang.Object java.lang.invoke.DirectMethodHandle$Holder.newInvokeSpecial(java.lang.Object, java.lang.Object, int, java.lang.Object, int, java.lang.Object, java.lang.Object)'> (0x00000000c6eba1d0) 
thrown [s\open\src\hotspot\share\interpreter\linkResolver.cpp, line 804]
Event: 11.864 Thread 0x000001f39949e510 Exception <a 'java/lang/NoSuchMethodError'{0x00000000c6d0d368}: 'void java.lang.invoke.DirectMethodHandle$Holder.invokeInterface(java.lang.Object, java.lang.Object)'> (0x00000000c6d0d368) 
thrown [s\open\src\hotspot\share\interpreter\linkResolver.cpp, line 804]
Event: 12.110 Thread 0x000001f39949e510 Exception <a 'java/lang/NoSuchMethodError'{0x00000000c87e99e8}: 'java.lang.Object java.lang.invoke.DirectMethodHandle$Holder.invokeSpecial(java.lang.Object, java.lang.Object, int, java.lang.Object, int)'> (0x00000000c87e99e8) 
thrown [s\open\src\hotspot\share\interpreter\linkResolver.cpp, line 804]
Event: 12.111 Thread 0x000001f39949e510 Exception <a 'java/lang/NoSuchMethodError'{0x00000000c87f2c70}: 'java.lang.Object java.lang.invoke.DirectMethodHandle$Holder.invokeSpecial(java.lang.Object, java.lang.Object, java.lang.Object, int, java.lang.Object, int)'> (0x00000000c87f2c70) 
thrown [s\open\src\hotspot\share\interpreter\linkResolver.cpp, line 804]
Event: 12.111 Thread 0x000001f39949e510 Exception <a 'java/lang/NoSuchMethodError'{0x00000000c87fb990}: 'java.lang.Object java.lang.invoke.DelegatingMethodHandle$Holder.reinvoke_L(java.lang.Object, java.lang.Object, int, java.lang.Object, int)'> (0x00000000c87fb990) 
thrown [s\open\src\hotspot\share\interpreter\linkResolver.cpp, line 804]
Event: 12.181 Thread 0x000001f39949e510 Exception <a 'java/lang/IncompatibleClassChangeError'{0x00000000c7eaf018}: Found class java.lang.Object, but interface was expected> (0x00000000c7eaf018) 
thrown [s\open\src\hotspot\share\interpreter\linkResolver.cpp, line 871]
Event: 12.184 Thread 0x000001f39949e510 Implicit null exception at 0x000001f3a99ba276 to 0x000001f3a99bb8cc
Event: 12.191 Thread 0x000001f39949e510 Exception <a 'java/lang/IncompatibleClassChangeError'{0x00000000c7d4efb8}: Found class java.lang.Object, but interface was expected> (0x00000000c7d4efb8) 
thrown [s\open\src\hotspot\share\interpreter\linkResolver.cpp, line 871]
Event: 12.253 Thread 0x000001f39949e510 Exception <a 'java/lang/IncompatibleClassChangeError'{0x00000000fffc1ff0}: Found class java.lang.Object, but interface was expected> (0x00000000fffc1ff0) 
thrown [s\open\src\hotspot\share\interpreter\linkResolver.cpp, line 871]

VM Operations (20 events):
Event: 9.372 Executing non-safepoint VM operation: HandshakeAllThreads (Deoptimize) done
Event: 9.720 Executing non-safepoint VM operation: HandshakeAllThreads (Deoptimize)
Event: 9.720 Executing non-safepoint VM operation: HandshakeAllThreads (Deoptimize) done
Event: 10.297 Executing safepoint VM operation: G1CollectForAllocation (G1 Evacuation Pause)
Event: 10.306 Executing safepoint VM operation: G1CollectForAllocation (G1 Evacuation Pause) done
Event: 11.130 Executing safepoint VM operation: G1CollectForAllocation (G1 Evacuation Pause)
Event: 11.141 Executing safepoint VM operation: G1CollectForAllocation (G1 Evacuation Pause) done
Event: 11.145 Executing non-safepoint VM operation: HandshakeAllThreads (Deoptimize)
Event: 11.145 Executing non-safepoint VM operation: HandshakeAllThreads (Deoptimize) done
Event: 11.405 Executing non-safepoint VM operation: HandshakeAllThreads (Deoptimize)
Event: 11.405 Executing non-safepoint VM operation: HandshakeAllThreads (Deoptimize) done
Event: 11.824 Executing non-safepoint VM operation: HandshakeAllThreads (Deoptimize)
Event: 11.824 Executing non-safepoint VM operation: HandshakeAllThreads (Deoptimize) done
Event: 11.924 Executing safepoint VM operation: G1CollectForAllocation (G1 Evacuation Pause)
Event: 11.930 Executing safepoint VM operation: G1CollectForAllocation (G1 Evacuation Pause) done
Event: 12.053 Executing non-safepoint VM operation: HandshakeAllThreads (Deoptimize)
Event: 12.053 Executing non-safepoint VM operation: HandshakeAllThreads (Deoptimize) done
Event: 12.220 Executing safepoint VM operation: CollectForMetadataAllocation (Metadata GC Threshold)
Event: 12.227 Executing safepoint VM operation: CollectForMetadataAllocation (Metadata GC Threshold) done
Event: 12.275 Executing safepoint VM operation: G1PauseRemark

Memory protections (0 events):
No events

Nmethod flushes (20 events):
Event: 12.497 Thread 0x000001f39952b0a0 flushing  nmethod 0x000001f3a233d808
Event: 12.497 Thread 0x000001f39952b0a0 flushing  nmethod 0x000001f3a233ed88
Event: 12.497 Thread 0x000001f39952b0a0 flushing  nmethod 0x000001f3a233f088
Event: 12.497 Thread 0x000001f39952b0a0 flushing  nmethod 0x000001f3a236b708
Event: 12.497 Thread 0x000001f39952b0a0 flushing  nmethod 0x000001f3a23b2388
Event: 12.497 Thread 0x000001f39952b0a0 flushing  nmethod 0x000001f3a2408088
Event: 12.497 Thread 0x000001f39952b0a0 flushing  nmethod 0x000001f3a240e388
Event: 12.497 Thread 0x000001f39952b0a0 flushing  nmethod 0x000001f3a241e288
Event: 12.497 Thread 0x000001f39952b0a0 flushing  nmethod 0x000001f3a2430f88
Event: 12.497 Thread 0x000001f39952b0a0 flushing  nmethod 0x000001f3a243de88
Event: 12.497 Thread 0x000001f39952b0a0 flushing  nmethod 0x000001f3a2451b08
Event: 12.497 Thread 0x000001f39952b0a0 flushing  nmethod 0x000001f3a2451e08
Event: 12.497 Thread 0x000001f39952b0a0 flushing  nmethod 0x000001f3a2452408
Event: 12.497 Thread 0x000001f39952b0a0 flushing  nmethod 0x000001f3a245e288
Event: 12.497 Thread 0x000001f39952b0a0 flushing  nmethod 0x000001f3a245f088
Event: 12.497 Thread 0x000001f39952b0a0 flushing  nmethod 0x000001f3a24a3988
Event: 12.497 Thread 0x000001f39952b0a0 flushing  nmethod 0x000001f3a24a4888
Event: 12.497 Thread 0x000001f39952b0a0 flushing  nmethod 0x000001f3a24a4b88
Event: 12.497 Thread 0x000001f39952b0a0 flushing  nmethod 0x000001f3a24a4e88
Event: 12.497 Thread 0x000001f39952b0a0 flushing  nmethod 0x000001f3a24a5c08

Events (19 events):
Event: 0.094 Thread 0x000001f39949e510 Thread added: 0x000001f39949e510
Event: 0.112 Thread 0x000001f39949e510 Thread added: 0x000001f39953f340
Event: 0.112 Thread 0x000001f39949e510 Thread added: 0x000001f399540bd0
Event: 0.113 Thread 0x000001f39949e510 Thread added: 0x000001f399544470
Event: 0.113 Thread 0x000001f39949e510 Thread added: 0x000001f399547050
Event: 0.113 Thread 0x000001f39949e510 Thread added: 0x000001f399547c10
Event: 0.113 Thread 0x000001f39949e510 Thread added: 0x000001f3995487d0
Event: 0.113 Thread 0x000001f39949e510 Thread added: 0x000001f39954b6d0
Event: 0.114 Thread 0x000001f39949e510 Thread added: 0x000001f3b451f140
Event: 0.400 Thread 0x000001f39949e510 Thread added: 0x000001f3b464d770
Event: 0.714 Thread 0x000001f39949e510 Thread added: 0x000001f3b908d1d0
Event: 0.715 Thread 0x000001f39949e510 Thread added: 0x000001f3b908d990
Event: 2.704 Thread 0x000001f39949e510 Thread added: 0x000001f3b9b6cd80
Event: 4.059 Thread 0x000001f39949e510 Thread added: 0x000001f3ba105c50
Event: 4.116 Thread 0x000001f3ba105c50 Thread exited: 0x000001f3ba105c50
Event: 4.152 Thread 0x000001f3b9b6cd80 Thread exited: 0x000001f3b9b6cd80
Event: 7.397 Thread 0x000001f39949e510 Thread added: 0x000001f3ba8b69e0
Event: 9.883 Thread 0x000001f39949e510 Thread added: 0x000001f3b9c3aca0
Event: 9.988 Thread 0x000001f3b9c3aca0 Thread added: 0x000001f3b9c3bc40


Dynamic libraries:
0x00007ff6668f0000 - 0x00007ff6668fe000 	C:\Users\sathwik\.jdks\openjdk-25.0.1\bin\java.exe
0x00007ffe226e0000 - 0x00007ffe22948000 	C:\WINDOWS\SYSTEM32\ntdll.dll
0x00007ffe21860000 - 0x00007ffe21929000 	C:\WINDOWS\System32\KERNEL32.DLL
0x00007ffe1fc60000 - 0x00007ffe20051000 	C:\WINDOWS\System32\KERNELBASE.dll
0x00007ffe1f1e0000 - 0x00007ffe1f32b000 	C:\WINDOWS\System32\ucrtbase.dll
0x00007ffe1a1b0000 - 0x00007ffe1a1c7000 	C:\Users\sathwik\.jdks\openjdk-25.0.1\bin\jli.dll
0x00007ffe204e0000 - 0x00007ffe206a6000 	C:\WINDOWS\System32\USER32.dll
0x00007ffe20110000 - 0x00007ffe20137000 	C:\WINDOWS\System32\win32u.dll
0x00007ffe1a1d0000 - 0x00007ffe1a1ee000 	C:\Users\sathwik\.jdks\openjdk-25.0.1\bin\VCRUNTIME140.dll
0x00007ffe20730000 - 0x00007ffe2075b000 	C:\WINDOWS\System32\GDI32.dll
0x00007ffe201d0000 - 0x00007ffe202fb000 	C:\WINDOWS\System32\gdi32full.dll
0x00007ffe0cb90000 - 0x00007ffe0ce23000 	C:\WINDOWS\WinSxS\amd64_microsoft.windows.common-controls_6595b64144ccf1df_6.0.26100.7705_none_3e06597ae3363b04\COMCTL32.dll
0x00007ffe22360000 - 0x00007ffe22409000 	C:\WINDOWS\System32\msvcrt.dll
0x00007ffe1f130000 - 0x00007ffe1f1d3000 	C:\WINDOWS\System32\msvcp_win.dll
0x00007ffe20a40000 - 0x00007ffe20a71000 	C:\WINDOWS\System32\IMM32.DLL
0x00007ffe1a240000 - 0x00007ffe1a24c000 	C:\Users\sathwik\.jdks\openjdk-25.0.1\bin\vcruntime140_1.dll
0x00007ffe0c120000 - 0x00007ffe0c1ad000 	C:\Users\sathwik\.jdks\openjdk-25.0.1\bin\msvcp140.dll
0x00007ffd92f00000 - 0x00007ffd93d5f000 	C:\Users\sathwik\.jdks\openjdk-25.0.1\bin\server\jvm.dll
0x00007ffe210f0000 - 0x00007ffe211a4000 	C:\WINDOWS\System32\ADVAPI32.dll
0x00007ffe215c0000 - 0x00007ffe21666000 	C:\WINDOWS\System32\sechost.dll
0x00007ffe21a50000 - 0x00007ffe21b68000 	C:\WINDOWS\System32\RPCRT4.dll
0x00007ffe206b0000 - 0x00007ffe20724000 	C:\WINDOWS\System32\WS2_32.dll
0x00007ffe1ee20000 - 0x00007ffe1ee7e000 	C:\WINDOWS\SYSTEM32\POWRPROF.dll
0x00007ffe10eb0000 - 0x00007ffe10ebb000 	C:\WINDOWS\SYSTEM32\VERSION.dll
0x00007ffe17920000 - 0x00007ffe17955000 	C:\WINDOWS\SYSTEM32\WINMM.dll
0x00007ffe1ee00000 - 0x00007ffe1ee14000 	C:\WINDOWS\SYSTEM32\UMPDC.dll
0x00007ffe1dd70000 - 0x00007ffe1dd8b000 	C:\WINDOWS\SYSTEM32\kernel.appcore.dll
0x00007ffe104c0000 - 0x00007ffe104ca000 	C:\Users\sathwik\.jdks\openjdk-25.0.1\bin\jimage.dll
0x00007ffe1cfc0000 - 0x00007ffe1d202000 	C:\WINDOWS\SYSTEM32\DBGHELP.DLL
0x00007ffe21230000 - 0x00007ffe215b6000 	C:\WINDOWS\System32\combase.dll
0x00007ffe216c0000 - 0x00007ffe21797000 	C:\WINDOWS\System32\OLEAUT32.dll
0x00007ffe02350000 - 0x00007ffe0238b000 	C:\WINDOWS\SYSTEM32\dbgcore.DLL
0x00007ffe20060000 - 0x00007ffe20105000 	C:\WINDOWS\System32\bcryptPrimitives.dll
0x00007ffe10360000 - 0x00007ffe10370000 	C:\Users\sathwik\.jdks\openjdk-25.0.1\bin\instrument.dll
0x00007ffe0f2e0000 - 0x00007ffe0f2ff000 	C:\Users\sathwik\.jdks\openjdk-25.0.1\bin\java.dll
0x00007ffe207a0000 - 0x00007ffe20937000 	C:\WINDOWS\System32\ole32.dll
0x00007ffe21c00000 - 0x00007ffe22351000 	C:\WINDOWS\System32\SHELL32.dll
0x00007ffe1efc0000 - 0x00007ffe1f12a000 	C:\WINDOWS\System32\wintypes.dll
0x00007ffe1f3f0000 - 0x00007ffe1fc52000 	C:\WINDOWS\System32\windows.storage.dll
0x00007ffe22580000 - 0x00007ffe22676000 	C:\WINDOWS\System32\SHCORE.dll
0x00007ffe209d0000 - 0x00007ffe20a37000 	C:\WINDOWS\System32\shlwapi.dll
0x00007ffe1eee0000 - 0x00007ffe1ef09000 	C:\WINDOWS\SYSTEM32\profapi.dll
0x00007ffe0d180000 - 0x00007ffe0d197000 	C:\Users\sathwik\.jdks\openjdk-25.0.1\bin\zip.dll
0x00007ffe0d680000 - 0x00007ffe0d692000 	C:\Users\sathwik\.jdks\openjdk-25.0.1\bin\net.dll
0x00007ffe1e2e0000 - 0x00007ffe1e34b000 	C:\WINDOWS\system32\mswsock.dll
0x00007ffe0d1a0000 - 0x00007ffe0d1b6000 	C:\Users\sathwik\.jdks\openjdk-25.0.1\bin\nio.dll
0x00007ffe0fd80000 - 0x00007ffe0fd89000 	C:\Users\sathwik\.jdks\openjdk-25.0.1\bin\extnet.dll
0x00007ffe0f9f0000 - 0x00007ffe0f9fe000 	C:\Users\sathwik\.jdks\openjdk-25.0.1\bin\sunmscapi.dll
0x00007ffe20300000 - 0x00007ffe20477000 	C:\WINDOWS\System32\CRYPT32.dll
0x00007ffe1e7c0000 - 0x00007ffe1e7f0000 	C:\WINDOWS\SYSTEM32\ncrypt.dll
0x00007ffe1e770000 - 0x00007ffe1e7af000 	C:\WINDOWS\SYSTEM32\NTASN1.dll
0x00007ffe1e5a0000 - 0x00007ffe1e5bb000 	C:\WINDOWS\SYSTEM32\CRYPTSP.dll
0x00007ffe1dcd0000 - 0x00007ffe1dd09000 	C:\WINDOWS\system32\rsaenh.dll
0x00007ffe1e390000 - 0x00007ffe1e3bb000 	C:\WINDOWS\SYSTEM32\USERENV.dll
0x00007ffe1eeb0000 - 0x00007ffe1eeda000 	C:\WINDOWS\SYSTEM32\bcrypt.dll
0x00007ffe1e5c0000 - 0x00007ffe1e5cc000 	C:\WINDOWS\SYSTEM32\CRYPTBASE.dll
0x00007ffe1d840000 - 0x00007ffe1d874000 	C:\WINDOWS\SYSTEM32\IPHLPAPI.DLL
0x00007ffe21940000 - 0x00007ffe2194a000 	C:\WINDOWS\System32\NSI.dll
0x00007ffe0dc10000 - 0x00007ffe0dc1a000 	C:\Users\sathwik\.jdks\openjdk-25.0.1\bin\management.dll
0x00007ffe0db20000 - 0x00007ffe0db2c000 	C:\Users\sathwik\.jdks\openjdk-25.0.1\bin\management_ext.dll
0x00007ffe21930000 - 0x00007ffe21938000 	C:\WINDOWS\System32\PSAPI.DLL
0x00007ffe0c5e0000 - 0x00007ffe0c5f0000 	C:\Users\sathwik\.jdks\openjdk-25.0.1\bin\verify.dll
0x00007ffe1d880000 - 0x00007ffe1d9ac000 	C:\WINDOWS\SYSTEM32\DNSAPI.dll
0x00007ffe10f00000 - 0x00007ffe10f0b000 	C:\Windows\System32\rasadhlp.dll
0x00007ffe17590000 - 0x00007ffe17616000 	C:\WINDOWS\System32\fwpuclnt.dll

JVMTI agents:
C:\Program Files\JetBrains\IntelliJ IDEA Community Edition 2025.1.1.1\lib\idea_rt.jar path:C:\Users\sathwik\.jdks\openjdk-25.0.1\bin\instrument.dll, loaded, initialized, instrumentlib options:62710

dbghelp: loaded successfully - version: 4.0.5 - missing functions: none
symbol engine: initialized successfully - sym options: 0x614 - pdb path: .;C:\Users\sathwik\.jdks\openjdk-25.0.1\bin;C:\WINDOWS\SYSTEM32;C:\WINDOWS\WinSxS\amd64_microsoft.windows.common-controls_6595b64144ccf1df_6.0.26100.7705_none_3e06597ae3363b04;C:\Users\sathwik\.jdks\openjdk-25.0.1\bin\server

VM Arguments:
jvm_args: -javaagent:C:\Program Files\JetBrains\IntelliJ IDEA Community Edition 2025.1.1.1\lib\idea_rt.jar=62710 -Dfile.encoding=UTF-8 -Dsun.stdout.encoding=UTF-8 -Dsun.stderr.encoding=UTF-8 
java_command: com.example.ecommerce.EcommerceApplication
java_class_path (initial): C:\Users\sathwik\Downloads\ecommerce\ecommerce\target\classes;C:\Users\sathwik\.m2\repository\org\springframework\boot\spring-boot-starter-web\3.2.5\spring-boot-starter-web-3.2.5.jar;C:\Users\sathwik\.m2\repository\org\springframework\boot\spring-boot-starter\3.2.5\spring-boot-starter-3.2.5.jar;C:\Users\sathwik\.m2\repository\org\springframework\boot\spring-boot\3.2.5\spring-boot-3.2.5.jar;C:\Users\sathwik\.m2\repository\org\springframework\boot\spring-boot-autoconfigure\3.2.5\spring-boot-autoconfigure-3.2.5.jar;C:\Users\sathwik\.m2\repository\org\springframework\boot\spring-boot-starter-logging\3.2.5\spring-boot-starter-logging-3.2.5.jar;C:\Users\sathwik\.m2\repository\ch\qos\logback\logback-classic\1.4.14\logback-classic-1.4.14.jar;C:\Users\sathwik\.m2\repository\ch\qos\logback\logback-core\1.4.14\logback-core-1.4.14.jar;C:\Users\sathwik\.m2\repository\org\apache\logging\log4j\log4j-to-slf4j\2.21.1\log4j-to-slf4j-2.21.1.jar;C:\Users\sathwik\.m2\repository\org\apache\logging\log4j\log4j-api\2.21.1\log4j-api-2.21.1.jar;C:\Users\sathwik\.m2\repository\org\slf4j\jul-to-slf4j\2.0.13\jul-to-slf4j-2.0.13.jar;C:\Users\sathwik\.m2\repository\jakarta\annotation\jakarta.annotation-api\2.1.1\jakarta.annotation-api-2.1.1.jar;C:\Users\sathwik\.m2\repository\org\yaml\snakeyaml\2.2\snakeyaml-2.2.jar;C:\Users\sathwik\.m2\repository\org\springframework\boot\spring-boot-starter-json\3.2.5\spring-boot-starter-json-3.2.5.jar;C:\Users\sathwik\.m2\repository\com\fasterxml\jackson\datatype\jackson-datatype-jdk8\2.15.4\jackson-datatype-jdk8-2.15.4.jar;C:\Users\sathwik\.m2\repository\com\fasterxml\jackson\datatype\jackson-datatype-jsr310\2.15.4\jackson-datatype-jsr310-2.15.4.jar;C:\Users\sathwik\.m2\repository\com\fasterxml\jackson\module\jackson-module-parameter-names\2.15.4\jackson-module-parameter-names-2.15.4.jar;C:\Users\sathwik\.m2\repository\org\springframework\boot\spring-boot-starter-tomcat\3.2.5\spring-boot-starter-tomcat-3.2.5.jar;C:\Users\sathwik\.m2\repository\org\apache\tomcat\embed\tomcat-embed-core\10.1.20\tomcat-embed-core-10.1.20.jar;C:\Users\sathwik\.m2\repository\org\apache\tomcat\embed\tomcat-embed-websocket\10.1.20\tomcat-embed-websocket-10.1.20.jar;C:\Users\sathwik\.m2\repository\org\springframework\spring-web\6.1.6\spring-web-6.1.6.jar;C:\Users\sathwik\.m2\repository\org\springframework\spring-beans\6.1.6\spring-beans-6.1.6.jar;C:\Users\sathwik\.m2\repository\io\micrometer\micrometer-observation\1.12.5\micrometer-observation-1.12.5.jar;C:\Users\sathwik\.m2\repository\io\micrometer\micrometer-commons\1.12.5\micrometer-commons-1.12.5.jar;C:\Users\sathwik\.m2\repository\org\springframework\spring-webmvc\6.1.6\spring-webmvc-6.1.6.jar;C:\Users\sathwik\.m2\repository\org\springframework\spring-context\6.1.6\spring-context-6.1.6.jar;C:\Users\sathwik\.m2\repository\org\springframework\spring-expression\6.1.6\spring-expression-6.1.6.jar;C:\Users\sathwik\.m2\repository\org\springframework\boot\spring-boot-starter-data-jpa\3.2.5\spring-boot-starter-data-jpa-3.2.5.jar;C:\Users\sathwik\.m2\repository\org\springframework\boot\spring-boot-starter-aop\3.2.5\spring-boot-starter-aop-3.2.5.jar;C:\Users\sathwik\.m2\repository\org\aspectj\aspectjweaver\1.9.22\aspectjweaver-1.9.22.jar;C:\Users\sathwik\.m2\repository\org\springframework\boot\spring-boot-starter-jdbc\3.2.5\spring-boot-starter-jdbc-3.2.5.jar;C:\Users\sathwik\.m2\repository\com\zaxxer\HikariCP\5.0.1\HikariCP-5.0.1.jar;C:\Users\sathwik\.m2\repository\org\springframework\spring-jdbc\6.1.6\spring-jdbc-6.1.6.jar;C:\Users\sathwik\.m2\repository\org\hibernate\orm\hibernate-core\6.4.4.Final\hibernate-core-6.4.4.Final.jar;C:\Users\sathwik\.m2\repository\jakarta\persistence\jakarta.persistence-api\3.1.0\jakarta.persistence-api-3.1.0.jar;C:\Users\sathwik\.m2\repository\jakarta\transaction\jakarta.transaction-api\2.0.1\jakarta.transaction-api-2.0.1.jar;C:\Users\sathwik\.m2\repository\org\jboss\logging\jboss-logging\3.5.3.Final\jboss-logging-3.5.3.Final.jar;C:\Users\sathwik\.m2\repository\org\hibernate\common\hibernate-commons-annotations\6.0.6.Final\hibernate-commons-annotations-6.0.6.Final.jar;C:\Users\sathwik\.m2\repository\io\smallrye\jandex\3.1.2\jandex-3.1.2.jar;C:\Users\sathwik\.m2\repository\com\fasterxml\classmate\1.6.0\classmate-1.6.0.jar;C:\Users\sathwik\.m2\repository\net\bytebuddy\byte-buddy\1.14.13\byte-buddy-1.14.13.jar;C:\Users\sathwik\.m2\repository\org\glassfish\jaxb\jaxb-runtime\4.0.5\jaxb-runtime-4.0.5.jar;C:\Users\sathwik\.m2\repository\org\glassfish\jaxb\jaxb-core\4.0.5\jaxb-core-4.0.5.jar;C:\Users\sathwik\.m2\repository\org\eclipse\angus\angus-activation\2.0.2\angus-activation-2.0.2.jar;C:\Users\sathwik\.m2\repository\org\glassfish\jaxb\txw2\4.0.5\txw2-4.0.5.jar;C:\Users\sathwik\.m2\repository\com\sun\istack\istack-commons-runtime\4.1.2\istack-commons-runtime-4.1.2.jar;C:\Users\sathwik\.m2\repository\jakarta\inject\jakarta.inject-api\2.0.1\jakarta.inject-api-2.0.1.jar;C:\Users\sathwik\.m2\repository\org\antlr\antlr4-runtime\4.13.0\antlr4-runtime-4.13.0.jar;C:\Users\sathwik\.m2\repository\org\springframework\data\spring-data-jpa\3.2.5\spring-data-jpa-3.2.5.jar;C:\Users\sathwik\.m2\repository\org\springframework\data\spring-data-commons\3.2.5\spring-data-commons-3.2.5.jar;C:\Users\sathwik\.m2\repository\org\springframework\spring-orm\6.1.6\spring-orm-6.1.6.jar;C:\Users\sathwik\.m2\repository\org\springframework\spring-tx\6.1.6\spring-tx-6.1.6.jar;C:\Users\sathwik\.m2\repository\org\slf4j\slf4j-api\2.0.13\slf4j-api-2.0.13.jar;C:\Users\sathwik\.m2\repository\org\springframework\spring-aspects\6.1.6\spring-aspects-6.1.6.jar;C:\Users\sathwik\.m2\repository\org\springframework\boot\spring-boot-starter-security\3.2.5\spring-boot-starter-security-3.2.5.jar;C:\Users\sathwik\.m2\repository\org\springframework\spring-aop\6.1.6\spring-aop-6.1.6.jar;C:\Users\sathwik\.m2\repository\org\springframework\security\spring-security-config\6.2.4\spring-security-config-6.2.4.jar;C:\Users\sathwik\.m2\repository\org\springframework\security\spring-security-core\6.2.4\spring-security-core-6.2.4.jar;C:\Users\sathwik\.m2\repository\org\springframework\security\spring-security-crypto\6.2.4\spring-security-crypto-6.2.4.jar;C:\Users\sathwik\.m2\repository\org\springframework\security\spring-security-web\6.2.4\spring-security-web-6.2.4.jar;C:\Users\sathwik\.m2\repository\com\mysql\mysql-connector-j\8.3.0\mysql-connector-j-8.3.0.jar;C:\Users\sathwik\.m2\repository\io\jsonwebtoken\jjwt-api\0.11.5\jjwt-api-0.11.5.jar;C:\Users\sathwik\.m2\repository\io\jsonwebtoken\jjwt-impl\0.11.5\jjwt-impl-0.11.5.jar;C:\Users\sathwik\.m2\repository\io\jsonwebtoken\jjwt-jackson\0.11.5\jjwt-jackson-0.11.5.jar;C:\Users\sathwik\.m2\repository\com\fasterxml\jackson\core\jackson-databind\2.15.4\jackson-databind-2.15.4.jar;C:\Users\sathwik\.m2\repository\com\fasterxml\jackson\core\jackson-annotations\2.15.4\jackson-annotations-2.15.4.jar;C:\Users\sathwik\.m2\repository\com\fasterxml\jackson\core\jackson-core\2.15.4\jackson-core-2.15.4.jar;C:\Users\sathwik\.m2\repository\org\projectlombok\lombok\1.18.32\lombok-1.18.32.jar;C:\Users\sathwik\.m2\repository\org\springframework\boot\spring-boot-starter-validation\3.2.5\spring-boot-starter-validation-3.2.5.jar;C:\Users\sathwik\.m2\repository\org\apache\tomcat\embed\tomcat-embed-el\10.1.20\tomcat-embed-el-10.1.20.jar;C:\Users\sathwik\.m2\repository\org\hibernate\validator\hibernate-validator\8.0.1.Final\hibernate-validator-8.0.1.Final.jar;C:\Users\sathwik\.m2\repository\jakarta\validation\jakarta.validation-api\3.0.2\jakarta.validation-api-3.0.2.jar;C:\Users\sathwik\.m2\repository\jakarta\xml\bind\jakarta.xml.bind-api\4.0.2\jakarta.xml.bind-api-4.0.2.jar;C:\Users\sathwik\.m2\repository\jakarta\activation\jakarta.activation-api\2.1.3\jakarta.activation-api-2.1.3.jar;C:\Users\sathwik\.m2\repository\org\springframework\spring-core\6.1.6\spring-core-6.1.6.jar;C:\Users\sathwik\.m2\repository\org\springframework\spring-jcl\6.1.6\spring-jcl-6.1.6.jar
Launcher Type: SUN_STANDARD

[Global flags]
     intx CICompilerCount                          = 3                                         {product} {ergonomic}
     uint ConcGCThreads                            = 1                                         {product} {ergonomic}
     uint G1ConcRefinementThreads                  = 4                                         {product} {ergonomic}
   size_t G1HeapRegionSize                         = 1048576                                   {product} {ergonomic}
   size_t InitialHeapSize                          = 62914560                                  {product} {ergonomic}
   size_t MarkStackSize                            = 4194304                                   {product} {ergonomic}
   size_t MarkStackSizeMax                         = 536870912                                 {product} {ergonomic}
   size_t MaxHeapSize                              = 994050048                                 {product} {ergonomic}
   size_t MaxNewSize                               = 595591168                                 {product} {ergonomic}
   size_t MinHeapDeltaBytes                        = 1048576                                   {product} {ergonomic}
   size_t MinHeapSize                              = 8388608                                   {product} {ergonomic}
    uintx NonNMethodCodeHeapSize                   = 5832704                                {pd product} {ergonomic}
    uintx NonProfiledCodeHeapSize                  = 122945536                              {pd product} {ergonomic}
    uintx ProfiledCodeHeapSize                     = 122880000                              {pd product} {ergonomic}
    uintx ReservedCodeCacheSize                    = 251658240                              {pd product} {ergonomic}
     bool SegmentedCodeCache                       = true                                      {product} {ergonomic}
   size_t SoftMaxHeapSize                          = 994050048                              {manageable} {ergonomic}
     bool UseCompressedOops                        = true                           {product lp64_product} {ergonomic}
     bool UseG1GC                                  = true                                      {product} {ergonomic}
     bool UseLargePagesIndividualAllocation        = false                                  {pd product} {ergonomic}

Logging:
Log output configuration:
 #0: stdout all=warning uptime,level,tags foldmultilines=false
 #1: stderr all=off uptime,level,tags foldmultilines=false

Release file:
IMPLEMENTOR="Oracle Corporation" 
JAVA_RUNTIME_VERSION="25.0.1+8-27" 
JAVA_VERSION="25.0.1" 
JAVA_VERSION_DATE="2025-10-21" 
LIBC="default" 
MODULES="java.base java.compiler java.datatransfer java.xml java.prefs java.desktop java.instrument java.logging java.management java.security.sasl java.naming java.rmi java.management.rmi java.net.http java.scripting java.security.jgss java.transaction.xa java.sql java.sql.rowset java.xml.crypto java.se java.smartcardio jdk.accessibility jdk.internal.jvmstat jdk.attach jdk.charsets jdk.internal.opt jdk.zipfs jdk.compiler jdk.crypto.cryptoki jdk.crypto.ec jdk.crypto.mscapi jdk.dynalink jdk.internal.ed jdk.editpad jdk.internal.vm.ci jdk.graal.compiler jdk.graal.compiler.management jdk.hotspot.agent jdk.httpserver jdk.incubator.vector jdk.internal.le jdk.internal.md jdk.jartool jdk.javadoc jdk.jcmd jdk.management jdk.management.agent jdk.jconsole jdk.jdeps jdk.jdwp.agent jdk.jdi jdk.jfr jdk.jlink jdk.jpackage jdk.jshell jdk.jsobject jdk.jstatd jdk.localedata jdk.management.jfr jdk.naming.dns jdk.naming.rmi jdk.net jdk.nio.mapmode jdk.sctp jdk.security.auth jdk.security.jgss jdk.unsupported jdk.unsupported.desktop jdk.xml.dom" 
OS_ARCH="x86_64" 
OS_NAME="Windows" 
SOURCE=".:git:78770bfaefd2" 

Environment Variables:
JAVA_HOME=C:\Users\sathwik\AppData\Local\Programs\Eclipse Adoptium\jdk-17.0.5.8-hotspot\
CLASSPATH=C:\mysql-connector-j-9.4.0.jar
PATH=C:\Program Files\Eclipse Adoptium\jdk-17.0.17.10-hotspot\bin;C:\Program Files\Common Files\Oracle\Java\javapath;C:\Users\sathwik\OneDrive\Documents\javalabcs131;C:\WINDOWS\system32;C:\WINDOWS;C:\WINDOWS\System32\Wbem;C:\WINDOWS\System32\WindowsPowerShell\v1.0\;C:\WINDOWS\System32\OpenSSH\;C:\Program Files\Java\jdk-19\bin;C:\Program Files\Git\cmd;C:\Program Files\Java\jdk-24\bin\;C:\Program Files (x86)\Microsoft SQL Server\160\Tools\Binn\;C:\Program Files\Microsoft SQL Server\160\Tools\Binn\;C:\Program Files\Microsoft SQL Server\Client SDK\ODBC\170\Tools\Binn\;C:\Program Files\Microsoft SQL Server\160\DTS\Binn\;C:\Program Files (x86)\Microsoft SQL Server\160\DTS\Binn\;C:\Program Files\nodejs\;C:\Users\sathwik\Downloads\apache-maven-3.9.11-bin.zip\bin;C:\Program Files\MySQL\MySQL Shell 8.4\bin\;C:\Program Files\MySQL\MySQL Shell 8.4\bin\;C:\Users\sathwik\OneDrive\Documents\javalabcs131;C:\Users\sathwik\AppData\Local\Microsoft\WindowsApps;C:\Users\sathwik\AppData\Local\Programs\Microsoft VS Code\bin;C:\Users\sathwik\AppData\Roaming\npm;C:\Program Files\apache-maven-3.9.11\bin;C:\Program Files\apache-maven-3.9.11\bin;C:\Users\sathwik\AppData\Local\Programs\Antigravity\bin
USERNAME=sathwik
OS=Windows_NT
PROCESSOR_IDENTIFIER=Intel64 Family 6 Model 140 Stepping 1, GenuineIntel
TMP=C:\Users\sathwik\AppData\Local\Temp
TEMP=C:\Users\sathwik\AppData\Local\Temp




Compilation memory statistics disabled.

Periodic native trim disabled

---------------  S Y S T E M  ---------------

OS:
 Windows 11 , 64 bit Build 26100 (10.0.26100.7705)
OS uptime: 0 days 21:38 hours

CPU: total 4 (initial active 4) (2 cores per cpu, 2 threads per core) family 6 model 140 stepping 1 microcode 0x86, cx8, cmov, fxsr, ht, mmx, 3dnowpref, sse, sse2, sse3, ssse3, sse4.1, sse4.2, popcnt, lzcnt, tsc, tscinvbit, avx, avx2, aes, erms, clmul, bmi1, bmi2, adx, avx512f, avx512dq, avx512cd, avx512bw, avx512vl, sha, fma, vzeroupper, avx512_vpopcntdq, avx512_vpclmulqdq, avx512_vaes, avx512_vnni, clflush, clflushopt, clwb, avx512_vbmi2, avx512_vbmi, rdtscp, rdpid, fsrm, gfni, avx512_bitalg, f16c, pku, cet_ibt, cet_ss, avx512_ifma
Processor Information for the first 4 processors :
  Max Mhz: 2995, Current Mhz: 2995, Mhz Limit: 2995

Memory: 4k page, system-wide physical 3790M (241M free)
TotalPageFile size 15566M (AvailPageFile size 5M)
current process WorkingSet (physical memory assigned to process): 221M, peak: 221M
current process commit charge ("private bytes"): 255M, peak: 262M

vm_info: OpenJDK 64-Bit Server VM (25.0.1+8-27) for windows-amd64 JRE (25.0.1+8-27), built on 2025-09-25T16:41:16Z with unknown MS VC++:1943

END.
